12-30 09:43:55.377  2079  2079 I notification_enqueue: [1007,4402,com.motorola.bug2go,3033,NULL,0,Notification(pri=0 contentView=com.motorola.bug2go/0x7f030005 vibrate=null sound=null defaults=0x0 flags=0x2 color=0x00000000 vis=PRIVATE),1]
12-30 09:43:55.564  2431  2431 I sysui_panelholder_touch: [0,575,17]
12-30 09:43:55.622  2079  2079 I notification_enqueue: [1007,4402,com.motorola.bug2go,3033,NULL,0,Notification(pri=0 contentView=com.motorola.bug2go/0x7f030005 vibrate=null sound=null defaults=0x0 flags=0x2 color=0x00000000 vis=PRIVATE),1]
12-30 09:43:55.632  2431  2431 I sysui_count: [panel_open,1]
12-30 09:43:55.660  2431  2431 I sysui_histogram: [note_load,2]
12-30 09:43:55.661  2079  4647 I notification_panel_revealed: 2
12-30 09:43:55.726  2079  4647 I notification_visibility: [0|com.motorola.bug2go|3033|null|1007,1,110301,101,0,0]
12-30 09:43:55.867  2079  2079 I notification_enqueue: [1007,4402,com.motorola.bug2go,3033,NULL,0,Notification(pri=0 contentView=com.motorola.bug2go/0x7f030005 vibrate=null sound=null defaults=0x0 flags=0x2 color=0x00000000 vis=PRIVATE),1]
12-30 09:43:56.001  2079  2102 I am_proc_start: [0,6561,10029,com.motorola.motocare,broadcast,com.motorola.motocare/.MotoCareReceiver]
12-30 09:43:56.359  2079  3009 I am_proc_bound: [0,6561,com.motorola.motocare]
12-30 09:43:56.461  2079  2103 I notification_visibility: [0|com.getpebble.android|4244|null|10163,1,169659,169659,0,1]
12-30 09:43:57.105  6549  6549 I auditd  : type=1400 audit(0.0:687): avc: denied { getattr } for uid=10106 comm="ps" path="/proc/1" dev="proc" ino=26648 scontext=u:r:untrusted_app:s0:c512,c768 tcontext=u:r:init:s0 tclass=dir permissive=0
12-30 09:43:57.115  6549  6549 I auditd  : type=1400 audit(0.0:688): avc: denied { search } for uid=10106 comm="ps" name="1" dev="proc" ino=26648 scontext=u:r:untrusted_app:s0:c512,c768 tcontext=u:r:init:s0 tclass=dir permissive=0
12-30 09:43:57.395  6549  6549 I auditd  : type=1400 audit(0.0:689): avc: denied { search } for uid=10106 comm="ps" name="1" dev="proc" ino=26648 scontext=u:r:untrusted_app:s0:c512,c768 tcontext=u:r:init:s0 tclass=dir permissive=0
12-30 09:43:57.405  6549  6549 I auditd  : type=1400 audit(0.0:690): avc: denied { getattr } for uid=10106 comm="ps" path="/proc/2" dev="proc" ino=26649 scontext=u:r:untrusted_app:s0:c512,c768 tcontext=u:r:kernel:s0 tclass=dir permissive=0
12-30 09:43:57.405  6549  6549 I auditd  : type=1400 audit(0.0:691): avc: denied { search } for uid=10106 comm="ps" name="2" dev="proc" ino=26649 scontext=u:r:untrusted_app:s0:c512,c768 tcontext=u:r:kernel:s0 tclass=dir permissive=0
12-30 09:43:57.610  2079  2806 I am_proc_start: [0,6579,10031,com.motorola.android.provisioning,broadcast,com.motorola.android.provisioning/.MsgReceiver]
12-30 09:43:57.684  2079  2102 I am_kill : [0,6313,com.google.android.onetimeinitializer,15,empty #7]
12-30 09:43:57.405  6549  6549 I auditd  : type=1400 audit(0.0:692): avc: denied { search } for uid=10106 comm="ps" name="2" dev="proc" ino=26649 scontext=u:r:untrusted_app:s0:c512,c768 tcontext=u:r:kernel:s0 tclass=dir permissive=0
12-30 09:43:57.405  6549  6549 I auditd  : type=1400 audit(0.0:693): avc: denied { getattr } for uid=10106 comm="ps" path="/proc/3" dev="proc" ino=26650 scontext=u:r:untrusted_app:s0:c512,c768 tcontext=u:r:kernel:s0 tclass=dir permissive=0
12-30 09:43:57.405  6549  6549 I auditd  : type=1400 audit(0.0:694): avc: denied { search } for uid=10106 comm="ps" name="3" dev="proc" ino=26650 scontext=u:r:untrusted_app:s0:c512,c768 tcontext=u:r:kernel:s0 tclass=dir permissive=0
12-30 09:43:57.415  6549  6549 I auditd  : type=1400 audit(0.0:695): avc: denied { search } for uid=10106 comm="ps" name="3" dev="proc" ino=26650 scontext=u:r:untrusted_app:s0:c512,c768 tcontext=u:r:kernel:s0 tclass=dir permissive=0
12-30 09:43:57.928  2079  2123 I dvm_lock_sample: [system_server,1,android.ui,247,dispatchProcessesChanged,ActivityManagerService.java,3804,removeContentProvider,-,9963,49]
12-30 09:43:57.929  2079  2867 I dvm_lock_sample: [system_server,1,Binder_7,247,broadcastIntent,ActivityManagerService.java,17217,removeContentProvider,-,9963,49]
12-30 09:43:57.930  2079  2992 I dvm_lock_sample: [system_server,1,Binder_A,247,getContentProviderImpl,ActivityManagerService.java,9593,removeContentProvider,-,9963,49]
12-30 09:43:57.936  2079  4647 I am_proc_bound: [0,6579,com.motorola.android.provisioning]
12-30 09:43:58.002  2431  2431 I sysui_lockscreen_gesture: [9,-158,-804]
12-30 09:43:58.145  6512  6512 I dvm_lock_sample: [com.motorola.MotGallery2,1,main,589,getConfigValue,AndroidPlatformImpl.java,559,,,0,150]
12-30 09:43:58.211   380   380 I auditd  : avc:  denied  { find } for service=checkin_mot scontext=u:r:platform_app:s0:c512,c768 tcontext=u:object_r:mot_app_service:s0 tclass=service_manager
12-30 09:43:58.259  2079  3829 I am_proc_died: [0,6313,com.google.android.onetimeinitializer]
12-30 09:43:57.415  6549  6549 I auditd  : type=1400 audit(0.0:696): avc: denied { getattr } for uid=10106 comm="ps" path="/proc/4" dev="proc" ino=26651 scontext=u:r:untrusted_app:s0:c512,c768 tcontext=u:r:kernel:s0 tclass=dir permissive=0
12-30 09:43:57.415  6549  6549 I auditd  : type=1400 audit(0.0:697): avc: denied { search } for uid=10106 comm="ps" name="4" dev="proc" ino=26651 scontext=u:r:untrusted_app:s0:c512,c768 tcontext=u:r:kernel:s0 tclass=dir permissive=0
12-30 09:43:57.425  6549  6549 I auditd  : type=1400 audit(0.0:698): avc: denied { search } for uid=10106 comm="ps" name="4" dev="proc" ino=26651 scontext=u:r:untrusted_app:s0:c512,c768 tcontext=u:r:kernel:s0 tclass=dir permissive=0
12-30 09:43:57.425  6549  6549 I auditd  : type=1400 audit(0.0:699): avc: denied { getattr } for uid=10106 comm="ps" path="/proc/5" dev="proc" ino=26652 scontext=u:r:untrusted_app:s0:c512,c768 tcontext=u:r:kernel:s0 tclass=dir permissive=0
12-30 09:43:57.425  6549  6549 I auditd  : type=1400 audit(0.0:700): avc: denied { search } for uid=10106 comm="ps" name="5" dev="proc" ino=26652 scontext=u:r:untrusted_app:s0:c512,c768 tcontext=u:r:kernel:s0 tclass=dir permissive=0
12-30 09:43:57.425  6549  6549 I auditd  : type=1400 audit(0.0:701): avc: denied { search } for uid=10106 comm="ps" name="5" dev="proc" ino=26652 scontext=u:r:untrusted_app:s0:c512,c768 tcontext=u:r:kernel:s0 tclass=dir permissive=0
12-30 09:43:58.333  2079  2164 I dvm_lock_sample: [system_server,1,android.display,61,handleMessage,WindowManagerService.java,7829,relayoutWindow,-,3150,12]
12-30 09:43:58.399  2079  3009 I notification_visibility: [0|com.getpebble.android|4244|null|10163,0,171598,171598,0,1]
12-30 09:43:58.456  2079  3533 I notification_visibility: [0|com.motorola.bug2go|3033|null|1007,0,113034,2589,0,0]
12-30 09:43:57.425  6549  6549 I auditd  : type=1400 audit(0.0:702): avc: denied { getattr } for uid=10106 comm="ps" path="/proc/6" dev="proc" ino=26653 scontext=u:r:untrusted_app:s0:c512,c768 tcontext=u:r:kernel:s0 tclass=dir permissive=0
12-30 09:43:57.425  6549  6549 I auditd  : type=1400 audit(0.0:703): avc: denied { search } for uid=10106 comm="ps" name="6" dev="proc" ino=26653 scontext=u:r:untrusted_app:s0:c512,c768 tcontext=u:r:kernel:s0 tclass=dir permissive=0
12-30 09:43:57.425  6549  6549 I auditd  : type=1400 audit(0.0:704): avc: denied { search } for uid=10106 comm="ps" name="6" dev="proc" ino=26653 scontext=u:r:untrusted_app:s0:c512,c768 tcontext=u:r:kernel:s0 tclass=dir permissive=0
12-30 09:43:58.462  2079  2806 I notification_panel_hidden: []
12-30 09:43:58.721  2956  5961 I force_gc: Binder
12-30 09:43:57.425  6549  6549 I auditd  : type=1400 audit(0.0:705): avc: denied { getattr } for uid=10106 comm="ps" path="/proc/7" dev="proc" ino=26654 scontext=u:r:untrusted_app:s0:c512,c768 tcontext=u:r:kernel:s0 tclass=dir permissive=0
12-30 09:43:57.425  6549  6549 I auditd  : type=1400 audit(0.0:706): avc: denied { search } for uid=10106 comm="ps" name="7" dev="proc" ino=26654 scontext=u:r:untrusted_app:s0:c512,c768 tcontext=u:r:kernel:s0 tclass=dir permissive=0
12-30 09:43:59.118  2079  3025 I am_proc_start: [0,6598,1000,com.motorola.ServiceDialingNumbers,broadcast,com.motorola.ServiceDialingNumbers/.ServiceDialingNumbers]
12-30 09:43:59.159  2079  4647 I am_kill : [0,6394,com.android.managedprovisioning,15,empty #7]
12-30 09:43:59.369  2079  2123 I dvm_lock_sample: [system_server,1,android.ui,210,dispatchProcessesChanged,ActivityManagerService.java,3804,serviceDoneExecuting,-,16235,42]
12-30 09:43:59.369  2079  3829 I am_proc_bound: [0,6598,com.motorola.ServiceDialingNumbers]
12-30 09:43:59.379  2079  2806 I am_proc_died: [0,6394,com.android.managedprovisioning]
12-30 09:43:59.655  2079  2867 I am_proc_start: [0,6614,10041,com.motorola.android.providers.userpreferredsim,broadcast,com.motorola.android.providers.userpreferredsim/com.motorola.smartsim.bestcost.SmartSimEventsReceiver]
12-30 09:43:59.770  2079  2381 I force_gc: Binder
12-30 09:43:59.835  2079  2381 I am_proc_bound: [0,6614,com.motorola.android.providers.userpreferredsim]
12-30 09:44:00.307  2079  2366 I netstats_mobile_sample: [0,0,0,0,0,0,0,0,0,0,0,0,1451479438251]
12-30 09:44:00.308  2079  2366 I netstats_wifi_sample: [1411018,3335,5425107,4868,1411018,3335,5425107,4868,1410808,3332,5291255,4823,1451479438251]
12-30 09:44:00.467  2079  3829 I dvm_lock_sample: [system_server,1,Binder_F,158,exists,UserManagerService.java,408,getInstalledPackages,PackageManagerService.java,5362,31]
12-30 09:44:00.889  2079  3009 I am_proc_start: [0,6635,10045,com.motorola.wappushsi,broadcast,com.motorola.wappushsi/.WapPushMsgReceiver]
12-30 09:44:01.076  2079  2381 I am_proc_bound: [0,6635,com.motorola.wappushsi]
12-30 09:44:01.352  2079  2103 I am_kill : [0,6330,com.google.android.partnersetup,15,empty #7]
12-30 09:44:01.530  3518  6633 I dvm_lock_sample: [com.google.android.gms,0,pool-9-thread-1,87,a,SourceFile,41,<init>,-,22,17]
12-30 09:44:01.616  2079  2123 I dvm_lock_sample: [system_server,1,android.ui,266,dispatchProcessesChanged,ActivityManagerService.java,3804,removeContentProvider,-,9963,53]
12-30 09:44:01.618  2079  2467 I dvm_lock_sample: [system_server,1,Binder_4,220,getContentProviderImpl,ActivityManagerService.java,9593,removeContentProvider,-,9963,44]
12-30 09:44:01.675  2079  3533 I am_proc_start: [0,6662,10032,com.android.vending,service,com.android.vending/com.google.android.finsky.billing.iab.InAppBillingService]
12-30 09:44:01.683  2079  2122 I dvm_lock_sample: [system_server,1,ActivityManager,205,handleMessage,ActivityStack.java,296,removeContentProvider,ActivityManagerService.java,9963,41]
12-30 09:44:01.684  2079  2381 I am_proc_died: [0,6330,com.google.android.partnersetup]
12-30 09:44:01.684  2079  2806 I dvm_lock_sample: [system_server,1,Binder_6,136,getContentProviderImpl,ActivityManagerService.java,9593,removeContentProvider,-,9963,27]
12-30 09:44:01.689  2079  2794 I dvm_lock_sample: [system_server,0,Binder_5,143,finishReceiver,ActivityManagerService.java,17330,removeContentProvider,-,9963,28]
12-30 09:44:01.702  2079  2123 I dvm_lock_sample: [system_server,1,android.ui,85,dispatchUidsChanged,ActivityManagerService.java,3867,bindService,-,16197,17]
12-30 09:44:01.705  2079  3829 I dvm_lock_sample: [system_server,1,Binder_F,29,broadcastIntent,ActivityManagerService.java,17217,registerReceiver,-,16503,5]
12-30 09:44:01.776  2079  2794 I am_proc_start: [0,6675,1000,com.qualcomm.telephony,broadcast,com.qualcomm.atfwd/.AtFwdAutoboot]
12-30 09:44:01.778  2079  2992 I dvm_lock_sample: [system_server,1,Binder_A,67,getContentProviderImpl,ActivityManagerService.java,9593,processNextBroadcast,BroadcastQueue.java,639,13]
12-30 09:44:01.832  2079  2992 I am_proc_start: [0,6680,10063,com.android.exchange,content provider,com.android.exchange/.provider.ExchangeDirectoryProvider]
12-30 09:44:01.834  2079  2467 I dvm_lock_sample: [system_server,1,Binder_4,121,getContentProviderImpl,ActivityManagerService.java,9593,processNextBroadcast,BroadcastQueue.java,639,24]
12-30 09:44:01.842  2079  2381 I dvm_lock_sample: [system_server,1,Binder_3,125,registerReceiver,ActivityManagerService.java,16425,processNextBroadcast,BroadcastQueue.java,639,25]
12-30 09:44:01.855  2079  4647 I am_proc_bound: [0,6662,com.android.vending]
12-30 09:44:01.905  2079  2079 I notification_enqueue: [1007,4402,com.motorola.bug2go,3033,NULL,0,Notification(pri=0 contentView=com.motorola.bug2go/0x7f030005 vibrate=null sound=null defaults=0x0 flags=0x2 color=0x00000000 vis=PRIVATE),1]
12-30 09:44:01.920  2079  2079 I notification_enqueue: [1007,4402,com.motorola.bug2go,3033,NULL,0,Notification(pri=0 contentView=com.motorola.bug2go/0x7f030005 vibrate=null sound=null defaults=0x0 flags=0x2 color=0x00000000 vis=PRIVATE),1]
12-30 09:44:01.926  2079  2381 I am_proc_bound: [0,6675,com.qualcomm.telephony]
12-30 09:44:01.933  2079  2079 I notification_enqueue: [1007,4402,com.motorola.bug2go,3033,NULL,0,Notification(pri=0 contentView=com.motorola.bug2go/0x7f030005 vibrate=null sound=null defaults=0x0 flags=0x2 color=0x00000000 vis=PRIVATE),1]
12-30 09:44:01.939  2079  2079 I notification_enqueue: [1007,4402,com.motorola.bug2go,3033,NULL,0,Notification(pri=0 contentView=com.motorola.bug2go/0x7f030005 vibrate=null sound=null defaults=0x0 flags=0x2 color=0x00000000 vis=PRIVATE),1]
12-30 09:44:01.941  2079  3533 I am_proc_bound: [0,6680,com.android.exchange]
12-30 09:44:01.947  2079  2079 I notification_enqueue: [1007,4402,com.motorola.bug2go,3033,NULL,0,Notification(pri=0 contentView=com.motorola.bug2go/0x7f030005 vibrate=null sound=null defaults=0x0 flags=0x2 color=0x00000000 vis=PRIVATE),1]
12-30 09:44:01.987  2079  2079 I notification_enqueue: [1007,4402,com.motorola.bug2go,3033,NULL,0,Notification(pri=0 contentView=com.motorola.bug2go/0x7f030005 vibrate=null sound=null defaults=0x0 flags=0x2 color=0x00000000 vis=PRIVATE),1]
12-30 09:44:02.094  2079  2103 I am_kill : [0,6417,com.motorola.moodles,15,empty #7]
12-30 09:44:02.424  2079  2381 I dvm_lock_sample: [system_server,0,Binder_3,276,finishReceiver,ActivityManagerService.java,17330,removeContentProvider,-,9963,55]
12-30 09:44:02.456  2079  3025 I am_proc_died: [0,6417,com.motorola.moodles]
12-30 09:44:02.533  2079  3009 I am_proc_start: [0,6704,10138,com.motorola.genie,broadcast,com.motorola.genie/.model.GenieReceiver]
12-30 09:44:02.546  2079  2876 I dvm_lock_sample: [system_server,0,Binder_8,62,binderDied,ActivityManagerService.java,1330,processNextBroadcast,BroadcastQueue.java,639,12]
12-30 09:44:02.582  2079  2079 I notification_enqueue: [1007,4402,com.motorola.bug2go,3033,NULL,0,Notification(pri=0 contentView=com.motorola.bug2go/0x7f030005 vibrate=null sound=null defaults=0x0 flags=0x2 color=0x00000000 vis=PRIVATE),1]
12-30 09:44:02.644  2079  2876 I am_proc_died: [0,6680,com.android.exchange]
12-30 09:44:02.646  2079  3025 I dvm_lock_sample: [system_server,1,Binder_C,157,publishContentProviders,ActivityManagerService.java,10031,processNextBroadcast,BroadcastQueue.java,639,31]
12-30 09:44:02.661  2079  4647 I am_proc_bound: [0,6704,com.motorola.genie]
12-30 09:44:02.842  2079  2992 I am_proc_start: [0,6723,10063,com.android.exchange,content provider,com.android.exchange/.provider.ExchangeDirectoryProvider]
12-30 09:44:02.843  2079  3025 I dvm_lock_sample: [system_server,1,Binder_C,107,refContentProvider,ActivityManagerService.java,10102,getContentProviderImpl,-,9593,21]
12-30 09:44:02.885  6261  6399 I force_gc: Binder
12-30 09:44:02.888  2079  2079 I notification_enqueue: [1007,4402,com.motorola.bug2go,3033,NULL,0,Notification(pri=0 contentView=com.motorola.bug2go/0x7f030005 vibrate=null sound=null defaults=0x0 flags=0x2 color=0x00000000 vis=PRIVATE),1]
12-30 09:44:03.067  2079  2103 I am_proc_bound: [0,6723,com.android.exchange]
12-30 09:44:03.197  2079  2079 I notification_enqueue: [1007,4402,com.motorola.bug2go,3033,NULL,0,Notification(pri=0 contentView=com.motorola.bug2go/0x7f030005 vibrate=null sound=null defaults=0x0 flags=0x2 color=0x00000000 vis=PRIVATE),1]
12-30 09:44:03.564  2079  2079 I notification_enqueue: [1007,4402,com.motorola.bug2go,3033,NULL,0,Notification(pri=0 contentView=com.motorola.bug2go/0x7f030005 vibrate=null sound=null defaults=0x0 flags=0x2 color=0x00000000 vis=PRIVATE),1]
12-30 09:44:03.662  2079  2079 I notification_enqueue: [1007,4402,com.motorola.bug2go,3033,NULL,0,Notification(pri=0 contentView=com.motorola.bug2go/0x7f030005 vibrate=null sound=null defaults=0x0 flags=0x2 color=0x00000000 vis=PRIVATE),1]
12-30 09:44:03.678  2079  2377 I dvm_lock_sample: [system_server,0,ranker,14,handleRankingReconsideration,NotificationManagerService.java,2637,run,-,2125,2]
12-30 09:44:03.834  2079  2079 I notification_enqueue: [1007,4402,com.motorola.bug2go,3033,NULL,0,Notification(pri=0 contentView=com.motorola.bug2go/0x7f030005 vibrate=null sound=null defaults=0x0 flags=0x2 color=0x00000000 vis=PRIVATE),1]
12-30 09:44:04.084  2079  2467 I am_proc_died: [0,6723,com.android.exchange]
12-30 09:44:04.085  2079  2467 I am_kill : [0,6534,android.process.acore,0,depends on provider com.android.exchange/.provider.ExchangeDirectoryProvider in dying proc com.android.exchange]
12-30 09:44:04.249  6434  6434 I am_on_resume_called: [0,com.whatsapp.HomeActivity]
12-30 09:44:04.319  2079  3009 I dvm_lock_sample: [system_server,1,Binder_B,325,refContentProvider,ActivityManagerService.java,10102,binderDied,-,1330,65]
12-30 09:44:04.320  2079  2876 I dvm_lock_sample: [system_server,1,Binder_8,287,broadcastIntent,ActivityManagerService.java,17217,binderDied,-,1330,57]
12-30 09:44:04.320  2079  2867 I dvm_lock_sample: [system_server,1,Binder_7,326,broadcastIntent,ActivityManagerService.java,17217,binderDied,-,1330,65]
12-30 09:44:04.321  2079  3533 I dvm_lock_sample: [system_server,1,Binder_E,217,getContentProviderImpl,ActivityManagerService.java,9593,binderDied,-,1330,43]
12-30 09:44:04.322  2079  2102 I dvm_lock_sample: [system_server,1,Binder_1,194,startService,ActivityManagerService.java,15962,binderDied,-,1330,38]
12-30 09:44:04.357  2079  2079 I notification_enqueue: [1007,4402,com.motorola.bug2go,3033,NULL,0,Notification(pri=0 contentView=com.motorola.bug2go/0x7f030005 vibrate=null sound=null defaults=0x0 flags=0x2 color=0x00000000 vis=PRIVATE),1]
12-30 09:44:04.466  2079  2467 I force_gc: Binder
12-30 09:44:04.515  2079  3009 I dvm_lock_sample: [system_server,1,Binder_B,24,getIntentSender,ActivityManagerService.java,6781,startService,-,15962,4]
12-30 09:44:04.584  2079  2876 I am_proc_start: [0,6772,1000,com.motorola.tools.batterytracer,broadcast,com.motorola.tools.batterytracer/.OnBootReceiver]
12-30 09:44:04.661  2079  2079 I notification_enqueue: [1007,4402,com.motorola.bug2go,3033,NULL,0,Notification(pri=0 contentView=com.motorola.bug2go/0x7f030005 vibrate=null sound=null defaults=0x0 flags=0x2 color=0x00000000 vis=PRIVATE),1]
12-30 09:44:04.868  2079  2867 I am_proc_bound: [0,6772,com.motorola.tools.batterytracer]
12-30 09:44:04.904  2079  3025 I dvm_lock_sample: [system_server,1,Binder_C,79,broadcastIntent,ActivityManagerService.java,17217,processNextBroadcast,BroadcastQueue.java,639,15]
12-30 09:44:04.905  2079  2102 I am_proc_died: [0,6534,android.process.acore]
12-30 09:44:04.919  2079  2102 I am_kill : [0,6447,com.google.android.inputmethod.latin,1,depends on provider com.android.providers.userdictionary/.UserDictionaryProvider in dying proc android.process.acore]
12-30 09:44:05.267  2079  2122 I dvm_lock_sample: [system_server,1,ActivityManager,376,completeFinalize,PendingIntentRecord.java,345,attachApplication,ActivityManagerService.java,6347,75]
12-30 09:44:05.267  2079  3009 I dvm_lock_sample: [system_server,1,Binder_B,362,getIntentSender,ActivityManagerService.java,6781,binderDied,-,1330,72]
12-30 09:44:05.369  2079  3040 I am_proc_start: [0,6791,10004,android.process.acore,content provider,com.android.providers.contacts/.ContactsProvider2]
12-30 09:44:05.371  2079  2876 I am_proc_died: [0,6447,com.google.android.inputmethod.latin]
12-30 09:44:05.377  2079  2876 I am_schedule_service_restart: [0,com.google.android.inputmethod.latin/com.android.inputmethod.latin.LatinIME,1000]
12-30 09:44:05.379  2079  2794 I dvm_lock_sample: [system_server,1,Binder_5,86,publishService,ActivityManagerService.java,16215,processNextBroadcast,BroadcastQueue.java,639,17]
12-30 09:44:05.448  2079  2079 I notification_enqueue: [1007,4402,com.motorola.bug2go,3033,NULL,0,Notification(pri=0 contentView=com.motorola.bug2go/0x7f030005 vibrate=null sound=null defaults=0x0 flags=0x2 color=0x00000000 vis=PRIVATE),1]
12-30 09:44:05.569  2079  2079 I notification_enqueue: [1007,4402,com.motorola.bug2go,3033,NULL,0,Notification(pri=0 contentView=com.motorola.bug2go/0x7f030005 vibrate=null sound=null defaults=0x0 flags=0x2 color=0x00000000 vis=PRIVATE),1]
12-30 09:44:05.590  2079  2876 I am_proc_bound: [0,6791,android.process.acore]
12-30 09:44:05.599  2079  2794 I am_kill : [0,6464,com.motorola.camera,15,empty #7]
12-30 09:44:05.643   381   381 I sf_frame_dur: [InputMethod,0,3,0,1,1,0,1]
12-30 09:44:05.705  2956  2986 I force_gc: Binder
12-30 09:44:05.830  6512  6512 I dvm_lock_sample: [com.motorola.MotGallery2,1,main,959,onReceive,BlurServiceMother.java,706,,,0,150]
12-30 09:44:05.907  5879  5879 I dvm_lock_sample: [com.motorola.ccc,1,main,1079,onReceive,BlurServiceMother.java,637,,,0,150]
12-30 09:44:05.956  2079  2123 I dvm_lock_sample: [system_server,1,android.ui,359,dispatchUidsChanged,ActivityManagerService.java,3867,processNextBroadcast,BroadcastQueue.java,639,71]
12-30 09:44:05.960  2079  2806 I dvm_lock_sample: [system_server,1,Binder_6,360,broadcastIntent,ActivityManagerService.java,17217,processNextBroadcast,BroadcastQueue.java,639,72]
12-30 09:44:05.963  2079  2867 I dvm_lock_sample: [system_server,1,Binder_7,348,broadcastIntent,ActivityManagerService.java,17217,processNextBroadcast,BroadcastQueue.java,639,69]
12-30 09:44:05.965  2079  3025 I dvm_lock_sample: [system_server,1,Binder_C,79,broadcastIntent,ActivityManagerService.java,17217,processNextBroadcast,BroadcastQueue.java,639,15]
12-30 09:44:05.998  2079  2103 I am_proc_died: [0,6464,com.motorola.camera]
12-30 09:44:06.001  2079  2867 I dvm_lock_sample: [system_server,1,Binder_7,15,getContentProviderImpl,ActivityManagerService.java,9593,bindService,-,16197,3]
12-30 09:44:06.007  2079  4647 I dvm_lock_sample: [system_server,1,Binder_10,21,getIntentSender,ActivityManagerService.java,6781,bindService,-,16197,4]
12-30 09:44:06.042  2079  2079 I notification_enqueue: [1007,4402,com.motorola.bug2go,3033,NULL,0,Notification(pri=0 contentView=com.motorola.bug2go/0x7f030005 vibrate=null sound=null defaults=0x0 flags=0x2 color=0x00000000 vis=PRIVATE),1]
12-30 09:44:06.201  2079  2079 I notification_enqueue: [1007,4402,com.motorola.bug2go,3033,NULL,0,Notification(pri=0 contentView=com.motorola.bug2go/0x7f030005 vibrate=null sound=null defaults=0x0 flags=0x2 color=0x00000000 vis=PRIVATE),1]
12-30 09:44:06.430  2079  2122 I am_proc_start: [0,6819,10078,com.google.android.inputmethod.latin,service,com.google.android.inputmethod.latin/com.android.inputmethod.latin.LatinIME]
12-30 09:44:06.542  2079  2876 I am_proc_bound: [0,6819,com.google.android.inputmethod.latin]
12-30 09:44:06.864  2079  2102 I dvm_lock_sample: [system_server,1,Binder_1,12,isProtectedBroadcast,PackageManagerService.java,3928,getPackageInfo,-,2779,2]
12-30 09:44:07.129  2079  2121 I sync    : [com.google.android.gms.chromesync,1,3,-2066781059]
12-30 09:44:07.141  2079  2121 I sync    : [com.google.android.gms.chromesync,0,3,309948566]
12-30 09:44:07.398  2079  2867 I dvm_lock_sample: [system_server,1,Binder_7,597,setAdditionalInputMethodSubtypes,InputMethodManagerService.java,2559,,,0,150]
12-30 09:44:07.413  2079  2121 I am_pss  : [6434,10106,com.whatsapp,37474304,34430976]
12-30 09:44:07.549  2079  2121 I am_pss  : [6212,10013,com.motorola.survey,3500032,2408448]
12-30 09:44:07.608  2079  2121 I sync    : [com.google.android.gms.drive.sync,1,2,-2066781059]
12-30 09:44:07.609  2079  2366 I netstats_mobile_sample: [0,0,0,0,0,0,0,0,0,0,0,0,1451479445558]
12-30 09:44:07.609  2079  2366 I netstats_wifi_sample: [1455574,4191,7943345,6610,1455574,4191,7943345,6610,1455336,4186,7848112,6608,1451479445558]
12-30 09:44:07.611  2079  2079 I notification_enqueue: [1007,4402,com.motorola.bug2go,3033,NULL,0,Notification(pri=0 contentView=com.motorola.bug2go/0x7f030005 vibrate=null sound=null defaults=0x0 flags=0x2 color=0x00000000 vis=PRIVATE),1]
12-30 09:44:07.630  6434  6434 I dvm_lock_sample: [com.whatsapp,1,main,344,a,Log.java,183,writeBytes,Posix.java,-2,68]
12-30 09:44:07.647  2079  2367 I dvm_lock_sample: [system_server,0,NetworkPolicy,1187,setUidForeground,NetworkStatsService.java,703,rename,Posix.java,-2,100]
12-30 09:44:07.648  2079  2367 I dvm_lock_sample: [system_server,0,NetworkPolicy,1216,handleMessage,NetworkPolicyManagerService.java,2567,,,0,150]
12-30 09:44:07.862  2079  2079 I notification_enqueue: [1007,4402,com.motorola.bug2go,3033,NULL,0,Notification(pri=0 contentView=com.motorola.bug2go/0x7f030005 vibrate=null sound=null defaults=0x0 flags=0x2 color=0x00000000 vis=PRIVATE),1]
12-30 09:44:07.951  2079  2079 I notification_enqueue: [1007,4402,com.motorola.bug2go,3033,NULL,0,Notification(pri=0 contentView=com.motorola.bug2go/0x7f030005 vibrate=null sound=null defaults=0x0 flags=0x2 color=0x00000000 vis=PRIVATE),1]
12-30 09:44:07.961  2079  2121 I sync    : [com.google.android.gms.drive.sync,0,2,309948566]
12-30 09:44:08.002  6819  6845 I dvm_lock_sample: [com.google.android.inputmethod.l,0,ExecutorUtils,445,zzb,,-1,<clinit>,-,-1,89]
12-30 09:44:08.146  2079  2079 I notification_enqueue: [1007,4402,com.motorola.bug2go,3033,NULL,0,Notification(pri=0 contentView=com.motorola.bug2go/0x7f030005 vibrate=null sound=null defaults=0x0 flags=0x2 color=0x00000000 vis=PRIVATE),1]
12-30 09:44:08.212  2079  2794 I force_gc: Binder
12-30 09:44:08.311  2079  2079 I notification_enqueue: [1007,4402,com.motorola.bug2go,3033,NULL,0,Notification(pri=0 contentView=com.motorola.bug2go/0x7f030005 vibrate=null sound=null defaults=0x0 flags=0x2 color=0x00000000 vis=PRIVATE),1]
12-30 09:44:08.403  2079  4647 I dvm_lock_sample: [system_server,1,Binder_10,87,removeContentProvider,ActivityManagerService.java,9963,getCurrentUser,-,20672,17]
12-30 09:44:08.590  2079  2079 I notification_enqueue: [1007,4402,com.motorola.bug2go,3033,NULL,0,Notification(pri=0 contentView=com.motorola.bug2go/0x7f030005 vibrate=null sound=null defaults=0x0 flags=0x2 color=0x00000000 vis=PRIVATE),1]
12-30 09:44:08.788  2079  2079 I notification_enqueue: [1007,4402,com.motorola.bug2go,3033,NULL,0,Notification(pri=0 contentView=com.motorola.bug2go/0x7f030005 vibrate=null sound=null defaults=0x0 flags=0x2 color=0x00000000 vis=PRIVATE),1]
12-30 09:44:09.021  2079  2079 I notification_enqueue: [1007,4402,com.motorola.bug2go,3033,NULL,0,Notification(pri=0 contentView=com.motorola.bug2go/0x7f030005 vibrate=null sound=null defaults=0x0 flags=0x2 color=0x00000000 vis=PRIVATE),1]
12-30 09:44:09.152  2079  3533 I dvm_lock_sample: [system_server,1,Binder_E,117,acquireWakeLockInternal,PowerManagerService.java,822,acquireWakeLockInternal,-,822,23]
12-30 09:44:09.452  2079  2079 I notification_enqueue: [1007,4402,com.motorola.bug2go,3033,NULL,0,Notification(pri=0 contentView=com.motorola.bug2go/0x7f030005 vibrate=null sound=null defaults=0x0 flags=0x2 color=0x00000000 vis=PRIVATE),1]
12-30 09:44:09.508  5879  5879 I dvm_lock_sample: [com.motorola.ccc,1,main,3548,onReceive,BlurServiceMother.java,637,,,0,150]
12-30 09:44:09.536  2079  2806 I am_proc_start: [0,6864,10066,com.google.process.gapps,broadcast,com.google.android.syncadapters.contacts/.ContactsSyncAdapterBroadcastReceiver]
12-30 09:44:09.613  2079  2164 I am_activity_launch_time: [0,220217243,com.whatsapp/.HomeActivity,17873,17873]
12-30 09:44:09.699  2079  2123 I dvm_lock_sample: [system_server,1,android.ui,39,updateUidProcStateInternal,PowerManagerService.java,2516,handleUserActivityTimeout,-,1710,7]
12-30 09:44:09.762  2079  3025 I am_proc_bound: [0,6864,com.google.process.gapps]
12-30 09:44:10.868  2079  2121 I sync    : [com.google.android.gms.chromesync,1,3,309948566]
12-30 09:44:10.870  5879  5879 I dvm_lock_sample: [com.motorola.ccc,1,main,1327,onReceive,BlurServiceMother.java,637,,,0,150]
12-30 09:44:10.881  2079  2079 I notification_enqueue: [1007,4402,com.motorola.bug2go,2130903051,NULL,0,Notification(pri=0 contentView=null vibrate=default sound=null tick defaults=0x2 flags=0x10 color=0x00000000 vis=PRIVATE),0]
12-30 09:44:10.984  2079  2102 I am_proc_start: [0,6890,10067,com.google.android.apps.inputmethod.hindi,broadcast,com.google.android.apps.inputmethod.hindi/com.google.android.apps.inputmethod.libs.framework.core.LauncherIconVisibilityInitializer]
12-30 09:44:10.984  2079  2123 I dvm_lock_sample: [system_server,1,android.ui,55,dispatchUidsChanged,ActivityManagerService.java,3867,processNextBroadcast,BroadcastQueue.java,639,11]
12-30 09:44:11.083  2079  3829 I notification_expansion: [0|com.motorola.bug2go|2130903051|null|1007,0,1,202,202,0]
12-30 09:44:11.085  2079  2381 I notification_expansion: [0|com.motorola.bug2go|3033|null|1007,0,0,125663,1633,15362]
12-30 09:44:11.122  2079  2867 I am_proc_bound: [0,6890,com.google.android.apps.inputmethod.hindi]
12-30 09:44:11.570  2079  2121 I dvm_lock_sample: [system_server,0,android.bg,545,deleteFromPending,SyncStorageEngine.java,1170,,,0,150]
12-30 09:44:11.573  2079  2121 I dvm_lock_sample: [system_server,0,android.bg,657,maybeStartNextSyncH,SyncManager.java,2768,,,0,150]
12-30 09:44:11.576  2079  2121 I sync    : [gmail-ls,0,0,-2066781059]
12-30 09:44:11.938  2079  2121 I am_proc_start: [0,6909,10065,com.google.android.gm,service,com.google.android.gm/.provider.MailSyncAdapterService]
12-30 09:44:12.111  2079  2121 I sync    : [com.google.android.gms.drive.sync,1,2,309948566]
12-30 09:44:12.133  2079  2794 I am_proc_bound: [0,6909,com.google.android.gm]
12-30 09:44:12.622  2079  2169 I power_sleep_requested: 0
12-30 09:44:12.812  2079  2079 I notification_canceled: [0|com.motorola.bug2go|3033|null|1007,8,127390,3360,17089]
12-30 09:44:13.218  2079  3025 I am_proc_start: [0,6928,10069,com.google.android.inputmethod.pinyin,broadcast,com.google.android.inputmethod.pinyin/com.google.android.apps.inputmethod.libs.framework.core.LauncherIconVisibilityInitializer]
12-30 09:44:13.221  2079  3025 I am_kill : [0,6579,com.motorola.android.provisioning,15,empty #7]
12-30 09:44:13.548  2079  2169 I dvm_lock_sample: [system_server,1,PowerManagerService,194,acquireSleepToken,ActivityManagerService.java,20823,trimApplications,-,19673,38]
12-30 09:44:13.549  2079  2794 I dvm_lock_sample: [system_server,0,Binder_5,160,binderDied,ActivityManagerService.java,1330,trimApplications,-,19673,32]
12-30 09:44:13.625  2079  2169 I am_pause_activity: [0,220217243,com.whatsapp/.HomeActivity]
12-30 09:44:13.701  2079  2936 I dvm_lock_sample: [system_server,1,Binder_9,187,bindService,ActivityManagerService.java,16197,trimApplications,-,19673,37]
12-30 09:44:13.706  2079  2867 I am_proc_bound: [0,6928,com.google.android.inputmethod.pinyin]
12-30 09:44:13.719  2079  2794 I dvm_lock_sample: [system_server,0,Binder_5,170,binderDied,ActivityManagerService.java,1330,acquireSleepToken,-,20823,34]
12-30 09:44:13.719  2079  2794 I am_proc_died: [0,6579,com.motorola.android.provisioning]
12-30 09:44:13.729  2079  2123 I dvm_lock_sample: [system_server,1,android.ui,95,dispatchProcessesChanged,ActivityManagerService.java,3804,acquireSleepToken,-,20823,19]
12-30 09:44:13.742  6434  6434 I am_on_paused_called: [0,com.whatsapp.HomeActivity]
12-30 09:44:13.972  2079  2079 I notification_enqueue: [1007,4402,com.motorola.bug2go,3034,NULL,0,Notification(pri=0 contentView=com.motorola.bug2go/0x7f030005 vibrate=null sound=null defaults=0x0 flags=0x2 color=0x00000000 vis=PRIVATE),0]
12-30 09:44:13.990  2079  2079 I power_screen_state: [0,3,0,0]
12-30 09:44:13.990  2079  2079 I screen_toggled: 0
12-30 09:44:13.990  2079  2079 I sysui_histogram: [screen_timeout,15]
12-30 09:44:13.990  2079  2079 I power_screen_broadcast_send: 1
12-30 09:44:14.193  2079  2381 I dvm_lock_sample: [system_server,1,Binder_3,92,checkUidSignatures,PackageManagerService.java,3952,getInstalledPackages,-,5362,18]
12-30 09:44:14.259  2079  2079 I notification_enqueue: [1007,4402,com.motorola.bug2go,3034,NULL,0,Notification(pri=0 contentView=com.motorola.bug2go/0x7f030005 vibrate=null sound=null defaults=0x0 flags=0x2 color=0x00000000 vis=PRIVATE),1]
12-30 09:44:14.631  2079  3009 I am_kill : [0,6614,com.motorola.android.providers.userpreferredsim,15,empty #7]
12-30 09:44:14.815  2079  2992 I am_proc_died: [0,6614,com.motorola.android.providers.userpreferredsim]
12-30 09:44:14.844  2079  2867 I dvm_lock_sample: [system_server,1,Binder_7,176,removeImpl,AlarmManagerService.java,891,setImpl,-,952,35]
12-30 09:44:14.876  3310  3820 I force_gc: Binder
12-30 09:44:14.975  2079  2102 I am_proc_start: [0,6959,10063,com.android.exchange,content provider,com.android.exchange/.provider.ExchangeDirectoryProvider]
12-30 09:44:15.128  6909  6954 I dvm_lock_sample: [com.google.android.gm,0,AsyncTask #3,509,f,SourceFile,527,getArrayStringInfo,AssetManager.java,-2,100]
12-30 09:44:15.132  6909  6955 I dvm_lock_sample: [com.google.android.gm,0,SyncAdapterThread-1,206,getBestDateTimePattern,ICU.java,279,getBestDateTimePattern,-,279,41]
12-30 09:44:15.143  2079  3533 I am_proc_bound: [0,6959,com.android.exchange]
12-30 09:44:15.379  2079  2867 I am_kill : [0,6704,com.motorola.genie,15,empty #7]
12-30 09:44:15.526  2079  2867 I am_kill : [0,6635,com.motorola.wappushsi,15,empty #8]
12-30 09:44:15.599  6909  6946 I dvm_lock_sample: [com.google.android.gm,0,EmailProvider thread,1819,e,SourceFile,1291,enqueueMessage,MessageQueue.java,584,100]
12-30 09:44:15.607  2079  4647 I dvm_lock_sample: [system_server,1,Binder_10,215,getTagForIntentSender,ActivityManagerService.java,6998,removeContentProvider,-,9963,43]
12-30 09:44:15.612  2079  3533 I am_proc_died: [0,6635,com.motorola.wappushsi]
12-30 09:44:15.614  2079  2936 I am_proc_died: [0,6704,com.motorola.genie]
12-30 09:44:15.617  2079  2103 I dvm_lock_sample: [system_server,1,Binder_2,105,removeImpl,AlarmManagerService.java,891,setImpl,-,952,21]
12-30 09:44:15.694  2079  2467 I am_proc_died: [0,6959,com.android.exchange]
12-30 09:44:15.732  2079  2467 I am_proc_start: [0,6979,10063,com.android.exchange,content provider,com.android.exchange/.provider.ExchangeDirectoryProvider]
12-30 09:44:15.787  2079  2867 I force_gc: Binder
12-30 09:44:15.895  2079  3829 I am_proc_bound: [0,6979,com.android.exchange]
12-30 09:44:16.220  2079  2121 I am_pss  : [6512,10028,com.motorola.MotGallery2,6807552,5578752]
12-30 09:44:16.384  2079  2794 I am_proc_died: [0,6979,com.android.exchange]
12-30 09:44:16.385  2079  2794 I am_kill : [0,6791,android.process.acore,11,depends on provider com.android.exchange/.provider.ExchangeDirectoryProvider in dying proc com.android.exchange]
12-30 09:44:16.564  2079  2867 I am_proc_start: [0,6994,1000,com.motorola.iplog,broadcast,com.motorola.iplog/.BootCompleteReceiver]
12-30 09:44:16.567  2079  3533 I am_proc_died: [0,6791,android.process.acore]
12-30 09:44:16.647  2079  2102 I am_proc_bound: [0,6994,com.motorola.iplog]
12-30 09:44:16.957  2079  2876 I am_proc_start: [0,7008,10075,com.motorola.iqdataupload,broadcast,com.motorola.iqdataupload/.receivers.AlarmReciever]
12-30 09:44:17.087  2079  2867 I am_proc_bound: [0,7008,com.motorola.iqdataupload]
12-30 09:44:17.101  2079  2079 I power_screen_broadcast_done: [0,3111,1]
12-30 09:44:17.281  2079  2079 I power_screen_state: [1,0,0,0]
12-30 09:44:17.281  2079  2079 I screen_toggled: 1
12-30 09:44:17.286  2079  2079 I power_screen_broadcast_send: 1
12-30 09:44:17.290  2079  2169 I am_resume_activity: [0,220217243,495,com.whatsapp/.HomeActivity]
12-30 09:44:17.707  6434  6434 I am_on_resume_called: [0,com.whatsapp.HomeActivity]
12-30 09:44:17.794  2079  2345 I am_proc_start: [0,7025,10008,com.motorola.context,service,com.motorola.context/.analytics.DailyCheckinService]
12-30 09:44:18.008  2079  3533 I am_proc_bound: [0,7025,com.motorola.context]
12-30 09:44:18.068  2079  3829 I dvm_lock_sample: [system_server,0,Binder_F,32,finishReceiver,ActivityManagerService.java,17330,processNextBroadcast,BroadcastQueue.java,639,6]
12-30 09:44:18.388  2079  2936 I am_kill : [0,6772,com.motorola.tools.batterytracer,15,empty #7]
12-30 09:44:18.501  2079  2121 I am_pss  : [6662,10032,com.android.vending,11898880,9949184]
12-30 09:44:18.503  2079  2876 I am_proc_died: [0,6772,com.motorola.tools.batterytracer]
12-30 09:44:18.850  2079  2079 I am_proc_start: [0,7044,1001,com.qualcomm.qcrilmsgtunnel,broadcast,com.qualcomm.qcrilmsgtunnel/.QcrilMsgTunnelAutoboot]
12-30 09:44:18.853  2079  2079 I power_screen_broadcast_done: [1,1567,1]
12-30 09:44:19.015  2079  2867 I am_proc_bound: [0,7044,com.qualcomm.qcrilmsgtunnel]
12-30 09:44:19.119   690   690 I liblog  : 83
12-30 09:44:19.250  2079  2381 I am_kill : [0,6864,com.google.process.gapps,15,empty #7]
12-30 09:44:19.445  2079  2122 I dvm_lock_sample: [system_server,1,ActivityManager,196,processNextBroadcast,BroadcastQueue.java,639,trimApplications,ActivityManagerService.java,19673,39]
12-30 09:44:19.478  2079  2122 I am_proc_start: [0,7069,10101,com.google.android.youtube,broadcast,com.google.android.youtube/com.google.android.libraries.youtube.upload.service.UploadService$BootReceiver]
12-30 09:44:19.479  2079  2123 I dvm_lock_sample: [system_server,1,android.ui,229,dispatchProcessesChanged,ActivityManagerService.java,3804,trimApplications,-,19673,45]
12-30 09:44:19.479  2079  3829 I dvm_lock_sample: [system_server,0,Binder_F,186,binderDied,ActivityManagerService.java,1330,trimApplications,-,19673,37]
12-30 09:44:19.479  2079  3829 I am_proc_died: [0,6864,com.google.process.gapps]
12-30 09:44:19.480  2079  2102 I dvm_lock_sample: [system_server,1,Binder_1,210,getCurrentUser,ActivityManagerService.java,20672,trimApplications,-,19673,42]
12-30 09:44:19.524  2079  2102 I am_kill : [0,6890,com.google.android.apps.inputmethod.hindi,15,empty #7]
12-30 09:44:19.701  2431  2431 I sysui_panelholder_touch: [0,644,17]
12-30 09:44:19.701  2431  2431 I sysui_count: [panel_open,1]
12-30 09:44:19.708  2431  2431 I sysui_histogram: [note_load,3]
12-30 09:44:19.708  2079  4647 I notification_panel_revealed: 3
12-30 09:44:19.711  2079  2794 I notification_visibility: [0|com.motorola.bug2go|2130903051|null|1007,1,8830,8830,0,0]
12-30 09:44:19.723  2079  2123 I dvm_lock_sample: [system_server,1,android.ui,193,dispatchProcessesChanged,ActivityManagerService.java,3804,serviceDoneExecuting,-,16235,38]
12-30 09:44:19.725  2079  3829 I dvm_lock_sample: [system_server,0,Binder_F,156,binderDied,ActivityManagerService.java,1330,serviceDoneExecuting,-,16235,31]
12-30 09:44:19.727  2079  2992 I am_proc_bound: [0,7069,com.google.android.youtube]
12-30 09:44:19.734  2079  3829 I am_proc_died: [0,6890,com.google.android.apps.inputmethod.hindi]
12-30 09:44:20.775  2079  2867 I notification_visibility: [0|com.getpebble.android|4244|null|10163,1,193974,193974,0,2]
12-30 09:44:20.775  2079  2867 I notification_visibility: [0|com.motorola.bug2go|3034|null|1007,1,6804,6516,0,1]
12-30 09:44:21.010  2079  2121 I am_pss  : [6598,1000,com.motorola.ServiceDialingNumbers,2375680,1458176]
12-30 09:44:21.023  6909  6989 I dvm_lock_sample: [com.google.android.gm,0,MailEngine creation,5077,a,SourceFile,995,nativeOpen,SQLiteConnection.java,-2,100]
12-30 09:44:21.191  2079  3533 I notification_expansion: [0|com.motorola.bug2go|3034|null|1007,0,1,7220,6932,416]
12-30 09:44:21.193  2079  3040 I notification_expansion: [0|com.motorola.bug2go|2130903051|null|1007,0,0,10312,10312,1482]
12-30 09:44:21.508  2079  2079 I sysui_histogram: [note_dismiss_longevity,0]
12-30 09:44:21.509  2079  2079 I notification_canceled: [0|com.motorola.bug2go|2130903051|null|1007,2,10628,10628,1798]
12-30 09:44:21.576  2079  2122 I dvm_lock_sample: [system_server,1,ActivityManager,5,next,MessageQueue.java,325,enqueueMessage,-,541,1]
12-30 09:44:21.946  6909  7038 I dvm_lock_sample: [com.google.android.gm,0,AsyncTask #5,2720,a,SourceFile,910,nativeOpen,SQLiteConnection.java,-2,100]
12-30 09:44:22.109  2431  2431 I sysui_lockscreen_gesture: [9,-157,-1920]
12-30 09:44:22.225  2079  3009 I notification_visibility: [0|com.getpebble.android|4244|null|10163,0,195423,195423,0,1]
12-30 09:44:22.225  2079  3009 I notification_visibility: [0|com.motorola.bug2go|3034|null|1007,0,8254,7966,0,0]
12-30 09:44:22.226  2079  3829 I notification_panel_hidden: []
12-30 09:44:23.080  2079  2121 I am_pss  : [6561,10029,com.motorola.motocare,5254144,4038656]
12-30 09:44:23.188  2079  2121 I am_pss  : [6675,1000,com.qualcomm.telephony,2635776,1634304]
12-30 09:44:25.306  2079  2381 I notification_cancel_all: [10014,3954,com.android.providers.downloads,0,0,64,9,NULL]
12-30 09:44:25.309  2079  2794 I force_gc: Binder
12-30 09:44:26.599  2079  2369 I dvm_lock_sample: [system_server,0,WifiStateMachine,7404,setScanResults,WifiStateMachine.java,4472,,,0,150]
12-30 09:44:27.347  2079  2121 I am_pss  : [3518,10018,com.google.android.gms,25965568,21995520]
12-30 09:44:27.982  2079  2121 I am_pss  : [6819,10078,com.google.android.inputmethod.latin,27574272,25313280]
12-30 09:44:30.485  3954  7127 I dvm_lock_sample: [android.process.media,0,pool-5-thread-2,299,lookup,CertPinManager.java,-1,compileImpl,Pattern.java,-2,59]
12-30 09:44:30.519  7069  7091 I dvm_lock_sample: [com.google.android.youtube,0,pool-2-thread-1,515,getReadableDatabase,SourceFile,1587,nativePrepareStatement,SQLiteConnection.java,-2,100]
12-30 09:44:31.402  6909  6955 I google_http_request: [2277,200,Android-GmailProvider/58045865 (sw360dp; 320dpi),1]
12-30 09:44:31.462  2079  3533 I am_proc_start: [0,7176,10076,com.google.android.inputmethod.korean,broadcast,com.google.android.inputmethod.korean/com.google.android.apps.inputmethod.libs.framework.core.LauncherIconVisibilityInitializer]
12-30 09:44:31.631  2079  2102 I am_proc_bound: [0,7176,com.google.android.inputmethod.korean]
12-30 09:44:31.820  2079  3533 I am_kill : [0,6928,com.google.android.inputmethod.pinyin,15,empty #7]
12-30 09:44:31.928  2079  3025 I force_gc: Binder
12-30 09:44:32.017  2079  2876 I dvm_lock_sample: [system_server,0,Binder_8,124,binderDied,ActivityManagerService.java,1330,serviceDoneExecuting,-,16235,24]
12-30 09:44:32.078  2079  2876 I am_proc_died: [0,6928,com.google.android.inputmethod.pinyin]
12-30 09:44:32.081  2079  2123 I dvm_lock_sample: [system_server,1,android.ui,63,dispatchUidsChanged,ActivityManagerService.java,3919,bindService,-,16197,12]
12-30 09:44:32.922  2079  3009 I am_kill : [0,6994,com.motorola.iplog,15,empty #7]
12-30 09:44:33.078  2079  2992 I am_proc_died: [0,6994,com.motorola.iplog]
12-30 09:44:33.097  2079  2121 I am_pss  : [6909,10065,com.google.android.gm,25698304,20676608]
12-30 09:44:33.384  2079  2467 I dvm_lock_sample: [system_server,1,Binder_4,165,getAccountsInternal,AccountManagerService.java,2669,saveAuthTokenToDatabase,-,1531,33]
12-30 09:44:33.571  2079  3829 I am_proc_start: [0,7204,10073,com.google.android.talk,broadcast,com.google.android.talk/com.google.android.apps.hangouts.service.BootReceiver]
12-30 09:44:33.729  2079  3009 I am_proc_bound: [0,7204,com.google.android.talk]
12-30 09:44:34.099  2079  4647 I am_kill : [0,5439,com.google.android.deskclock,15,empty #7]
12-30 09:44:34.479  2079  2123 I dvm_lock_sample: [system_server,1,android.ui,375,dispatchProcessesChanged,ActivityManagerService.java,3804,serviceDoneExecuting,-,16235,75]
12-30 09:44:34.486  2079  3829 I dvm_lock_sample: [system_server,1,Binder_F,328,getContentProviderImpl,ActivityManagerService.java,9593,serviceDoneExecuting,-,16235,65]
12-30 09:44:34.487  2079  3533 I dvm_lock_sample: [system_server,1,Binder_E,314,broadcastIntent,ActivityManagerService.java,17217,serviceDoneExecuting,-,16235,62]
12-30 09:44:34.534  2079  3829 I am_proc_start: [0,7218,10004,android.process.acore,content provider,com.android.providers.contacts/.ContactsProvider2]
12-30 09:44:34.536  2079  2936 I dvm_lock_sample: [system_server,0,Binder_9,220,binderDied,ActivityManagerService.java,1330,serviceDoneExecuting,-,16235,44]
12-30 09:44:34.536  2079  2936 I am_proc_died: [0,5439,com.google.android.deskclock]
12-30 09:44:34.539  2079  2103 I dvm_lock_sample: [system_server,1,Binder_2,206,broadcastIntent,ActivityManagerService.java,17217,serviceDoneExecuting,-,16235,41]
12-30 09:44:34.660  2079  2102 I am_proc_bound: [0,7218,android.process.acore]
12-30 09:44:35.935  2079  4647 I battery_level: [5,3866,411]
12-30 09:44:36.920  2079  2169 I power_sleep_requested: 0
12-30 09:44:36.998  6434  6556 I dvm_lock_sample: [com.whatsapp,0,WhatsApp Worker #3,1961,a,Log.java,34,,,0,150]
12-30 09:44:36.999  6434  6506 I dvm_lock_sample: [com.whatsapp,0,JobConsumer-15,1899,a,Log.java,183,a,-,183,100]
12-30 09:44:37.077  6434  6434 I dvm_lock_sample: [com.whatsapp,1,main,1123,a,Log.java,183,a,-,183,100]
12-30 09:44:37.078  6434  6649 I dvm_lock_sample: [com.whatsapp,0,WhatsApp Worker #5,1093,a,Log.java,183,a,-,183,100]
12-30 09:44:37.371  6434  6498 I dvm_lock_sample: [com.whatsapp,0,JobConsumer-7,281,a,Log.java,183,a,-,183,56]
12-30 09:44:37.438  6434  6560 I dvm_lock_sample: [com.whatsapp,0,WhatsApp Worker #4,341,a,Log.java,183,a,-,183,68]
12-30 09:44:37.509  2079  2169 I am_pause_activity: [0,220217243,com.whatsapp/.HomeActivity]
12-30 09:44:37.546  7204  7239 I dvm_lock_sample: [com.google.android.talk,0,SharedPreferencesImpl-load,1731,run,SharedPreferencesImpl.java,91,,,0,150]
12-30 09:44:37.550  6434  6434 I am_on_paused_called: [0,com.whatsapp.HomeActivity]
12-30 09:44:37.798  2079  2079 I power_screen_state: [0,3,0,0]
12-30 09:44:37.798  2079  2079 I screen_toggled: 0
12-30 09:44:37.798  2079  2079 I sysui_histogram: [screen_timeout,15]
12-30 09:44:37.799  2079  2079 I power_screen_broadcast_send: 1
12-30 09:44:38.078  2079  2367 I dvm_lock_sample: [system_server,0,NetworkPolicy,11,isInteractiveInternal,PowerManagerService.java,2367,acquireWakeLockInternal,-,822,2]
12-30 09:44:38.080  2079  2169 I dvm_lock_sample: [system_server,1,PowerManagerService,65,handleSandman,PowerManagerService.java,1854,acquireWakeLockInternal,-,822,13]
12-30 09:44:38.226  2079  2079 I power_screen_broadcast_done: [0,427,1]
12-30 09:44:38.406  2079  2121 I sync    : [com.getpebble.android.internal.provider,1,3,309948566]
12-30 09:44:38.485  2079  2121 I sync    : [com.google.android.gms.drive.sync,0,2,-2066781059]
12-30 09:44:38.944  2079  2102 I am_proc_start: [0,7255,10063,com.android.exchange,content provider,com.android.exchange/.provider.ExchangeDirectoryProvider]
12-30 09:44:38.947  2079  2121 I sync    : [com.google.android.gms.drive.sync,1,2,-2066781059]
12-30 09:44:38.973  2079  2121 I sync    : [com.google.android.gms.drive.sync,0,2,309948566]
12-30 09:44:39.136  2079  2794 I am_proc_bound: [0,7255,com.android.exchange]
12-30 09:44:39.147  2079  2794 I am_kill : [0,7025,com.motorola.context,15,empty #7]
12-30 09:44:39.255  7204  7204 I dvm_lock_sample: [com.google.android.talk,1,main,541,e,SourceFile,476,,,0,150]
12-30 09:44:39.316  2079  3533 I am_proc_died: [0,7025,com.motorola.context]
12-30 09:44:39.526  2079  2103 I am_proc_start: [0,7272,10053,com.google.android.calendar,broadcast,com.google.android.calendar/com.android.calendar.alerts.AlertReceiver]
12-30 09:44:39.626  2079  2794 I am_proc_bound: [0,7272,com.google.android.calendar]
12-30 09:44:39.814  2079  2467 I am_proc_died: [0,7255,com.android.exchange]
12-30 09:44:39.830  2079  3009 I dvm_lock_sample: [system_server,1,Binder_B,91,unstableProviderDied,ActivityManagerService.java,10145,binderDied,-,1330,18]
12-30 09:44:39.874  2079  2794 I am_proc_start: [0,7287,10063,com.android.exchange,content provider,com.android.exchange/.provider.ExchangeDirectoryProvider]
12-30 09:44:39.894  2079  2121 I sync    : [com.google.android.gms.drive.sync,1,2,309948566]
12-30 09:44:39.903  2079  2121 I sync    : [com.getpebble.android.internal.provider,0,2,309948566]
12-30 09:44:39.958  2079  2467 I am_proc_bound: [0,7287,com.android.exchange]
12-30 09:44:40.153  2079  3040 I am_kill : [0,7008,com.motorola.iqdataupload,15,empty #7]
12-30 09:44:40.170  2079  2121 I sync    : [com.getpebble.android.internal.provider,1,2,309948566]
12-30 09:44:40.328  2079  2123 I dvm_lock_sample: [system_server,1,android.ui,174,dispatchProcessesChanged,ActivityManagerService.java,3804,removeContentProvider,-,9963,34]
12-30 09:44:40.355  2079  2103 I am_proc_died: [0,7287,com.android.exchange]
12-30 09:44:40.356  2079  2103 I am_kill : [0,7218,android.process.acore,11,depends on provider com.android.exchange/.provider.ExchangeDirectoryProvider in dying proc com.android.exchange]
12-30 09:44:40.517  2079  2867 I dvm_lock_sample: [system_server,1,Binder_7,306,refContentProvider,ActivityManagerService.java,10102,removeContentProvider,-,9963,61]
12-30 09:44:40.518  2079  2381 I dvm_lock_sample: [system_server,0,Binder_3,291,binderDied,ActivityManagerService.java,1330,removeContentProvider,-,9963,58]
12-30 09:44:40.518  2079  2381 I am_proc_died: [0,7008,com.motorola.iqdataupload]
12-30 09:44:40.520  2079  2102 I dvm_lock_sample: [system_server,1,Binder_1,270,broadcastIntent,ActivityManagerService.java,17217,removeContentProvider,-,9963,54]
12-30 09:44:40.523  2079  2121 I dvm_lock_sample: [system_server,0,android.bg,192,isUserRunning,ActivityManagerService.java,20693,binderDied,-,1330,38]
12-30 09:44:40.525  2079  2876 I dvm_lock_sample: [system_server,0,Binder_8,99,binderDied,ActivityManagerService.java,1330,binderDied,-,1330,19]
12-30 09:44:40.525  2079  2876 I am_proc_died: [0,7218,android.process.acore]
12-30 09:44:40.573  2079  2121 I sync    : [com.getpebble.android.internal.provider,0,1,309948566]
12-30 09:44:40.671  2079  2381 I am_proc_start: [0,7307,10003,com.android.providers.calendar,content provider,com.android.providers.calendar/.CalendarProvider2]
12-30 09:44:40.810  2079  2936 I am_proc_bound: [0,7307,com.android.providers.calendar]
