12-30 09:46:16.041  2079  2794 I dvm_lock_sample: [system_server,1,Binder_5,171,broadcastIntent,ActivityManagerService.java,17217,bindService,-,16197,34]
12-30 09:46:16.042  2079  2103 I dvm_lock_sample: [system_server,1,Binder_2,150,startService,ActivityManagerService.java,15962,bindService,-,16197,30]
12-30 09:46:16.127  2079  3533 I am_proc_bound: [0,8814,com.google.android.apps.docs]
12-30 09:46:16.540  2079  2121 I am_pss  : [3954,10014,android.process.media,9141248,7946240]
12-30 09:46:16.708  2079  3025 I am_proc_start: [0,8833,10063,com.android.exchange,content provider,com.android.exchange/.provider.ExchangeDirectoryProvider]
12-30 09:46:16.869  2079  2102 I am_proc_start: [0,8849,10065,com.google.android.gm,content provider,com.google.android.gm/.provider.SearchQuery$Provider]
12-30 09:46:16.870  2079  2123 I dvm_lock_sample: [system_server,1,android.ui,159,dispatchUidsChanged,ActivityManagerService.java,3867,getContentProviderImpl,-,9593,31]
12-30 09:46:16.871  2079  2794 I am_proc_bound: [0,8833,com.android.exchange]
12-30 09:46:17.032  2079  2876 I am_proc_bound: [0,8849,com.google.android.gm]
12-30 09:46:17.491  6434  6560 I dvm_lock_sample: [com.whatsapp,0,WhatsApp Worker #4,90,releaseProvider,ActivityThread.java,4919,acquireExistingProvider,-,4885,18]
12-30 09:46:17.645  2079  2381 I am_proc_died: [0,8833,com.android.exchange]
12-30 09:46:17.713  2079  2794 I dvm_lock_sample: [system_server,1,Binder_5,128,unstableProviderDied,ActivityManagerService.java,10145,binderDied,-,1330,25]
12-30 09:46:17.768  2079  2806 I am_proc_start: [0,8870,10063,com.android.exchange,content provider,com.android.exchange/.provider.ExchangeDirectoryProvider]
12-30 09:46:17.980  2079  2876 I am_proc_bound: [0,8870,com.android.exchange]
12-30 09:46:18.040  2079  2121 I am_pss  : [8424,10006,com.android.cellbroadcastreceiver,3951616,2945024]
12-30 09:46:18.127  2079  2876 I am_proc_died: [0,8870,com.android.exchange]
12-30 09:46:18.127  2079  2876 I am_kill : [0,8706,android.process.acore,1,depends on provider com.android.exchange/.provider.ExchangeDirectoryProvider in dying proc com.android.exchange]
12-30 09:46:18.433  2079  2121 I am_pss  : [8511,10046,com.motorola.config.wifi,2343936,1519616]
12-30 09:46:19.094  2079  2992 I am_proc_died: [0,8706,android.process.acore]
12-30 09:46:19.145  3518  8831 I dvm_lock_sample: [com.google.android.gms,0,SyncAdapterThread-1,46,acquireExistingProvider,ActivityThread.java,4885,handleUnstableProviderDied,-,5046,9]
12-30 09:46:19.154  2079  2103 I force_gc: Binder
12-30 09:46:19.222  2079  2876 I am_proc_start: [0,8892,10004,android.process.acore,content provider,com.android.providers.contacts/.ContactsProvider2]
12-30 09:46:19.224  2079  2123 I dvm_lock_sample: [system_server,1,android.ui,118,dispatchUidsChanged,ActivityManagerService.java,3867,getContentProviderImpl,-,9593,23]
12-30 09:46:19.417  2079  2103 I am_proc_bound: [0,8892,android.process.acore]
12-30 09:46:21.756  8849  8900 I dvm_lock_sample: [com.google.android.gm,0,EmailProvider thread,1837,e,SourceFile,1291,enqueueMessage,MessageQueue.java,584,100]
12-30 09:46:22.395  2079  2876 I am_proc_start: [0,8984,10008,com.motorola.context,broadcast,com.motorola.context/.publisher.calendar.CalendarReceiver]
12-30 09:46:22.464  2079  2467 I dvm_lock_sample: [system_server,1,Binder_4,123,getContentProviderImpl,ActivityManagerService.java,9593,processNextBroadcast,BroadcastQueue.java,639,24]
12-30 09:46:22.562  2079  3009 I am_proc_bound: [0,8984,com.motorola.context]
12-30 09:46:22.579  8849  8967 I dvm_lock_sample: [com.google.android.gm,0,AsyncTask #5,501,a,SourceFile,910,stat,Posix.java,-2,100]
12-30 09:46:22.719  8800  8956 I dvm_lock_sample: [com.google.android.youtube,0,pool-2-thread-4,485,a,SourceFile,138,nativeOpen,SQLiteConnection.java,-2,97]
12-30 09:46:23.528  2079  2992 I am_proc_start: [0,9007,10053,com.google.android.calendar,broadcast,com.google.android.calendar/com.android.calendar.alerts.AlertReceiver]
12-30 09:46:23.557  2079  2103 I dvm_lock_sample: [system_server,1,Binder_2,167,addPackageDependency,ActivityManagerService.java,5432,processNextBroadcast,BroadcastQueue.java,639,33]
12-30 09:46:23.567  2079  2123 I dvm_lock_sample: [system_server,1,android.ui,29,dispatchUidsChanged,ActivityManagerService.java,3867,trimApplications,-,19673,5]
12-30 09:46:23.650  2079  4647 I am_kill : [0,8584,com.google.android.googlequicksearchbox:search,15,empty #7]
12-30 09:46:23.896  2079  2123 I dvm_lock_sample: [system_server,1,android.ui,247,dispatchProcessesChanged,ActivityManagerService.java,3804,serviceDoneExecuting,-,16235,49]
12-30 09:46:23.899  2079  2936 I dvm_lock_sample: [system_server,1,Binder_9,238,attachApplication,ActivityManagerService.java,6347,serviceDoneExecuting,-,16235,47]
12-30 09:46:23.915  2079  2936 I am_proc_bound: [0,9007,com.google.android.calendar]
12-30 09:46:23.925  2079  2102 I am_proc_died: [0,8584,com.google.android.googlequicksearchbox:search]
12-30 09:46:24.096  8787  8978 I dvm_lock_sample: [com.instagram.android,0,SharedPreferencesImpl-load,1871,run,SharedPreferencesImpl.java,91,,,0,150]
12-30 09:46:24.197  3518  3518 I dvm_lock_sample: [com.google.android.gms,1,main,31,completeRemoveProvider,ActivityThread.java,5003,acquireExistingProvider,-,4885,6]
12-30 09:46:24.949  2079  2467 I am_kill : [0,8732,com.android.providers.calendar,15,empty #7]
12-30 09:46:25.198  2079  2936 I dvm_lock_sample: [system_server,1,Binder_9,183,bindService,ActivityManagerService.java,16197,removeContentProvider,-,9963,36]
12-30 09:46:25.205  2079  2121 I dvm_lock_sample: [system_server,0,android.bg,174,isUserRunning,ActivityManagerService.java,20693,removeContentProvider,-,9963,34]
12-30 09:46:25.213  2079  3025 I am_proc_died: [0,8732,com.android.providers.calendar]
12-30 09:46:25.250  3518  8827 I dvm_lock_sample: [com.google.android.gms,0,IntentService[UpdateCorporaServi,807,a,SourceFile,357,,,0,150]
12-30 09:46:25.268  2079  2806 I dvm_lock_sample: [system_server,0,Binder_6,41,serviceDoneExecuting,ActivityManagerService.java,16235,getContentProviderImpl,-,9593,8]
12-30 09:46:25.505  2079  4647 I am_kill : [0,7996,com.android.vending,15,empty #7]
12-30 09:46:25.739  2079  2467 I dvm_lock_sample: [system_server,1,Binder_4,100,refContentProvider,ActivityManagerService.java,10102,removeContentProvider,-,9963,20]
12-30 09:46:25.740  2079  2103 I dvm_lock_sample: [system_server,1,Binder_2,99,getContentProviderImpl,ActivityManagerService.java,9593,removeContentProvider,-,9963,19]
12-30 09:46:25.801  2079  2806 I am_proc_start: [0,9059,10003,com.android.providers.calendar,content provider,com.android.providers.calendar/.CalendarProvider2]
12-30 09:46:25.901  2079  2794 I dvm_lock_sample: [system_server,1,Binder_5,67,refContentProvider,ActivityManagerService.java,10102,processNextBroadcast,BroadcastQueue.java,639,13]
12-30 09:46:25.902  2079  2876 I am_proc_died: [0,7996,com.android.vending]
12-30 09:46:25.944  2079  2876 I am_proc_bound: [0,9059,com.android.providers.calendar]
12-30 09:46:26.041  2079  3829 I dvm_lock_sample: [system_server,1,Binder_F,98,registerReceiver,ActivityManagerService.java,16425,attachApplication,-,6347,19]
12-30 09:46:26.044  2079  3533 I dvm_lock_sample: [system_server,1,Binder_E,57,refContentProvider,ActivityManagerService.java,10102,attachApplication,-,6347,11]
12-30 09:46:26.081  3518  8827 I dvm_lock_sample: [com.google.android.gms,0,IntentService[UpdateCorporaServi,562,a,SourceFile,357,,,0,150]
12-30 09:46:26.164  2079  2381 I force_gc: Binder
12-30 09:46:26.335  2079  2121 I dvm_lock_sample: [system_server,0,android.bg,583,maybeStartNextSyncH,SyncManager.java,2654,,,0,150]
12-30 09:46:26.478  3310  3821 I force_gc: Binder
12-30 09:46:27.341  8849  8950 I dvm_lock_sample: [com.google.android.gm,0,Background tasks,335,a,SourceFile,149,transactNative,Binder.java,-2,67]
12-30 09:46:27.491  2079  2381 I am_proc_start: [0,9091,10063,com.android.exchange,content provider,com.android.exchange/.provider.ExchangeDirectoryProvider]
12-30 09:46:27.492  2079  4647 I dvm_lock_sample: [system_server,1,Binder_10,117,broadcastIntent,ActivityManagerService.java,17217,getContentProviderImpl,-,9593,23]
12-30 09:46:27.704  2079  2806 I am_proc_bound: [0,9091,com.android.exchange]
12-30 09:46:27.892  2079  4647 I am_kill : [0,8763,com.android.mms,15,empty #7]
12-30 09:46:28.119  2079  4647 I am_kill : [0,8616,com.google.android.music:main,15,empty #8]
12-30 09:46:28.316  2079  2123 I dvm_lock_sample: [system_server,1,android.ui,425,dispatchProcessesChanged,ActivityManagerService.java,3804,removeContentProvider,-,9963,85]
12-30 09:46:28.317  2079  2876 I dvm_lock_sample: [system_server,1,Binder_8,410,getContentProviderImpl,ActivityManagerService.java,9593,removeContentProvider,-,9963,82]
12-30 09:46:28.317  2079  2794 I dvm_lock_sample: [system_server,1,Binder_5,389,removeContentProvider,ActivityManagerService.java,9963,removeContentProvider,-,9963,77]
12-30 09:46:28.318  2079  3040 I dvm_lock_sample: [system_server,0,Binder_D,402,serviceDoneExecuting,ActivityManagerService.java,16235,removeContentProvider,-,9963,80]
12-30 09:46:28.318  2079  3025 I dvm_lock_sample: [system_server,1,Binder_C,394,bindService,ActivityManagerService.java,16197,removeContentProvider,-,9963,78]
12-30 09:46:28.333  2079  2867 I dvm_lock_sample: [system_server,1,Binder_7,356,stopService,ActivityManagerService.java,15996,removeContentProvider,-,9963,71]
12-30 09:46:28.339  2079  2467 I dvm_lock_sample: [system_server,1,Binder_4,329,bindService,ActivityManagerService.java,16197,removeContentProvider,-,9963,65]
12-30 09:46:28.360  2079  3533 I dvm_lock_sample: [system_server,0,Binder_E,340,binderDied,ActivityManagerService.java,1330,removeContentProvider,-,9963,68]
12-30 09:46:28.360  2079  3533 I am_proc_died: [0,8763,com.android.mms]
12-30 09:46:28.369  2079  3009 I dvm_lock_sample: [system_server,1,Binder_B,265,startService,ActivityManagerService.java,15962,removeContentProvider,-,9963,53]
12-30 09:46:28.376  2079  2936 I dvm_lock_sample: [system_server,1,Binder_9,236,startService,ActivityManagerService.java,15962,removeContentProvider,-,9963,47]
12-30 09:46:28.377  2079  3829 I am_proc_died: [0,8616,com.google.android.music:main]
12-30 09:46:28.435  2079  2936 I notification_cancel_all: [10014,3954,com.android.providers.downloads,0,0,64,9,NULL]
12-30 09:46:28.584  2079  3533 I am_proc_died: [0,9091,com.android.exchange]
12-30 09:46:28.587  2079  2867 I dvm_lock_sample: [system_server,1,Binder_7,44,getContentProviderImpl,ActivityManagerService.java,9593,binderDied,-,1330,8]
12-30 09:46:28.628  2079  2876 I am_proc_start: [0,9116,10063,com.android.exchange,content provider,com.android.exchange/.provider.ExchangeDirectoryProvider]
12-30 09:46:28.701  2079  2936 I am_proc_bound: [0,9116,com.android.exchange]
12-30 09:46:28.765  2079  4647 I am_kill : [0,8849,com.google.android.gm,15,empty #7]
12-30 09:46:28.982  2079  2123 I dvm_lock_sample: [system_server,1,android.ui,216,dispatchProcessesChanged,ActivityManagerService.java,3804,removeContentProvider,-,9963,43]
12-30 09:46:28.983  2079  2102 I dvm_lock_sample: [system_server,1,Binder_1,182,unbindService,ActivityManagerService.java,16204,removeContentProvider,-,9963,36]
12-30 09:46:29.009  2079  2794 I dvm_lock_sample: [system_server,0,Binder_5,98,finishReceiver,ActivityManagerService.java,17330,removeContentProvider,-,9963,19]
12-30 09:46:29.174  2079  2806 I am_proc_died: [0,9116,com.android.exchange]
12-30 09:46:29.177  2079  2102 I dvm_lock_sample: [system_server,1,Binder_1,39,getContentProviderImpl,ActivityManagerService.java,9593,binderDied,-,1330,7]
12-30 09:46:29.209  2079  2102 I am_proc_start: [0,9136,10058,com.motorola.cogradio,content provider,com.motorola.cogradio/com.motorola.adamsvc.AdamProvider]
12-30 09:46:29.211  2079  2936 I dvm_lock_sample: [system_server,1,Binder_9,65,removeContentProvider,ActivityManagerService.java,9963,binderDied,-,1330,13]
12-30 09:46:29.250  2079  3025 I am_proc_start: [0,9141,10066,com.google.process.gapps,content provider,com.google.android.syncadapters.contacts/.GalProvider]
12-30 09:46:29.251  2079  2123 I dvm_lock_sample: [system_server,1,android.ui,76,dispatchUidsChanged,ActivityManagerService.java,3867,binderDied,-,1330,15]
12-30 09:46:29.313  2079  2794 I am_proc_bound: [0,9136,com.motorola.cogradio]
12-30 09:46:29.340  2079  2103 I am_proc_bound: [0,9141,com.google.process.gapps]
12-30 09:46:29.708  2079  2992 I am_kill : [0,8892,android.process.acore,15,empty #7]
12-30 09:46:29.976  2079  3829 I dvm_lock_sample: [system_server,1,Binder_F,256,startService,ActivityManagerService.java,15962,removeContentProvider,-,9963,51]
12-30 09:46:29.977  2079  4647 I dvm_lock_sample: [system_server,1,Binder_10,266,getContentProviderImpl,ActivityManagerService.java,9593,removeContentProvider,-,9963,53]
12-30 09:46:29.977  2079  2467 I dvm_lock_sample: [system_server,0,Binder_4,143,binderDied,ActivityManagerService.java,1330,removeContentProvider,-,9963,28]
12-30 09:46:29.980  2079  3040 I am_proc_died: [0,8849,com.google.android.gm]
12-30 09:46:29.993  2079  2467 I am_proc_died: [0,8892,android.process.acore]
12-30 09:46:30.057  2079  2794 I am_proc_start: [0,9164,10004,android.process.acore,content provider,com.android.providers.contacts/.ContactsProvider2]
12-30 09:46:30.058  2079  2123 I dvm_lock_sample: [system_server,1,android.ui,60,dispatchProcessesChanged,ActivityManagerService.java,3804,processNextBroadcast,BroadcastQueue.java,639,12]
12-30 09:46:30.176  2079  3025 I am_proc_start: [0,9177,10042,com.google.android.googlequicksearchbox:search,broadcast,com.google.android.googlequicksearchbox/com.google.android.apps.gsa.search.core.location.LocationReceiver]
12-30 09:46:30.249  2079  2102 I am_proc_bound: [0,9164,android.process.acore]
12-30 09:46:30.264  2079  2123 I dvm_lock_sample: [system_server,1,android.ui,17,dispatchProcessesChanged,ActivityManagerService.java,3804,removeContentProvider,-,9963,3]
12-30 09:46:30.324  2079  2936 I am_proc_bound: [0,9177,com.google.android.googlequicksearchbox:search]
12-30 09:46:30.599  8800  9035 I dvm_lock_sample: [com.google.android.youtube,0,Thread-849,4534,b_,SourceFile,130,openDexFileNative,DexFile.java,-2,100]
12-30 09:46:32.630  2079  2381 I am_proc_start: [0,9216,10022,com.google.android.partnersetup,content provider,com.google.android.partnersetup/.RlzAppProvider]
12-30 09:46:32.752  2079  3533 I am_proc_bound: [0,9216,com.google.android.partnersetup]
12-30 09:46:32.818  2079  4647 I force_gc: Binder
12-30 09:46:32.962  2079  2867 I am_kill : [0,8984,com.motorola.context,15,empty #7]
12-30 09:46:33.225  2079  2123 I dvm_lock_sample: [system_server,1,android.ui,264,dispatchProcessesChanged,ActivityManagerService.java,3804,removeContentProvider,-,9963,52]
12-30 09:46:33.226  2079  2806 I dvm_lock_sample: [system_server,0,Binder_6,168,binderDied,ActivityManagerService.java,1330,removeContentProvider,-,9963,33]
12-30 09:46:33.229  2079  2467 I dvm_lock_sample: [system_server,1,Binder_4,38,getContentProviderImpl,ActivityManagerService.java,9593,removeContentProvider,-,9963,7]
12-30 09:46:33.231  2079  2806 I am_proc_died: [0,8984,com.motorola.context]
12-30 09:46:33.394  2079  3533 I am_kill : [0,9059,com.android.providers.calendar,15,empty #7]
12-30 09:46:33.655  2079  2123 I dvm_lock_sample: [system_server,1,android.ui,260,dispatchProcessesChanged,ActivityManagerService.java,3804,removeContentProvider,-,9963,52]
12-30 09:46:33.657  2079  2992 I dvm_lock_sample: [system_server,0,Binder_A,102,binderDied,ActivityManagerService.java,1330,removeContentProvider,-,9963,20]
12-30 09:46:33.657  2079  2992 I am_proc_died: [0,9059,com.android.providers.calendar]
12-30 09:46:33.662  2079  2806 I dvm_lock_sample: [system_server,1,Binder_6,11,getIntentSender,ActivityManagerService.java,6781,getContentProviderImpl,-,9593,2]
12-30 09:46:33.822  2079  2345 I am_proc_start: [0,9244,10039,com.mandicmagic.android,service,com.mandicmagic.android/.service.NearbyHotspotsIntentService]
12-30 09:46:33.888  2079  4647 I am_proc_start: [0,9250,10003,com.android.providers.calendar,content provider,com.android.providers.calendar/.CalendarProvider2]
12-30 09:46:33.943  2079  2794 I am_proc_bound: [0,9244,com.mandicmagic.android]
12-30 09:46:34.084  2079  2806 I am_proc_bound: [0,9250,com.android.providers.calendar]
12-30 09:46:34.519  2079  2794 I am_proc_start: [0,9275,10063,com.android.exchange,content provider,com.android.exchange/.provider.ExchangeDirectoryProvider]
12-30 09:46:34.520  2079  2876 I dvm_lock_sample: [system_server,1,Binder_8,292,startService,ActivityManagerService.java,15962,stopServiceToken,-,16021,58]
12-30 09:46:34.524  2079  2123 I dvm_lock_sample: [system_server,1,android.ui,275,dispatchUidsChanged,ActivityManagerService.java,3867,getContentProviderImpl,-,9593,55]
12-30 09:46:34.524  2079  2467 I dvm_lock_sample: [system_server,1,Binder_4,226,broadcastIntent,ActivityManagerService.java,17217,getContentProviderImpl,-,9593,45]
12-30 09:46:34.665  2079  3829 I am_proc_bound: [0,9275,com.android.exchange]
12-30 09:46:34.693  9177  9211 I dvm_lock_sample: [com.google.android.googlequickse,0,Background Non-Blocking-0,1317,bqt,NowServicesControllerImpl.java,168,<init>,InterestProto.java,1585,100]
12-30 09:46:35.534  2079  2867 I am_proc_died: [0,9275,com.android.exchange]
12-30 09:46:35.789  2079  3829 I am_proc_start: [0,9300,10063,com.android.exchange,content provider,com.android.exchange/.provider.ExchangeDirectoryProvider]
12-30 09:46:35.914  2079  2467 I am_proc_bound: [0,9300,com.android.exchange]
12-30 09:46:36.098  2079  4647 I am_kill : [0,8787,com.instagram.android,15,empty #7]
12-30 09:46:36.360  2079  3025 I dvm_lock_sample: [system_server,1,Binder_C,146,getCurrentUser,ActivityManagerService.java,20672,removeContentProvider,-,9963,29]
12-30 09:46:36.360  2079  2992 I am_proc_died: [0,8787,com.instagram.android]
12-30 09:46:36.367  2079  3829 I dvm_lock_sample: [system_server,1,Binder_F,125,refContentProvider,ActivityManagerService.java,10102,removeContentProvider,-,9963,25]
12-30 09:46:36.428  2079  2867 I am_proc_died: [0,9300,com.android.exchange]
12-30 09:46:36.432  2079  4647 I dvm_lock_sample: [system_server,1,Binder_10,32,refContentProvider,ActivityManagerService.java,10102,binderDied,-,1330,6]
12-30 09:46:36.521  2079  2121 I am_pss  : [8800,10101,com.google.android.youtube,23909376,20750336]
12-30 09:46:36.942  2079  2936 I am_kill : [0,9007,com.google.android.calendar,15,empty #7]
12-30 09:46:37.160  2079  2867 I dvm_lock_sample: [system_server,1,Binder_7,208,getContentProviderImpl,ActivityManagerService.java,9593,serviceDoneExecuting,-,16235,41]
12-30 09:46:37.164  2079  2102 I dvm_lock_sample: [system_server,1,Binder_1,74,stopServiceToken,ActivityManagerService.java,16021,serviceDoneExecuting,-,16235,14]
12-30 09:46:37.540  2079  2876 I am_kill : [0,9136,com.motorola.cogradio,15,empty #7]
12-30 09:46:37.560  8800  9035 I dvm_lock_sample: [com.google.android.youtube,1,Thread-849,6802,c,SourceFile,116,a,-,358,100]
12-30 09:46:37.775  2079  2123 I dvm_lock_sample: [system_server,1,android.ui,236,dispatchProcessesChanged,ActivityManagerService.java,3804,serviceDoneExecuting,-,16235,47]
12-30 09:46:37.777  2079  2936 I dvm_lock_sample: [system_server,0,Binder_9,142,binderDied,ActivityManagerService.java,1330,serviceDoneExecuting,-,16235,28]
12-30 09:46:37.780  2079  3009 I am_proc_died: [0,9136,com.motorola.cogradio]
12-30 09:46:37.782  2079  2936 I am_proc_died: [0,9007,com.google.android.calendar]
12-30 09:46:37.820  2079  2121 I am_pss  : [8814,10062,com.google.android.apps.docs,22063104,18169856]
12-30 09:46:37.994  2079  3829 I am_proc_start: [0,9329,10092,com.google.android.apps.photos,broadcast,com.google.android.apps.photos/.actionqueue.InternalReceiver]
12-30 09:46:38.048  2079  2867 I dvm_lock_sample: [system_server,1,Binder_7,46,getContentProviderImpl,ActivityManagerService.java,9593,trimApplications,-,19673,9]
12-30 09:46:38.054  2079  2121 I sync    : [com.google.android.gms.games,1,2,-2066781059]
12-30 09:46:38.101  2079  2102 I am_proc_bound: [0,9329,com.google.android.apps.photos]
12-30 09:46:38.275  6261  6273 I force_gc: Binder
12-30 09:46:38.284  2079  2121 I sync    : [com.google.android.gms.auth.api.credentials,0,2,-2066781059]
12-30 09:46:39.378  3518  3518 I dvm_lock_sample: [com.google.android.gms,1,main,18,next,MessageQueue.java,325,enqueueMessage,-,541,3]
12-30 09:46:39.589  2079  2806 I am_kill : [0,9216,com.google.android.partnersetup,15,empty #7]
12-30 09:46:39.589  2079  2876 I dvm_lock_sample: [system_server,1,Binder_8,67,releaseWakeLockInternal,PowerManagerService.java,898,acquireWakeLockInternal,-,822,13]
12-30 09:46:39.695  9322  9322 I auditd  : type=1400 audit(0.0:1374): avc: denied { read } for uid=10106 comm="IntentService[A" name="mem" dev="debugfs" ino=34177 scontext=u:r:untrusted_app:s0:c512,c768 tcontext=u:object_r:debugfs:s0 tclass=file permissive=0
12-30 09:46:39.725  9322  9322 I auditd  : type=1400 audit(0.0:1375): avc: denied { read } for uid=10106 comm="IntentService[A" name="mem" dev="debugfs" ino=34177 scontext=u:r:untrusted_app:s0:c512,c768 tcontext=u:object_r:debugfs:s0 tclass=file permissive=0
12-30 09:46:39.785  2079  2123 I dvm_lock_sample: [system_server,1,android.ui,194,dispatchProcessesChanged,ActivityManagerService.java,3804,removeContentProvider,-,9963,38]
12-30 09:46:39.788  2079  2936 I dvm_lock_sample: [system_server,1,Binder_9,160,sendInner,PendingIntentRecord.java,211,removeContentProvider,ActivityManagerService.java,9963,32]
12-30 09:46:39.788  2079  3533 I dvm_lock_sample: [system_server,1,Binder_E,181,getContentProviderImpl,ActivityManagerService.java,9593,removeContentProvider,-,9963,36]
12-30 09:46:39.799  3310  3310 I dvm_lock_sample: [com.google.android.gms.persisten,1,main,289,a,SourceFile,742,transactNative,Binder.java,-2,57]
12-30 09:46:39.806  2079  2122 I dvm_lock_sample: [system_server,1,ActivityManager,17,processNextBroadcast,BroadcastQueue.java,639,getContentProviderImpl,ActivityManagerService.java,9593,3]
12-30 09:46:39.807  2079  2992 I am_proc_died: [0,9216,com.google.android.partnersetup]
12-30 09:46:39.967  2079  2121 I sync    : [com.google.android.gms.auth.api.credentials,1,2,-2066781059]
12-30 09:46:40.105  2079  3025 I force_gc: Binder
12-30 09:46:40.191  2079  2369 I dvm_lock_sample: [system_server,0,WifiStateMachine,3511,setScanResults,WifiStateMachine.java,4472,,,0,150]
12-30 09:46:40.248  2079  2121 I sync    : [com.google.android.gms.auth.confirm,0,2,-2066781059]
12-30 09:46:40.278  2079  2794 I dvm_lock_sample: [system_server,1,Binder_5,12,releaseWakeLockInternal,PowerManagerService.java,898,acquireWakeLockInternal,-,822,2]
12-30 09:46:40.389  2079  3533 I dvm_lock_sample: [system_server,1,Binder_E,8,getContentProviderImpl,ActivityManagerService.java,9593,getContentProviderImpl,-,9593,1]
12-30 09:46:40.962  2079  2103 I am_proc_start: [0,9357,10008,com.motorola.context,broadcast,com.motorola.context/.publisher.calendar.CalendarReceiver]
12-30 09:46:40.963  2079  2123 I dvm_lock_sample: [system_server,1,android.ui,190,dispatchUidsChanged,ActivityManagerService.java,3867,processNextBroadcast,BroadcastQueue.java,639,38]
12-30 09:46:41.159  2079  2867 I am_proc_bound: [0,9357,com.motorola.context]
12-30 09:46:41.440  8800  9035 I google_http_request: [2944,200,com.google.android.youtube/10.49.59,1]
12-30 09:46:41.481  3310  9353 I c2dm    : [-2,NULL,1,1]
12-30 09:46:41.600  9329  9351 I dvm_lock_sample: [com.google.android.apps.photos,0,IntentService[com.google.android,939,f,PG,437,f,-,72,100]
12-30 09:46:41.842  3310  9374 I c2dm    : [3,NULL,1,1]
12-30 09:46:42.023  2079  2794 I dvm_lock_sample: [system_server,1,Binder_5,703,updateOrAddPeriodicSync,SyncStorageEngine.java,990,,,0,150]
12-30 09:46:42.055  2079  3040 I am_proc_start: [0,9376,10053,com.google.android.calendar,broadcast,com.google.android.calendar/com.android.calendar.alerts.AlertReceiver]
12-30 09:46:42.136  3310  9374 I gtalk_heartbeat_reset: [66436,64.233.190.188:5228]
12-30 09:46:42.281  2079  2806 I am_proc_bound: [0,9376,com.google.android.calendar]
12-30 09:46:42.283  3310  9374 I gtalk_connection: 0
12-30 09:46:42.325  3310  9374 I c2dm    : [7,,1,1]
12-30 09:46:42.364  2079  3533 I am_kill : [0,8800,com.google.android.youtube,15,empty #7]
12-30 09:46:42.366  3310  9374 I c2dm    : [8,GSYNC_TICKLE:0:1451479213494710,2,1]
12-30 09:46:42.668  2079  2123 I dvm_lock_sample: [system_server,1,android.ui,306,dispatchProcessesChanged,ActivityManagerService.java,3804,serviceDoneExecuting,-,16235,61]
12-30 09:46:42.669  2079  2467 I dvm_lock_sample: [system_server,1,Binder_4,296,refContentProvider,ActivityManagerService.java,10102,serviceDoneExecuting,-,16235,59]
12-30 09:46:42.670  2079  2103 I dvm_lock_sample: [system_server,1,Binder_2,245,sendInner,PendingIntentRecord.java,211,serviceDoneExecuting,ActivityManagerService.java,16235,49]
12-30 09:46:42.670  2079  2867 I am_proc_died: [0,8800,com.google.android.youtube]
12-30 09:46:42.676  2079  2992 I dvm_lock_sample: [system_server,1,Binder_A,110,registerReceiver,ActivityManagerService.java,16425,serviceDoneExecuting,-,16235,22]
12-30 09:46:42.696  2079  2794 I dvm_lock_sample: [system_server,1,Binder_5,6,isUserRunning,ActivityManagerService.java,20693,binderDied,-,1330,1]
12-30 09:46:42.740  2079  2876 I am_kill : [0,9244,com.mandicmagic.android,15,empty #7]
12-30 09:46:42.935  2079  2123 I dvm_lock_sample: [system_server,1,android.ui,196,dispatchProcessesChanged,ActivityManagerService.java,3804,removeContentProvider,-,9963,39]
12-30 09:46:42.936  2079  2467 I dvm_lock_sample: [system_server,1,Binder_4,192,registerReceiver,ActivityManagerService.java,16425,removeContentProvider,-,9963,38]
12-30 09:46:42.938  2079  2992 I dvm_lock_sample: [system_server,1,Binder_A,134,broadcastIntent,ActivityManagerService.java,17217,removeContentProvider,-,9963,26]
12-30 09:46:42.940  2079  3009 I dvm_lock_sample: [system_server,0,Binder_B,133,binderDied,ActivityManagerService.java,1330,removeContentProvider,-,9963,26]
12-30 09:46:42.940  2079  3009 I am_proc_died: [0,9244,com.mandicmagic.android]
12-30 09:46:42.944  2079  2936 I dvm_lock_sample: [system_server,1,Binder_9,99,bindService,ActivityManagerService.java,16197,removeContentProvider,-,9963,19]
12-30 09:46:42.962  3310  9374 I c2dm    : [8,GSYNC_TICKLE:0:1451479267118857,3,1]
12-30 09:46:42.975  2079  2806 I am_kill : [0,9250,com.android.providers.calendar,15,empty #7]
12-30 09:46:43.211  2079  2936 I dvm_lock_sample: [system_server,1,Binder_9,203,getTagForIntentSender,ActivityManagerService.java,6998,removeContentProvider,-,9963,40]
12-30 09:46:43.212  2079  2794 I dvm_lock_sample: [system_server,1,Binder_5,233,isUserRunning,ActivityManagerService.java,20693,removeContentProvider,-,9963,46]
12-30 09:46:43.222  2079  4647 I dvm_lock_sample: [system_server,1,Binder_10,195,publishContentProviders,ActivityManagerService.java,10031,removeContentProvider,-,9963,39]
12-30 09:46:43.224  2079  3040 I dvm_lock_sample: [system_server,0,Binder_D,175,binderDied,ActivityManagerService.java,1330,removeContentProvider,-,9963,35]
12-30 09:46:43.224  2079  3040 I am_proc_died: [0,9250,com.android.providers.calendar]
12-30 09:46:43.254  3310  9374 I c2dm    : [8,com.whatsapp:0:1451479210067553,4,1]
12-30 09:46:43.312  3310  9374 I c2dm    : [8,com.whatsapp:0:1451479182511701,5,1]
12-30 09:46:43.387  2079  4647 I dvm_lock_sample: [system_server,1,Binder_10,15,exists,UserManagerService.java,408,queryIntentServices,PackageManagerService.java,5302,3]
12-30 09:46:43.437  2079  3533 I am_proc_start: [0,9394,10003,com.android.providers.calendar,content provider,com.android.providers.calendar/.CalendarProvider2]
12-30 09:46:43.438  2079  4647 I dvm_lock_sample: [system_server,1,Binder_10,51,isUserRunning,ActivityManagerService.java,20693,startService,-,15962,10]
12-30 09:46:43.564  3310  9374 I c2dm    : [8,com.whatsapp:0:1451479159536017,6,1]
12-30 09:46:43.573  2079  2467 I am_proc_bound: [0,9394,com.android.providers.calendar]
12-30 09:46:43.632  3310  9374 I c2dm    : [8,com.whatsapp:0:1451479436049815,7,1]
12-30 09:46:43.683  3310  9374 I c2dm    : [8,com.google.android.talk:0:1451479064008190,8,1]
12-30 09:46:43.697  3310  9353 I c2dm    : [-7,,9,2]
12-30 09:46:43.738  3310  9374 I c2dm    : [8,com.google.android.talk:0:1451479351027237,9,2]
12-30 09:46:43.740  3310  9353 I c2dm    : [-7,,10,3]
12-30 09:46:43.838  3310  9374 I c2dm    : [8,com.google.android.talk:0:1451479447365494,10,3]
12-30 09:46:43.844  3310  9353 I c2dm    : [-7,,11,4]
12-30 09:46:44.649  2079  2381 I force_gc: Binder
12-30 09:46:45.417  2079  3025 I am_kill : [0,9141,com.google.process.gapps,15,empty #7]
12-30 09:46:45.564  2079  2467 I dvm_lock_sample: [system_server,0,Binder_4,133,finishReceiver,ActivityManagerService.java,17330,removeContentProvider,-,9963,26]
12-30 09:46:45.569  2079  2992 I dvm_lock_sample: [system_server,1,Binder_A,113,startService,ActivityManagerService.java,15962,removeContentProvider,-,9963,22]
12-30 09:46:45.585  2079  2103 I am_proc_died: [0,9141,com.google.process.gapps]
12-30 09:46:46.207  2079  3829 I am_proc_start: [0,9437,10161,com.instagram.android,broadcast,com.instagram.android/com.facebook.rti.push.service.idsharing.FbnsSharingStateReceiver]
12-30 09:46:46.390  2079  2794 I am_proc_bound: [0,9437,com.instagram.android]
12-30 09:46:47.856  2079  3025 I am_proc_start: [0,9465,10085,com.google.android.music:main,broadcast,com.google.android.music/.AccountsBroadcastReceiver]
12-30 09:46:47.985  2079  2992 I am_proc_bound: [0,9465,com.google.android.music:main]
12-30 09:46:48.799  6434  6560 I force_gc: Binder
12-30 09:46:48.863  9437  9460 I dvm_lock_sample: [com.instagram.android,0,IntentService[class com.instagra,1001,contains,SharedPreferencesImpl.java,269,<init>,BufferedInputStream.java,98,100]
12-30 09:46:49.789  2079  2121 I am_pss  : [2956,1000,com.motorola.process.system,1735680,790528]
12-30 09:46:50.012  2079  2121 I am_pss  : [2994,1001,com.android.phone,29174784,27901952]
12-30 09:46:50.135  2079  2121 I am_pss  : [2980,1000,com.motorola.modemservice,2893824,1904640]
12-30 09:46:50.199  2079  2121 I am_pss  : [2966,1000,com.qualcomm.services.location,1080320,303104]
12-30 09:46:50.355  2079  2103 I am_kill : [0,9164,android.process.acore,15,empty #7]
12-30 09:46:50.496  2079  3009 I dvm_lock_sample: [system_server,1,Binder_B,141,getContentProviderImpl,ActivityManagerService.java,9593,removeContentProvider,-,9963,28]
12-30 09:46:50.506  2079  2123 I dvm_lock_sample: [system_server,1,android.ui,150,dispatchProcessesChanged,ActivityManagerService.java,3804,removeContentProvider,-,9963,30]
12-30 09:46:50.506  2079  2381 I am_proc_died: [0,9164,android.process.acore]
12-30 09:46:50.514  2079  2121 I am_pss  : [2431,10040,com.android.systemui,46567424,45010944]
12-30 09:46:50.551  2079  3533 I am_proc_start: [0,9495,10004,android.process.acore,content provider,com.android.providers.contacts/.ContactsProvider2]
12-30 09:46:50.718  2079  2936 I am_proc_bound: [0,9495,android.process.acore]
12-30 09:46:50.783  2079  2121 I am_pss  : [2079,1000,system,91906048,89710592]
12-30 09:46:51.001  2079  3533 I force_gc: Binder
12-30 09:46:51.256  2079  2806 I am_proc_start: [0,9512,10085,com.google.android.music:ui,service,com.google.android.music/.tutorial.SignupStatus$SignupCheckService]
12-30 09:46:51.355  2079  2867 I am_proc_bound: [0,9512,com.google.android.music:ui]
12-30 09:46:51.739  2079  2867 I am_kill : [0,9329,com.google.android.apps.photos,15,empty #7]
12-30 09:46:52.025  2079  2123 I dvm_lock_sample: [system_server,1,android.ui,288,dispatchProcessesChanged,ActivityManagerService.java,3804,removeContentProvider,-,9963,57]
12-30 09:46:52.026  2079  3829 I dvm_lock_sample: [system_server,0,Binder_F,286,serviceDoneExecuting,ActivityManagerService.java,16235,removeContentProvider,-,9963,57]
12-30 09:46:52.031  2079  3009 I dvm_lock_sample: [system_server,1,Binder_B,251,getContentProviderImpl,ActivityManagerService.java,9593,removeContentProvider,-,9963,50]
12-30 09:46:52.035  2079  2102 I am_proc_died: [0,9329,com.google.android.apps.photos]
12-30 09:46:52.432  2079  3040 I dvm_lock_sample: [system_server,1,Binder_D,26,releaseWakeLockInternal,PowerManagerService.java,898,acquireWakeLockInternal,-,822,5]
12-30 09:46:52.808  2079  3040 I am_proc_start: [0,9555,10022,com.google.android.partnersetup,broadcast,com.google.android.partnersetup/.RlzPingBroadcastReceiver]
12-30 09:46:52.991  2079  3040 I am_proc_bound: [0,9555,com.google.android.partnersetup]
12-30 09:46:53.333  2079  2381 I am_proc_start: [0,9569,10063,com.android.exchange,broadcast,com.android.exchange/.ExchangeBroadcastReceiver]
12-30 09:46:53.527  2079  3533 I am_proc_bound: [0,9569,com.android.exchange]
12-30 09:46:53.557  2079  2103 I am_kill : [0,9357,com.motorola.context,15,empty #7]
12-30 09:46:53.767  2079  4647 I dvm_lock_sample: [system_server,1,Binder_10,216,refContentProvider,ActivityManagerService.java,10102,removeContentProvider,-,9963,43]
12-30 09:46:53.770  2079  2381 I am_proc_died: [0,9357,com.motorola.context]
12-30 09:46:53.781  2079  2794 I dvm_lock_sample: [system_server,1,Binder_5,75,getContentProviderImpl,ActivityManagerService.java,9593,removeContentProvider,-,9963,15]
12-30 09:46:53.804  2079  2806 I dvm_lock_sample: [system_server,0,Binder_6,9,serviceDoneExecuting,ActivityManagerService.java,16235,broadcastIntent,-,17217,1]
12-30 09:46:54.028  2079  2381 I am_proc_died: [0,9569,com.android.exchange]
12-30 09:46:54.028  2079  2381 I am_broadcast_discard_app: [0,239001196,android.accounts.LOGIN_ACCOUNTS_CHANGED,18,ResolveInfo{c11cc35 com.android.exchange/.ExchangeBroadcastReceiver m=0x108000}]
12-30 09:46:54.034  2079  2794 I dvm_lock_sample: [system_server,1,Binder_5,84,unbindService,ActivityManagerService.java,16204,binderDied,-,1330,16]
12-30 09:46:54.076  2079  2122 I am_proc_start: [0,9590,10066,com.google.process.gapps,broadcast,com.google.android.syncadapters.contacts/.ContactsSyncAdapterBroadcastReceiver]
12-30 09:46:54.243  2079  2381 I am_proc_bound: [0,9590,com.google.process.gapps]
12-30 09:46:54.657  2079  2381 I am_proc_start: [0,9606,10092,com.google.android.apps.photos,broadcast,com.google.android.apps.photos/com.google.android.libraries.social.account.refresh.receiver.AccountsChangedReceiver]
12-30 09:46:54.659  2079  2806 I dvm_lock_sample: [system_server,1,Binder_6,112,removeContentProvider,ActivityManagerService.java,9963,processNextBroadcast,BroadcastQueue.java,639,22]
12-30 09:46:54.660  2079  2123 I dvm_lock_sample: [system_server,1,android.ui,116,dispatchUidsChanged,ActivityManagerService.java,3867,processNextBroadcast,BroadcastQueue.java,639,23]
12-30 09:46:54.778  2079  2794 I am_proc_bound: [0,9606,com.google.android.apps.photos]
12-30 09:46:55.202  2079  3040 I force_gc: Binder
12-30 09:46:56.050  2079  4647 I am_kill : [0,9394,com.android.providers.calendar,15,empty #7]
12-30 09:46:56.279  2079  3533 I dvm_lock_sample: [system_server,1,Binder_E,226,publishService,ActivityManagerService.java,16215,serviceDoneExecuting,-,16235,45]
12-30 09:46:56.280  2079  3040 I dvm_lock_sample: [system_server,1,Binder_D,230,removeContentProvider,ActivityManagerService.java,9963,serviceDoneExecuting,-,16235,46]
12-30 09:46:56.282  2079  2794 I am_proc_died: [0,9394,com.android.providers.calendar]
12-30 09:46:56.284  2079  2876 I dvm_lock_sample: [system_server,1,Binder_8,172,refContentProvider,ActivityManagerService.java,10102,serviceDoneExecuting,-,16235,34]
12-30 09:46:56.353  2079  2381 I am_kill : [0,9376,com.google.android.calendar,15,empty #7]
12-30 09:46:56.510  2079  2123 I dvm_lock_sample: [system_server,1,android.ui,157,dispatchProcessesChanged,ActivityManagerService.java,3804,removeContentProvider,-,9963,31]
12-30 09:46:56.564  2079  2121 I dvm_lock_sample: [system_server,0,android.bg,92,isUserRunning,ActivityManagerService.java,20693,removeContentProvider,-,9963,18]
12-30 09:46:56.568  2079  4647 I dvm_lock_sample: [system_server,0,Binder_10,160,binderDied,ActivityManagerService.java,1330,removeContentProvider,-,9963,32]
12-30 09:46:56.568  2079  4647 I am_proc_died: [0,9376,com.google.android.calendar]
12-30 09:46:56.669  2079  2121 I dvm_lock_sample: [system_server,0,android.bg,587,maybeStartNextSyncH,SyncManager.java,2654,,,0,150]
12-30 09:46:57.385  2079  2467 I am_proc_start: [0,9654,10094,com.google.android.apps.plus,broadcast,com.google.android.apps.plus/com.google.android.libraries.social.account.refresh.receiver.AccountsChangedReceiver]
12-30 09:46:57.446  2079  2102 I am_kill : [0,9177,com.google.android.googlequicksearchbox:search,15,empty #7]
12-30 09:46:57.665  2079  2123 I dvm_lock_sample: [system_server,1,android.ui,219,dispatchProcessesChanged,ActivityManagerService.java,3804,removeContentProvider,-,9963,43]
12-30 09:46:57.668  2079  2794 I am_proc_bound: [0,9654,com.google.android.apps.plus]
12-30 09:46:57.690  2079  2381 I am_proc_died: [0,9177,com.google.android.googlequicksearchbox:search]
12-30 09:46:57.699  2079  3533 I dvm_lock_sample: [system_server,1,Binder_E,32,getContentProviderImpl,ActivityManagerService.java,9593,getContentProviderImpl,-,9593,6]
12-30 09:46:58.050  6434  6496 I dvm_lock_sample: [com.whatsapp,0,JobConsumer-5,14,wait,Object.java,-2,a,n.java,-1,2]
12-30 09:46:58.051  6434  6494 I dvm_lock_sample: [com.whatsapp,0,JobConsumer-3,16,wait,Object.java,-2,a,n.java,-1,3]
12-30 09:46:58.052  6434  6500 I dvm_lock_sample: [com.whatsapp,0,JobConsumer-9,16,wait,Object.java,-2,a,n.java,-1,3]
12-30 09:46:59.016  6434  6566 I dvm_lock_sample: [com.whatsapp,0,Messages Aync Commit Thread,604,c,c2.java,157,,,0,150]
12-30 09:46:59.629  2079  2867 I force_gc: Binder
12-30 09:47:00.239  6434  6811 I dvm_lock_sample: [com.whatsapp,0,Notifications,796,a,Log.java,183,writeBytes,Posix.java,-2,100]
12-30 09:47:00.543  2079  2102 I am_proc_start: [0,9679,10101,com.google.android.youtube,broadcast,com.google.android.youtube/com.google.android.libraries.youtube.account.AccountsChangedReceiver]
12-30 09:47:00.694  2079  2381 I am_proc_bound: [0,9679,com.google.android.youtube]
12-30 09:47:01.160  2079  3533 I am_kill : [0,9437,com.instagram.android,15,empty #7]
12-30 09:47:01.281  6434  6811 I force_gc: Binder
12-30 09:47:01.325  2079  3040 I dvm_lock_sample: [system_server,1,Binder_D,138,getContentProviderImpl,ActivityManagerService.java,9593,serviceDoneExecuting,-,16235,27]
12-30 09:47:01.326  2079  2103 I am_proc_died: [0,9437,com.instagram.android]
12-30 09:47:01.326  2079  3025 I dvm_lock_sample: [system_server,1,Binder_C,155,refContentProvider,ActivityManagerService.java,10102,serviceDoneExecuting,-,16235,31]
12-30 09:47:02.227  2079  2992 I force_gc: Binder
12-30 09:47:04.587  6434  6505 I dvm_lock_sample: [com.whatsapp,0,JobConsumer-14,79,wait,Object.java,-2,b,n.java,5,15]
12-30 09:47:04.598  6434  6500 I dvm_lock_sample: [com.whatsapp,0,JobConsumer-9,90,wait,Object.java,-2,b,n.java,5,18]
12-30 09:47:04.600  6434  6504 I dvm_lock_sample: [com.whatsapp,0,JobConsumer-13,92,wait,Object.java,-2,b,n.java,5,18]
12-30 09:47:04.851  6434  6497 I dvm_lock_sample: [com.whatsapp,0,JobConsumer-6,137,wait,Object.java,-2,b,n.java,5,27]
12-30 09:47:05.011  6434  6493 I dvm_lock_sample: [com.whatsapp,0,JobConsumer-2,296,wait,Object.java,-2,b,n.java,5,59]
12-30 09:47:05.114  6434  6500 I dvm_lock_sample: [com.whatsapp,0,JobConsumer-9,399,wait,Object.java,-2,b,n.java,5,79]
12-30 09:47:05.172  6434  6494 I dvm_lock_sample: [com.whatsapp,0,JobConsumer-3,457,wait,Object.java,-2,b,n.java,5,91]
12-30 09:47:05.218  6434  6504 I dvm_lock_sample: [com.whatsapp,0,JobConsumer-13,503,wait,Object.java,-2,b,n.java,5,100]
12-30 09:47:05.296  6434  6503 I dvm_lock_sample: [com.whatsapp,0,JobConsumer-12,581,wait,Object.java,-2,b,n.java,5,100]
12-30 09:47:05.351  6434  6491 I dvm_lock_sample: [com.whatsapp,0,JobConsumer-0,637,wait,Object.java,-2,b,n.java,5,100]
12-30 09:47:05.446  6434  6492 I dvm_lock_sample: [com.whatsapp,0,JobConsumer-1,732,wait,Object.java,-2,b,n.java,5,100]
12-30 09:47:05.498  9679  9702 I dvm_lock_sample: [com.google.android.youtube,0,pool-2-thread-2,513,a,SourceFile,138,nativeOpen,SQLiteConnection.java,-2,100]
12-30 09:47:05.504  6434  6506 I dvm_lock_sample: [com.whatsapp,0,JobConsumer-15,789,wait,Object.java,-2,b,n.java,5,100]
12-30 09:47:05.556  6434  6501 I dvm_lock_sample: [com.whatsapp,0,JobConsumer-10,842,wait,Object.java,-2,b,n.java,5,100]
12-30 09:47:05.603  6434  6499 I dvm_lock_sample: [com.whatsapp,0,JobConsumer-8,889,wait,Object.java,-2,b,n.java,5,100]
12-30 09:47:05.672  6434  6495 I dvm_lock_sample: [com.whatsapp,0,JobConsumer-4,957,wait,Object.java,-2,b,n.java,5,100]
12-30 09:47:05.726  6434  6495 I dvm_lock_sample: [com.whatsapp,0,JobConsumer-4,5,a,Log.java,183,a,-,183,1]
12-30 09:47:05.768  6434  6490 I dvm_lock_sample: [com.whatsapp,0,pool-2-thread-1,871,b,n.java,5,a,-,-1,100]
12-30 09:47:06.445  6434  6502 I dvm_lock_sample: [com.whatsapp,0,JobConsumer-11,675,wait,Object.java,-2,a,n.java,-1,100]
12-30 09:47:06.827  9679  9700 I dvm_lock_sample: [com.google.android.youtube,0,pool-2-thread-1,451,getReadableDatabase,SourceFile,1587,nativePrepareStatement,SQLiteConnection.java,-2,90]
12-30 09:47:07.009  2079  2806 I am_proc_start: [0,9747,10065,com.google.android.gm,broadcast,com.google.android.gm/.AccountsChangedReceiver]
12-30 09:47:07.009  2079  3040 I dvm_lock_sample: [system_server,1,Binder_D,32,removeContentProvider,ActivityManagerService.java,9963,processNextBroadcast,BroadcastQueue.java,639,6]
12-30 09:47:07.015  2079  3040 I am_kill : [0,9495,android.process.acore,15,empty #7]
12-30 09:47:07.170  2079  2123 I dvm_lock_sample: [system_server,1,android.ui,156,dispatchProcessesChanged,ActivityManagerService.java,3804,removeContentProvider,-,9963,31]
12-30 09:47:07.196  2079  3025 I am_proc_died: [0,9495,android.process.acore]
12-30 09:47:07.219  2079  3009 I am_provider_lost_process: [0,com.android.providers.contacts,10004,com.android.contacts]
12-30 09:47:07.235  6434  9668 I dvm_lock_sample: [com.whatsapp,0,ReaderThread,453,a,Log.java,183,writeBytes,Posix.java,-2,90]
12-30 09:47:07.244  2079  2381 I am_proc_start: [0,9763,10004,android.process.acore,content provider,com.android.providers.contacts/.ContactsProvider2]
12-30 09:47:07.248  2079  3025 I am_proc_bound: [0,9747,com.google.android.gm]
12-30 09:47:07.280  6434  6496 I dvm_lock_sample: [com.whatsapp,0,JobConsumer-5,1509,wait,Object.java,-2,a,n.java,-1,100]
12-30 09:47:07.336  2079  2936 I am_proc_bound: [0,9763,android.process.acore]
12-30 09:47:07.463  6434  6493 I dvm_lock_sample: [com.whatsapp,0,JobConsumer-2,1692,wait,Object.java,-2,a,n.java,-1,100]
12-30 09:47:07.598  6434  6492 I dvm_lock_sample: [com.whatsapp,0,JobConsumer-1,1827,wait,Object.java,-2,a,n.java,-1,100]
12-30 09:47:07.774  6434  6506 I dvm_lock_sample: [com.whatsapp,0,JobConsumer-15,2003,wait,Object.java,-2,a,n.java,-1,100]
12-30 09:47:07.776  9679  9800 I dvm_lock_sample: [com.google.android.youtube,0,pool-16-thread-1,130,run,SourceFile,119,run,-,1088,26]
12-30 09:47:07.849  2079  2103 I am_kill : [0,9512,com.google.android.music:ui,15,empty #7]
12-30 09:47:07.974  6434  6501 I dvm_lock_sample: [com.whatsapp,0,JobConsumer-10,2204,wait,Object.java,-2,a,n.java,-1,100]
12-30 09:47:08.119  6434  6499 I dvm_lock_sample: [com.whatsapp,0,JobConsumer-8,2349,wait,Object.java,-2,a,n.java,-1,100]
12-30 09:47:08.226  6434  6491 I dvm_lock_sample: [com.whatsapp,0,JobConsumer-0,2456,wait,Object.java,-2,a,n.java,-1,100]
12-30 09:47:08.312  6434  6505 I dvm_lock_sample: [com.whatsapp,0,JobConsumer-14,2542,wait,Object.java,-2,a,n.java,-1,100]
12-30 09:47:08.327  2079  3009 I am_proc_died: [0,9512,com.google.android.music:ui]
12-30 09:47:08.461  6434  6504 I dvm_lock_sample: [com.whatsapp,0,JobConsumer-13,2691,wait,Object.java,-2,a,n.java,-1,100]
12-30 09:47:08.532  6434  6503 I dvm_lock_sample: [com.whatsapp,0,JobConsumer-12,2762,wait,Object.java,-2,a,n.java,-1,100]
12-30 09:47:08.654  6434  6497 I dvm_lock_sample: [com.whatsapp,0,JobConsumer-6,2883,wait,Object.java,-2,a,n.java,-1,100]
12-30 09:47:08.778  2079  3040 I force_gc: Binder
12-30 09:47:08.801  6434  6495 I dvm_lock_sample: [com.whatsapp,0,JobConsumer-4,3029,wait,Object.java,-2,a,n.java,-1,100]
12-30 09:47:09.050  6434  6490 I dvm_lock_sample: [com.whatsapp,0,pool-2-thread-1,3277,b,n.java,5,a,-,-1,100]
12-30 09:47:09.057  6434  6498 I dvm_lock_sample: [com.whatsapp,0,JobConsumer-7,3274,c,n.java,21,a,-,-1,100]
12-30 09:47:09.185  3310  9374 I c2dm    : [8,com.google.android.talk:0:1451479607512427,11,4]
12-30 09:47:09.195  3310  9353 I c2dm    : [-7,,12,5]
12-30 09:47:09.284  6434  6492 I dvm_lock_sample: [com.whatsapp,0,JobConsumer-1,232,wait,Object.java,-2,b,n.java,5,46]
12-30 09:47:09.322  3310  9374 I force_gc: Binder
12-30 09:47:09.394  6434  6501 I dvm_lock_sample: [com.whatsapp,0,JobConsumer-10,342,wait,Object.java,-2,b,n.java,5,68]
12-30 09:47:09.448  3310  9374 I c2dm    : [8,com.google.android.talk:0:1451479595278501,12,5]
12-30 09:47:09.459  3310  9353 I c2dm    : [-7,,13,6]
12-30 09:47:09.506  3310  9374 I c2dm    : [8,com.google.android.talk:0:1451479609933978,13,6]
12-30 09:47:09.511  3310  9353 I c2dm    : [-7,,14,7]
12-30 09:47:09.615  6434  6491 I dvm_lock_sample: [com.whatsapp,0,JobConsumer-0,562,wait,Object.java,-2,b,n.java,5,100]
12-30 09:47:09.790  6434  6499 I dvm_lock_sample: [com.whatsapp,0,JobConsumer-8,735,wait,Object.java,-2,b,n.java,5,100]
12-30 09:47:09.837  6434  6506 I dvm_lock_sample: [com.whatsapp,0,JobConsumer-15,782,wait,Object.java,-2,b,n.java,5,100]
12-30 09:47:09.881  3310  9374 I c2dm    : [8,com.whatsapp:0:1451479614807751,14,7]
12-30 09:47:09.895  2079  3009 I am_kill : [0,9555,com.google.android.partnersetup,15,empty #7]
12-30 09:47:09.916  6434  6505 I dvm_lock_sample: [com.whatsapp,0,JobConsumer-14,862,wait,Object.java,-2,b,n.java,5,100]
12-30 09:47:09.999  6434  6496 I dvm_lock_sample: [com.whatsapp,0,JobConsumer-5,945,wait,Object.java,-2,b,n.java,5,100]
12-30 09:47:10.047  6434  6497 I dvm_lock_sample: [com.whatsapp,0,JobConsumer-6,992,wait,Object.java,-2,b,n.java,5,100]
12-30 09:47:10.127  2079  2867 I dvm_lock_sample: [system_server,1,Binder_7,232,getContentProviderImpl,ActivityManagerService.java,9593,removeContentProvider,-,9963,46]
12-30 09:47:10.131  2079  2102 I dvm_lock_sample: [system_server,1,Binder_1,200,startService,ActivityManagerService.java,15962,removeContentProvider,-,9963,40]
12-30 09:47:10.133  2079  2876 I am_proc_died: [0,9555,com.google.android.partnersetup]
12-30 09:47:10.191  2079  2794 I am_proc_start: [0,9830,10050,com.google.android.apps.books,broadcast,com.google.android.apps.books/.app.AccountsReceiver]
12-30 09:47:10.295  2079  2467 I am_proc_bound: [0,9830,com.google.android.apps.books]
12-30 09:47:11.534  2079  3009 I am_proc_start: [0,9853,10056,com.android.chrome,broadcast,com.android.chrome/org.chromium.chrome.browser.services.AccountsChangedReceiver]
12-30 09:47:11.537  2079  2936 I dvm_lock_sample: [system_server,1,Binder_9,102,getContentProviderImpl,ActivityManagerService.java,9593,processNextBroadcast,BroadcastQueue.java,639,20]
12-30 09:47:11.538  2079  3533 I dvm_lock_sample: [system_server,1,Binder_E,129,removeContentProvider,ActivityManagerService.java,9963,processNextBroadcast,BroadcastQueue.java,639,25]
12-30 09:47:11.614  2079  3040 I am_proc_bound: [0,9853,com.android.chrome]
12-30 09:47:12.219  2079  4647 I am_proc_start: [0,9869,10032,com.android.vending,broadcast,com.android.vending/com.google.android.finsky.receivers.AccountsChangedReceiver]
12-30 09:47:12.221  2079  4647 I am_kill : [0,9590,com.google.process.gapps,15,empty #7]
12-30 09:47:12.341  2079  2381 I dvm_lock_sample: [system_server,1,Binder_3,87,binderDied,ActivityManagerService.java,1330,trimApplications,-,19673,17]
12-30 09:47:12.342  2079  2381 I am_proc_died: [0,9590,com.google.process.gapps]
12-30 09:47:12.344  2079  3009 I am_proc_bound: [0,9869,com.android.vending]
12-30 09:47:12.747  6434  6497 I dvm_lock_sample: [com.whatsapp,0,JobConsumer-6,2698,a,Log.java,34,,,0,150]
12-30 09:47:12.750  6434  9840 I dvm_lock_sample: [com.whatsapp,0,AsyncTask #5,2488,a,Log.java,183,a,-,183,100]
12-30 09:47:12.752  6434  9668 I dvm_lock_sample: [com.whatsapp,0,ReaderThread,2664,a,Log.java,183,a,-,183,100]
12-30 09:47:12.951  6434  6497 I dvm_lock_sample: [com.whatsapp,0,JobConsumer-6,180,a,Log.java,183,a,-,183,36]
12-30 09:47:12.955  6434  6434 I dvm_lock_sample: [com.whatsapp,1,main,169,a,Log.java,183,a,-,183,33]
12-30 09:47:12.988  2079  2806 I dvm_lock_sample: [system_server,1,Binder_6,700,removePeriodicSync,SyncStorageEngine.java,1030,,,0,150]
12-30 09:47:13.000  6434  6494 I dvm_lock_sample: [com.whatsapp,0,JobConsumer-3,3944,wait,Object.java,-2,b,n.java,5,100]
12-30 09:47:13.076  6434  6504 I dvm_lock_sample: [com.whatsapp,0,JobConsumer-13,4020,wait,Object.java,-2,b,n.java,5,100]
12-30 09:47:13.201  6434  6503 I dvm_lock_sample: [com.whatsapp,0,JobConsumer-12,4145,wait,Object.java,-2,b,n.java,5,100]
12-30 09:47:13.281  6434  6495 I dvm_lock_sample: [com.whatsapp,0,JobConsumer-4,4225,wait,Object.java,-2,b,n.java,5,100]
12-30 09:47:13.385  6434  6490 I dvm_lock_sample: [com.whatsapp,0,pool-2-thread-1,4320,c,n.java,10,a,-,-1,100]
12-30 09:47:13.388  6434  6500 I dvm_lock_sample: [com.whatsapp,0,JobConsumer-9,4323,wait,Object.java,-2,a,n.java,-1,100]
12-30 09:47:13.419  2079  2121 I sync    : [com.google.android.gms.auth.confirm,1,2,-2066781059]
12-30 09:47:13.435  2079  2121 I sync    : [com.google.android.gms.appstate,0,2,-2066781059]
12-30 09:47:13.463  6434  6502 I dvm_lock_sample: [com.whatsapp,0,JobConsumer-11,4237,c,n.java,21,a,-,-1,100]
12-30 09:47:13.490  9747  9811 I dvm_lock_sample: [com.google.android.gm,0,EmailProvider thread,4740,e,SourceFile,1291,enqueueMessage,MessageQueue.java,584,100]
12-30 09:47:13.491  9747  9829 I dvm_lock_sample: [com.google.android.gm,0,IntentService[com.android.email.,3243,e,SourceFile,1291,enqueueMessage,MessageQueue.java,584,100]
