12-30 09:41:55.705  2079  2121 I am_pss  : [3954,10014,android.process.media,8534016,6758400]
12-30 09:41:56.000  4169  4169 I dvm_lock_sample: [com.amazon.kindle,1,main,592,registerApp,MobileAdsRegistrationManager.jav,75,,,0,150]
12-30 09:41:56.262  2816  2831 I force_gc: Binder
12-30 09:41:56.511  2079  3829 I force_gc: Binder
12-30 09:41:56.867  2079  2079 I dvm_lock_sample: [system_server,1,main,1550,getAllServices,RegisteredServicesCache.java,340,,,0,150]
12-30 09:41:57.087  2079  2467 I dvm_lock_sample: [system_server,1,Binder_4,77,refContentProvider,ActivityManagerService.java,10102,bindService,-,16197,15]
12-30 09:41:57.375  2079  2089 I dvm_lock_sample: [system_server,0,ReferenceQueueDaemon,6,enqueue,ReferenceQueue.java,-1,remove,-,-1,1]
12-30 09:41:59.736  2079  2806 I dvm_lock_sample: [system_server,1,Binder_6,2523,getAllServices,RegisteredServicesCache.java,334,getStringBlockCount,AssetManager.java,-2,100]
12-30 09:42:00.138  2079  2079 I am_proc_start: [0,4366,10141,com.android.mms,broadcast,com.android.mms/.transaction.MmsSystemEventReceiver]
12-30 09:42:00.254  2079  3025 I am_proc_bound: [0,4366,com.android.mms]
12-30 09:42:00.717  2079  2381 I am_kill : [0,3914,com.google.android.apps.maps,15,empty #7]
12-30 09:42:00.997  2079  2079 I dvm_lock_sample: [system_server,1,main,260,onWakefulnessChanged,ActivityManagerService.java,10446,processNextBroadcast,BroadcastQueue.java,639,52]
12-30 09:42:00.998  2079  2169 I dvm_lock_sample: [system_server,1,PowerManagerService,218,release,ActivityManagerService.java,20851,processNextBroadcast,BroadcastQueue.java,639,43]
12-30 09:42:00.998  2079  2079 I power_screen_state: [1,0,0,0]
12-30 09:42:00.999  2079  3009 I am_proc_died: [0,3914,com.google.android.apps.maps]
12-30 09:42:01.000  2079  2079 I screen_toggled: 1
12-30 09:42:01.009  2079  2079 I power_screen_broadcast_send: 1
12-30 09:42:01.011   381   381 I liblog  : 9
12-30 09:42:01.149  2079  3009 I notification_cancel_all: [10014,3954,com.android.providers.downloads,0,0,64,9,NULL]
12-30 09:42:01.178  2431  2431 I sysui_histogram: [note_load,2]
12-30 09:42:01.179  2079  2467 I notification_panel_revealed: 2
12-30 09:42:01.206  2079  2806 I notification_visibility: [0|org.telegram.messenger|1|null|10123,1,47744,45823,0,0]
12-30 09:42:01.909  2079  2079 I power_screen_broadcast_done: [1,900,1]
12-30 09:42:02.069  3310  4337 I gtalk_connection: 16974593
12-30 09:42:02.110  3310  4400 I gtalk_connection: 16974593
12-30 09:42:02.194  2079  2992 I am_proc_start: [0,4402,1007,com.motorola.bug2go,broadcast,com.motorola.bug2go/.Bug2GoBroadcastReceiver]
12-30 09:42:02.241  2079  2121 I am_pss  : [4023,10106,com.whatsapp,27936768,24989696]
12-30 09:42:02.330  2079  2876 I am_proc_bound: [0,4402,com.motorola.bug2go]
12-30 09:42:03.876  2079  2079 I sysui_histogram: [note_dismiss_longevity,0]
12-30 09:42:03.877  2079  2079 I notification_canceled: [0|org.telegram.messenger|1|null|10123,2,50414,48493,2670]
12-30 09:42:03.891  2079  2079 I notification_cancel: [10040,2431,org.telegram.messenger,10000,NULL,0,0,0,12,NULL]
12-30 09:42:03.892  2079  2079 I notification_canceled: [0|org.telegram.messenger|10000|null|10123,12,51270,48632,0]
12-30 09:42:03.992  2782  3679 I liblog  : 1
12-30 09:42:04.392  2079  2121 I am_pss  : [3294,10137,com.facebook.orca,60041216,56111104]
12-30 09:42:04.508  2079  2992 I force_gc: Binder
12-30 09:42:04.858  2079  3533 I am_proc_start: [0,4420,10092,com.google.android.apps.photos,broadcast,com.google.android.apps.photos/.actionqueue.SystemReceiver]
12-30 09:42:05.019  2079  2103 I am_proc_bound: [0,4420,com.google.android.apps.photos]
12-30 09:42:05.422  2079  2079 I notification_enqueue: [1007,4402,com.motorola.bug2go,3033,NULL,0,Notification(pri=0 contentView=com.motorola.bug2go/0x7f030005 vibrate=null sound=null defaults=0x0 flags=0x2 color=0x00000000 vis=PRIVATE),0]
12-30 09:42:05.446  2079  2079 I notification_enqueue: [1007,4402,com.motorola.bug2go,3033,NULL,0,Notification(pri=0 contentView=com.motorola.bug2go/0x7f030005 vibrate=null sound=null defaults=0x0 flags=0x2 color=0x00000000 vis=PRIVATE),1]
12-30 09:42:06.575  2079  2806 I notification_visibility: [0|com.motorola.bug2go|3033|null|1007,1,1153,1130,0,0]
12-30 09:42:06.743  2079  2121 I am_pss  : [4152,10032,com.android.vending,7863296,6017024]
12-30 09:42:07.007  2079  2121 I am_pss  : [3983,9341,com.motorola.storageoptimizer,2872320,1486848]
12-30 09:42:07.859  2079  2121 I am_pss  : [4009,1000,com.motorola.tools.batterytracer,2647040,1355776]
12-30 09:42:08.026  2431  2431 I sysui_lockscreen_gesture: [1,371,3554]
12-30 09:42:08.032  2431  2431 I sysui_status_bar_state: [1,1,0,1,1,0]
12-30 09:42:08.158  2079  2102 I am_proc_start: [0,4444,10094,com.google.android.apps.plus,broadcast,com.google.android.apps.plus/com.google.android.libraries.social.autobackup.AutoBackupEnvironment$ConnectivityReceiver]
12-30 09:42:08.164  2079  2102 I am_kill : [0,3983,com.motorola.storageoptimizer,15,empty #7]
12-30 09:42:08.343  2079  3040 I dvm_lock_sample: [system_server,0,Binder_D,130,binderDied,ActivityManagerService.java,1330,trimApplications,-,19673,26]
12-30 09:42:08.343  2079  3040 I am_proc_died: [0,3983,com.motorola.storageoptimizer]
12-30 09:42:08.354  2079  3829 I dvm_lock_sample: [system_server,1,Binder_F,29,attachApplication,ActivityManagerService.java,6347,trimApplications,-,19673,5]
12-30 09:42:08.355  2079  3829 I am_proc_bound: [0,4444,com.google.android.apps.plus]
12-30 09:42:08.375  2079  3533 I notification_visibility: [0|com.motorola.bug2go|3033|null|1007,0,2952,2929,0,0]
12-30 09:42:08.375  2079  2992 I notification_panel_hidden: []
12-30 09:42:10.724  2079  2103 I force_gc: Binder
12-30 09:42:10.877  2431  2431 I screen_toggled: 2
12-30 09:42:11.305  2079  2102 I am_resume_activity: [0,59918345,494,com.google.android.googlequicksearchbox/com.google.android.launcher.GEL]
12-30 09:42:11.336  2079  2123 I dvm_lock_sample: [system_server,1,android.ui,35,dispatchProcessesChanged,ActivityManagerService.java,3804,keyguardGoingAway,-,6425,7]
12-30 09:42:11.408  2079  2876 I notification_expansion: [0|com.motorola.bug2go|3033|null|1007,0,1,5985,5962,4832]
12-30 09:42:11.446  2431  2431 I sysui_status_bar_state: [0,0,0,0,1,0]
12-30 09:42:11.566  2079  2102 I am_proc_start: [0,4464,10042,com.google.android.googlequicksearchbox:search,service,com.google.android.googlequicksearchbox/com.google.android.sidekick.main.remoteservice.GoogleNowRemoteService]
12-30 09:42:11.819  2079  2806 I am_proc_bound: [0,4464,com.google.android.googlequicksearchbox:search]
12-30 09:42:12.211  2079  2992 I am_proc_start: [0,4484,10056,com.android.chrome,broadcast,com.android.chrome/org.chromium.content.browser.BackgroundSyncLauncherService$Receiver]
12-30 09:42:12.223  2079  2992 I am_kill : [0,4009,com.motorola.tools.batterytracer,15,empty #7]
12-30 09:42:12.403  4444  4481 I dvm_lock_sample: [com.google.android.apps.plus,0,iu-sync-manager,211,f,PG,399,g,-,444,42]
12-30 09:42:12.440  2079  3829 I dvm_lock_sample: [system_server,1,Binder_F,295,removeContentProvider,ActivityManagerService.java,9963,processNextBroadcast,BroadcastQueue.java,639,59]
12-30 09:42:12.448  2079  2123 I dvm_lock_sample: [system_server,1,android.ui,236,dispatchUidsChanged,ActivityManagerService.java,3867,trimApplications,-,19673,47]
12-30 09:42:12.453  2079  2876 I dvm_lock_sample: [system_server,0,Binder_8,113,binderDied,ActivityManagerService.java,1330,trimApplications,-,19673,22]
12-30 09:42:12.453  2079  2876 I am_proc_died: [0,4009,com.motorola.tools.batterytracer]
12-30 09:42:12.456  2079  3040 I am_proc_bound: [0,4484,com.android.chrome]
12-30 09:42:12.495  3035  3035 I am_on_resume_called: [0,com.google.android.launcher.GEL]
12-30 09:42:13.457  2079  2102 I am_proc_start: [0,4504,10086,com.google.android.apps.magazines,broadcast,com.google.android.apps.magazines/com.google.apps.dots.android.newsstand.appwidget.NewsWidgetProvider]
12-30 09:42:13.640  2079  3829 I am_proc_bound: [0,4504,com.google.android.apps.magazines]
12-30 09:42:13.987  2079  3025 I am_proc_start: [0,4523,10022,com.google.android.partnersetup,content provider,com.google.android.partnersetup/.RlzAppProvider]
12-30 09:42:14.030  4464  4464 I dvm_lock_sample: [com.google.android.googlequickse,1,main,636,bBk,VelvetServices.java,262,,,0,150]
12-30 09:42:14.097  2079  2806 I am_proc_bound: [0,4523,com.google.android.partnersetup]
12-30 09:42:14.314  2079  2121 I am_pss  : [4079,10003,com.android.providers.calendar,3396608,2035712]
12-30 09:42:14.842  4464  4520 I dvm_lock_sample: [com.google.android.googlequickse,0,Background Non-Blocking-0,627,axc,VelvetServices.java,305,,,0,150]
12-30 09:42:14.844  4464  4464 I dvm_lock_sample: [com.google.android.googlequickse,1,main,594,bBj,VelvetServices.java,141,axc,-,278,100]
12-30 09:42:15.178  2079  2806 I am_kill : [0,4079,com.android.providers.calendar,15,empty #7]
12-30 09:42:15.286  2079  2102 I am_proc_died: [0,4079,com.android.providers.calendar]
12-30 09:42:15.292  2079  3533 I am_kill : [0,4169,com.amazon.kindle,15,empty #7]
12-30 09:42:15.538  2079  3025 I dvm_lock_sample: [system_server,1,Binder_C,205,getIntentSender,ActivityManagerService.java,6781,removeContentProvider,-,9963,41]
12-30 09:42:15.540  2079  2103 I dvm_lock_sample: [system_server,0,Binder_2,127,binderDied,ActivityManagerService.java,1330,removeContentProvider,-,9963,25]
12-30 09:42:15.540  2079  2103 I am_proc_died: [0,4169,com.amazon.kindle]
12-30 09:42:15.632  2079  2806 I am_proc_start: [0,4569,10003,com.android.providers.calendar,content provider,com.android.providers.calendar/.CalendarProvider2]
12-30 09:42:15.751  2079  2992 I am_proc_bound: [0,4569,com.android.providers.calendar]
12-30 09:42:17.005  4464  4549 I dvm_lock_sample: [com.google.android.googlequickse,0,User-Facing Non-Blocking-3,184,aho,CoreSearchServices.java,425,b,VoiceSearchServices.java,206,36]
12-30 09:42:17.059  4464  4537 I dvm_lock_sample: [com.google.android.googlequickse,0,User-Facing Blocking-1,361,init,EntryPoint.java,52,defineClassNative,DexFile.java,-2,72]
12-30 09:42:17.108  4464  4540 I dvm_lock_sample: [com.google.android.googlequickse,0,AsyncFileStorageImpl,362,init,EntryPoint.java,52,defineClassNative,DexFile.java,-2,72]
12-30 09:42:17.254  2079  2992 I wm_stack_created: [1,0,0,0,0]
12-30 09:42:17.297  2079  2992 I am_home_stack_moved: [0,0,1,1,startingNewTask]
12-30 09:42:17.327  2079  2992 I am_create_task: [0,495]
12-30 09:42:17.327  2079  2992 I am_create_activity: [0,146646167,495,com.whatsapp/.Main,android.intent.action.MAIN,NULL,NULL,270532608]
12-30 09:42:17.356  2079  2992 I wm_task_created: [495,1]
12-30 09:42:17.356  2079  2992 I wm_task_moved: [495,1,0]
12-30 09:42:17.360  2079  2992 I am_pause_activity: [0,59918345,com.google.android.googlequicksearchbox/com.google.android.launcher.GEL]
12-30 09:42:17.379  2079  2992 I am_home_stack_moved: [0,0,1,1,startedActivity setFocusedActivity]
12-30 09:42:17.379  2079  2992 I wm_task_moved: [495,1,0]
12-30 09:42:17.401  2079  2992 I am_focused_activity: [0,com.whatsapp/.Main]
12-30 09:42:17.402  2079  2794 I dvm_lock_sample: [system_server,1,Binder_5,186,getRunningAppProcesses,ActivityManagerService.java,13006,startActivityMayWait,ActivityStackSupervisor.java,969,37]
12-30 09:42:17.414  2079  3025 I dvm_lock_sample: [system_server,1,Binder_C,128,bindService,ActivityManagerService.java,16197,startActivityMayWait,ActivityStackSupervisor.java,969,25]
12-30 09:42:17.496  3035  3035 I am_on_paused_called: [0,com.google.android.launcher.GEL]
12-30 09:42:17.511  4464  4554 I dvm_lock_sample: [com.google.android.googlequickse,0,User-Facing Blocking-3,427,get,ScopedProvider.java,44,Df,GmsRequestScheduleEvaluator_Fact,62,85]
12-30 09:42:17.516  2079  3829 I am_restart_activity: [0,146646167,495,com.whatsapp/.Main]
12-30 09:42:18.404   381   381 I sf_frame_dur: [com.google.android.googlequicksearchbox/com.google.android.launcher.GEL,5,4,2,3,0,0,5]
12-30 09:42:18.527  2079  2992 I am_home_stack_moved: [0,0,1,1,intentActivityFound]
12-30 09:42:18.527  2079  2992 I wm_task_moved: [495,1,0]
12-30 09:42:18.548  2079  2992 I am_home_stack_moved: [0,0,1,1,sourceStackToFront]
12-30 09:42:18.551  2079  2992 I wm_task_moved: [495,1,0]
12-30 09:42:18.567  2079  2992 I am_create_activity: [0,220217243,495,com.whatsapp/.HomeActivity,NULL,NULL,NULL,268435456]
12-30 09:42:18.577  2079  2992 I am_pause_activity: [0,146646167,com.whatsapp/.Main]
12-30 09:42:18.581  2079  2992 I am_home_stack_moved: [0,0,1,1,startedActivity setFocusedActivity]
12-30 09:42:18.581  2079  2992 I wm_task_moved: [495,1,0]
12-30 09:42:18.589  2079  2992 I am_focused_activity: [0,com.whatsapp/.HomeActivity]
12-30 09:42:18.599  2079  2102 I am_finish_activity: [0,146646167,495,com.whatsapp/.Main,app-request]
12-30 09:42:18.629  2079  3829 I am_restart_activity: [0,220217243,495,com.whatsapp/.HomeActivity]
12-30 09:42:18.644  4464  4537 I dvm_lock_sample: [com.google.android.googlequickse,0,User-Facing Blocking-1,720,bmB,EntryProvider.java,2545,a,-,2118,100]
12-30 09:42:18.649  4464  4554 I dvm_lock_sample: [com.google.android.googlequickse,0,User-Facing Blocking-3,734,bmB,EntryProvider.java,2545,a,-,2118,100]
12-30 09:42:19.472  2079  2103 I force_gc: Binder
12-30 09:42:19.670  4023  4023 I am_on_resume_called: [0,com.whatsapp.HomeActivity]
12-30 09:42:19.960  2079  2867 I am_proc_start: [0,4630,10161,com.instagram.android,broadcast,com.instagram.android/com.instagram.push.fbns.FbnsInitBroadcastReceiver]
12-30 09:42:19.963  2079  2867 I am_kill : [0,4420,com.google.android.apps.photos,15,empty #7]
12-30 09:42:20.232  2079  2867 I am_kill : [0,4366,com.android.mms,15,empty #8]
12-30 09:42:20.341  2079  2123 I dvm_lock_sample: [system_server,1,android.ui,378,dispatchUidsChanged,ActivityManagerService.java,3867,trimApplications,-,19673,75]
12-30 09:42:20.342  2079  2103 I am_proc_bound: [0,4630,com.instagram.android]
12-30 09:42:20.351  2079  3829 I am_proc_died: [0,4366,com.android.mms]
12-30 09:42:20.354  2079  2381 I am_proc_died: [0,4420,com.google.android.apps.photos]
12-30 09:42:21.280  4023  4023 I dvm_lock_sample: [com.whatsapp,1,main,800,a,Log.java,34,,,0,150]
12-30 09:42:21.814  2079  2121 I am_pss  : [3310,10018,com.google.android.gms.persistent,30911488,24383488]
12-30 09:42:22.884  2079  2102 I am_proc_start: [0,4684,10161,com.instagram.android:mqtt,service,com.instagram.android/com.facebook.rti.push.service.FbnsService]
12-30 09:42:23.042  2079  3829 I am_proc_start: [0,4706,10174,com.amazon.kindle,broadcast,com.amazon.kindle/com.amazon.android.providers.downloads.DownloadReceiver]
12-30 09:42:23.120  2079  3533 I am_proc_bound: [0,4684,com.instagram.android:mqtt]
12-30 09:42:23.182  2079  3040 I am_proc_bound: [0,4706,com.amazon.kindle]
12-30 09:42:23.938  2079  2164 I am_activity_launch_time: [0,220217243,com.whatsapp/.HomeActivity,5310,6440]
12-30 09:42:24.521  4464  4742 I dvm_lock_sample: [com.google.android.googlequickse,0,Background Blocking-10,17,vD,AttemptedSearchHistoryCache.java,387,nativeCreate,Thread.java,-2,3]
12-30 09:42:24.658  4630  4692 I dvm_lock_sample: [com.instagram.android,0,SharedPreferencesImpl-load,1744,run,SharedPreferencesImpl.java,91,,,0,150]
12-30 09:42:25.369  2079  2381 I am_destroy_activity: [0,146646167,495,com.whatsapp/.Main,finish-idle]
12-30 09:42:25.615  2079  2867 I am_kill : [0,4444,com.google.android.apps.plus,15,empty #7]
12-30 09:42:25.997  2079  3533 I dvm_lock_sample: [system_server,0,Binder_E,196,binderDied,ActivityManagerService.java,1330,serviceDoneExecuting,-,16235,39]
12-30 09:42:25.997  2079  3533 I am_proc_died: [0,4444,com.google.android.apps.plus]
12-30 09:42:26.006  2079  2123 I dvm_lock_sample: [system_server,1,android.ui,384,dispatchProcessesChanged,ActivityManagerService.java,3804,serviceDoneExecuting,-,16235,76]
12-30 09:42:26.009  2079  2121 I dvm_lock_sample: [system_server,0,android.bg,371,handleMessage,ActivityManagerService.java,2209,serviceDoneExecuting,-,16235,74]
12-30 09:42:26.009  2079  2121 I am_pss  : [4402,1007,com.motorola.bug2go,5778432,4255744]
12-30 09:42:26.133  2079  3025 I am_kill : [0,4484,com.android.chrome,15,empty #7]
12-30 09:42:26.325  2079  2806 I am_proc_died: [0,4484,com.android.chrome]
12-30 09:42:26.425  4706  4754 I dvm_lock_sample: [com.amazon.kindle,0,MAPCommonThreadPool#3,528,setup,DistributedDataStorage.java,255,,,0,150]
12-30 09:42:27.073  2079  2102 I dvm_lock_sample: [system_server,1,Binder_1,5,getContentProviderImpl,ActivityManagerService.java,9593,removeContentProvider,-,9963,1]
12-30 09:42:27.666  2079  2121 I am_pss  : [4023,10106,com.whatsapp,65339392,61427712]
12-30 09:42:27.723  2079  2121 I am_pss  : [4152,10032,com.android.vending,7191552,5500928]
12-30 09:42:27.830  2079  2867 I am_home_stack_moved: [0,0,1,1,intentActivityFound]
12-30 09:42:27.830  2079  2867 I wm_task_moved: [495,1,0]
12-30 09:42:27.833  2079  2867 I am_home_stack_moved: [0,0,1,1,sourceStackToFront]
12-30 09:42:27.834  2079  2867 I wm_task_moved: [495,1,0]
12-30 09:42:27.836  2079  2867 I am_create_activity: [0,252615703,495,com.whatsapp/.Conversation,NULL,NULL,NULL,335544320]
12-30 09:42:27.837  2079  2867 I am_pause_activity: [0,220217243,com.whatsapp/.HomeActivity]
12-30 09:42:27.845  2079  2867 I am_home_stack_moved: [0,0,1,1,startedActivity setFocusedActivity]
12-30 09:42:27.845  2079  2867 I wm_task_moved: [495,1,0]
12-30 09:42:27.855  2079  2867 I am_focused_activity: [0,com.whatsapp/.Conversation]
12-30 09:42:27.946  4023  4023 I am_on_paused_called: [0,com.whatsapp.HomeActivity]
12-30 09:42:27.955  2079  2936 I am_restart_activity: [0,252615703,495,com.whatsapp/.Conversation]
12-30 09:42:28.349  4706  4706 I dvm_lock_sample: [com.amazon.kindle,1,main,1382,get,LazyBinding.java,57,nativePrepareStatement,SQLiteConnection.java,-2,100]
12-30 09:42:28.754  2079  3040 I am_proc_start: [0,4797,10133,com.facebook.katana,content provider,com.facebook.katana/.provider.AttributionIdProvider]
12-30 09:42:28.938  2079  2806 I am_proc_bound: [0,4797,com.facebook.katana]
12-30 09:42:28.957  2079  2806 I am_kill : [0,4504,com.google.android.apps.magazines,15,empty #7]
12-30 09:42:29.008  4706  4792 I dvm_lock_sample: [com.amazon.kindle,0,pool-3-thread-3,406,getReaderManager,KindleReaderSDK.java,118,get,LazyBinding.java,57,81]
12-30 09:42:29.057  4706  4793 I dvm_lock_sample: [com.amazon.kindle,0,pool-3-thread-4,514,getReaderUIManager,KindleReaderSDK.java,140,getReaderController,AbstractKindleObjectFactoryModul,67,100]
12-30 09:42:29.338  2079  2867 I dvm_lock_sample: [system_server,1,Binder_7,380,bindService,ActivityManagerService.java,16197,attachApplication,-,6347,76]
12-30 09:42:29.362  2079  2122 I dvm_lock_sample: [system_server,1,ActivityManager,406,handleMessage,ActivityStack.java,296,attachApplication,ActivityManagerService.java,6347,81]
12-30 09:42:29.363  2079  2123 I dvm_lock_sample: [system_server,1,android.ui,406,dispatchProcessesChanged,ActivityManagerService.java,3804,attachApplication,-,6347,81]
12-30 09:42:29.364  2079  4647 I am_proc_died: [0,4504,com.google.android.apps.magazines]
12-30 09:42:29.894  4023  4023 I am_on_resume_called: [0,com.whatsapp.Conversation]
12-30 09:42:30.008  3310  3820 I force_gc: Binder
12-30 09:42:30.363  4706  4750 I dvm_lock_sample: [com.amazon.kindle,0,ThreadPoolManager1-thread-2,758,setMetricsConfiguration,AndroidMetricsFactoryImpl.java,106,<clinit>,BaseMetricsServiceFactory.java,78,100]
12-30 09:42:30.427  4706  4791 I dvm_lock_sample: [com.amazon.kindle,0,pool-3-thread-2,1256,getInstance,MetricsManager.java,57,getNameNative,Class.java,-2,100]
12-30 09:42:30.430  4706  4792 I dvm_lock_sample: [com.amazon.kindle,0,pool-3-thread-3,659,getInstance,MetricsManager.java,57,getNameNative,Class.java,-2,100]
12-30 09:42:30.828  4706  4750 I dvm_lock_sample: [com.amazon.kindle,0,ThreadPoolManager1-thread-2,1925,initialize,StandaloneKWISClientHandler.java,69,,,0,150]
12-30 09:42:31.705  4706  4842 I dvm_lock_sample: [com.amazon.kindle,0,SharedPreferencesImpl-load,1284,run,SharedPreferencesImpl.java,91,,,0,150]
12-30 09:42:31.795  4706  4835 I dvm_lock_sample: [com.amazon.kindle,0,async-pool-1,61,wait,Object.java,-2,run,SharedPreferencesImpl.java,90,12]
12-30 09:42:32.161  4706  4790 I dvm_lock_sample: [com.amazon.kindle,0,pool-3-thread-1,2094,get,Linker.java,367,getSharedPreferences,ContextImpl.java,331,100]
12-30 09:42:32.907  2079  2164 I am_activity_launch_time: [0,252615703,com.whatsapp/.Conversation,4954,4954]
12-30 09:42:33.505   381   381 I sf_frame_dur: [com.whatsapp/com.whatsapp.HomeActivity,22,13,3,0,0,3,1]
12-30 09:42:34.644  4706  4706 I dvm_lock_sample: [com.amazon.kindle,1,main,599,registerApp,MobileAdsRegistrationManager.jav,75,,,0,150]
12-30 09:42:34.805  2079  3829 I am_proc_start: [0,4920,10179,com.gaudium.skoob,broadcast,com.gaudium.skoob/.NetworkStateReceiver]
12-30 09:42:34.809  2079  3829 I am_kill : [0,4523,com.google.android.partnersetup,15,empty #7]
12-30 09:42:35.110  2079  2123 I dvm_lock_sample: [system_server,1,android.ui,302,dispatchUidsChanged,ActivityManagerService.java,3867,trimApplications,-,19673,60]
12-30 09:42:35.110  2079  2992 I dvm_lock_sample: [system_server,1,Binder_A,204,attachApplication,ActivityManagerService.java,6347,trimApplications,-,19673,40]
12-30 09:42:35.111  2079  2992 I am_proc_bound: [0,4920,com.gaudium.skoob]
12-30 09:42:35.118  2079  2381 I am_proc_died: [0,4523,com.google.android.partnersetup]
12-30 09:42:35.419  2079  2381 I force_gc: Binder
12-30 09:42:35.940  2079  2381 I am_proc_start: [0,4941,10148,com.schibsted.bomnegocio.androidApp,broadcast,com.schibsted.bomnegocio.androidApp/com.schibsted.scm.nextgenapp.receivers.ConnectionStatusReceiver]
12-30 09:42:35.945  2079  2381 I am_kill : [0,4569,com.android.providers.calendar,15,empty #7]
12-30 09:42:36.166  2079  2936 I am_proc_died: [0,4569,com.android.providers.calendar]
12-30 09:42:36.169  2079  2806 I am_proc_bound: [0,4941,com.schibsted.bomnegocio.androidApp]
12-30 09:42:36.284   410   410 I liblog  : 8
12-30 09:42:36.353  2079  2936 I am_kill : [0,4630,com.instagram.android,15,empty #7]
12-30 09:42:36.561  2079  2123 I dvm_lock_sample: [system_server,1,android.ui,208,dispatchProcessesChanged,ActivityManagerService.java,3804,removeContentProvider,-,9963,41]
12-30 09:42:36.561  2079  2876 I am_proc_died: [0,4630,com.instagram.android]
12-30 09:42:37.478  4941  4961 I dvm_lock_sample: [com.schibsted.bomnegocio.android,0,Crashlytics Initializer,254,a,SourceFile,59,<init>,AbstractStringBuilder.java,79,50]
12-30 09:42:41.171  2994  2994 I data_network_registration_fail: [72402,992]
12-30 09:42:42.530  2079  2467 I am_proc_start: [0,5038,10105,com.google.android.apps.enterprise.dmagent,broadcast,com.google.android.apps.enterprise.dmagent/.ConnectivityReceiver]
12-30 09:42:42.698  2079  2102 I am_proc_bound: [0,5038,com.google.android.apps.enterprise.dmagent]
12-30 09:42:43.203  2079  2079 I free_storage_changed: 3749339136
12-30 09:42:43.689  2079  2121 I am_pss  : [4684,10161,com.instagram.android:mqtt,7535616,5779456]
12-30 09:42:44.427  2079  2102 I notification_cancel_all: [10014,3954,com.android.providers.downloads,0,0,64,9,NULL]
12-30 09:42:44.747  2079  4647 I am_proc_start: [0,5071,9341,com.motorola.storageoptimizer,broadcast,com.motorola.storageoptimizer/.StorageOptimizerReceiver]
12-30 09:42:44.934  2079  3533 I am_proc_bound: [0,5071,com.motorola.storageoptimizer]
12-30 09:42:45.502  2079  3025 I force_gc: Binder
12-30 09:42:45.691  4941  4993 I dvm_lock_sample: [com.schibsted.bomnegocio.android,0,Thread-224,2199,_createAndCacheValueDeserializer,DeserializerCache.java,227,nativeFillInStackTrace,Throwable.java,-2,100]
12-30 09:42:45.765  4797  5034 I dvm_lock_sample: [com.facebook.katana,0,Norm_Shared6,2635,a,system_app_crash,143,a,viewer_has_voted,104,100]
12-30 09:42:45.813  2079  2867 I am_proc_start: [0,5092,1000,com.motorola.tools.batterytracer,broadcast,com.motorola.tools.batterytracer/.OnBootReceiver]
12-30 09:42:45.819  2079  2867 I am_kill : [0,4464,com.google.android.googlequicksearchbox:search,15,empty #7]
12-30 09:42:46.068  2079  2936 I dvm_lock_sample: [system_server,1,Binder_9,254,broadcastIntent,ActivityManagerService.java,17217,trimApplications,-,19673,50]
12-30 09:42:46.071  2079  2381 I dvm_lock_sample: [system_server,1,Binder_3,81,attachApplication,ActivityManagerService.java,6347,trimApplications,-,19673,16]
12-30 09:42:46.072  2079  2381 I am_proc_bound: [0,5092,com.motorola.tools.batterytracer]
12-30 09:42:46.095  2079  2121 I dvm_lock_sample: [system_server,0,android.bg,14,handleMessage,ActivityManagerService.java,2187,attachApplication,-,6347,2]
12-30 09:42:46.196  2079  2992 I am_proc_died: [0,4464,com.google.android.googlequicksearchbox:search]
12-30 09:42:46.460  2079  4647 I am_proc_start: [0,5107,10015,com.motorola.easyprefix,broadcast,com.motorola.easyprefix/.receiver.BootReceiver]
12-30 09:42:46.469  2079  2876 I dvm_lock_sample: [system_server,1,Binder_8,57,refContentProvider,ActivityManagerService.java,10102,processNextBroadcast,BroadcastQueue.java,639,11]
12-30 09:42:46.510  2079  2794 I am_kill : [0,4920,com.gaudium.skoob,15,empty #7]
12-30 09:42:46.780  2079  2103 I dvm_lock_sample: [system_server,1,Binder_2,273,getCurrentUser,ActivityManagerService.java,20672,serviceDoneExecuting,-,16235,54]
12-30 09:42:46.782  2079  2123 I dvm_lock_sample: [system_server,1,android.ui,274,dispatchProcessesChanged,ActivityManagerService.java,3804,removeContentProvider,-,9963,54]
12-30 09:42:46.784  2079  3025 I dvm_lock_sample: [system_server,1,Binder_C,188,binderDied,ActivityManagerService.java,1330,removeContentProvider,-,9963,37]
12-30 09:42:46.785  2079  2936 I am_proc_bound: [0,5107,com.motorola.easyprefix]
12-30 09:42:46.797  2079  3025 I am_proc_died: [0,4920,com.gaudium.skoob]
12-30 09:42:46.800  2079  2121 I am_pss  : [3310,10018,com.google.android.gms.persistent,27912192,22732800]
12-30 09:42:47.020  2079  2121 I am_pss  : [3518,10018,com.google.android.gms,24963072,20123648]
12-30 09:42:47.181  2079  3533 I am_proc_start: [0,5122,10006,com.android.cellbroadcastreceiver,broadcast,com.android.cellbroadcastreceiver/.CellBroadcastReceiver]
12-30 09:42:47.275  2079  2467 I am_proc_bound: [0,5122,com.android.cellbroadcastreceiver]
12-30 09:42:47.287  2079  3829 I am_kill : [0,4797,com.facebook.katana,15,empty #7]
12-30 09:42:47.524  2079  2123 I dvm_lock_sample: [system_server,1,android.ui,237,dispatchProcessesChanged,ActivityManagerService.java,3804,removeContentProvider,-,9963,47]
12-30 09:42:47.846  2079  2806 I am_proc_start: [0,5137,1000,com.motorola.ServiceDialingNumbers,broadcast,com.motorola.ServiceDialingNumbers/.ServiceDialingNumbers]
12-30 09:42:47.850  2079  3009 I am_proc_died: [0,4797,com.facebook.katana]
12-30 09:42:47.994  2079  2867 I am_proc_bound: [0,5137,com.motorola.ServiceDialingNumbers]
12-30 09:42:48.069  2079  2867 I am_kill : [0,5038,com.google.android.apps.enterprise.dmagent,15,empty #7]
12-30 09:42:48.295  2079  3829 I dvm_lock_sample: [system_server,1,Binder_F,155,getContentProviderImpl,ActivityManagerService.java,9593,serviceDoneExecuting,-,16235,31]
12-30 09:42:48.298  2079  2806 I am_proc_died: [0,5038,com.google.android.apps.enterprise.dmagent]
12-30 09:42:48.412  2079  2876 I am_proc_start: [0,5151,1000,com.android.settings,broadcast,com.android.settings/.sim.SimSelectNotification]
12-30 09:42:48.577  2079  3025 I am_proc_bound: [0,5151,com.android.settings]
12-30 09:42:49.281  2079  2381 I dvm_lock_sample: [system_server,1,Binder_3,115,getAccountsInternal,AccountManagerService.java,2669,removeAccountInternal,-,1399,23]
12-30 09:42:49.574  2079  3009 I dvm_lock_sample: [system_server,1,Binder_B,284,getMasterSyncAutomatically,SyncStorageEngine.java,1073,insertIntoPending,-,1103,56]
12-30 09:42:49.779  2079  2102 I am_kill : [0,5071,com.motorola.storageoptimizer,15,empty #7]
12-30 09:42:49.963  4941  4993 I dvm_lock_sample: [com.schibsted.bomnegocio.android,0,Thread-224,4271,_createAndCacheValueDeserializer,DeserializerCache.java,247,,,0,150]
12-30 09:42:49.995  4941  5007 I dvm_lock_sample: [com.schibsted.bomnegocio.android,0,Thread-230,3831,_createAndCacheValueDeserializer,DeserializerCache.java,227,_createAndCacheValueDeserializer,-,227,100]
12-30 09:42:50.028  2079  2123 I dvm_lock_sample: [system_server,1,android.ui,249,dispatchProcessesChanged,ActivityManagerService.java,3804,processNextBroadcast,BroadcastQueue.java,639,49]
12-30 09:42:50.030  2079  3829 I am_proc_died: [0,5071,com.motorola.storageoptimizer]
12-30 09:42:50.092  4023  4094 I dvm_lock_sample: [com.whatsapp,0,JobConsumer-0,63,wait,Object.java,-2,a,n.java,-1,12]
12-30 09:42:50.191  2079  2876 I am_proc_start: [0,5167,10046,com.motorola.config.wifi,broadcast,com.motorola.config.wifi/.SimStateReceiver]
12-30 09:42:50.292  2079  2806 I dvm_lock_sample: [system_server,1,Binder_6,11,getIsSyncable,SyncStorageEngine.java,708,insertIntoPending,-,1103,2]
12-30 09:42:50.406  2079  3533 I am_proc_bound: [0,5167,com.motorola.config.wifi]
12-30 09:42:50.665  2079  3009 I am_kill : [0,5092,com.motorola.tools.batterytracer,15,empty #7]
12-30 09:42:50.869  2079  2806 I am_proc_died: [0,5092,com.motorola.tools.batterytracer]
12-30 09:42:50.878   431  5181 I dc_mmlog: e=play,c=audio/mp4,fs=4568,pt=0,am=audio/mp4a-latm,ac=1,as=44100,ab=0,ad=92879
12-30 09:42:51.081  2079  2992 I am_proc_start: [0,5189,10008,com.motorola.context,broadcast,com.motorola.context/.publisher.calendar.CalendarReceiver]
12-30 09:42:51.116  2079  2876 I am_kill : [0,4706,com.amazon.kindle,15,empty #7]
12-30 09:42:51.214   431  5181 I dc_mmlog: e=stop,c=audio/mp4,fs=4568,pt=0,am=audio/mp4a-latm,ac=1,as=44100,ab=0,ad=92879
12-30 09:42:51.347  2079  2123 I dvm_lock_sample: [system_server,1,android.ui,230,dispatchProcessesChanged,ActivityManagerService.java,3804,serviceDoneExecuting,-,16235,46]
12-30 09:42:51.351  2079  3025 I am_proc_bound: [0,5189,com.motorola.context]
12-30 09:42:51.360  2079  3009 I am_proc_died: [0,4706,com.amazon.kindle]
12-30 09:42:51.768  2079  2992 I am_proc_start: [0,5204,10053,com.google.android.calendar,broadcast,com.google.android.calendar/com.android.calendar.alerts.AlertReceiver]
12-30 09:42:51.870  2079  2992 I am_kill : [0,5107,com.motorola.easyprefix,15,empty #7]
12-30 09:42:52.116  2079  2123 I dvm_lock_sample: [system_server,1,android.ui,249,dispatchProcessesChanged,ActivityManagerService.java,3804,serviceDoneExecuting,-,16235,49]
12-30 09:42:52.117  2079  3040 I am_proc_died: [0,5107,com.motorola.easyprefix]
12-30 09:42:52.118  2079  3025 I dvm_lock_sample: [system_server,1,Binder_C,170,attachApplication,ActivityManagerService.java,6347,serviceDoneExecuting,-,16235,34]
12-30 09:42:52.121  2079  3025 I am_proc_bound: [0,5204,com.google.android.calendar]
12-30 09:42:52.280  3593  3611 I liblog  : 12
12-30 09:42:53.399  2079  4647 I am_proc_start: [0,5220,10063,com.android.exchange,content provider,com.android.exchange/.provider.ExchangeDirectoryProvider]
12-30 09:42:53.547  2079  3025 I am_proc_start: [0,5235,10003,com.android.providers.calendar,content provider,com.android.providers.calendar/.CalendarProvider2]
12-30 09:42:53.548  2079  2876 I am_proc_bound: [0,5220,com.android.exchange]
12-30 09:42:53.666  2079  2876 I am_proc_bound: [0,5235,com.android.providers.calendar]
12-30 09:42:54.045  2079  2876 I am_proc_died: [0,5220,com.android.exchange]
12-30 09:42:54.065  2079  2102 I dvm_lock_sample: [system_server,1,Binder_1,89,getContentProviderImpl,ActivityManagerService.java,9593,binderDied,-,1330,17]
12-30 09:42:54.127  2079  3009 I am_proc_start: [0,5250,10063,com.android.exchange,content provider,com.android.exchange/.provider.ExchangeDirectoryProvider]
12-30 09:42:54.128  2079  2123 I dvm_lock_sample: [system_server,1,android.ui,57,dispatchUidsChanged,ActivityManagerService.java,3867,getContentProviderImpl,-,9593,11]
12-30 09:42:54.245  2079  2936 I am_proc_bound: [0,5250,com.android.exchange]
12-30 09:42:54.904  2079  2103 I am_proc_died: [0,5250,com.android.exchange]
12-30 09:42:54.905  2079  2103 I am_kill : [0,2868,android.process.acore,1,depends on provider com.android.exchange/.provider.ExchangeDirectoryProvider in dying proc com.android.exchange]
12-30 09:42:55.126  2079  2936 I dvm_lock_sample: [system_server,1,Binder_9,372,startService,ActivityManagerService.java,15962,binderDied,-,1330,74]
12-30 09:42:55.129  2079  4647 I am_proc_died: [0,2868,android.process.acore]
12-30 09:42:55.129  2079  4647 I am_kill : [0,2833,com.google.android.inputmethod.latin,1,depends on provider com.android.providers.userdictionary/.UserDictionaryProvider in dying proc android.process.acore]
12-30 09:42:55.476  2079  3829 I dvm_lock_sample: [system_server,0,Binder_F,336,finishReceiver,ActivityManagerService.java,17330,binderDied,-,1330,67]
12-30 09:42:55.477  2079  2794 I dvm_lock_sample: [system_server,1,Binder_5,331,removeContentProvider,ActivityManagerService.java,9963,binderDied,-,1330,66]
12-30 09:42:55.478  2079  2806 I dvm_lock_sample: [system_server,1,Binder_6,265,broadcastIntent,ActivityManagerService.java,17217,binderDied,-,1330,53]
12-30 09:42:55.479  2079  3009 I dvm_lock_sample: [system_server,0,Binder_B,242,binderDied,ActivityManagerService.java,1330,binderDied,-,1330,48]
12-30 09:42:55.479  2079  3009 I am_proc_died: [0,2833,com.google.android.inputmethod.latin]
12-30 09:42:55.503  2079  3009 I am_schedule_service_restart: [0,com.google.android.inputmethod.latin/com.android.inputmethod.latin.LatinIME,1000]
12-30 09:42:55.507  2079  3009 I am_schedule_service_restart: [0,com.google.android.inputmethod.latin/com.android.inputmethod.latin.spellcheck.AndroidSpellCheckerService,10994]
12-30 09:42:55.650   381   381 I sf_frame_dur: [InputMethod,93,27,20,31,7,6,1]
12-30 09:42:55.689  2079  2992 I am_proc_start: [0,5278,10015,com.motorola.easyprefix,broadcast,com.motorola.easyprefix/.receiver.BootReceiver]
12-30 09:42:55.692  2079  3040 I am_kill : [0,5122,com.android.cellbroadcastreceiver,15,empty #7]
12-30 09:42:55.966  2079  2123 I dvm_lock_sample: [system_server,1,android.ui,275,dispatchUidsChanged,ActivityManagerService.java,3867,trimApplications,-,19673,55]
12-30 09:42:55.967  2079  2164 I dvm_lock_sample: [system_server,1,android.display,198,notifyActivityDrawn,ActivityManagerService.java,2828,removeContentProvider,-,9963,39]
12-30 09:42:55.969  2079  2867 I dvm_lock_sample: [system_server,0,Binder_7,190,binderDied,ActivityManagerService.java,1330,removeContentProvider,-,9963,38]
12-30 09:42:55.969  2079  2867 I am_proc_died: [0,5122,com.android.cellbroadcastreceiver]
12-30 09:42:55.972  2079  2121 I am_pss  : [3035,10042,com.google.android.googlequicksearchbox,39189504,35872768]
12-30 09:42:55.972  2079  3829 I am_proc_bound: [0,5278,com.motorola.easyprefix]
12-30 09:42:55.985  2079  3533 I battery_level: [4,3832,398]
12-30 09:42:56.266  2079  3040 I am_proc_start: [0,5294,10006,com.android.cellbroadcastreceiver,broadcast,com.android.cellbroadcastreceiver/.CellBroadcastReceiver]
12-30 09:42:56.316  2079  3533 I am_kill : [0,5151,com.android.settings,15,empty #7]
12-30 09:42:56.507  2079  2992 I dvm_lock_sample: [system_server,1,Binder_A,154,attachApplication,ActivityManagerService.java,6347,serviceDoneExecuting,-,16235,30]
12-30 09:42:56.507  2079  2992 I am_proc_bound: [0,5294,com.android.cellbroadcastreceiver]
12-30 09:42:56.561  2079  2122 I am_proc_start: [0,5308,10078,com.google.android.inputmethod.latin,service,com.google.android.inputmethod.latin/com.android.inputmethod.latin.LatinIME]
12-30 09:42:56.561  2079  2381 I dvm_lock_sample: [system_server,0,Binder_3,51,binderDied,ActivityManagerService.java,1330,attachApplication,-,6347,10]
12-30 09:42:56.561  2079  2381 I am_proc_died: [0,5151,com.android.settings]
12-30 09:42:56.657  2079  4647 I am_proc_bound: [0,5308,com.google.android.inputmethod.latin]
12-30 09:42:56.791  2079  3009 I am_proc_start: [0,5322,1000,com.android.settings,broadcast,com.android.settings/.sim.SimSelectNotification]
12-30 09:42:56.840  2079  3533 I am_proc_start: [0,5327,10004,android.process.acore,content provider,com.android.providers.contacts/.ContactsProvider2]
12-30 09:42:56.842  2079  2123 I dvm_lock_sample: [system_server,1,android.ui,49,dispatchUidsChanged,ActivityManagerService.java,3867,getContentProviderImpl,-,9593,9]
12-30 09:42:56.891  2079  2467 I am_proc_bound: [0,5322,com.android.settings]
12-30 09:42:56.976  2079  2103 I am_kill : [0,5167,com.motorola.config.wifi,15,empty #7]
12-30 09:42:57.235  2079  2123 I dvm_lock_sample: [system_server,1,android.ui,259,dispatchProcessesChanged,ActivityManagerService.java,3804,serviceDoneExecuting,-,16235,51]
12-30 09:42:57.236  2079  2936 I am_proc_died: [0,5167,com.motorola.config.wifi]
12-30 09:42:57.238  2079  2102 I dvm_lock_sample: [system_server,1,Binder_1,244,attachApplication,ActivityManagerService.java,6347,serviceDoneExecuting,-,16235,48]
12-30 09:42:57.238  2079  2102 I am_proc_bound: [0,5327,android.process.acore]
12-30 09:42:57.257  2079  2103 I am_kill : [0,4152,com.android.vending,15,empty #7]
12-30 09:42:57.505  2079  2123 I dvm_lock_sample: [system_server,1,android.ui,249,dispatchProcessesChanged,ActivityManagerService.java,3804,processNextBroadcast,BroadcastQueue.java,639,49]
12-30 09:42:57.507  2079  2936 I dvm_lock_sample: [system_server,0,Binder_9,127,binderDied,ActivityManagerService.java,1330,processNextBroadcast,BroadcastQueue.java,639,25]
12-30 09:42:57.507  2079  2936 I am_proc_died: [0,4152,com.android.vending]
12-30 09:42:57.555  2079  2103 I am_proc_start: [0,5352,10046,com.motorola.config.wifi,broadcast,com.motorola.config.wifi/.SimStateReceiver]
12-30 09:42:57.634  2079  2467 I am_proc_bound: [0,5352,com.motorola.config.wifi]
12-30 09:42:57.716  2079  3829 I am_kill : [0,5189,com.motorola.context,15,empty #7]
12-30 09:42:57.925  2079  2123 I dvm_lock_sample: [system_server,1,android.ui,208,dispatchProcessesChanged,ActivityManagerService.java,3804,processNextBroadcast,BroadcastQueue.java,639,41]
12-30 09:42:57.926  2079  2806 I am_proc_died: [0,5189,com.motorola.context]
12-30 09:42:57.985  2079  2992 I am_proc_start: [0,5370,10008,com.motorola.context,broadcast,com.motorola.context/.receiver.DateChangeBroadcastReceiver]
12-30 09:42:58.076  2079  2467 I am_proc_bound: [0,5370,com.motorola.context]
12-30 09:42:58.152  2079  2467 I force_gc: Binder
12-30 09:42:58.439  2079  2992 I am_kill : [0,5235,com.android.providers.calendar,15,empty #7]
12-30 09:42:58.655  2079  2121 I am_pss  : [2956,1000,com.motorola.process.system,2111488,815104]
12-30 09:42:58.657  2079  2794 I am_proc_died: [0,5235,com.android.providers.calendar]
12-30 09:42:58.868  2079  2121 I am_pss  : [2994,1001,com.android.phone,14080000,11960320]
12-30 09:42:59.019  2079  2121 I am_pss  : [2980,1000,com.motorola.modemservice,4514816,2953216]
12-30 09:42:59.135  2079  2121 I am_pss  : [2966,1000,com.qualcomm.services.location,1657856,516096]
12-30 09:42:59.294  2079  2121 I am_pss  : [2431,10040,com.android.systemui,43151360,38764544]
12-30 09:43:00.336  2079  2103 I am_proc_start: [0,5416,1000,com.qualcomm.timeservice,broadcast,com.qualcomm.timeservice/.TimeServiceBroadcastReceiver]
12-30 09:43:00.486  2079  2936 I am_proc_bound: [0,5416,com.qualcomm.timeservice]
12-30 09:43:00.686  2079  2992 I am_kill : [0,5278,com.motorola.easyprefix,15,empty #7]
12-30 09:43:00.958  2079  3533 I dvm_lock_sample: [system_server,1,Binder_E,260,getContentProviderImpl,ActivityManagerService.java,9593,processNextBroadcast,BroadcastQueue.java,639,52]
12-30 09:43:00.966  2079  2467 I am_proc_died: [0,5278,com.motorola.easyprefix]
12-30 09:43:00.976  2079  2794 I dvm_lock_sample: [system_server,1,Binder_5,158,getContentProviderImpl,ActivityManagerService.java,9593,processNextBroadcast,BroadcastQueue.java,639,31]
12-30 09:43:01.107  2079  2794 I am_proc_start: [0,5434,10003,com.android.providers.calendar,content provider,com.android.providers.calendar/.CalendarProvider2]
12-30 09:43:01.108  2079  2936 I dvm_lock_sample: [system_server,1,Binder_9,173,getIntentSender,ActivityManagerService.java,6781,processNextBroadcast,BroadcastQueue.java,639,34]
12-30 09:43:01.181  2079  3533 I am_proc_start: [0,5439,10059,com.google.android.deskclock,broadcast,com.google.android.deskclock/com.android.deskclock.AlarmInitReceiver]
12-30 09:43:01.302  2079  2467 I am_proc_bound: [0,5434,com.android.providers.calendar]
12-30 09:43:01.351  2079  2103 I am_proc_bound: [0,5439,com.google.android.deskclock]
12-30 09:43:01.453  2079  3040 I am_proc_start: [0,5462,10063,com.android.exchange,content provider,com.android.exchange/.provider.ExchangeDirectoryProvider]
12-30 09:43:01.565  2079  2121 I am_pss  : [4941,10148,com.schibsted.bomnegocio.androidApp,16635904,14344192]
12-30 09:43:01.606  2079  3009 I am_proc_bound: [0,5462,com.android.exchange]
12-30 09:43:01.964  2079  3009 I am_proc_died: [0,5462,com.android.exchange]
12-30 09:43:02.032  2079  2936 I am_proc_start: [0,5477,10063,com.android.exchange,content provider,com.android.exchange/.provider.ExchangeDirectoryProvider]
12-30 09:43:02.160  2079  2102 I am_proc_bound: [0,5477,com.android.exchange]
12-30 09:43:02.454  2079  2381 I am_proc_died: [0,5477,com.android.exchange]
12-30 09:43:02.454  2079  2381 I am_kill : [0,5327,android.process.acore,1,depends on provider com.android.exchange/.provider.ExchangeDirectoryProvider in dying proc com.android.exchange]
12-30 09:43:02.626  2079  2936 I dvm_lock_sample: [system_server,1,Binder_9,260,refContentProvider,ActivityManagerService.java,10102,binderDied,-,1330,52]
12-30 09:43:02.627  2079  3025 I dvm_lock_sample: [system_server,1,Binder_C,261,refContentProvider,ActivityManagerService.java,10102,binderDied,-,1330,52]
12-30 09:43:02.628  2079  2806 I dvm_lock_sample: [system_server,0,Binder_6,122,binderDied,ActivityManagerService.java,1330,binderDied,-,1330,24]
12-30 09:43:02.628  2079  2806 I am_proc_died: [0,5327,android.process.acore]
12-30 09:43:02.629  2079  2806 I am_kill : [0,5137,com.motorola.ServiceDialingNumbers,5,depends on provider com.android.providers.contacts/.ContactsProvider2 in dying proc android.process.acore]
12-30 09:43:02.714  2079  2806 I am_kill : [0,5308,com.google.android.inputmethod.latin,1,depends on provider com.android.providers.userdictionary/.UserDictionaryProvider in dying proc android.process.acore]
12-30 09:43:02.996  2079  3040 I dvm_lock_sample: [system_server,1,Binder_D,488,refContentProvider,ActivityManagerService.java,10102,binderDied,-,1330,97]
12-30 09:43:02.997  2079  3533 I dvm_lock_sample: [system_server,1,Binder_E,392,broadcastIntent,ActivityManagerService.java,17217,binderDied,-,1330,78]
12-30 09:43:02.998  2079  2123 I dvm_lock_sample: [system_server,1,android.ui,373,dispatchUidsChanged,ActivityManagerService.java,3867,binderDied,-,1330,74]
12-30 09:43:03.002  2079  2867 I dvm_lock_sample: [system_server,1,Binder_7,343,getRunningAppProcesses,ActivityManagerService.java,13006,binderDied,-,1330,68]
12-30 09:43:03.003  2079  2103 I dvm_lock_sample: [system_server,1,Binder_2,373,removeContentProvider,ActivityManagerService.java,9963,binderDied,-,1330,74]
12-30 09:43:03.005  2079  2876 I dvm_lock_sample: [system_server,0,Binder_8,332,binderDied,ActivityManagerService.java,1330,binderDied,-,1330,66]
12-30 09:43:03.005  2079  2876 I am_proc_died: [0,5137,com.motorola.ServiceDialingNumbers]
12-30 09:43:03.006  2079  2876 I am_schedule_service_restart: [0,com.motorola.ServiceDialingNumbers/.SDNService,1000]
12-30 09:43:03.008  2079  2992 I dvm_lock_sample: [system_server,0,Binder_A,193,binderDied,ActivityManagerService.java,1330,binderDied,-,1330,38]
12-30 09:43:03.009  2079  2992 I am_proc_died: [0,5308,com.google.android.inputmethod.latin]
12-30 09:43:03.022  2079  2992 I am_schedule_service_restart: [0,com.google.android.inputmethod.latin/com.android.inputmethod.latin.LatinIME,1000]
12-30 09:43:03.022  2079  2992 I am_schedule_service_restart: [0,com.google.android.inputmethod.latin/com.android.inputmethod.latin.spellcheck.AndroidSpellCheckerService,11000]
12-30 09:43:03.214  2079  2381 I am_kill : [0,5294,com.android.cellbroadcastreceiver,15,empty #7]
12-30 09:43:03.255   381   381 I sf_frame_dur: [InputMethod,3,8,5,5,1,0,0]
12-30 09:43:03.415  2079  2123 I dvm_lock_sample: [system_server,1,android.ui,202,dispatchProcessesChanged,ActivityManagerService.java,3804,serviceDoneExecuting,-,16235,40]
12-30 09:43:03.415  2079  3040 I dvm_lock_sample: [system_server,1,Binder_D,175,broadcastIntent,ActivityManagerService.java,17217,serviceDoneExecuting,-,16235,35]
12-30 09:43:03.416  2079  2103 I am_proc_died: [0,5294,com.android.cellbroadcastreceiver]
12-30 09:43:03.422  2079  2992 I am_kill : [0,5322,com.android.settings,15,empty #7]
12-30 09:43:03.451  4941  5008 I dvm_lock_sample: [com.schibsted.bomnegocio.android,0,Thread-231,102,put,DiskBasedCache.java,195,writeBytes,Posix.java,-2,20]
12-30 09:43:03.524  4941  5010 I dvm_lock_sample: [com.schibsted.bomnegocio.android,0,Thread-233,162,put,DiskBasedCache.java,195,writeBytes,Posix.java,-2,32]
12-30 09:43:03.548  2079  2102 I am_proc_died: [0,5322,com.android.settings]
12-30 09:43:03.956  2079  2467 I am_proc_start: [0,5501,10174,com.amazon.kindle,broadcast,com.amazon.kindle/com.amazon.identity.auth.device.storage.LambortishClock$ChangeTimestampsBroadcastReceiver]
12-30 09:43:04.061  2079  2122 I am_proc_start: [0,5515,10078,com.google.android.inputmethod.latin,service,com.google.android.inputmethod.latin/com.android.inputmethod.latin.LatinIME]
12-30 09:43:04.061  2079  3009 I am_proc_bound: [0,5501,com.amazon.kindle]
12-30 09:43:04.137  2079  2794 I am_proc_bound: [0,5515,com.google.android.inputmethod.latin]
12-30 09:43:04.481  4023  4107 I dvm_lock_sample: [com.whatsapp,0,JobConsumer-12,62,wait,Object.java,-2,b,n.java,5,12]
12-30 09:43:05.345   431  5538 I dc_mmlog: e=play,c=audio/mp4,fs=4568,pt=0,am=audio/mp4a-latm,ac=1,as=44100,ab=0,ad=92879
12-30 09:43:05.421  4023  4099 I dvm_lock_sample: [com.whatsapp,0,JobConsumer-5,49,wait,Object.java,-2,b,n.java,5,9]
12-30 09:43:05.424   431  5538 I dc_mmlog: e=stop,c=audio/mp4,fs=4568,pt=0,am=audio/mp4a-latm,ac=1,as=44100,ab=0,ad=92879
12-30 09:43:05.515  4023  4103 I dvm_lock_sample: [com.whatsapp,0,JobConsumer-8,61,wait,Object.java,-2,a,n.java,-1,12]
12-30 09:43:05.544  4023  4109 I dvm_lock_sample: [com.whatsapp,0,JobConsumer-14,90,wait,Object.java,-2,a,n.java,-1,18]
12-30 09:43:05.823  4023  4109 I dvm_lock_sample: [com.whatsapp,0,JobConsumer-14,79,wait,Object.java,-2,a,n.java,-1,15]
12-30 09:43:05.937  4023  4093 I dvm_lock_sample: [com.whatsapp,0,pool-2-thread-1,179,b,n.java,5,a,-,-1,35]
12-30 09:43:05.954  4023  4106 I dvm_lock_sample: [com.whatsapp,0,JobConsumer-11,16,wait,Object.java,-2,a,n.java,-1,3]
12-30 09:43:05.982  4023  4100 I dvm_lock_sample: [com.whatsapp,0,JobConsumer-6,44,wait,Object.java,-2,a,n.java,-1,8]
12-30 09:43:06.016  4023  4109 I dvm_lock_sample: [com.whatsapp,0,JobConsumer-14,78,wait,Object.java,-2,a,n.java,-1,15]
12-30 09:43:06.162  4023  4104 I dvm_lock_sample: [com.whatsapp,0,JobConsumer-9,125,wait,Object.java,-2,a,n.java,-1,25]
12-30 09:43:06.178  4941  5007 I dvm_lock_sample: [com.schibsted.bomnegocio.android,0,Thread-230,624,put,DiskBasedCache.java,211,,,0,150]
12-30 09:43:06.179  4941  5009 I dvm_lock_sample: [com.schibsted.bomnegocio.android,0,Thread-232,444,put,DiskBasedCache.java,195,put,-,195,88]
12-30 09:43:06.239  4023  4098 I dvm_lock_sample: [com.whatsapp,0,JobConsumer-4,195,wait,Object.java,-2,a,n.java,-1,39]
12-30 09:43:06.252  4941  5008 I dvm_lock_sample: [com.schibsted.bomnegocio.android,0,Thread-231,395,put,DiskBasedCache.java,195,put,-,195,79]
12-30 09:43:06.264  4023  4106 I dvm_lock_sample: [com.whatsapp,0,JobConsumer-11,220,wait,Object.java,-2,a,n.java,-1,44]
12-30 09:43:06.333  4023  4103 I dvm_lock_sample: [com.whatsapp,0,JobConsumer-8,52,wait,Object.java,-2,a,n.java,-1,10]
12-30 09:43:06.423  4023  4105 I dvm_lock_sample: [com.whatsapp,0,JobConsumer-10,141,c,n.java,21,a,-,-1,28]
12-30 09:43:06.424  4023  4098 I dvm_lock_sample: [com.whatsapp,0,JobConsumer-4,142,wait,Object.java,-2,a,n.java,-1,28]
12-30 09:43:06.442  4023  4109 I dvm_lock_sample: [com.whatsapp,0,JobConsumer-14,158,wait,Object.java,-2,a,n.java,-1,31]
12-30 09:43:06.449  4023  4099 I dvm_lock_sample: [com.whatsapp,0,JobConsumer-5,164,wait,Object.java,-2,a,n.java,-1,32]
12-30 09:43:06.578  4023  4099 I dvm_lock_sample: [com.whatsapp,0,JobConsumer-5,121,wait,Object.java,-2,a,n.java,-1,24]
12-30 09:43:07.344  2079  3009 I am_proc_start: [0,5562,10004,android.process.acore,content provider,com.android.providers.userdictionary/.UserDictionaryProvider]
12-30 09:43:07.499  2079  2876 I am_proc_bound: [0,5562,android.process.acore]
12-30 09:43:07.838  5501  5560 I dvm_lock_sample: [com.amazon.kindle,0,MAPCommonThreadPool#3,612,setup,DistributedDataStorage.java,255,,,0,150]
12-30 09:43:08.454  5501  5501 I dvm_lock_sample: [com.amazon.kindle,1,main,603,getAccounts,DistributedDataStorage.java,308,,,0,150]
12-30 09:43:08.462  2079  2992 I force_gc: Binder
12-30 09:43:08.824  5501  5554 I dvm_lock_sample: [com.amazon.kindle,0,ThreadPoolManager1-thread-2,638,getAuthenticationManager,StandaloneKindleObjectFactory.ja,405,getDate,DBHelpers.java,51,100]
12-30 09:43:09.574  2079  2102 I dvm_lock_sample: [system_server,1,Binder_1,127,exists,UserManagerService.java,408,getInstalledPackages,PackageManagerService.java,5362,25]
12-30 09:43:09.628  2079  3009 I am_kill : [0,5352,com.motorola.config.wifi,15,empty #7]
12-30 09:43:09.637  5501  5554 I dvm_lock_sample: [com.amazon.kindle,0,ThreadPoolManager1-thread-2,545,get,LazyBinding.java,57,transactNative,Binder.java,-2,100]
12-30 09:43:09.946  2079  3829 I dvm_lock_sample: [system_server,0,Binder_F,134,binderDied,ActivityManagerService.java,1330,removeContentProvider,-,9963,26]
12-30 09:43:09.946  2079  3829 I am_proc_died: [0,5352,com.motorola.config.wifi]
12-30 09:43:09.975  5501  5501 I dvm_lock_sample: [com.amazon.kindle,1,main,244,get,LazyBinding.java,57,<init>,WeakReference.java,94,48]
