12-30 09:48:02.742  2079  2079 I notification_enqueue: [10106,6434,com.whatsapp,1,NULL,0,Notification(pri=1 contentView=null vibrate=null sound=null tick defaults=0x0 flags=0x200 color=0xff075e54 category=msg groupKey=group_key_messages vis=PRIVATE publicVersion=Notification(pri=0 contentView=com.whatsapp/0x1090085 vibrate=null sound=null defaults=0x0 flags=0x0 color=0xff075e54 category=msg vis=PRIVATE)),1]
12-30 09:48:02.894  2079  2079 I notification_enqueue: [1007,4402,com.motorola.bug2go,3035,NULL,0,Notification(pri=0 contentView=com.motorola.bug2go/0x7f030005 vibrate=null sound=null defaults=0x0 flags=0x2 color=0x00000000 vis=PRIVATE),1]
12-30 09:48:03.437  2079  2079 I notification_enqueue: [1007,4402,com.motorola.bug2go,3035,NULL,0,Notification(pri=0 contentView=com.motorola.bug2go/0x7f030005 vibrate=null sound=null defaults=0x0 flags=0x2 color=0x00000000 vis=PRIVATE),1]
12-30 09:48:04.560  2079  2079 I notification_enqueue: [1007,4402,com.motorola.bug2go,3035,NULL,0,Notification(pri=0 contentView=com.motorola.bug2go/0x7f030005 vibrate=null sound=null defaults=0x0 flags=0x2 color=0x00000000 vis=PRIVATE),1]
12-30 09:48:04.862  2079  2079 I notification_enqueue: [1007,4402,com.motorola.bug2go,3035,NULL,0,Notification(pri=0 contentView=com.motorola.bug2go/0x7f030005 vibrate=null sound=null defaults=0x0 flags=0x2 color=0x00000000 vis=PRIVATE),1]
12-30 09:48:05.077  2079  2806 I am_kill : [0,9869,com.android.vending,15,empty #7]
12-30 09:48:05.267  2079  2123 I dvm_lock_sample: [system_server,1,android.ui,181,dispatchProcessesChanged,ActivityManagerService.java,3804,processNextBroadcast,BroadcastQueue.java,639,36]
12-30 09:48:05.268  2079  2876 I dvm_lock_sample: [system_server,1,Binder_8,156,registerReceiver,ActivityManagerService.java,16425,processNextBroadcast,BroadcastQueue.java,639,31]
12-30 09:48:05.269  2079  2992 I dvm_lock_sample: [system_server,0,Binder_A,66,binderDied,ActivityManagerService.java,1330,processNextBroadcast,BroadcastQueue.java,639,13]
12-30 09:48:05.269  2079  2992 I am_proc_died: [0,9869,com.android.vending]
12-30 09:48:06.230  2079  2867 I dvm_lock_sample: [system_server,1,Binder_7,256,getAccountsInternal,AccountManagerService.java,2669,setUserdataInternal,-,1737,51]
12-30 09:48:06.246  2079  2079 I notification_enqueue: [1007,4402,com.motorola.bug2go,3035,NULL,0,Notification(pri=0 contentView=com.motorola.bug2go/0x7f030005 vibrate=null sound=null defaults=0x0 flags=0x2 color=0x00000000 vis=PRIVATE),1]
12-30 09:48:06.565  2079  2079 I notification_enqueue: [1007,4402,com.motorola.bug2go,3035,NULL,0,Notification(pri=0 contentView=com.motorola.bug2go/0x7f030005 vibrate=null sound=null defaults=0x0 flags=0x2 color=0x00000000 vis=PRIVATE),1]
12-30 09:48:06.597  2079  2381 I force_gc: Binder
12-30 09:48:06.691  2079  2366 I netstats_mobile_sample: [0,0,0,0,0,0,0,0,0,0,0,0,1451479684637]
12-30 09:48:06.692  2079  2366 I netstats_wifi_sample: [3638792,12679,25191812,19880,3638792,12679,25191812,19880,3637984,12667,24911784,19876,1451479684637]
12-30 09:48:07.464  2079  2467 I am_proc_start: [0,10661,10105,com.google.android.apps.enterprise.dmagent,broadcast,com.google.android.apps.enterprise.dmagent/.AndroidIdReceiver]
12-30 09:48:07.544  2079  3025 I am_proc_bound: [0,10661,com.google.android.apps.enterprise.dmagent]
12-30 09:48:07.559  2079  2079 I notification_enqueue: [1007,4402,com.motorola.bug2go,3035,NULL,0,Notification(pri=0 contentView=com.motorola.bug2go/0x7f030005 vibrate=null sound=null defaults=0x0 flags=0x2 color=0x00000000 vis=PRIVATE),1]
12-30 09:48:07.976  2079  2936 I am_kill : [0,10555,com.instagram.android,15,empty #7]
12-30 09:48:08.229  2079  2123 I dvm_lock_sample: [system_server,1,android.ui,251,dispatchProcessesChanged,ActivityManagerService.java,3804,trimApplications,-,19673,50]
12-30 09:48:08.230  2079  3009 I am_proc_died: [0,10555,com.instagram.android]
12-30 09:48:08.377  2079  2381 I am_proc_start: [0,10680,10042,com.google.android.googlequicksearchbox:search,broadcast,com.google.android.googlequicksearchbox/com.google.android.apps.gsa.search.core.GmsPackageWatcher]
12-30 09:48:08.444  2079  3533 I am_proc_bound: [0,10680,com.google.android.googlequicksearchbox:search]
12-30 09:48:09.590  2079  2992 I am_kill : [0,10465,com.motorola.context,15,empty #7]
12-30 09:48:09.711  2079  3040 I am_proc_died: [0,10465,com.motorola.context]
12-30 09:48:09.791  2079  3025 I am_proc_start: [0,10698,10094,com.google.android.apps.plus,broadcast,com.google.android.apps.plus/.service.PackagesMediaMonitor]
12-30 09:48:09.868  2079  3009 I am_proc_bound: [0,10698,com.google.android.apps.plus]
12-30 09:48:10.657  2079  3829 I am_kill : [0,10482,com.google.android.calendar,15,empty #7]
12-30 09:48:10.795  2079  2806 I am_proc_died: [0,10482,com.google.android.calendar]
12-30 09:48:11.347  2079  2079 I notification_enqueue: [1007,4402,com.motorola.bug2go,3035,NULL,0,Notification(pri=0 contentView=com.motorola.bug2go/0x7f030005 vibrate=null sound=null defaults=0x0 flags=0x2 color=0x00000000 vis=PRIVATE),1]
12-30 09:48:11.394  3518  4615 I dvm_lock_sample: [com.google.android.gms,0,Icing-Worker-0,1013,a,SourceFile,894,,,0,150]
12-30 09:48:11.401  2079  2079 I notification_enqueue: [1007,4402,com.motorola.bug2go,3035,NULL,0,Notification(pri=0 contentView=com.motorola.bug2go/0x7f030005 vibrate=null sound=null defaults=0x0 flags=0x2 color=0x00000000 vis=PRIVATE),1]
12-30 09:48:11.467  2079  2079 I notification_enqueue: [1007,4402,com.motorola.bug2go,3035,NULL,0,Notification(pri=0 contentView=com.motorola.bug2go/0x7f030005 vibrate=null sound=null defaults=0x0 flags=0x2 color=0x00000000 vis=PRIVATE),1]
12-30 09:48:11.516  2079  2079 I notification_enqueue: [1007,4402,com.motorola.bug2go,3035,NULL,0,Notification(pri=0 contentView=com.motorola.bug2go/0x7f030005 vibrate=null sound=null defaults=0x0 flags=0x2 color=0x00000000 vis=PRIVATE),1]
12-30 09:48:11.933  2079  2102 I am_proc_start: [0,10724,10032,com.android.vending,broadcast,com.android.vending/com.google.android.finsky.receivers.PackageMonitorReceiver$RegisteredReceiver]
12-30 09:48:11.940  2079  2123 I dvm_lock_sample: [system_server,1,android.ui,43,dispatchUidsChanged,ActivityManagerService.java,3867,processNextBroadcast,BroadcastQueue.java,639,8]
12-30 09:48:12.069  2079  4647 I am_proc_bound: [0,10724,com.android.vending]
12-30 09:48:12.317  2079  3040 I am_kill : [0,10627,br.com.bb.android,15,empty #7]
12-30 09:48:12.486  2079  2123 I dvm_lock_sample: [system_server,1,android.ui,167,dispatchProcessesChanged,ActivityManagerService.java,3804,serviceDoneExecuting,-,16235,33]
12-30 09:48:12.488  2079  2102 I dvm_lock_sample: [system_server,0,Binder_1,131,binderDied,ActivityManagerService.java,1330,serviceDoneExecuting,-,16235,26]
12-30 09:48:12.491  2079  2102 I am_proc_died: [0,10627,br.com.bb.android]
12-30 09:48:13.838  2956  2976 I force_gc: Binder
12-30 09:48:14.030  2079  2794 I force_gc: Binder
12-30 09:48:14.848  3518  4615 I dvm_lock_sample: [com.google.android.gms,0,Icing-Worker-0,3257,a,SourceFile,894,,,0,150]
12-30 09:48:14.970  2079  2079 I notification_enqueue: [1007,4402,com.motorola.bug2go,3035,NULL,0,Notification(pri=0 contentView=com.motorola.bug2go/0x7f030005 vibrate=null sound=null defaults=0x0 flags=0x2 color=0x00000000 vis=PRIVATE),1]
12-30 09:48:15.097  2079  2079 I notification_enqueue: [1007,4402,com.motorola.bug2go,3035,NULL,0,Notification(pri=0 contentView=com.motorola.bug2go/0x7f030005 vibrate=null sound=null defaults=0x0 flags=0x2 color=0x00000000 vis=PRIVATE),1]
12-30 09:48:15.144  2079  2079 I notification_enqueue: [1007,4402,com.motorola.bug2go,3035,NULL,0,Notification(pri=0 contentView=com.motorola.bug2go/0x7f030005 vibrate=null sound=null defaults=0x0 flags=0x2 color=0x00000000 vis=PRIVATE),1]
12-30 09:48:15.208  2079  3040 I am_proc_start: [0,10789,10065,com.google.android.gm,broadcast,com.google.android.gm/.widget.GmailWidgetProvider]
12-30 09:48:15.308  2079  3533 I am_proc_bound: [0,10789,com.google.android.gm]
12-30 09:48:15.411  2079  2103 I dvm_lock_sample: [system_server,0,Binder_2,91,serviceDoneExecuting,ActivityManagerService.java,16235,attachApplication,-,6347,18]
12-30 09:48:15.418  2079  2467 I dvm_lock_sample: [system_server,1,Binder_4,50,broadcastIntent,ActivityManagerService.java,17217,attachApplication,-,6347,10]
12-30 09:48:15.422  2079  3829 I dvm_lock_sample: [system_server,1,Binder_F,9,removeContentProvider,ActivityManagerService.java,9963,serviceDoneExecuting,-,16235,1]
12-30 09:48:15.507  2079  2079 I notification_enqueue: [1007,4402,com.motorola.bug2go,3035,NULL,0,Notification(pri=0 contentView=com.motorola.bug2go/0x7f030005 vibrate=null sound=null defaults=0x0 flags=0x2 color=0x00000000 vis=PRIVATE),1]
12-30 09:48:15.738  2079  2794 I am_kill : [0,7745,br.com.buscape.MainPack,15,empty #7]
12-30 09:48:15.930  2079  3025 I dvm_lock_sample: [system_server,1,Binder_C,87,getContentProviderImpl,ActivityManagerService.java,9593,removeContentProvider,-,9963,17]
12-30 09:48:15.989  2079  3025 I am_proc_start: [0,10810,10022,com.google.android.partnersetup,content provider,com.google.android.partnersetup/.RlzAppProvider]
12-30 09:48:15.992  2079  2123 I dvm_lock_sample: [system_server,1,android.ui,54,dispatchUidsChanged,ActivityManagerService.java,3867,getContentProviderImpl,-,9593,10]
12-30 09:48:16.030  2079  3829 I dvm_lock_sample: [system_server,1,Binder_F,26,isUserRunning,ActivityManagerService.java,20693,processNextBroadcast,BroadcastQueue.java,639,5]
12-30 09:48:16.067  3518 10809 I force_gc: Binder
12-30 09:48:16.091  2079  2103 I am_proc_died: [0,7745,br.com.buscape.MainPack]
12-30 09:48:16.165  2079  2102 I am_proc_bound: [0,10810,com.google.android.partnersetup]
12-30 09:48:16.255  2079  4647 I am_kill : [0,10611,com.android.providers.calendar,15,empty #7]
12-30 09:48:16.476  2079  2123 I dvm_lock_sample: [system_server,1,android.ui,223,dispatchProcessesChanged,ActivityManagerService.java,3804,serviceDoneExecuting,-,16235,44]
12-30 09:48:16.477  2079  3009 I dvm_lock_sample: [system_server,0,Binder_B,148,binderDied,ActivityManagerService.java,1330,serviceDoneExecuting,-,16235,29]
12-30 09:48:16.477  2079  3009 I am_proc_died: [0,10611,com.android.providers.calendar]
12-30 09:48:16.480  2079  2876 I dvm_lock_sample: [system_server,1,Binder_8,130,broadcastIntent,ActivityManagerService.java,17217,serviceDoneExecuting,-,16235,26]
12-30 09:48:16.481  2079  2102 I dvm_lock_sample: [system_server,1,Binder_1,110,getContentProviderImpl,ActivityManagerService.java,9593,serviceDoneExecuting,-,16235,22]
12-30 09:48:16.505  2079  4647 I am_kill : [0,10661,com.google.android.apps.enterprise.dmagent,15,empty #7]
12-30 09:48:16.696  2079  3040 I dvm_lock_sample: [system_server,1,Binder_D,161,broadcastIntent,ActivityManagerService.java,17217,serviceDoneExecuting,-,16235,32]
12-30 09:48:16.697  2079  2876 I am_proc_died: [0,10661,com.google.android.apps.enterprise.dmagent]
12-30 09:48:16.711  2079  2079 I notification_enqueue: [1007,4402,com.motorola.bug2go,3035,NULL,0,Notification(pri=0 contentView=com.motorola.bug2go/0x7f030005 vibrate=null sound=null defaults=0x0 flags=0x2 color=0x00000000 vis=PRIVATE),1]
12-30 09:48:16.729  2079  2121 I sync    : [com.google.android.gms.people,1,2,309948566]
12-30 09:48:16.749  2079  2121 I sync    : [com.android.calendar,0,2,309948566]
12-30 09:48:16.880  2079  2121 I am_proc_start: [0,10840,10053,com.google.android.calendar,service,com.google.android.calendar/com.google.android.syncadapters.calendar.CalendarSyncAdapterService]
12-30 09:48:16.981  2079  2806 I am_proc_bound: [0,10840,com.google.android.calendar]
12-30 09:48:17.481  2079  2794 I am_proc_start: [0,10864,10003,com.android.providers.calendar,content provider,com.android.providers.calendar/.CalendarProvider2]
12-30 09:48:17.493  2079  2936 I dvm_lock_sample: [system_server,1,Binder_9,52,stopServiceToken,ActivityManagerService.java,16021,getContentProviderImpl,-,9593,10]
12-30 09:48:17.578  2079  2381 I am_proc_bound: [0,10864,com.android.providers.calendar]
12-30 09:48:17.877 10789 10838 I dvm_lock_sample: [com.google.android.gm,0,EmailProvider thread,1037,e,SourceFile,1291,enqueueMessage,MessageQueue.java,584,100]
12-30 09:48:18.158  2079  2381 I am_kill : [0,10680,com.google.android.googlequicksearchbox:search,15,empty #7]
12-30 09:48:18.367  2079  2121 I dvm_lock_sample: [system_server,0,android.bg,98,getTagForIntentSender,ActivityManagerService.java,6998,removeContentProvider,-,9963,19]
12-30 09:48:18.369  2079  3829 I am_proc_died: [0,10680,com.google.android.googlequicksearchbox:search]
12-30 09:48:18.486  2079  2121 I sync    : [com.google.android.apps.docs.editors.trix,1,2,-2066781059]
12-30 09:48:18.503  2079  2381 I am_kill : [0,10724,com.android.vending,15,empty #7]
12-30 09:48:18.655  2079  2123 I dvm_lock_sample: [system_server,1,android.ui,153,dispatchProcessesChanged,ActivityManagerService.java,3804,serviceDoneExecuting,-,16235,30]
12-30 09:48:18.790  2079  3025 I am_proc_died: [0,10724,com.android.vending]
12-30 09:48:18.796  2079  4647 I dvm_lock_sample: [system_server,1,Binder_10,168,broadcastIntent,ActivityManagerService.java,17217,serviceDoneExecuting,-,16235,33]
12-30 09:48:18.801  2079  2123 I dvm_lock_sample: [system_server,1,android.ui,145,dispatchUidsChanged,ActivityManagerService.java,3867,bindService,-,16197,29]
12-30 09:48:18.837  2079  2079 I notification_enqueue: [1007,4402,com.motorola.bug2go,3035,NULL,0,Notification(pri=0 contentView=com.motorola.bug2go/0x7f030005 vibrate=null sound=null defaults=0x0 flags=0x2 color=0x00000000 vis=PRIVATE),1]
12-30 09:48:18.843  2079  2121 I sync    : [com.google.android.location.reporting,0,2,309948566]
12-30 09:48:18.876  2079  2992 I force_gc: Binder
12-30 09:48:19.432  2079  2079 I dvm_lock_sample: [system_server,1,main,54,noteAlarmFinish,ActivityManagerService.java,11379,getStatistics,BatteryStatsService.java,297,10]
12-30 09:48:19.605 10901 10901 I auditd  : type=1400 audit(0.0:1376): avc: denied { read } for uid=10106 comm="IntentService[A" name="mem" dev="debugfs" ino=34177 scontext=u:r:untrusted_app:s0:c512,c768 tcontext=u:object_r:debugfs:s0 tclass=file permissive=0
12-30 09:48:19.695 10901 10901 I auditd  : type=1400 audit(0.0:1377): avc: denied { read } for uid=10106 comm="IntentService[A" name="mem" dev="debugfs" ino=34177 scontext=u:r:untrusted_app:s0:c512,c768 tcontext=u:object_r:debugfs:s0 tclass=file permissive=0
12-30 09:48:19.960  2079  2079 I notification_enqueue: [1007,4402,com.motorola.bug2go,3035,NULL,0,Notification(pri=0 contentView=com.motorola.bug2go/0x7f030005 vibrate=null sound=null defaults=0x0 flags=0x2 color=0x00000000 vis=PRIVATE),1]
12-30 09:48:20.879  2079  2079 I notification_enqueue: [1007,4402,com.motorola.bug2go,3035,NULL,0,Notification(pri=0 contentView=com.motorola.bug2go/0x7f030005 vibrate=null sound=null defaults=0x0 flags=0x2 color=0x00000000 vis=PRIVATE),1]
12-30 09:48:20.929 10789 10789 I dvm_lock_sample: [com.google.android.gm,1,main,338,next,MessageQueue.java,325,enqueueMessage,-,541,67]
12-30 09:48:21.201  2079  2121 I am_pss  : [5879,10000,com.motorola.ccc,10504192,9105408]
12-30 09:48:21.458  2079  2381 I am_proc_start: [0,10929,10008,com.motorola.context,broadcast,com.motorola.context/.publisher.calendar.CalendarReceiver]
12-30 09:48:21.514  2079  2079 I notification_enqueue: [1007,4402,com.motorola.bug2go,3035,NULL,0,Notification(pri=0 contentView=com.motorola.bug2go/0x7f030005 vibrate=null sound=null defaults=0x0 flags=0x2 color=0x00000000 vis=PRIVATE),1]
12-30 09:48:21.640  2079  2381 I am_proc_bound: [0,10929,com.motorola.context]
12-30 09:48:21.906  2079  4647 I notification_cancel_all: [10014,3954,com.android.providers.downloads,0,0,64,9,NULL]
12-30 09:48:22.044  2079  2102 I am_kill : [0,10315,android.process.acore,15,empty #7]
12-30 09:48:22.261  2079  3829 I dvm_lock_sample: [system_server,1,Binder_F,207,registerReceiver,ActivityManagerService.java,16425,serviceDoneExecuting,-,16235,41]
12-30 09:48:22.261  2079  2381 I dvm_lock_sample: [system_server,1,Binder_3,172,broadcastIntent,ActivityManagerService.java,17217,serviceDoneExecuting,-,16235,34]
12-30 09:48:22.301  2079  2079 I notification_enqueue: [1007,4402,com.motorola.bug2go,3035,NULL,0,Notification(pri=0 contentView=com.motorola.bug2go/0x7f030005 vibrate=null sound=null defaults=0x0 flags=0x2 color=0x00000000 vis=PRIVATE),1]
12-30 09:48:22.377  2079  2381 I am_proc_start: [0,10954,10059,com.google.android.deskclock,broadcast,com.google.android.deskclock/com.android.alarmclock.DigitalAppWidgetProvider]
12-30 09:48:22.419  2079  3533 I am_proc_died: [0,10315,android.process.acore]
12-30 09:48:22.480  2079  2867 I am_proc_bound: [0,10954,com.google.android.deskclock]
12-30 09:48:23.155  2079  2876 I am_kill : [0,10810,com.google.android.partnersetup,15,empty #7]
12-30 09:48:23.305  2079  2102 I am_proc_died: [0,10810,com.google.android.partnersetup]
12-30 09:48:23.614  2079  3009 I am_proc_start: [0,10979,10042,com.google.android.googlequicksearchbox:search,broadcast,com.google.android.googlequicksearchbox/com.google.android.apps.gsa.search.core.location.LocationReceiver]
12-30 09:48:23.730  2079  2936 I am_proc_bound: [0,10979,com.google.android.googlequicksearchbox:search]
12-30 09:48:23.789  2079  2121 I sync    : [com.google.android.location.reporting,1,2,309948566]
12-30 09:48:23.874  2079  2121 I sync    : [com.google.android.gms.fitness,0,2,309948566]
12-30 09:48:24.503  2079  2121 I sync    : [com.google.android.gms.fitness,1,2,309948566]
12-30 09:48:24.529  2079  2121 I sync    : [gmail-ls,0,2,309948566]
12-30 09:48:24.742  2079  2381 I force_gc: Binder
12-30 09:48:25.317  2079  2079 I notification_enqueue: [1007,4402,com.motorola.bug2go,3035,NULL,0,Notification(pri=0 contentView=com.motorola.bug2go/0x7f030005 vibrate=null sound=null defaults=0x0 flags=0x2 color=0x00000000 vis=PRIVATE),1]
12-30 09:48:25.650  2079  2992 I am_proc_start: [0,11013,10022,com.google.android.partnersetup,content provider,com.google.android.partnersetup/.RlzAppProvider]
12-30 09:48:25.651  2079  2123 I dvm_lock_sample: [system_server,1,android.ui,85,dispatchUidsChanged,ActivityManagerService.java,3867,getContentProviderImpl,-,9593,17]
12-30 09:48:25.755  2079  3040 I am_proc_bound: [0,11013,com.google.android.partnersetup]
12-30 09:48:26.188  3192  3559 I liblog  : 2
12-30 09:48:26.274  3294 11005 I dvm_lock_sample: [com.facebook.orca,0,Thread-185,908,run,QeHttpRequestExecutor.java,61,,,0,150]
12-30 09:48:26.364 10979 11007 I dvm_lock_sample: [com.google.android.googlequickse,0,Background Non-Blocking-0,200,bnQ,SidekickInjector.java,746,axc,VelvetServices.java,278,40]
12-30 09:48:26.426  2079  2079 I notification_enqueue: [1007,4402,com.motorola.bug2go,3035,NULL,0,Notification(pri=0 contentView=com.motorola.bug2go/0x7f030005 vibrate=null sound=null defaults=0x0 flags=0x2 color=0x00000000 vis=PRIVATE),1]
12-30 09:48:26.673  2079  2936 I am_proc_start: [0,11050,10004,android.process.acore,content provider,com.android.providers.contacts/.ContactsProvider2]
12-30 09:48:26.674  2079  2123 I dvm_lock_sample: [system_server,1,android.ui,41,dispatchUidsChanged,ActivityManagerService.java,3867,getContentProviderImpl,-,9593,8]
12-30 09:48:26.824  2079  2876 I am_proc_bound: [0,11050,android.process.acore]
12-30 09:48:27.740  2079  2867 I dvm_lock_sample: [system_server,1,Binder_7,91,refContentProvider,ActivityManagerService.java,10102,getContentProviderImpl,-,9593,18]
12-30 09:48:27.759  2079  2102 I dvm_lock_sample: [system_server,1,Binder_1,15,refContentProvider,ActivityManagerService.java,10102,processNextBroadcast,BroadcastQueue.java,639,3]
12-30 09:48:28.365  3310  9353 I c2dm    : [-8,com.google.android.gsf.gtalkservice:,15,8]
12-30 09:48:28.447  2079  2103 I am_proc_start: [0,11073,10105,com.google.android.apps.enterprise.dmagent,broadcast,com.google.android.apps.enterprise.dmagent/.receivers.DMServiceReceiver]
12-30 09:48:28.593  2079  2992 I am_proc_bound: [0,11073,com.google.android.apps.enterprise.dmagent]
12-30 09:48:28.641  2079  2079 I notification_enqueue: [10123,3192,org.telegram.messenger,10000,NULL,0,Notification(pri=0 contentView=null vibrate=null sound=null defaults=0x0 flags=0x0 color=0xff2ca5e0 category=msg groupKey=messages vis=PRIVATE),0]
12-30 09:48:28.882  2079  2079 I notification_enqueue: [10123,3192,org.telegram.messenger,1,NULL,0,Notification(pri=1 contentView=null vibrate=default sound=content://settings/system/notification_sound tick defaults=0x2 flags=0x211 color=0xff2ca5e0 category=msg groupKey=messages vis=PRIVATE),0]
12-30 09:48:28.901  2079  2079 I notification_alert: [0|org.telegram.messenger|1|null|10123,0,0,1]
12-30 09:48:29.163  2079  2381 I notification_expansion: [0|org.telegram.messenger|1|null|10123,0,1,281,281,0]
12-30 09:48:29.164  2079  2103 I notification_expansion: [0|com.whatsapp|1|null|10106,0,0,27663,26422,0]
12-30 09:48:30.112  2079  3829 I dvm_lock_sample: [system_server,0,Binder_F,26,finishReceiver,ActivityManagerService.java,17330,getContentProviderImpl,-,9593,5]
12-30 09:48:30.740  2079  2467 I am_proc_start: [0,11110,10091,air.br.com.alelo.mobile.android,broadcast,air.br.com.alelo.mobile.android/com.ibm.mce.sdk.wi.AlarmReceiver]
12-30 09:48:30.744  2079  4647 I dvm_lock_sample: [system_server,1,Binder_10,61,getContentProviderImpl,ActivityManagerService.java,9593,processNextBroadcast,BroadcastQueue.java,639,12]
12-30 09:48:30.952  2079  3040 I am_proc_bound: [0,11110,air.br.com.alelo.mobile.android]
12-30 09:48:31.005  2079  2079 I notification_enqueue: [1007,4402,com.motorola.bug2go,3035,NULL,0,Notification(pri=0 contentView=com.motorola.bug2go/0x7f030005 vibrate=null sound=null defaults=0x0 flags=0x2 color=0x00000000 vis=PRIVATE),1]
12-30 09:48:31.156  2079  2867 I force_gc: Binder
12-30 09:48:31.414  2079  3040 I notification_cancel_all: [10014,3954,com.android.providers.downloads,0,0,64,9,NULL]
12-30 09:48:31.844  2079  2936 I am_kill : [0,10698,com.google.android.apps.plus,15,empty #7]
12-30 09:48:32.070  2079  3829 I dvm_lock_sample: [system_server,1,Binder_F,181,publishContentProviders,ActivityManagerService.java,10031,serviceDoneExecuting,-,16235,36]
12-30 09:48:32.071  2079  2381 I am_proc_died: [0,10698,com.google.android.apps.plus]
12-30 09:48:32.091  2079  2121 I dvm_lock_sample: [system_server,0,android.bg,129,isUserRunning,ActivityManagerService.java,20693,serviceDoneExecuting,-,16235,25]
12-30 09:48:32.102  2079  2123 I dvm_lock_sample: [system_server,1,android.ui,21,dispatchUidsChanged,ActivityManagerService.java,3867,binderDied,-,1330,4]
12-30 09:48:32.468  2079  3009 I am_kill : [0,10292,com.google.android.apps.docs.editors.sheets,15,empty #7]
12-30 09:48:32.674  2079  2366 I netstats_mobile_sample: [0,0,0,0,0,0,0,0,0,0,0,0,1451479710621]
12-30 09:48:32.675  2079  2366 I netstats_wifi_sample: [3738874,13691,27265824,21464,3738874,13691,27265824,21464,3738098,13679,26956547,21455,1451479710621]
12-30 09:48:32.693  2079  2123 I dvm_lock_sample: [system_server,1,android.ui,225,dispatchProcessesChanged,ActivityManagerService.java,3804,removeContentProvider,-,9963,45]
12-30 09:48:32.694  2079  2936 I dvm_lock_sample: [system_server,1,Binder_9,211,getCurrentUser,ActivityManagerService.java,20672,removeContentProvider,-,9963,42]
12-30 09:48:32.823  2079  2079 I notification_enqueue: [1007,4402,com.motorola.bug2go,3035,NULL,0,Notification(pri=0 contentView=com.motorola.bug2go/0x7f030005 vibrate=null sound=null defaults=0x0 flags=0x2 color=0x00000000 vis=PRIVATE),1]
12-30 09:48:32.927  2079  2103 I am_proc_died: [0,10292,com.google.android.apps.docs.editors.sheets]
12-30 09:48:33.164  2079  2079 I notification_enqueue: [1007,4402,com.motorola.bug2go,3035,NULL,0,Notification(pri=0 contentView=com.motorola.bug2go/0x7f030005 vibrate=null sound=null defaults=0x0 flags=0x2 color=0x00000000 vis=PRIVATE),1]
12-30 09:48:33.226  2079  2079 I notification_enqueue: [1007,4402,com.motorola.bug2go,3035,NULL,0,Notification(pri=0 contentView=com.motorola.bug2go/0x7f030005 vibrate=null sound=null defaults=0x0 flags=0x2 color=0x00000000 vis=PRIVATE),1]
12-30 09:48:33.372  2079  2079 I notification_enqueue: [1007,4402,com.motorola.bug2go,3035,NULL,0,Notification(pri=0 contentView=com.motorola.bug2go/0x7f030005 vibrate=null sound=null defaults=0x0 flags=0x2 color=0x00000000 vis=PRIVATE),1]
12-30 09:48:33.520  2079  2121 I dvm_lock_sample: [system_server,0,android.bg,55,isUserRunning,ActivityManagerService.java,20693,processNextBroadcast,BroadcastQueue.java,639,11]
12-30 09:48:33.599  2079  2079 I notification_enqueue: [1007,4402,com.motorola.bug2go,3035,NULL,0,Notification(pri=0 contentView=com.motorola.bug2go/0x7f030005 vibrate=null sound=null defaults=0x0 flags=0x2 color=0x00000000 vis=PRIVATE),1]
12-30 09:48:33.621  2079  3829 I dvm_lock_sample: [system_server,1,Binder_F,238,scheduleSyncOperation,SyncManager.java,1115,maybeStartNextSyncH,-,2590,47]
12-30 09:48:33.789  2079  2079 I notification_enqueue: [1007,4402,com.motorola.bug2go,3035,NULL,0,Notification(pri=0 contentView=com.motorola.bug2go/0x7f030005 vibrate=null sound=null defaults=0x0 flags=0x2 color=0x00000000 vis=PRIVATE),1]
12-30 09:48:33.928  2079  2079 I notification_enqueue: [1007,4402,com.motorola.bug2go,3035,NULL,0,Notification(pri=0 contentView=com.motorola.bug2go/0x7f030005 vibrate=null sound=null defaults=0x0 flags=0x2 color=0x00000000 vis=PRIVATE),1]
12-30 09:48:34.024  2079  2079 I notification_enqueue: [1007,4402,com.motorola.bug2go,3035,NULL,0,Notification(pri=0 contentView=com.motorola.bug2go/0x7f030005 vibrate=null sound=null defaults=0x0 flags=0x2 color=0x00000000 vis=PRIVATE),1]
12-30 09:48:34.161  2079  2079 I notification_enqueue: [1007,4402,com.motorola.bug2go,3035,NULL,0,Notification(pri=0 contentView=com.motorola.bug2go/0x7f030005 vibrate=null sound=null defaults=0x0 flags=0x2 color=0x00000000 vis=PRIVATE),1]
12-30 09:48:34.279  2079  2079 I notification_enqueue: [1007,4402,com.motorola.bug2go,3035,NULL,0,Notification(pri=0 contentView=com.motorola.bug2go/0x7f030005 vibrate=null sound=null defaults=0x0 flags=0x2 color=0x00000000 vis=PRIVATE),1]
12-30 09:48:34.382  2079  2079 I notification_enqueue: [1007,4402,com.motorola.bug2go,3035,NULL,0,Notification(pri=0 contentView=com.motorola.bug2go/0x7f030005 vibrate=null sound=null defaults=0x0 flags=0x2 color=0x00000000 vis=PRIVATE),1]
12-30 09:48:34.599  2079  2079 I notification_enqueue: [1007,4402,com.motorola.bug2go,3035,NULL,0,Notification(pri=0 contentView=com.motorola.bug2go/0x7f030005 vibrate=null sound=null defaults=0x0 flags=0x2 color=0x00000000 vis=PRIVATE),1]
12-30 09:48:34.766  2079  2079 I notification_enqueue: [1007,4402,com.motorola.bug2go,3035,NULL,0,Notification(pri=0 contentView=com.motorola.bug2go/0x7f030005 vibrate=null sound=null defaults=0x0 flags=0x2 color=0x00000000 vis=PRIVATE),1]
12-30 09:48:35.020  2079  2867 I am_proc_start: [0,11164,10085,com.google.android.music:ui,service,com.google.android.music/.tutorial.SignupStatus$SignupCheckService]
12-30 09:48:35.025  2079  2103 I dvm_lock_sample: [system_server,1,Binder_2,48,getContentProviderImpl,ActivityManagerService.java,9593,startService,-,15962,9]
12-30 09:48:35.028  2079  3009 I dvm_lock_sample: [system_server,1,Binder_B,52,refContentProvider,ActivityManagerService.java,10102,startService,-,15962,10]
12-30 09:48:35.208  2079  2079 I notification_enqueue: [1007,4402,com.motorola.bug2go,3035,NULL,0,Notification(pri=0 contentView=com.motorola.bug2go/0x7f030005 vibrate=null sound=null defaults=0x0 flags=0x2 color=0x00000000 vis=PRIVATE),1]
12-30 09:48:35.209  2079  3829 I dvm_lock_sample: [system_server,1,Binder_F,79,refContentProvider,ActivityManagerService.java,10102,trimApplications,-,19673,15]
12-30 09:48:35.256  2079  4647 I force_gc: Binder
12-30 09:48:35.310  2079  2876 I notification_expansion: [0|org.telegram.messenger|1|null|10123,0,0,6428,6428,0]
12-30 09:48:35.310  2079  2794 I am_proc_bound: [0,11164,com.google.android.music:ui]
12-30 09:48:35.387  2079  2079 I notification_enqueue: [1007,4402,com.motorola.bug2go,3035,NULL,0,Notification(pri=0 contentView=com.motorola.bug2go/0x7f030005 vibrate=null sound=null defaults=0x0 flags=0x2 color=0x00000000 vis=PRIVATE),1]
12-30 09:48:35.744  2079  2079 I notification_enqueue: [1007,4402,com.motorola.bug2go,3035,NULL,0,Notification(pri=0 contentView=com.motorola.bug2go/0x7f030005 vibrate=null sound=null defaults=0x0 flags=0x2 color=0x00000000 vis=PRIVATE),1]
12-30 09:48:35.779  2431  2431 I sysui_status_bar_state: [1,1,0,0,1,0]
12-30 09:48:35.844  2431  2431 I dvm_lock_sample: [com.android.systemui,1,main,1444,handleShow,KeyguardViewMediator.java,1504,,,0,150]
12-30 09:48:35.885  2079  2876 I am_kill : [0,11013,com.google.android.partnersetup,15,empty #7]
12-30 09:48:36.076  2079  2936 I dvm_lock_sample: [system_server,0,Binder_9,191,finishReceiver,ActivityManagerService.java,17330,removeContentProvider,-,9963,38]
12-30 09:48:36.079  2079  3009 I dvm_lock_sample: [system_server,1,Binder_B,184,stopServiceToken,ActivityManagerService.java,16021,removeContentProvider,-,9963,36]
12-30 09:48:36.083  2079  2794 I am_proc_died: [0,11013,com.google.android.partnersetup]
12-30 09:48:36.225  2079  2079 I notification_enqueue: [1007,4402,com.motorola.bug2go,3035,NULL,0,Notification(pri=0 contentView=com.motorola.bug2go/0x7f030005 vibrate=null sound=null defaults=0x0 flags=0x2 color=0x00000000 vis=PRIVATE),1]
12-30 09:48:36.327 10840 10896 I sync_details: [CalendarSyncAdapter,2274,7289,]
12-30 09:48:36.364  2079  2867 I dvm_lock_sample: [system_server,1,Binder_7,6,stopServiceToken,ActivityManagerService.java,16021,processNextBroadcast,BroadcastQueue.java,639,1]
12-30 09:48:36.501  2079  2121 I sync    : [com.android.calendar,1,2,309948566]
12-30 09:48:36.618  2079  2079 I notification_enqueue: [1007,4402,com.motorola.bug2go,3035,NULL,0,Notification(pri=0 contentView=com.motorola.bug2go/0x7f030005 vibrate=null sound=null defaults=0x0 flags=0x2 color=0x00000000 vis=PRIVATE),1]
12-30 09:48:36.625  2079  2121 I dvm_lock_sample: [system_server,0,android.bg,25,isUserRunning,ActivityManagerService.java,20693,processNextBroadcast,BroadcastQueue.java,639,5]
12-30 09:48:36.696  2079  2079 I notification_enqueue: [1007,4402,com.motorola.bug2go,3035,NULL,0,Notification(pri=0 contentView=com.motorola.bug2go/0x7f030005 vibrate=null sound=null defaults=0x0 flags=0x2 color=0x00000000 vis=PRIVATE),1]
12-30 09:48:36.860  2079  2876 I am_proc_start: [0,11197,10022,com.google.android.partnersetup,broadcast,com.google.android.partnersetup/.RlzPingBroadcastReceiver]
12-30 09:48:36.891  2079  2867 I dvm_lock_sample: [system_server,1,Binder_7,316,clearScheduledSyncOperations,SyncManager.java,1138,maybeStartNextSyncH,-,2590,63]
12-30 09:48:36.892  2079  2121 I sync    : [com.google.android.apps.plus.content.EsProvider,0,2,309948566]
12-30 09:48:36.967  2079  2079 I notification_enqueue: [1007,4402,com.motorola.bug2go,3035,NULL,0,Notification(pri=0 contentView=com.motorola.bug2go/0x7f030005 vibrate=null sound=null defaults=0x0 flags=0x2 color=0x00000000 vis=PRIVATE),1]
12-30 09:48:37.056  2079  2876 I am_proc_bound: [0,11197,com.google.android.partnersetup]
12-30 09:48:37.184  2079  2366 I netstats_mobile_sample: [0,0,0,0,0,0,0,0,0,0,0,0,1451479715132]
12-30 09:48:37.186  2079  2366 I netstats_wifi_sample: [3787598,14489,29342279,22933,3787598,14489,29342279,22933,3786706,14475,29020969,22930,1451479715132]
12-30 09:48:37.197  2079  2121 I am_proc_start: [0,11213,10094,com.google.android.apps.plus,service,com.google.android.apps.plus/.service.EsSyncAdapterService]
12-30 09:48:37.216  2079  4647 I am_kill : [0,10954,com.google.android.deskclock,15,empty #7]
12-30 09:48:37.494  2079  2121 I dvm_lock_sample: [system_server,0,android.bg,36,getMasterSyncAutomatically,SyncStorageEngine.java,1073,removePeriodicSync,-,997,7]
12-30 09:48:37.506  2079  2936 I dvm_lock_sample: [system_server,0,Binder_9,257,serviceDoneExecuting,ActivityManagerService.java,16235,removeContentProvider,-,9963,51]
12-30 09:48:37.515  2079  2123 I dvm_lock_sample: [system_server,1,android.ui,223,dispatchUidsChanged,ActivityManagerService.java,3919,removeContentProvider,-,9963,44]
12-30 09:48:37.516  2079  2381 I am_proc_bound: [0,11213,com.google.android.apps.plus]
12-30 09:48:37.527  2079  2867 I am_proc_died: [0,10954,com.google.android.deskclock]
12-30 09:48:37.529  2079  2079 I notification_enqueue: [1007,4402,com.motorola.bug2go,3035,NULL,0,Notification(pri=0 contentView=com.motorola.bug2go/0x7f030005 vibrate=null sound=null defaults=0x0 flags=0x2 color=0x00000000 vis=PRIVATE),1]
12-30 09:48:37.543  2079  3533 I dvm_lock_sample: [system_server,1,Binder_E,62,getRunningAppProcesses,ActivityManagerService.java,13006,removeContentProvider,-,9963,12]
12-30 09:48:37.621  3310  3703 I dvm_lock_sample: [com.google.android.gms.persisten,0,NetworkLocationCallbackRunner,881,a,SourceFile,1017,,,0,150]
12-30 09:48:37.670  2079  2467 I am_proc_start: [0,11233,10063,com.android.exchange,broadcast,com.android.exchange/.ExchangeBroadcastReceiver]
12-30 09:48:37.841  2079  2467 I am_proc_bound: [0,11233,com.android.exchange]
12-30 09:48:37.888  2079  2079 I notification_enqueue: [1007,4402,com.motorola.bug2go,3035,NULL,0,Notification(pri=0 contentView=com.motorola.bug2go/0x7f030005 vibrate=null sound=null defaults=0x0 flags=0x2 color=0x00000000 vis=PRIVATE),1]
12-30 09:48:37.931  2079  2079 I notification_enqueue: [1007,4402,com.motorola.bug2go,3035,NULL,0,Notification(pri=0 contentView=com.motorola.bug2go/0x7f030005 vibrate=null sound=null defaults=0x0 flags=0x2 color=0x00000000 vis=PRIVATE),1]
12-30 09:48:38.195  2079  2079 I notification_enqueue: [1007,4402,com.motorola.bug2go,3035,NULL,0,Notification(pri=0 contentView=com.motorola.bug2go/0x7f030005 vibrate=null sound=null defaults=0x0 flags=0x2 color=0x00000000 vis=PRIVATE),1]
12-30 09:48:38.269 10789 10999 I google_http_request: [1569,200,Android-GmailProvider/58045865 (sw360dp; 320dpi),1]
12-30 09:48:38.284  2079  2079 I notification_enqueue: [1007,4402,com.motorola.bug2go,3035,NULL,0,Notification(pri=0 contentView=com.motorola.bug2go/0x7f030005 vibrate=null sound=null defaults=0x0 flags=0x2 color=0x00000000 vis=PRIVATE),1]
12-30 09:48:38.346 11073 11090 I google_http_request: [2221,200,DMAgent/686/6.86,1]
12-30 09:48:38.365  2079  2079 I notification_enqueue: [1007,4402,com.motorola.bug2go,3035,NULL,0,Notification(pri=0 contentView=com.motorola.bug2go/0x7f030005 vibrate=null sound=null defaults=0x0 flags=0x2 color=0x00000000 vis=PRIVATE),1]
12-30 09:48:38.517  2079  2079 I notification_enqueue: [1007,4402,com.motorola.bug2go,3035,NULL,0,Notification(pri=0 contentView=com.motorola.bug2go/0x7f030005 vibrate=null sound=null defaults=0x0 flags=0x2 color=0x00000000 vis=PRIVATE),1]
12-30 09:48:38.624  2079  4647 I am_proc_died: [0,11233,com.android.exchange]
12-30 09:48:38.625  2079  4647 I am_broadcast_discard_app: [0,98276590,android.accounts.LOGIN_ACCOUNTS_CHANGED,18,ResolveInfo{3f31d8f com.android.exchange/.ExchangeBroadcastReceiver m=0x108000}]
12-30 09:48:38.689  2079  2122 I am_proc_start: [0,11250,10066,com.google.process.gapps,broadcast,com.google.android.syncadapters.contacts/.ContactsSyncAdapterBroadcastReceiver]
12-30 09:48:38.725  2079  2079 I notification_enqueue: [1007,4402,com.motorola.bug2go,3035,NULL,0,Notification(pri=0 contentView=com.motorola.bug2go/0x7f030005 vibrate=null sound=null defaults=0x0 flags=0x2 color=0x00000000 vis=PRIVATE),1]
12-30 09:48:38.804  2079  2102 I am_proc_bound: [0,11250,com.google.process.gapps]
12-30 09:48:39.256  2079  3040 I am_proc_start: [0,11266,10092,com.google.android.apps.photos,broadcast,com.google.android.apps.photos/com.google.android.libraries.social.account.refresh.receiver.AccountsChangedReceiver]
12-30 09:48:39.258  2079  2381 I dvm_lock_sample: [system_server,1,Binder_3,45,removeContentProvider,ActivityManagerService.java,9963,processNextBroadcast,BroadcastQueue.java,639,9]
12-30 09:48:39.427  2079  3533 I am_proc_bound: [0,11266,com.google.android.apps.photos]
12-30 09:48:39.511  2079  3040 I force_gc: Binder
12-30 09:48:39.707  2079  3040 I am_kill : [0,10929,com.motorola.context,15,empty #7]
12-30 09:48:39.879 11213 11213 I dvm_lock_sample: [com.google.android.apps.plus,1,main,455,f,PG,399,<init>,-,45,91]
12-30 09:48:40.047  2079  2123 I dvm_lock_sample: [system_server,1,android.ui,340,dispatchProcessesChanged,ActivityManagerService.java,3804,serviceDoneExecuting,-,16235,68]
12-30 09:48:40.047  2079  3025 I dvm_lock_sample: [system_server,1,Binder_C,331,refContentProvider,ActivityManagerService.java,10102,serviceDoneExecuting,-,16235,66]
12-30 09:48:40.055  2079  2467 I am_proc_died: [0,10929,com.motorola.context]
12-30 09:48:40.058  2079  3009 I dvm_lock_sample: [system_server,1,Binder_B,99,getContentProviderImpl,ActivityManagerService.java,9593,serviceDoneExecuting,-,16235,19]
12-30 09:48:40.071  2079  2876 I am_kill : [0,11073,com.google.android.apps.enterprise.dmagent,15,empty #7]
12-30 09:48:40.225  2079  3533 I am_proc_died: [0,11073,com.google.android.apps.enterprise.dmagent]
12-30 09:48:40.255  2079  2121 I dvm_lock_sample: [system_server,0,android.bg,136,getCopyOfAllAuthoritiesWithSyncS,SyncStorageEngine.java,1516,updateOrAddPeriodicSync,-,941,27]
12-30 09:48:41.874  2079  2079 I notification_canceled: [0|com.motorola.bug2go|3035|null|1007,8,149324,3149,0]
12-30 09:48:42.090  2079  2079 I notification_enqueue: [1007,4402,com.motorola.bug2go,3036,NULL,0,Notification(pri=0 contentView=com.motorola.bug2go/0x7f030005 vibrate=null sound=null defaults=0x0 flags=0x2 color=0x00000000 vis=PRIVATE),0]
12-30 09:48:42.235  2079  2079 I notification_enqueue: [1007,4402,com.motorola.bug2go,3036,NULL,0,Notification(pri=0 contentView=com.motorola.bug2go/0x7f030005 vibrate=null sound=null defaults=0x0 flags=0x2 color=0x00000000 vis=PRIVATE),1]
12-30 09:48:42.818  2079  4647 I am_kill : [0,11110,air.br.com.alelo.mobile.android,15,empty #7]
12-30 09:48:43.030  2079  2936 I dvm_lock_sample: [system_server,1,Binder_9,210,startService,ActivityManagerService.java,15962,removeContentProvider,-,9963,42]
12-30 09:48:43.033  2079  2123 I dvm_lock_sample: [system_server,1,android.ui,215,dispatchProcessesChanged,ActivityManagerService.java,3804,removeContentProvider,-,9963,43]
12-30 09:48:43.035  2079  2794 I dvm_lock_sample: [system_server,1,Binder_5,213,refContentProvider,ActivityManagerService.java,10102,removeContentProvider,-,9963,42]
12-30 09:48:43.036  2079  2867 I dvm_lock_sample: [system_server,1,Binder_7,194,startService,ActivityManagerService.java,15962,removeContentProvider,-,9963,38]
12-30 09:48:43.036  2079  3533 I am_proc_died: [0,11110,air.br.com.alelo.mobile.android]
12-30 09:48:43.180  2079  2806 I am_proc_start: [0,11329,10101,com.google.android.youtube,broadcast,com.google.android.youtube/com.google.android.libraries.youtube.account.AccountsChangedReceiver]
12-30 09:48:43.208  2079  2121 I dvm_lock_sample: [system_server,0,android.bg,526,maybeStartNextSyncH,SyncManager.java,2654,,,0,150]
12-30 09:48:43.302  2079  2992 I am_proc_bound: [0,11329,com.google.android.youtube]
12-30 09:48:43.339  2079  2467 I dvm_lock_sample: [system_server,1,Binder_4,24,refContentProvider,ActivityManagerService.java,10102,attachApplication,-,6347,4]
12-30 09:48:43.436  2079  3025 I am_kill : [0,11050,android.process.acore,15,empty #7]
12-30 09:48:43.598  2079  2079 I free_storage_changed: 4059156480
12-30 09:48:43.656  2079  2123 I dvm_lock_sample: [system_server,1,android.ui,220,dispatchProcessesChanged,ActivityManagerService.java,3804,removeContentProvider,-,9963,44]
12-30 09:48:43.657  2079  2806 I dvm_lock_sample: [system_server,1,Binder_6,124,bindService,ActivityManagerService.java,16197,removeContentProvider,-,9963,24]
12-30 09:48:43.685  2079  3533 I am_proc_died: [0,11050,android.process.acore]
12-30 09:48:43.788 10789 10999 I sync_details: [Gmail,3545,5000,S1]
12-30 09:48:44.007  2079  2467 I am_kill : [0,10979,com.google.android.googlequicksearchbox:search,15,empty #7]
12-30 09:48:44.088  2079  2121 I sync    : [gmail-ls,1,2,309948566]
12-30 09:48:44.235  2079  2867 I dvm_lock_sample: [system_server,1,Binder_7,200,refContentProvider,ActivityManagerService.java,10102,serviceDoneExecuting,-,16235,40]
12-30 09:48:44.238  2079  2806 I dvm_lock_sample: [system_server,0,Binder_6,226,unbindService,ActivityManagerService.java,16204,serviceDoneExecuting,-,16235,45]
12-30 09:48:44.242  2079  2102 I dvm_lock_sample: [system_server,0,Binder_1,108,binderDied,ActivityManagerService.java,1330,serviceDoneExecuting,-,16235,21]
12-30 09:48:44.242  2079  2102 I am_proc_died: [0,10979,com.google.android.googlequicksearchbox:search]
12-30 09:48:44.397  2079  2121 I sync    : [com.android.contacts,0,2,309948566]
12-30 09:48:44.602  2079  2121 I sync    : [com.google.android.apps.plus.content.EsProvider,1,2,309948566]
12-30 09:48:44.626  2079  2806 I am_kill : [0,11164,com.google.android.music:ui,15,empty #7]
12-30 09:48:44.767  2079  2121 I dvm_lock_sample: [system_server,0,android.bg,142,isUserRunning,ActivityManagerService.java,20693,serviceDoneExecuting,-,16235,28]
12-30 09:48:44.770  2079  3025 I am_proc_died: [0,11164,com.google.android.music:ui]
12-30 09:48:44.793  2079  2121 I sync    : [com.google.android.gms.reminders,0,2,309948566]
12-30 09:48:44.904  2079  2992 I am_proc_start: [0,11358,10004,android.process.acore,content provider,com.android.providers.contacts/.ContactsProvider2]
12-30 09:48:45.034  2079  3040 I am_proc_bound: [0,11358,android.process.acore]
12-30 09:48:45.350  2079  2121 I sync    : [com.google.android.gms.reminders,1,2,309948566]
12-30 09:48:45.440  2079  2121 I sync    : [subscribedfeeds,0,2,309948566]
12-30 09:48:45.708  2079  2079 I force_gc: Binder
12-30 09:48:47.416  6261 11375 I google_http_request: [1572,200,Android-GData/1.1,1]
12-30 09:48:47.848  6261 11375 I sync_details: [mail,1242,3099,Q1E17]
12-30 09:48:47.892  2079  2121 I sync    : [subscribedfeeds,1,2,309948566]
12-30 09:48:47.970  2079  2121 I sync    : [com.google.android.gms.games,0,2,309948566]
12-30 09:48:48.694  2079  2121 I sync    : [com.google.android.gms.games,1,2,309948566]
12-30 09:48:48.721  2079  2121 I sync    : [com.google.android.apps.docs,0,2,309948566]
12-30 09:48:48.820  2079  2121 I am_proc_start: [0,11419,10062,com.google.android.apps.docs,service,com.google.android.apps.docs/.sync.syncadapter.DocsSyncAdapterService]
12-30 09:48:48.877 11329 11354 I dvm_lock_sample: [com.google.android.youtube,0,pool-2-thread-1,793,getReadableDatabase,SourceFile,1587,nativeRegisterLocalizedCollators,SQLiteConnection.java,-2,100]
12-30 09:48:48.938  2079  2867 I am_proc_bound: [0,11419,com.google.android.apps.docs]
12-30 09:48:49.238  2079  2794 I am_proc_start: [0,11454,10050,com.google.android.apps.books,broadcast,com.google.android.apps.books/.app.AccountsReceiver]
12-30 09:48:49.436  2079  2102 I am_proc_bound: [0,11454,com.google.android.apps.books]
12-30 09:48:49.557  2079  2806 I am_kill : [0,10864,com.android.providers.calendar,15,empty #7]
12-30 09:48:49.737  2079  2936 I am_proc_died: [0,10864,com.android.providers.calendar]
12-30 09:48:50.181  2079  3025 I am_kill : [0,10840,com.google.android.calendar,15,empty #7]
12-30 09:48:50.446  2079  2123 I dvm_lock_sample: [system_server,1,android.ui,267,dispatchProcessesChanged,ActivityManagerService.java,3804,serviceDoneExecuting,-,16235,53]
12-30 09:48:50.446  2079  2381 I am_proc_died: [0,10840,com.google.android.calendar]
12-30 09:48:50.866 11250 11412 I google_http_request: [2610,403,Android-GData-Contacts/1.3,1]
12-30 09:48:50.960  2079  3533 I battery_level: [8,3886,428]
12-30 09:48:51.023 11250 11357 I sync_details: [Sync,1784,5405,]
12-30 09:48:51.081  2079  3533 I am_kill : [0,11197,com.google.android.partnersetup,15,empty #7]
12-30 09:48:51.328  2079  2121 I dvm_lock_sample: [system_server,0,android.bg,159,noteStopWakelockFromSource,BatteryStatsService.java,433,handleMessage,BatteryStatsImpl.java,154,31]
12-30 09:48:51.336  2079  2121 I sync    : [com.android.contacts,1,2,309948566]
12-30 09:48:51.389  2079  4647 I dvm_lock_sample: [system_server,0,Binder_10,189,binderDied,ActivityManagerService.java,1330,serviceDoneExecuting,-,16235,37]
12-30 09:48:51.389  2079  4647 I am_proc_died: [0,11197,com.google.android.partnersetup]
12-30 09:48:51.535  2079  2121 I sync    : [com.google.android.gms.auth.api.credentials,0,2,309948566]
12-30 09:48:51.755  2079  3533 I am_proc_start: [0,11503,10056,com.android.chrome,broadcast,com.android.chrome/org.chromium.chrome.browser.services.AccountsChangedReceiver]
12-30 09:48:51.783  2079  3533 I am_kill : [0,11213,com.google.android.apps.plus,15,empty #7]
12-30 09:48:52.010  2079  3533 I am_kill : [0,11266,com.google.android.apps.photos,15,empty #8]
12-30 09:48:52.225  2079  2794 I dvm_lock_sample: [system_server,1,Binder_5,513,removeContentProvider,ActivityManagerService.java,9963,processNextBroadcast,BroadcastQueue.java,639,100]
12-30 09:48:52.230  2079  2123 I dvm_lock_sample: [system_server,1,android.ui,472,dispatchUidsChanged,ActivityManagerService.java,3867,trimApplications,-,19673,94]
12-30 09:48:52.233  2079  4647 I dvm_lock_sample: [system_server,1,Binder_10,367,getContentProviderImpl,ActivityManagerService.java,9593,trimApplications,-,19673,73]
12-30 09:48:52.234  2079  2103 I dvm_lock_sample: [system_server,1,Binder_2,320,attachApplication,ActivityManagerService.java,6347,trimApplications,-,19673,64]
12-30 09:48:52.235  2079  2103 I am_proc_bound: [0,11503,com.android.chrome]
12-30 09:48:52.242  2079  2936 I dvm_lock_sample: [system_server,0,Binder_9,324,binderDied,ActivityManagerService.java,1330,trimApplications,-,19673,64]
12-30 09:48:52.242  2079  2936 I am_proc_died: [0,11213,com.google.android.apps.plus]
12-30 09:48:52.246  2079  2867 I dvm_lock_sample: [system_server,1,Binder_7,293,getContentProviderImpl,ActivityManagerService.java,9593,trimApplications,-,19673,58]
12-30 09:48:52.248  2079  3025 I dvm_lock_sample: [system_server,1,Binder_C,199,binderDied,ActivityManagerService.java,1330,trimApplications,-,19673,39]
12-30 09:48:52.248  2079  3025 I am_proc_died: [0,11266,com.google.android.apps.photos]
12-30 09:48:52.876  2079  3829 I am_proc_start: [0,11527,10032,com.android.vending,broadcast,com.android.vending/com.google.android.finsky.receivers.AccountsChangedReceiver]
12-30 09:48:52.878  2079  3829 I am_kill : [0,11358,android.process.acore,15,empty #7]
12-30 09:48:52.976  2079  2381 I am_proc_died: [0,11358,android.process.acore]
12-30 09:48:52.979  2079  3009 I am_proc_bound: [0,11527,com.android.vending]
12-30 09:48:53.782  2079  3040 I dvm_lock_sample: [system_server,1,Binder_D,1249,removePeriodicSync,SyncStorageEngine.java,1030,,,0,150]
12-30 09:48:53.802  2079  2794 I dvm_lock_sample: [system_server,1,Binder_5,1226,getIsSyncable,SyncStorageEngine.java,708,removePeriodicSync,-,997,100]
12-30 09:48:53.804  2079  2867 I dvm_lock_sample: [system_server,1,Binder_7,940,getMasterSyncAutomatically,SyncStorageEngine.java,1073,removePeriodicSync,-,997,100]
12-30 09:48:53.949  2079  2121 I sync    : [com.google.android.gms.auth.api.credentials,1,2,309948566]
12-30 09:48:53.981  2079  2121 I sync    : [com.google.android.gms.auth.confirm,0,2,309948566]
12-30 09:48:54.647  2079  2102 I am_proc_start: [0,11568,10099,com.google.android.videos,broadcast,com.google.android.videos/.service.accounts.AccountsChangedService$AccountsChangedReceiver]
12-30 09:48:54.734  2079  2467 I am_kill : [0,11329,com.google.android.youtube,15,empty #7]
12-30 09:48:55.036  2079  2876 I dvm_lock_sample: [system_server,1,Binder_8,258,bindService,ActivityManagerService.java,16197,removeContentProvider,-,9963,51]
12-30 09:48:55.043  2079  3829 I dvm_lock_sample: [system_server,1,Binder_F,204,unbindService,ActivityManagerService.java,16204,removeContentProvider,-,9963,40]
12-30 09:48:55.044  2079  3533 I am_proc_died: [0,11329,com.google.android.youtube]
12-30 09:48:55.058  2079  2867 I am_proc_bound: [0,11568,com.google.android.videos]
12-30 09:48:55.216  2079  2102 I force_gc: Binder
12-30 09:48:55.844  2079  2867 I am_proc_start: [0,11589,10053,com.google.android.calendar,broadcast,com.google.android.calendar/.timely.settings.RecentAndDefaultNotificationsFactoryImpl$AccountRemovedBroadcastReceiver]
12-30 09:48:55.943  2079  2103 I am_proc_bound: [0,11589,com.google.android.calendar]
12-30 09:48:56.022  7204 11588 I dvm_lock_sample: [com.google.android.talk,0,IntentService[AccountsChangedSer,206,a,SourceFile,38,a,-,38,41]
12-30 09:48:56.458  2079  2121 I sync    : [com.google.android.gms.auth.confirm,1,2,309948566]
12-30 09:48:56.539  2079  2121 I sync    : [com.android.chrome,0,2,309948566]
12-30 09:48:56.860  2079  3040 I am_proc_start: [0,11623,10003,com.android.providers.calendar,content provider,com.android.providers.calendar/.CalendarProvider2]
12-30 09:48:56.862  2079  2121 I dvm_lock_sample: [system_server,0,android.bg,215,bindService,ActivityManagerService.java,16197,getContentProviderImpl,-,9593,43]
12-30 09:48:56.990  2079  2345 I am_proc_start: [0,11639,10026,com.motorola.moodles,service,com.motorola.moodles/.MoodleChangeService]
12-30 09:48:57.067  2079  2102 I dvm_lock_sample: [system_server,1,Binder_1,81,attachApplication,ActivityManagerService.java,6347,sendInner,PendingIntentRecord.java,211,16]
12-30 09:48:57.068  2079  2102 I am_proc_bound: [0,11623,com.android.providers.calendar]
12-30 09:48:57.101  2079  2103 I am_proc_bound: [0,11639,com.motorola.moodles]
12-30 09:48:57.149  2079  2123 I dvm_lock_sample: [system_server,1,android.ui,50,updateUidProcStateInternal,PowerManagerService.java,2516,acquireWakeLockInternal,-,822,10]
12-30 09:48:57.594  2079  2121 I sync    : [com.android.chrome,1,2,309948566]
12-30 09:48:57.603  2079  2121 I sync    : [com.google.android.gms.appstate,0,2,309948566]
12-30 09:48:57.767  2079  3829 I am_proc_start: [0,11670,10086,com.google.android.apps.magazines,broadcast,com.google.android.apps.magazines/com.google.android.libraries.social.notifications.installation.impl.AndroidAccountsChangedReceiver]
