12-17 10:32:51.760  1937  3241 I am_focused_activity: [0,com.google.android.talk/.SigningInActivity]
12-17 10:32:51.760  1937  3241 I am_pause_activity: [0,58633280,com.google.android.talk/com.google.android.apps.hangouts.phone.ConversationActivity]
12-17 10:32:51.786  5507  5507 I am_on_paused_called: [0,com.google.android.apps.hangouts.phone.ConversationActivity]
12-17 10:32:51.787  1937  7042 I am_resume_activity: [0,100870449,60,com.google.android.talk/.SigningInActivity]
12-17 10:32:51.874  5507  5507 I am_on_resume_called: [0,com.google.android.talk.SigningInActivity]
12-17 10:32:51.932  1937  3263 I dvm_lock_sample: [system_server,0,Binder_C,13,statusBarVisibilityChanged,WindowManagerService.java,11093,relayoutWindow,-,3150,2]
12-17 10:32:52.291  1937  1953 I am_destroy_activity: [0,58633280,60,com.google.android.talk/com.google.android.apps.hangouts.phone.ConversationActivity,finish-imm]
12-17 10:32:52.490   363   363 I sf_frame_dur: [com.google.android.talk/com.google.android.apps.hangouts.phone.ConversationActivity,16,5,4,1,2,0,0]
12-17 10:32:52.697  1937  3110 I am_meminfo: [173441024,44318720,21827584,92708864,31423488]
12-17 10:32:53.291  1937  3093 I dvm_lock_sample: [system_server,1,Binder_7,224,exists,UserManagerService.java,408,dump,PackageManagerService.java,15279,44]
12-17 10:32:53.291  1937  2535 I dvm_lock_sample: [system_server,1,Binder_4,228,exists,UserManagerService.java,408,dump,PackageManagerService.java,15279,45]
12-17 10:32:53.306  1937  1937 I notification_enqueue: [10037,21626,com.android.vending,-1050172287,NULL,0,Notification(pri=-1 contentView=null vibrate=null sound=null tick defaults=0x0 flags=0x110 color=0xff689f38 category=progress vis=PRIVATE),0]
12-17 10:32:53.360  1937  7042 I am_proc_start: [0,24093,10098,com.android.printspooler,service,com.android.printspooler/.model.PrintSpoolerService]
12-17 10:32:53.449  1937  2944 I am_proc_bound: [0,24093,com.android.printspooler]
12-17 10:32:53.540  7042  7042 I auditd  : type=1400 audit(0.0:140): avc: denied { ioctl } for uid=1000 comm="Binder_F" path="socket:[71304]" dev="sockfs" ino=71304 ioctlcmd=7704 scontext=u:r:system_server:s0 tcontext=u:r:dumpstate:s0 tclass=unix_stream_socket permissive=0
12-17 10:32:53.540  7042  7042 I auditd  : type=1400 audit(0.0:141): avc: denied { ioctl } for uid=1000 comm="Binder_F" path="socket:[71304]" dev="sockfs" ino=71304 ioctlcmd=7704 scontext=u:r:system_server:s0 tcontext=u:r:dumpstate:s0 tclass=unix_stream_socket permissive=0
12-17 10:32:54.009  1937  1937 I notification_enqueue: [1000,3829,com.motorola.tools.batterytracer,2131165197,NULL,0,Notification(pri=0 contentView=com.motorola.tools.batterytracer/0x1090085 vibrate=null sound=null defaults=0x0 flags=0x62 color=0x00000000 vis=PRIVATE),1]
12-17 10:32:54.098  1937  1951 I am_pss  : [21538,10047,com.google.android.googlequicksearchbox:search,26884096,22687744]
12-17 10:32:55.590  3096  3096 I auditd  : type=1400 audit(0.0:142): avc: denied { ioctl } for uid=1000 comm="Binder_8" path="socket:[71304]" dev="sockfs" ino=71304 ioctlcmd=7704 scontext=u:r:system_server:s0 tcontext=u:r:dumpstate:s0 tclass=unix_stream_socket permissive=0
12-17 10:32:56.140  3096  3096 I auditd  : type=1400 audit(0.0:143): avc: denied { ioctl } for uid=1000 comm="Binder_8" path="socket:[71304]" dev="sockfs" ino=71304 ioctlcmd=7704 scontext=u:r:system_server:s0 tcontext=u:r:dumpstate:s0 tclass=unix_stream_socket permissive=0
12-17 10:32:56.280  3096  3096 I auditd  : type=1400 audit(0.0:144): avc: denied { ioctl } for uid=1000 comm="Binder_8" path="socket:[71304]" dev="sockfs" ino=71304 ioctlcmd=7704 scontext=u:r:system_server:s0 tcontext=u:r:dumpstate:s0 tclass=unix_stream_socket permissive=0
12-17 10:32:56.470  1937  2068 I am_proc_start: [0,24127,10013,com.android.defcontainer,service,com.android.defcontainer/.DefaultContainerService]
12-17 10:32:56.559  1937  1948 I am_proc_bound: [0,24127,com.android.defcontainer]
12-17 10:32:56.632  3104  3191 I dvm_lock_sample: [com.android.phone,0,RILReceiver0,13124,read,LocalSocketImpl.java,103,,,0,150]
12-17 10:32:56.640  3096  3096 I auditd  : type=1400 audit(0.0:145): avc: denied { ioctl } for uid=1000 comm="Binder_8" path="socket:[71304]" dev="sockfs" ino=71304 ioctlcmd=7704 scontext=u:r:system_server:s0 tcontext=u:r:dumpstate:s0 tclass=unix_stream_socket permissive=0
12-17 10:32:56.780  3096  3096 I auditd  : type=1400 audit(0.0:146): avc: denied { ioctl } for uid=1000 comm="Binder_8" path="socket:[71304]" dev="sockfs" ino=71304 ioctlcmd=7704 scontext=u:r:system_server:s0 tcontext=u:r:dumpstate:s0 tclass=unix_stream_socket permissive=0
12-17 10:32:57.070  3096  3096 I auditd  : type=1400 audit(0.0:147): avc: denied { ioctl } for uid=1000 comm="Binder_8" path="socket:[71304]" dev="sockfs" ino=71304 ioctlcmd=7704 scontext=u:r:system_server:s0 tcontext=u:r:dumpstate:s0 tclass=unix_stream_socket permissive=0
12-17 10:32:57.200  3096  3096 I auditd  : type=1400 audit(0.0:148): avc: denied { ioctl } for uid=1000 comm="Binder_8" path="socket:[71304]" dev="sockfs" ino=71304 ioctlcmd=7704 scontext=u:r:system_server:s0 tcontext=u:r:dumpstate:s0 tclass=unix_stream_socket permissive=0
12-17 10:32:57.530  3096  3096 I auditd  : type=1400 audit(0.0:149): avc: denied { ioctl } for uid=1000 comm="Binder_8" path="socket:[71304]" dev="sockfs" ino=71304 ioctlcmd=7704 scontext=u:r:system_server:s0 tcontext=u:r:dumpstate:s0 tclass=unix_stream_socket permissive=0
12-17 10:32:57.650  3096  3096 I auditd  : type=1400 audit(0.0:150): avc: denied { ioctl } for uid=1000 comm="Binder_8" path="socket:[71304]" dev="sockfs" ino=71304 ioctlcmd=7704 scontext=u:r:system_server:s0 tcontext=u:r:dumpstate:s0 tclass=unix_stream_socket permissive=0
12-17 10:32:57.890  3096  3096 I auditd  : type=1400 audit(0.0:151): avc: denied { ioctl } for uid=1000 comm="Binder_8" path="socket:[71304]" dev="sockfs" ino=71304 ioctlcmd=7704 scontext=u:r:system_server:s0 tcontext=u:r:dumpstate:s0 tclass=unix_stream_socket permissive=0
12-17 10:32:57.980  3096  3096 I auditd  : type=1400 audit(0.0:152): avc: denied { ioctl } for uid=1000 comm="Binder_8" path="socket:[71304]" dev="sockfs" ino=71304 ioctlcmd=7704 scontext=u:r:system_server:s0 tcontext=u:r:dumpstate:s0 tclass=unix_stream_socket permissive=0
12-17 10:32:57.998  1937  1937 I free_storage_changed: 1860243456
12-17 10:32:58.190  3096  3096 I auditd  : type=1400 audit(0.0:153): avc: denied { ioctl } for uid=1000 comm="Binder_8" path="socket:[71304]" dev="sockfs" ino=71304 ioctlcmd=7704 scontext=u:r:system_server:s0 tcontext=u:r:dumpstate:s0 tclass=unix_stream_socket permissive=0
12-17 10:32:58.233  5050  5158 I dvm_lock_sample: [com.motorola.motocare,0,ThermalThread,9996,read,LocalSocketImpl.java,103,,,0,150]
12-17 10:32:58.234  5050  5158 I dvm_lock_sample: [com.motorola.motocare,0,ThermalThread,9996,read,InputStreamReader.java,272,,,0,150]
12-17 10:32:58.234  5050  5158 I dvm_lock_sample: [com.motorola.motocare,0,ThermalThread,9997,readLine,BufferedReader.java,409,,,0,150]
12-17 10:32:58.280  3096  3096 I auditd  : type=1400 audit(0.0:154): avc: denied { ioctl } for uid=1000 comm="Binder_8" path="socket:[71304]" dev="sockfs" ino=71304 ioctlcmd=7704 scontext=u:r:system_server:s0 tcontext=u:r:dumpstate:s0 tclass=unix_stream_socket permissive=0
12-17 10:32:58.480  3096  3096 I auditd  : type=1400 audit(0.0:155): avc: denied { ioctl } for uid=1000 comm="Binder_8" path="socket:[71304]" dev="sockfs" ino=71304 ioctlcmd=7704 scontext=u:r:system_server:s0 tcontext=u:r:dumpstate:s0 tclass=unix_stream_socket permissive=0
12-17 10:32:58.570  3096  3096 I auditd  : type=1400 audit(0.0:156): avc: denied { ioctl } for uid=1000 comm="Binder_8" path="socket:[71304]" dev="sockfs" ino=71304 ioctlcmd=7704 scontext=u:r:system_server:s0 tcontext=u:r:dumpstate:s0 tclass=unix_stream_socket permissive=0
12-17 10:32:58.780  3096  3096 I auditd  : type=1400 audit(0.0:157): avc: denied { ioctl } for uid=1000 comm="Binder_8" path="socket:[71304]" dev="sockfs" ino=71304 ioctlcmd=7704 scontext=u:r:system_server:s0 tcontext=u:r:dumpstate:s0 tclass=unix_stream_socket permissive=0
12-17 10:32:58.890  3096  3096 I auditd  : type=1400 audit(0.0:158): avc: denied { ioctl } for uid=1000 comm="Binder_8" path="socket:[71304]" dev="sockfs" ino=71304 ioctlcmd=7704 scontext=u:r:system_server:s0 tcontext=u:r:dumpstate:s0 tclass=unix_stream_socket permissive=0
12-17 10:32:59.120  3096  3096 I auditd  : type=1400 audit(0.0:159): avc: denied { ioctl } for uid=1000 comm="Binder_8" path="socket:[71304]" dev="sockfs" ino=71304 ioctlcmd=7704 scontext=u:r:system_server:s0 tcontext=u:r:dumpstate:s0 tclass=unix_stream_socket permissive=0
12-17 10:32:59.220  3096  3096 I auditd  : type=1400 audit(0.0:160): avc: denied { ioctl } for uid=1000 comm="Binder_8" path="socket:[71304]" dev="sockfs" ino=71304 ioctlcmd=7704 scontext=u:r:system_server:s0 tcontext=u:r:dumpstate:s0 tclass=unix_stream_socket permissive=0
12-17 10:32:59.420  3096  3096 I auditd  : type=1400 audit(0.0:161): avc: denied { ioctl } for uid=1000 comm="Binder_8" path="socket:[71304]" dev="sockfs" ino=71304 ioctlcmd=7704 scontext=u:r:system_server:s0 tcontext=u:r:dumpstate:s0 tclass=unix_stream_socket permissive=0
12-17 10:32:59.520  3096  3096 I auditd  : type=1400 audit(0.0:162): avc: denied { ioctl } for uid=1000 comm="Binder_8" path="socket:[71304]" dev="sockfs" ino=71304 ioctlcmd=7704 scontext=u:r:system_server:s0 tcontext=u:r:dumpstate:s0 tclass=unix_stream_socket permissive=0
12-17 10:32:59.720  3096  3096 I auditd  : type=1400 audit(0.0:163): avc: denied { ioctl } for uid=1000 comm="Binder_8" path="socket:[71304]" dev="sockfs" ino=71304 ioctlcmd=7704 scontext=u:r:system_server:s0 tcontext=u:r:dumpstate:s0 tclass=unix_stream_socket permissive=0
12-17 10:32:59.820  3096  3096 I auditd  : type=1400 audit(0.0:164): avc: denied { ioctl } for uid=1000 comm="Binder_8" path="socket:[71304]" dev="sockfs" ino=71304 ioctlcmd=7704 scontext=u:r:system_server:s0 tcontext=u:r:dumpstate:s0 tclass=unix_stream_socket permissive=0
12-17 10:33:00.000  3096  3096 I auditd  : type=1400 audit(0.0:165): avc: denied { ioctl } for uid=1000 comm="Binder_8" path="socket:[71304]" dev="sockfs" ino=71304 ioctlcmd=7704 scontext=u:r:system_server:s0 tcontext=u:r:dumpstate:s0 tclass=unix_stream_socket permissive=0
12-17 10:33:00.150  3096  3096 I auditd  : type=1400 audit(0.0:166): avc: denied { ioctl } for uid=1000 comm="Binder_8" path="socket:[71304]" dev="sockfs" ino=71304 ioctlcmd=7704 scontext=u:r:system_server:s0 tcontext=u:r:dumpstate:s0 tclass=unix_stream_socket permissive=0
12-17 10:33:00.460  3096  3096 I auditd  : type=1400 audit(0.0:167): avc: denied { ioctl } for uid=1000 comm="Binder_8" path="socket:[71304]" dev="sockfs" ino=71304 ioctlcmd=7704 scontext=u:r:system_server:s0 tcontext=u:r:dumpstate:s0 tclass=unix_stream_socket permissive=0
12-17 10:33:00.580  3096  3096 I auditd  : type=1400 audit(0.0:168): avc: denied { ioctl } for uid=1000 comm="Binder_8" path="socket:[71304]" dev="sockfs" ino=71304 ioctlcmd=7704 scontext=u:r:system_server:s0 tcontext=u:r:dumpstate:s0 tclass=unix_stream_socket permissive=0
12-17 10:33:00.820  3096  3096 I auditd  : type=1400 audit(0.0:169): avc: denied { ioctl } for uid=1000 comm="Binder_8" path="socket:[71304]" dev="sockfs" ino=71304 ioctlcmd=7704 scontext=u:r:system_server:s0 tcontext=u:r:dumpstate:s0 tclass=unix_stream_socket permissive=0
12-17 10:33:00.920  3096  3096 I auditd  : type=1400 audit(0.0:170): avc: denied { ioctl } for uid=1000 comm="Binder_8" path="socket:[71304]" dev="sockfs" ino=71304 ioctlcmd=7704 scontext=u:r:system_server:s0 tcontext=u:r:dumpstate:s0 tclass=unix_stream_socket permissive=0
12-17 10:33:01.150  3096  3096 I auditd  : type=1400 audit(0.0:171): avc: denied { ioctl } for uid=1000 comm="Binder_8" path="socket:[71304]" dev="sockfs" ino=71304 ioctlcmd=7704 scontext=u:r:system_server:s0 tcontext=u:r:dumpstate:s0 tclass=unix_stream_socket permissive=0
12-17 10:33:01.250  3096  3096 I auditd  : type=1400 audit(0.0:172): avc: denied { ioctl } for uid=1000 comm="Binder_8" path="socket:[71304]" dev="sockfs" ino=71304 ioctlcmd=7704 scontext=u:r:system_server:s0 tcontext=u:r:dumpstate:s0 tclass=unix_stream_socket permissive=0
12-17 10:33:01.490  3096  3096 I auditd  : type=1400 audit(0.0:173): avc: denied { ioctl } for uid=1000 comm="Binder_8" path="socket:[71304]" dev="sockfs" ino=71304 ioctlcmd=7704 scontext=u:r:system_server:s0 tcontext=u:r:dumpstate:s0 tclass=unix_stream_socket permissive=0
12-17 10:33:01.610  3096  3096 I auditd  : type=1400 audit(0.0:174): avc: denied { ioctl } for uid=1000 comm="Binder_8" path="socket:[71304]" dev="sockfs" ino=71304 ioctlcmd=7704 scontext=u:r:system_server:s0 tcontext=u:r:dumpstate:s0 tclass=unix_stream_socket permissive=0
12-17 10:33:01.880  3096  3096 I auditd  : type=1400 audit(0.0:175): avc: denied { ioctl } for uid=1000 comm="Binder_8" path="socket:[71304]" dev="sockfs" ino=71304 ioctlcmd=7704 scontext=u:r:system_server:s0 tcontext=u:r:dumpstate:s0 tclass=unix_stream_socket permissive=0
12-17 10:33:01.990  3096  3096 I auditd  : type=1400 audit(0.0:176): avc: denied { ioctl } for uid=1000 comm="Binder_8" path="socket:[71304]" dev="sockfs" ino=71304 ioctlcmd=7704 scontext=u:r:system_server:s0 tcontext=u:r:dumpstate:s0 tclass=unix_stream_socket permissive=0
12-17 10:33:02.211  1937  3093 I am_finish_activity: [0,100870449,60,com.google.android.talk/.SigningInActivity,app-request]
12-17 10:33:02.211  1937  3093 I am_home_stack_moved: [0,1,0,0,finishActivity adjustFocus setFocusedActivity]
12-17 10:33:02.211  1937  3093 I wm_task_moved: [57,1,0]
12-17 10:33:02.215  1937  3093 I am_focused_activity: [0,com.google.android.googlequicksearchbox/com.google.android.launcher.GEL]
12-17 10:33:02.229  1937  3093 I am_pause_activity: [0,100870449,com.google.android.talk/.SigningInActivity]
12-17 10:33:02.248  5507  5507 I am_on_paused_called: [0,com.google.android.talk.SigningInActivity]
12-17 10:33:02.251  1937  1948 I am_resume_activity: [0,97956882,57,com.google.android.googlequicksearchbox/com.google.android.launcher.GEL]
12-17 10:33:02.240  3096  3096 I auditd  : type=1400 audit(0.0:177): avc: denied { ioctl } for uid=1000 comm="Binder_8" path="socket:[71304]" dev="sockfs" ino=71304 ioctlcmd=7704 scontext=u:r:system_server:s0 tcontext=u:r:dumpstate:s0 tclass=unix_stream_socket permissive=0
12-17 10:33:02.308  3113  3113 I am_on_resume_called: [0,com.google.android.launcher.GEL]
12-17 10:33:02.350  3096  3096 I auditd  : type=1400 audit(0.0:178): avc: denied { ioctl } for uid=1000 comm="Binder_8" path="socket:[71304]" dev="sockfs" ino=71304 ioctlcmd=7704 scontext=u:r:system_server:s0 tcontext=u:r:dumpstate:s0 tclass=unix_stream_socket permissive=0
12-17 10:33:02.580  3096  3096 I auditd  : type=1400 audit(0.0:179): avc: denied { ioctl } for uid=1000 comm="Binder_8" path="socket:[71304]" dev="sockfs" ino=71304 ioctlcmd=7704 scontext=u:r:system_server:s0 tcontext=u:r:dumpstate:s0 tclass=unix_stream_socket permissive=0
12-17 10:33:02.629  1937  1953 I am_destroy_activity: [0,100870449,60,com.google.android.talk/.SigningInActivity,finish-imm]
12-17 10:33:02.690  3096  3096 I auditd  : type=1400 audit(0.0:180): avc: denied { ioctl } for uid=1000 comm="Binder_8" path="socket:[71304]" dev="sockfs" ino=71304 ioctlcmd=7704 scontext=u:r:system_server:s0 tcontext=u:r:dumpstate:s0 tclass=unix_stream_socket permissive=0
12-17 10:33:02.899  1937  2517 I wm_task_removed: [60,removeAppToken: last token]
12-17 10:33:02.903  1937  2517 I wm_task_removed: [60,removeTask]
12-17 10:33:02.903  1937  2517 I am_home_stack_moved: [0,1,0,0,activityDestroyed leftTaskHistoryEmpty]
12-17 10:33:02.903  1937  2517 I wm_stack_removed: 3
12-17 10:33:02.930  3096  3096 I auditd  : type=1400 audit(0.0:181): avc: denied { ioctl } for uid=1000 comm="Binder_8" path="socket:[71304]" dev="sockfs" ino=71304 ioctlcmd=7704 scontext=u:r:system_server:s0 tcontext=u:r:dumpstate:s0 tclass=unix_stream_socket permissive=0
12-17 10:33:02.943   363   363 I sf_frame_dur: [com.google.android.talk/com.google.android.talk.SigningInActivity,151,6,3,0,1,5,2]
12-17 10:33:03.040  3096  3096 I auditd  : type=1400 audit(0.0:182): avc: denied { ioctl } for uid=1000 comm="Binder_8" path="socket:[71304]" dev="sockfs" ino=71304 ioctlcmd=7704 scontext=u:r:system_server:s0 tcontext=u:r:dumpstate:s0 tclass=unix_stream_socket permissive=0
12-17 10:33:03.280  3096  3096 I auditd  : type=1400 audit(0.0:183): avc: denied { ioctl } for uid=1000 comm="Binder_8" path="socket:[71304]" dev="sockfs" ino=71304 ioctlcmd=7704 scontext=u:r:system_server:s0 tcontext=u:r:dumpstate:s0 tclass=unix_stream_socket permissive=0
12-17 10:33:03.390  3096  3096 I auditd  : type=1400 audit(0.0:184): avc: denied { ioctl } for uid=1000 comm="Binder_8" path="socket:[71304]" dev="sockfs" ino=71304 ioctlcmd=7704 scontext=u:r:system_server:s0 tcontext=u:r:dumpstate:s0 tclass=unix_stream_socket permissive=0
12-17 10:33:03.650  3096  3096 I auditd  : type=1400 audit(0.0:185): avc: denied { ioctl } for uid=1000 comm="Binder_8" path="socket:[71304]" dev="sockfs" ino=71304 ioctlcmd=7704 scontext=u:r:system_server:s0 tcontext=u:r:dumpstate:s0 tclass=unix_stream_socket permissive=0
12-17 10:33:03.750  3096  3096 I auditd  : type=1400 audit(0.0:186): avc: denied { ioctl } for uid=1000 comm="Binder_8" path="socket:[71304]" dev="sockfs" ino=71304 ioctlcmd=7704 scontext=u:r:system_server:s0 tcontext=u:r:dumpstate:s0 tclass=unix_stream_socket permissive=0
12-17 10:33:03.960  3096  3096 I auditd  : type=1400 audit(0.0:187): avc: denied { ioctl } for uid=1000 comm="Binder_8" path="socket:[71304]" dev="sockfs" ino=71304 ioctlcmd=7704 scontext=u:r:system_server:s0 tcontext=u:r:dumpstate:s0 tclass=unix_stream_socket permissive=0
12-17 10:33:04.070  3096  3096 I auditd  : type=1400 audit(0.0:188): avc: denied { ioctl } for uid=1000 comm="Binder_8" path="socket:[71304]" dev="sockfs" ino=71304 ioctlcmd=7704 scontext=u:r:system_server:s0 tcontext=u:r:dumpstate:s0 tclass=unix_stream_socket permissive=0
12-17 10:33:04.171  1937  2586 I wm_task_moved: [57,1,0]
12-17 10:33:04.174  1937  2586 I am_create_task: [0,62]
12-17 10:33:04.175  1937  2586 I am_create_activity: [0,248767262,62,com.android.systemui/.recents.RecentsActivity,com.android.systemui.recents.SHOW_RECENTS,NULL,NULL,276840448]
12-17 10:33:04.175  1937  2586 I wm_task_created: [62,0]
12-17 10:33:04.175  1937  2586 I wm_task_moved: [62,1,1]
12-17 10:33:04.175  1937  2586 I am_pause_activity: [0,97956882,com.google.android.googlequicksearchbox/com.google.android.launcher.GEL]
12-17 10:33:04.183  3113  3113 I am_on_paused_called: [0,com.google.android.launcher.GEL]
12-17 10:33:04.184  1937  2586 I am_restart_activity: [0,248767262,62,com.android.systemui/.recents.RecentsActivity]
12-17 10:33:04.189  1937  2586 I wm_task_moved: [62,1,1]
12-17 10:33:04.192  1937  2586 I am_focused_activity: [0,com.android.systemui/.recents.RecentsActivity]
12-17 10:33:04.276  2492  2492 I sysui_view_visibility: [224,100]
12-17 10:33:04.290  3096  3096 I auditd  : type=1400 audit(0.0:189): avc: denied { ioctl } for uid=1000 comm="Binder_8" path="socket:[71304]" dev="sockfs" ino=71304 ioctlcmd=7704 scontext=u:r:system_server:s0 tcontext=u:r:dumpstate:s0 tclass=unix_stream_socket permissive=0
12-17 10:33:04.348  2492  2492 I sysui_count: [overview_trigger_nav_btn,1]
12-17 10:33:04.348  2492  2492 I sysui_count: [overview_source_home,1]
12-17 10:33:04.348  2492  2492 I sysui_histogram: [overview_task_count,7]
12-17 10:33:04.348  2492  2492 I am_on_resume_called: [0,com.android.systemui.recents.RecentsActivity]
12-17 10:33:04.420  3096  3096 I auditd  : type=1400 audit(0.0:190): avc: denied { ioctl } for uid=1000 comm="Binder_8" path="socket:[71304]" dev="sockfs" ino=71304 ioctlcmd=7704 scontext=u:r:system_server:s0 tcontext=u:r:dumpstate:s0 tclass=unix_stream_socket permissive=0
12-17 10:33:04.520  1937  1973 I am_activity_launch_time: [0,248767262,com.android.systemui/.recents.RecentsActivity,338,338]
12-17 10:33:04.730  3096  3096 I auditd  : type=1400 audit(0.0:191): avc: denied { ioctl } for uid=1000 comm="Binder_8" path="socket:[71304]" dev="sockfs" ino=71304 ioctlcmd=7704 scontext=u:r:system_server:s0 tcontext=u:r:dumpstate:s0 tclass=unix_stream_socket permissive=0
12-17 10:33:04.830  3096  3096 I auditd  : type=1400 audit(0.0:192): avc: denied { ioctl } for uid=1000 comm="Binder_8" path="socket:[71304]" dev="sockfs" ino=71304 ioctlcmd=7704 scontext=u:r:system_server:s0 tcontext=u:r:dumpstate:s0 tclass=unix_stream_socket permissive=0
12-17 10:33:05.040  3096  3096 I auditd  : type=1400 audit(0.0:193): avc: denied { ioctl } for uid=1000 comm="Binder_8" path="socket:[71304]" dev="sockfs" ino=71304 ioctlcmd=7704 scontext=u:r:system_server:s0 tcontext=u:r:dumpstate:s0 tclass=unix_stream_socket permissive=0
12-17 10:33:05.140  3096  3096 I auditd  : type=1400 audit(0.0:194): avc: denied { ioctl } for uid=1000 comm="Binder_8" path="socket:[71304]" dev="sockfs" ino=71304 ioctlcmd=7704 scontext=u:r:system_server:s0 tcontext=u:r:dumpstate:s0 tclass=unix_stream_socket permissive=0
12-17 10:33:05.292   363   363 I sf_frame_dur: [com.google.android.googlequicksearchbox/com.google.android.launcher.GEL,45,3,1,1,1,0,0]
12-17 10:33:05.370  3096  3096 I auditd  : type=1400 audit(0.0:195): avc: denied { ioctl } for uid=1000 comm="Binder_8" path="socket:[71304]" dev="sockfs" ino=71304 ioctlcmd=7704 scontext=u:r:system_server:s0 tcontext=u:r:dumpstate:s0 tclass=unix_stream_socket permissive=0
12-17 10:33:05.470  3096  3096 I auditd  : type=1400 audit(0.0:196): avc: denied { ioctl } for uid=1000 comm="Binder_8" path="socket:[71304]" dev="sockfs" ino=71304 ioctlcmd=7704 scontext=u:r:system_server:s0 tcontext=u:r:dumpstate:s0 tclass=unix_stream_socket permissive=0
12-17 10:33:05.592  3104  3191 I dvm_lock_sample: [com.android.phone,0,RILReceiver0,8960,read,LocalSocketImpl.java,103,,,0,150]
12-17 10:33:05.680  3096  3096 I auditd  : type=1400 audit(0.0:197): avc: denied { ioctl } for uid=1000 comm="Binder_8" path="socket:[71304]" dev="sockfs" ino=71304 ioctlcmd=7704 scontext=u:r:system_server:s0 tcontext=u:r:dumpstate:s0 tclass=unix_stream_socket permissive=0
12-17 10:33:05.830  3096  3096 I auditd  : type=1400 audit(0.0:198): avc: denied { ioctl } for uid=1000 comm="Binder_8" path="socket:[71304]" dev="sockfs" ino=71304 ioctlcmd=7704 scontext=u:r:system_server:s0 tcontext=u:r:dumpstate:s0 tclass=unix_stream_socket permissive=0
12-17 10:33:06.200  3096  3096 I auditd  : type=1400 audit(0.0:199): avc: denied { ioctl } for uid=1000 comm="Binder_8" path="socket:[71304]" dev="sockfs" ino=71304 ioctlcmd=7704 scontext=u:r:system_server:s0 tcontext=u:r:dumpstate:s0 tclass=unix_stream_socket permissive=0
12-17 10:33:07.339  2492  2492 I sysui_histogram: [overview_task_launch_index,0]
12-17 10:33:07.352  1937  7042 I wm_stack_created: [4,0,0,0,0]
12-17 10:33:07.359  1937  7042 I am_home_stack_moved: [0,1,0,0,restoreRecentTask]
12-17 10:33:07.361  1937  7042 I am_focused_activity: [0,com.android.systemui/.recents.RecentsActivity]
12-17 10:33:07.364  1937  7042 I am_task_to_front: [0,60]
12-17 10:33:07.364  1937  7042 I am_create_activity: [0,66633192,60,com.google.android.talk/com.google.android.apps.hangouts.phone.BabelHomeActivity,android.intent.action.MAIN,NULL,NULL,271581184]
12-17 10:33:07.365  1937  7042 I wm_task_created: [60,4]
12-17 10:33:07.365  1937  7042 I wm_task_moved: [60,1,0]
12-17 10:33:07.367  1937  7042 I am_home_stack_moved: [0,0,4,4,startedActivity setFocusedActivity]
12-17 10:33:07.368  1937  7042 I wm_task_moved: [60,1,0]
12-17 10:33:07.370  1937  7042 I am_focused_activity: [0,com.google.android.talk/com.google.android.apps.hangouts.phone.BabelHomeActivity]
12-17 10:33:07.832  3104  3191 I dvm_lock_sample: [com.android.phone,0,RILReceiver0,2240,read,LocalSocketImpl.java,103,,,0,150]
12-17 10:33:08.239  5050  5158 I dvm_lock_sample: [com.motorola.motocare,0,ThermalThread,9996,read,LocalSocketImpl.java,103,,,0,150]
12-17 10:33:08.239  5050  5158 I dvm_lock_sample: [com.motorola.motocare,0,ThermalThread,9997,read,InputStreamReader.java,272,,,0,150]
12-17 10:33:08.239  5050  5158 I dvm_lock_sample: [com.motorola.motocare,0,ThermalThread,9997,readLine,BufferedReader.java,409,,,0,150]
12-17 10:33:08.826  2492  2492 I sysui_histogram: [overview_task_dismissed_source,1]
12-17 10:33:08.831  1937  2944 I am_finish_activity: [0,66633192,60,com.google.android.talk/com.google.android.apps.hangouts.phone.BabelHomeActivity,clear-task-index]
12-17 10:33:08.832  1937  2944 I am_home_stack_moved: [0,1,0,0,finishActivity adjustFocus setFocusedActivity]
12-17 10:33:08.832  1937  2944 I wm_task_moved: [57,1,1]
12-17 10:33:08.836  1937  2944 I am_focused_activity: [0,com.google.android.googlequicksearchbox/com.google.android.launcher.GEL]
12-17 10:33:08.836  1937  2944 I am_destroy_activity: [0,66633192,60,com.google.android.talk/com.google.android.apps.hangouts.phone.BabelHomeActivity,finish-imm]
12-17 10:33:08.837  1937  2944 I wm_task_removed: [60,removeAppToken: last token]
12-17 10:33:08.837  1937  2944 I wm_task_removed: [60,removeTask]
12-17 10:33:08.837  1937  2944 I am_home_stack_moved: [0,1,0,0,finish-imm hadNoApp leftTaskHistoryEmpty]
12-17 10:33:08.837  1937  2944 I wm_stack_removed: 4
12-17 10:33:08.839  1937  2944 I am_pause_activity: [0,248767262,com.android.systemui/.recents.RecentsActivity]
12-17 10:33:08.856  2492  2492 I am_on_paused_called: [0,com.android.systemui.recents.RecentsActivity]
12-17 10:33:08.867  1937  6726 I am_resume_activity: [0,97956882,57,com.google.android.googlequicksearchbox/com.google.android.launcher.GEL]
12-17 10:33:08.873  1937  7042 I am_kill : [0,5507,com.google.android.talk,16,remove task]
12-17 10:33:09.108  1937  5512 I dvm_lock_sample: [system_server,1,Binder_D,231,refContentProvider,ActivityManagerService.java,10102,serviceDoneExecuting,-,16235,46]
12-17 10:33:09.109  1937  2535 I dvm_lock_sample: [system_server,1,Binder_4,236,broadcastIntent,ActivityManagerService.java,17217,refContentProvider,-,10102,47]
12-17 10:33:09.109  1937  1949 I dvm_lock_sample: [system_server,0,Binder_2,109,binderDied,ActivityManagerService.java,1330,serviceDoneExecuting,-,16235,21]
12-17 10:33:09.109  1937  1949 I am_proc_died: [0,5507,com.google.android.talk]
12-17 10:33:09.111  1937  1949 I am_schedule_service_restart: [0,com.google.android.talk/com.google.android.libraries.hangouts.video.CallService,1000]
12-17 10:33:09.126  3113  3113 I am_on_resume_called: [0,com.google.android.launcher.GEL]
12-17 10:33:09.600  2492  2492 I sysui_view_visibility: [224,0]
12-17 10:33:09.610   363   363 I sf_frame_dur: [com.android.systemui/com.android.systemui.recents.RecentsActivity,45,10,1,1,1,2,1]
12-17 10:33:09.715  1937  1951 I am_pss  : [21510,10016,android.process.media,7473152,5472256]
12-17 10:33:09.986  3396  3396 I dvm_lock_sample: [com.google.android.gms.persisten,1,main,1163,dump,SourceFile,540,,,0,150]
12-17 10:33:10.109  3104  3191 I dvm_lock_sample: [com.android.phone,0,RILReceiver0,2276,read,LocalSocketImpl.java,103,,,0,150]
12-17 10:33:10.151  1937  1953 I am_proc_start: [0,24283,10078,com.google.android.talk,service,com.google.android.talk/com.google.android.libraries.hangouts.video.CallService]
12-17 10:33:10.152  1937  3263 I dvm_lock_sample: [system_server,1,Binder_C,20,getCurrentUser,ActivityManagerService.java,20672,run,ActiveServices.java,1021,4]
12-17 10:33:10.225  1937  7042 I am_proc_bound: [0,24283,com.google.android.talk]
12-17 10:33:10.226  3104  3195 I dvm_lock_sample: [com.android.phone,0,RILReceiver1,35729,read,LocalSocketImpl.java,103,,,0,150]
12-17 10:33:10.553  1937  2433 I dvm_lock_sample: [system_server,0,NetdConnector,31407,read,LocalSocketImpl.java,103,,,0,150]
12-17 10:33:10.659  1937  2517 I am_kill : [0,21670,com.google.android.apps.plus,15,empty #7]
12-17 10:33:10.861  1937  1955 I dvm_lock_sample: [system_server,1,android.ui,201,dispatchProcessesChanged,ActivityManagerService.java,3804,removeContentProvider,-,9963,40]
12-17 10:33:10.861  1937  2535 I am_proc_died: [0,21670,com.google.android.apps.plus]
12-17 10:33:10.996  1937  1937 I dvm_lock_sample: [system_server,1,main,54,locationCallbackFinished,LocationManagerService.java,1230,handleLocationChanged,-,2902,10]
12-17 10:33:11.527  1937  6726 I wm_stack_created: [5,0,0,0,0]
12-17 10:33:11.534  1937  6726 I am_home_stack_moved: [0,0,5,5,startingNewTask]
12-17 10:33:11.534  1937  6726 I am_create_task: [0,63]
12-17 10:33:11.534  1937  6726 I am_create_activity: [0,100583677,63,com.google.android.talk/.SigningInActivity,android.intent.action.MAIN,NULL,NULL,270532608]
12-17 10:33:11.534  1937  6726 I wm_task_created: [63,5]
12-17 10:33:11.534  1937  6726 I wm_task_moved: [63,1,0]
12-17 10:33:11.535  1937  6726 I am_pause_activity: [0,97956882,com.google.android.googlequicksearchbox/com.google.android.launcher.GEL]
12-17 10:33:11.539  1937  6726 I am_home_stack_moved: [0,0,5,5,startedActivity setFocusedActivity]
12-17 10:33:11.539  1937  6726 I wm_task_moved: [63,1,0]
12-17 10:33:11.542  1937  6726 I am_focused_activity: [0,com.google.android.talk/.SigningInActivity]
12-17 10:33:11.552  3113  3113 I am_on_paused_called: [0,com.google.android.launcher.GEL]
12-17 10:33:11.556  1937  5512 I am_restart_activity: [0,100583677,63,com.google.android.talk/.SigningInActivity]
12-17 10:33:12.142   363   363 I sf_frame_dur: [com.google.android.googlequicksearchbox/com.google.android.launcher.GEL,54,4,2,1,2,0,0]
12-17 10:33:12.462 24283 24283 I am_on_resume_called: [0,com.google.android.talk.SigningInActivity]
12-17 10:33:12.971  1937  1973 I am_activity_launch_time: [0,100583677,com.google.android.talk/.SigningInActivity,1418,1418]
12-17 10:33:13.065  3396  8812 I force_gc: Binder
12-17 10:33:13.620  3396 17120 I c2dm    : [-8,com.google.android.talk:,3,7]
12-17 10:33:15.602  1937  1937 I notification_canceled: [0|com.motorola.bug2go|-1370445284|null|1007,8,92624,92624,69268]
12-17 10:33:15.683  1937  1937 I notification_enqueue: [1007,21412,com.motorola.bug2go,2,NULL,0,Notification(pri=0 contentView=com.motorola.bug2go/0x7f030005 vibrate=null sound=null defaults=0x0 flags=0x2 color=0x00000000 vis=PRIVATE),0]
12-17 10:33:15.684  1937  1937 I force_gc: Binder
12-17 10:33:15.717  1937  1937 I notification_enqueue: [1007,21412,com.motorola.bug2go,2,NULL,0,Notification(pri=0 contentView=com.motorola.bug2go/0x7f030005 vibrate=null sound=null defaults=0x0 flags=0x2 color=0x00000000 vis=PRIVATE),1]
12-17 10:33:16.792  3104  3191 I dvm_lock_sample: [com.android.phone,0,RILReceiver0,6603,read,LocalSocketImpl.java,103,,,0,150]
12-17 10:33:18.244  5050  5158 I dvm_lock_sample: [com.motorola.motocare,0,ThermalThread,9989,read,LocalSocketImpl.java,103,,,0,150]
12-17 10:33:18.244  5050  5158 I dvm_lock_sample: [com.motorola.motocare,0,ThermalThread,9990,read,InputStreamReader.java,272,,,0,150]
12-17 10:33:18.244  5050  5158 I dvm_lock_sample: [com.motorola.motocare,0,ThermalThread,9990,readLine,BufferedReader.java,409,,,0,150]
12-17 10:33:19.228  1937  1951 I am_pss  : [3396,10020,com.google.android.gms.persistent,27493376,22245376]
12-17 10:33:20.624  1937  1937 I notification_enqueue: [1007,21412,com.motorola.bug2go,2,NULL,0,Notification(pri=0 contentView=com.motorola.bug2go/0x7f030005 vibrate=null sound=null defaults=0x0 flags=0x2 color=0x00000000 vis=PRIVATE),1]
12-17 10:33:20.652  1937  1951 I am_pss  : [24127,10013,com.android.defcontainer,3233792,1835008]
12-17 10:33:21.607  1937  1951 I am_pss  : [24283,10078,com.google.android.talk,68058112,62636032]
12-17 10:33:22.209  1937  1937 I notification_enqueue: [1007,21412,com.motorola.bug2go,2,NULL,0,Notification(pri=0 contentView=com.motorola.bug2go/0x7f030005 vibrate=null sound=null defaults=0x0 flags=0x2 color=0x00000000 vis=PRIVATE),1]
12-17 10:33:22.252  1937  1937 I notification_enqueue: [1007,21412,com.motorola.bug2go,2,NULL,0,Notification(pri=0 contentView=com.motorola.bug2go/0x7f030005 vibrate=null sound=null defaults=0x0 flags=0x2 color=0x00000000 vis=PRIVATE),1]
12-17 10:33:22.263  1937  1937 I notification_enqueue: [1007,21412,com.motorola.bug2go,2,NULL,0,Notification(pri=0 contentView=com.motorola.bug2go/0x7f030005 vibrate=null sound=null defaults=0x0 flags=0x2 color=0x00000000 vis=PRIVATE),1]
12-17 10:33:22.275  1937  1937 I notification_enqueue: [1007,21412,com.motorola.bug2go,2,NULL,0,Notification(pri=0 contentView=com.motorola.bug2go/0x7f030005 vibrate=null sound=null defaults=0x0 flags=0x2 color=0x00000000 vis=PRIVATE),1]
12-17 10:33:23.132  1937  1937 I notification_enqueue: [1007,21412,com.motorola.bug2go,2,NULL,0,Notification(pri=0 contentView=com.motorola.bug2go/0x7f030005 vibrate=null sound=null defaults=0x0 flags=0x2 color=0x00000000 vis=PRIVATE),1]
12-17 10:33:23.162  1937  1937 I notification_enqueue: [1007,21412,com.motorola.bug2go,2,NULL,0,Notification(pri=0 contentView=com.motorola.bug2go/0x7f030005 vibrate=null sound=null defaults=0x0 flags=0x2 color=0x00000000 vis=PRIVATE),1]
12-17 10:33:23.180  1937  1937 I notification_enqueue: [1007,21412,com.motorola.bug2go,2,NULL,0,Notification(pri=0 contentView=com.motorola.bug2go/0x7f030005 vibrate=null sound=null defaults=0x0 flags=0x2 color=0x00000000 vis=PRIVATE),1]
12-17 10:33:23.561  1937  1937 I notification_enqueue: [1007,21412,com.motorola.bug2go,2,NULL,0,Notification(pri=0 contentView=com.motorola.bug2go/0x7f030005 vibrate=null sound=null defaults=0x0 flags=0x2 color=0x00000000 vis=PRIVATE),1]
12-17 10:33:23.797  1937  1937 I notification_enqueue: [1007,21412,com.motorola.bug2go,2,NULL,0,Notification(pri=0 contentView=com.motorola.bug2go/0x7f030005 vibrate=null sound=null defaults=0x0 flags=0x2 color=0x00000000 vis=PRIVATE),1]
12-17 10:33:23.814  1937  1937 I notification_enqueue: [1007,21412,com.motorola.bug2go,2,NULL,0,Notification(pri=0 contentView=com.motorola.bug2go/0x7f030005 vibrate=null sound=null defaults=0x0 flags=0x2 color=0x00000000 vis=PRIVATE),1]
12-17 10:33:24.122  1937  1937 I notification_enqueue: [1007,21412,com.motorola.bug2go,2,NULL,0,Notification(pri=0 contentView=com.motorola.bug2go/0x7f030005 vibrate=null sound=null defaults=0x0 flags=0x2 color=0x00000000 vis=PRIVATE),1]
12-17 10:33:24.133  1937  1937 I notification_enqueue: [1007,21412,com.motorola.bug2go,2,NULL,0,Notification(pri=0 contentView=com.motorola.bug2go/0x7f030005 vibrate=null sound=null defaults=0x0 flags=0x2 color=0x00000000 vis=PRIVATE),1]
12-17 10:33:24.414  1937  1937 I notification_enqueue: [1007,21412,com.motorola.bug2go,2,NULL,0,Notification(pri=0 contentView=com.motorola.bug2go/0x7f030005 vibrate=null sound=null defaults=0x0 flags=0x2 color=0x00000000 vis=PRIVATE),1]
12-17 10:33:24.424  1937  1937 I notification_enqueue: [1007,21412,com.motorola.bug2go,2,NULL,0,Notification(pri=0 contentView=com.motorola.bug2go/0x7f030005 vibrate=null sound=null defaults=0x0 flags=0x2 color=0x00000000 vis=PRIVATE),1]
12-17 10:33:24.774  1937  1937 I notification_enqueue: [1007,21412,com.motorola.bug2go,2,NULL,0,Notification(pri=0 contentView=com.motorola.bug2go/0x7f030005 vibrate=null sound=null defaults=0x0 flags=0x2 color=0x00000000 vis=PRIVATE),1]
12-17 10:33:24.784  1937  1937 I notification_enqueue: [1007,21412,com.motorola.bug2go,2,NULL,0,Notification(pri=0 contentView=com.motorola.bug2go/0x7f030005 vibrate=null sound=null defaults=0x0 flags=0x2 color=0x00000000 vis=PRIVATE),1]
12-17 10:33:25.294  1937  1937 I notification_enqueue: [1007,21412,com.motorola.bug2go,2,NULL,0,Notification(pri=0 contentView=com.motorola.bug2go/0x7f030005 vibrate=null sound=null defaults=0x0 flags=0x2 color=0x00000000 vis=PRIVATE),1]
12-17 10:33:25.305  1937  1937 I notification_enqueue: [1007,21412,com.motorola.bug2go,2,NULL,0,Notification(pri=0 contentView=com.motorola.bug2go/0x7f030005 vibrate=null sound=null defaults=0x0 flags=0x2 color=0x00000000 vis=PRIVATE),1]
12-17 10:33:25.348  1937  1937 I notification_enqueue: [1007,21412,com.motorola.bug2go,2,NULL,0,Notification(pri=0 contentView=com.motorola.bug2go/0x7f030005 vibrate=null sound=null defaults=0x0 flags=0x2 color=0x00000000 vis=PRIVATE),1]
12-17 10:33:25.363  1937  1937 I notification_enqueue: [1007,21412,com.motorola.bug2go,2,NULL,0,Notification(pri=0 contentView=com.motorola.bug2go/0x7f030005 vibrate=null sound=null defaults=0x0 flags=0x2 color=0x00000000 vis=PRIVATE),1]
12-17 10:33:25.561  1937  1937 I notification_enqueue: [1007,21412,com.motorola.bug2go,2,NULL,0,Notification(pri=0 contentView=com.motorola.bug2go/0x7f030005 vibrate=null sound=null defaults=0x0 flags=0x2 color=0x00000000 vis=PRIVATE),1]
12-17 10:33:25.577  1937  1937 I notification_enqueue: [1007,21412,com.motorola.bug2go,2,NULL,0,Notification(pri=0 contentView=com.motorola.bug2go/0x7f030005 vibrate=null sound=null defaults=0x0 flags=0x2 color=0x00000000 vis=PRIVATE),1]
12-17 10:33:25.801  1937  1937 I notification_enqueue: [1007,21412,com.motorola.bug2go,2,NULL,0,Notification(pri=0 contentView=com.motorola.bug2go/0x7f030005 vibrate=null sound=null defaults=0x0 flags=0x2 color=0x00000000 vis=PRIVATE),1]
12-17 10:33:25.802  1937  1937 I notification_enqueue: [1000,3829,com.motorola.tools.batterytracer,2131165197,NULL,0,Notification(pri=0 contentView=com.motorola.tools.batterytracer/0x1090085 vibrate=null sound=null defaults=0x0 flags=0x62 color=0x00000000 vis=PRIVATE),1]
12-17 10:33:25.811  1937  1937 I notification_enqueue: [1007,21412,com.motorola.bug2go,2,NULL,0,Notification(pri=0 contentView=com.motorola.bug2go/0x7f030005 vibrate=null sound=null defaults=0x0 flags=0x2 color=0x00000000 vis=PRIVATE),1]
12-17 10:33:26.080  1937  1937 I notification_enqueue: [1007,21412,com.motorola.bug2go,2,NULL,0,Notification(pri=0 contentView=com.motorola.bug2go/0x7f030005 vibrate=null sound=null defaults=0x0 flags=0x2 color=0x00000000 vis=PRIVATE),1]
12-17 10:33:28.249  5050  5158 I dvm_lock_sample: [com.motorola.motocare,0,ThermalThread,9990,read,LocalSocketImpl.java,103,,,0,150]
12-17 10:33:28.249  5050  5158 I dvm_lock_sample: [com.motorola.motocare,0,ThermalThread,9991,read,InputStreamReader.java,272,,,0,150]
12-17 10:33:28.249  5050  5158 I dvm_lock_sample: [com.motorola.motocare,0,ThermalThread,9991,readLine,BufferedReader.java,409,,,0,150]
12-17 10:33:31.452  1937  3093 I am_proc_died: [0,21510,android.process.media]
12-17 10:33:31.589  1937  8646 I am_proc_died: [0,21626,com.android.vending]
12-17 10:33:31.591  1937  1951 I am_pss  : [19373,10020,com.google.android.gms,22953984,18051072]
12-17 10:33:31.606  1937  3093 I dvm_lock_sample: [system_server,0,Binder_7,31,binderDied,ActivityManagerService.java,1330,binderDied,-,1330,6]
12-17 10:33:31.689  1937  3093 I am_proc_died: [0,24093,com.android.printspooler]
12-17 10:33:31.747  1937  2586 I am_proc_died: [0,21337,com.google.process.gapps]
12-17 10:33:31.764  1937  1951 I dvm_lock_sample: [system_server,0,android.bg,144,handleMessage,ActivityManagerService.java,2187,binderDied,-,1330,28]
12-17 10:33:31.772  1937  1937 I notification_enqueue: [1007,21412,com.motorola.bug2go,2,NULL,0,Notification(pri=0 contentView=com.motorola.bug2go/0x7f030005 vibrate=null sound=null defaults=0x0 flags=0x2 color=0x00000000 vis=PRIVATE),1]
12-17 10:33:31.842  1937  1937 I notification_enqueue: [1007,21412,com.motorola.bug2go,2,NULL,0,Notification(pri=0 contentView=com.motorola.bug2go/0x7f030005 vibrate=null sound=null defaults=0x0 flags=0x2 color=0x00000000 vis=PRIVATE),1]
12-17 10:33:33.399  1937  3241 I am_proc_died: [0,21551,android.process.acore]
12-17 10:33:33.415  1937  1937 I notification_enqueue: [1000,1937,android,17040344,NULL,-1,Notification(pri=-2 contentView=null vibrate=null sound=null tick defaults=0x0 flags=0x2 color=0xff607d8b vis=PUBLIC),0]
12-17 10:33:33.422  1937  1937 I notification_enqueue: [1000,1937,android,17040350,NULL,-1,Notification(pri=-1 contentView=null vibrate=null sound=null tick defaults=0x0 flags=0x2 color=0xff607d8b vis=PUBLIC),0]
12-17 10:33:33.456  1937  1953 I am_proc_start: [0,24506,10016,android.process.media,broadcast,com.android.providers.media/.MtpReceiver]
12-17 10:33:33.531  1937  2586 I battery_discharge: [2988808,100,95]
12-17 10:33:33.531  1937  2586 I battery_status: [3,2,1,2,Li-ion]
12-17 10:33:33.627  1937  1953 I am_proc_start: [0,24520,10025,com.motorola.genie,broadcast,com.motorola.genie/.prefetch.PowerStatusReceiver]
12-17 10:33:33.627  1937  2517 I am_proc_bound: [0,24506,android.process.media]
12-17 10:33:33.690  1937  5512 I am_proc_bound: [0,24520,com.motorola.genie]
12-17 10:33:34.029  1937  7042 I am_proc_died: [0,21538,com.google.android.googlequicksearchbox:search]
12-17 10:33:34.030  1937  7042 I am_low_memory: 26
12-17 10:33:34.034  1937  3096 I dvm_lock_sample: [system_server,1,Binder_8,160,publishContentProviders,ActivityManagerService.java,10031,binderDied,-,1330,32]
12-17 10:33:34.034  1937  1937 I dvm_lock_sample: [system_server,1,main,144,broadcastIntent,ActivityManagerService.java,17217,binderDied,-,1330,28]
12-17 10:33:34.035  1937  3241 I dvm_lock_sample: [system_server,1,Binder_B,132,broadcastIntent,ActivityManagerService.java,17217,binderDied,-,1330,26]
12-17 10:33:34.106  1937  1951 I am_pss  : [3113,10047,com.google.android.googlequicksearchbox,32686080,28901376]
12-17 10:33:34.218  1937  3093 I battery_status: [2,2,1,2,Li-ion]
12-17 10:33:34.218  1937  3093 I battery_level: [94,4070,453]
12-17 10:33:34.228  1937  1937 I notification_enqueue: [1007,21412,com.motorola.bug2go,2,NULL,0,Notification(pri=0 contentView=com.motorola.bug2go/0x7f030005 vibrate=null sound=null defaults=0x0 flags=0x2 color=0x00000000 vis=PRIVATE),1]
12-17 10:33:34.297  1937  5512 I notification_cancel_all: [10016,24506,com.android.providers.downloads,0,0,64,9,NULL]
12-17 10:33:34.459  1937  1937 I notification_enqueue: [1007,21412,com.motorola.bug2go,2,NULL,0,Notification(pri=0 contentView=com.motorola.bug2go/0x7f030005 vibrate=null sound=null defaults=0x0 flags=0x2 color=0x00000000 vis=PRIVATE),1]
12-17 10:33:34.485  1937  3128 I am_proc_start: [0,24550,10061,com.android.chrome,broadcast,com.android.chrome/org.chromium.chrome.browser.precache.PrecacheServiceLauncher]
12-17 10:33:34.495  1937  8646 I dvm_lock_sample: [system_server,1,Binder_10,14,startService,ActivityManagerService.java,15962,processNextBroadcast,BroadcastQueue.java,639,2]
12-17 10:33:34.612  1937  2944 I am_proc_bound: [0,24550,com.android.chrome]
12-17 10:33:34.714  3104  3191 I dvm_lock_sample: [com.android.phone,0,RILReceiver0,17920,read,LocalSocketImpl.java,103,,,0,150]
12-17 10:33:34.999  1937  3128 I am_proc_start: [0,24565,10095,com.google.android.apps.photos,broadcast,com.google.android.apps.photos/.analytics.alive.AliveLogReceiver]
12-17 10:33:35.075  1937  3241 I am_proc_bound: [0,24565,com.google.android.apps.photos]
12-17 10:33:36.259  1937  3096 I am_proc_died: [0,21412,com.motorola.bug2go]
12-17 10:33:36.260  1937  3096 I am_schedule_service_restart: [0,com.motorola.bug2go/.upload.ReliableUploader,1000]
12-17 10:33:36.298  1937  1937 I notification_enqueue: [1000,3829,com.motorola.tools.batterytracer,2131165197,NULL,0,Notification(pri=0 contentView=com.motorola.tools.batterytracer/0x1090085 vibrate=null sound=null defaults=0x0 flags=0x62 color=0x00000000 vis=PRIVATE),1]
12-17 10:33:36.709  1937  6726 I am_proc_start: [0,24591,10020,com.google.process.gapps,content provider,com.google.android.gsf/.gservices.GservicesProvider]
12-17 10:33:36.765  1937  3263 I am_proc_bound: [0,24591,com.google.process.gapps]
12-17 10:33:36.839  1937  2535 I am_proc_start: [0,24604,10097,com.google.android.apps.plus,broadcast,com.google.android.apps.plus/.service.PhotosAppTransitionMonitor]
12-17 10:33:36.900  1937  3241 I am_proc_bound: [0,24604,com.google.android.apps.plus]
12-17 10:33:37.285  1937  1953 I am_proc_start: [0,24622,1007,com.motorola.bug2go,service,com.motorola.bug2go/.upload.ReliableUploader]
12-17 10:33:37.370  1937  1949 I am_proc_bound: [0,24622,com.motorola.bug2go]
12-17 10:33:37.813  1937  1949 I am_proc_died: [0,24550,com.android.chrome]
12-17 10:33:37.820  1937  2517 I am_proc_died: [0,24591,com.google.process.gapps]
12-17 10:33:37.821  1937  2517 I am_low_memory: 28
12-17 10:33:37.927  1937  3096 I am_proc_start: [0,24647,10020,com.google.process.gapps,content provider,com.google.android.gsf/.gservices.GservicesProvider]
12-17 10:33:37.973  1937  3263 I am_proc_bound: [0,24647,com.google.process.gapps]
12-17 10:33:38.109  1937  1937 I notification_enqueue: [1007,24622,com.motorola.bug2go,2,NULL,0,Notification(pri=0 contentView=com.motorola.bug2go/0x7f030005 vibrate=null sound=null defaults=0x0 flags=0x2 color=0x00000000 vis=PRIVATE),1]
12-17 10:33:38.249  1937  1948 I am_proc_died: [0,24520,com.motorola.genie]
12-17 10:33:38.250  1937  1948 I am_low_memory: 28
12-17 10:33:38.253  5050  5158 I dvm_lock_sample: [com.motorola.motocare,0,ThermalThread,9990,read,LocalSocketImpl.java,103,,,0,150]
12-17 10:33:38.254  5050  5158 I dvm_lock_sample: [com.motorola.motocare,0,ThermalThread,9990,read,InputStreamReader.java,272,,,0,150]
12-17 10:33:38.254  5050  5158 I dvm_lock_sample: [com.motorola.motocare,0,ThermalThread,9991,readLine,BufferedReader.java,409,,,0,150]
12-17 10:33:38.255  1937  1937 I dvm_lock_sample: [system_server,1,main,140,getCurrentUser,ActivityManagerService.java,20672,binderDied,-,1330,28]
12-17 10:33:38.256  1937  1937 I notification_enqueue: [1007,24622,com.motorola.bug2go,2,NULL,0,Notification(pri=0 contentView=com.motorola.bug2go/0x7f030005 vibrate=null sound=null defaults=0x0 flags=0x2 color=0x00000000 vis=PRIVATE),1]
12-17 10:33:38.262  1937  6726 I dvm_lock_sample: [system_server,1,Binder_E,131,getContentProviderImpl,ActivityManagerService.java,9593,binderDied,-,1330,26]
12-17 10:33:38.427  1937  3263 I force_gc: Binder
12-17 10:33:38.542  1937  3096 I am_proc_died: [0,24647,com.google.process.gapps]
12-17 10:33:38.543  1937  3096 I am_low_memory: 27
12-17 10:33:38.563  1937  6726 I am_proc_start: [0,24683,10082,com.google.android.inputmethod.latin,broadcast,com.google.android.inputmethod.latin/com.android.inputmethod.latin.PowerConnectionBroadcastReceiver]
12-17 10:33:38.581  1937  1949 I am_proc_start: [0,24688,10020,com.google.process.gapps,content provider,com.google.android.gsf/.gservices.GservicesProvider]
12-17 10:33:38.654  1937  2944 I am_proc_bound: [0,24683,com.google.android.inputmethod.latin]
12-17 10:33:38.702  1937  3093 I am_proc_bound: [0,24688,com.google.process.gapps]
12-17 10:33:39.197 19373 24620 I aggregation: 1450328619197
12-17 10:33:39.469  1937  7042 I am_proc_died: [0,24604,com.google.android.apps.plus]
12-17 10:33:39.990  1937  3263 I am_proc_died: [0,24683,com.google.android.inputmethod.latin]
12-17 10:33:40.312  1937  3110 I dvm_lock_sample: [system_server,1,Binder_9,64,exists,UserManagerService.java,408,getInstalledPackages,PackageManagerService.java,5355,12]
12-17 10:33:40.424  1937  1937 I notification_enqueue: [1007,24622,com.motorola.bug2go,2,NULL,0,Notification(pri=0 contentView=com.motorola.bug2go/0x7f030005 vibrate=null sound=null defaults=0x0 flags=0x2 color=0x00000000 vis=PRIVATE),1]
12-17 10:33:40.446  1937  1937 I notification_enqueue: [1007,24622,com.motorola.bug2go,2,NULL,0,Notification(pri=0 contentView=com.motorola.bug2go/0x7f030005 vibrate=null sound=null defaults=0x0 flags=0x2 color=0x00000000 vis=PRIVATE),1]
12-17 10:33:40.468  1937  1937 I notification_enqueue: [1007,24622,com.motorola.bug2go,2,NULL,0,Notification(pri=0 contentView=com.motorola.bug2go/0x7f030005 vibrate=null sound=null defaults=0x0 flags=0x2 color=0x00000000 vis=PRIVATE),1]
12-17 10:33:40.483  1937  1937 I notification_enqueue: [1007,24622,com.motorola.bug2go,2,NULL,0,Notification(pri=0 contentView=com.motorola.bug2go/0x7f030005 vibrate=null sound=null defaults=0x0 flags=0x2 color=0x00000000 vis=PRIVATE),1]
12-17 10:33:40.974  1937  2535 I am_proc_start: [0,24748,10102,com.google.android.youtube,service,com.google.android.youtube/com.google.android.libraries.youtube.common.gcore.gcoreclient.gcm.impl.GcmTaskServiceDelegator]
12-17 10:33:41.105  1937  1949 I am_proc_bound: [0,24748,com.google.android.youtube]
12-17 10:33:41.227  1937  1953 I am_kill : [0,24283,com.google.android.talk,0,stop com.google.android.talk]
12-17 10:33:41.400  1937  1953 I am_schedule_service_restart: [0,com.google.android.talk/com.google.android.libraries.hangouts.video.CallService,1000]
12-17 10:33:41.401  1937  1953 I am_finish_activity: [0,100583677,63,com.google.android.talk/.SigningInActivity,proc died without state saved]
12-17 10:33:41.401  1937  1953 I am_focused_activity: [-1,NULL]
12-17 10:33:41.401  1937  1953 I wm_task_removed: [63,removeAppToken: last token]
12-17 10:33:41.401  1937  1953 I wm_task_removed: [63,removeTask]
12-17 10:33:41.401  1937  1953 I am_home_stack_moved: [0,1,0,0,appDied leftTaskHistoryEmpty]
12-17 10:33:41.401  1937  1953 I wm_stack_removed: 5
12-17 10:33:41.409   363   363 I sf_frame_dur: [com.google.android.talk/com.google.android.talk.SigningInActivity,24,1,1,1,2,1,0]
12-17 10:33:41.724  1937  1953 I am_resume_activity: [0,97956882,57,com.google.android.googlequicksearchbox/com.google.android.launcher.GEL]
12-17 10:33:41.725  1937  7042 I dvm_lock_sample: [system_server,1,Binder_F,241,exists,UserManagerService.java,408,updateSettingsLI,PackageManagerService.java,12325,48]
12-17 10:33:41.736  1937  1953 I dvm_lock_sample: [system_server,1,ActivityManager,514,handleMessage,ActivityManagerService.java,1782,,,0,150]
12-17 10:33:41.739  1937  3096 I dvm_lock_sample: [system_server,0,Binder_8,515,serviceDoneExecuting,ActivityManagerService.java,16235,handleMessage,-,1774,100]
12-17 10:33:41.742  1937  3093 I dvm_lock_sample: [system_server,1,Binder_7,519,startService,ActivityManagerService.java,15962,handleMessage,-,1774,100]
12-17 10:33:41.743  1937  1955 I dvm_lock_sample: [system_server,1,android.ui,515,dispatchUidsChanged,ActivityManagerService.java,3867,handleMessage,-,1774,100]
