12-17 10:33:41.743  1937  1973 I dvm_lock_sample: [system_server,1,android.display,450,windowsGone,ActivityRecord.java,365,handleMessage,ActivityManagerService.java,1774,90]
12-17 10:33:41.743  1937  1949 I dvm_lock_sample: [system_server,1,Binder_2,373,startService,ActivityManagerService.java,15962,handleMessage,-,1774,74]
12-17 10:33:41.760  1937  2068 I unknown_sources_enabled: 0
12-17 10:33:41.971  1937  1953 I am_proc_start: [0,24781,10006,android.process.acore,broadcast,com.android.providers.contacts/.PackageIntentReceiver]
12-17 10:33:42.029  1937  3241 I am_proc_bound: [0,24781,android.process.acore]
12-17 10:33:42.110  3113  3113 I am_on_resume_called: [0,com.google.android.launcher.GEL]
12-17 10:33:42.459  1937  3096 I am_proc_start: [0,24802,10024,com.google.android.partnersetup,broadcast,com.google.android.partnersetup/.RlzPingBroadcastReceiver]
12-17 10:33:42.509  1937  2535 I am_proc_bound: [0,24802,com.google.android.partnersetup]
12-17 10:33:42.712  1937  2944 I am_proc_start: [0,24818,10037,com.android.vending,broadcast,com.android.vending/com.google.android.finsky.receivers.PackageMonitorReceiver$RegisteredReceiver]
12-17 10:33:42.749  1937  3241 I am_proc_bound: [0,24818,com.android.vending]
12-17 10:33:42.865  1937  3128 I dvm_lock_sample: [system_server,1,Binder_A,602,getCurrentInputMethodSubtype,InputMethodManagerService.java,3440,nativeGetString,StringBlock.java,-2,100]
12-17 10:33:43.319 24748 24794 I dvm_lock_sample: [com.google.android.youtube,0,pool-2-thread-1,252,a,SourceFile,103,nativeLoad,Runtime.java,-2,50]
12-17 10:33:43.921 24748 24866 I dvm_lock_sample: [com.google.android.youtube,0,pool-2-thread-8,261,a,SourceFile,138,nativeOpen,SQLiteConnection.java,-2,52]
12-17 10:33:44.114  1937  1937 I notification_cancel_all: [1000,1937,com.google.android.talk,0,0,0,5,NULL]
12-17 10:33:44.292  1937  1948 I am_proc_start: [0,24913,10047,com.google.android.googlequicksearchbox:search,broadcast,com.google.android.googlequicksearchbox/com.google.android.search.core.icingsync.IcingCorporaChangedReceiver]
12-17 10:33:44.310  1937  1937 I notification_enqueue: [1007,24622,com.motorola.bug2go,2,NULL,0,Notification(pri=0 contentView=com.motorola.bug2go/0x7f030005 vibrate=null sound=null defaults=0x0 flags=0x2 color=0x00000000 vis=PRIVATE),1]
12-17 10:33:44.311  1937  1937 I notification_enqueue: [1007,24622,com.motorola.bug2go,2,NULL,0,Notification(pri=0 contentView=com.motorola.bug2go/0x7f030005 vibrate=null sound=null defaults=0x0 flags=0x2 color=0x00000000 vis=PRIVATE),1]
12-17 10:33:44.313  1937  1937 I notification_enqueue: [1007,24622,com.motorola.bug2go,2,NULL,0,Notification(pri=0 contentView=com.motorola.bug2go/0x7f030005 vibrate=null sound=null defaults=0x0 flags=0x2 color=0x00000000 vis=PRIVATE),1]
12-17 10:33:44.314  1937  1937 I notification_canceled: [0|com.android.vending|-1050172287|null|10037,8,51008,51008,0]
12-17 10:33:44.332  1937  3128 I am_proc_bound: [0,24913,com.google.android.googlequicksearchbox:search]
12-17 10:33:44.528 19373 19385 I force_gc: Binder
12-17 10:33:44.536  1937  1937 I notification_enqueue: [1007,24622,com.motorola.bug2go,2,NULL,0,Notification(pri=0 contentView=com.motorola.bug2go/0x7f030005 vibrate=null sound=null defaults=0x0 flags=0x2 color=0x00000000 vis=PRIVATE),1]
12-17 10:33:44.652  1937  1937 I notification_enqueue: [1007,24622,com.motorola.bug2go,2,NULL,0,Notification(pri=0 contentView=com.motorola.bug2go/0x7f030005 vibrate=null sound=null defaults=0x0 flags=0x2 color=0x00000000 vis=PRIVATE),1]
12-17 10:33:44.756  1937  1951 I am_meminfo: [184762368,115978240,23330816,88186880,26846208]
12-17 10:33:44.807  1937  1951 I am_pss  : [3113,10047,com.google.android.googlequicksearchbox,35507200,32018432]
12-17 10:33:44.856  1937  1951 I am_pss  : [3396,10020,com.google.android.gms.persistent,25186304,21700608]
12-17 10:33:44.883  1937  3128 I am_proc_start: [0,24956,10067,com.google.android.apps.docs,broadcast,com.google.android.apps.docs/.receivers.AppPackageAddRemoveReceiver]
12-17 10:33:44.912  1937  1951 I am_pss  : [2965,10073,com.google.android.apps.inputmethod.hindi,20563968,18337792]
12-17 10:33:44.947  1937  2535 I am_proc_bound: [0,24956,com.google.android.apps.docs]
12-17 10:33:44.964  1937  1951 I am_pss  : [19373,10020,com.google.android.gms,23842816,20000768]
12-17 10:33:44.997  1937  1951 I am_pss  : [24802,10024,com.google.android.partnersetup,3305472,2424832]
12-17 10:33:45.030  1937  1951 I am_pss  : [24781,10006,android.process.acore,6766592,5562368]
12-17 10:33:45.072  1937  1951 I am_pss  : [24127,10013,com.android.defcontainer,2655232,1732608]
12-17 10:33:45.133  1937  1951 I am_pss  : [24748,10102,com.google.android.youtube,26353664,21483520]
12-17 10:33:45.165  1937  1951 I am_pss  : [24622,1007,com.motorola.bug2go,9851904,6516736]
12-17 10:33:45.200  1937  1951 I am_pss  : [5050,10034,com.motorola.motocare,11264000,9760768]
12-17 10:33:45.240  1937  1951 I am_pss  : [4435,10000,com.motorola.ccc,10678272,9166848]
12-17 10:33:45.272  1937  1951 I am_pss  : [24506,10016,android.process.media,4924416,3555328]
12-17 10:33:45.313  1937  1951 I am_pss  : [24565,10095,com.google.android.apps.photos,13892608,10600448]
12-17 10:33:45.347  1937  1951 I am_pss  : [5007,10032,com.motorola.MotGallery2,4931584,3862528]
12-17 10:33:45.372  1937  1937 I notification_enqueue: [1007,24622,com.motorola.bug2go,2,NULL,0,Notification(pri=0 contentView=com.motorola.bug2go/0x7f030005 vibrate=null sound=null defaults=0x0 flags=0x2 color=0x00000000 vis=PRIVATE),1]
12-17 10:33:45.395  1937  1951 I am_pss  : [14485,10008,com.android.cellbroadcastreceiver,3383296,2387968]
12-17 10:33:45.452  1937  1951 I am_pss  : [6950,10089,com.google.android.music:main,7864320,6283264]
12-17 10:33:45.473  1937  1937 I notification_enqueue: [1007,24622,com.motorola.bug2go,2,NULL,0,Notification(pri=0 contentView=com.motorola.bug2go/0x7f030005 vibrate=null sound=null defaults=0x0 flags=0x2 color=0x00000000 vis=PRIVATE),1]
12-17 10:33:45.480 24748 24937 I dvm_lock_sample: [com.google.android.youtube,0,Thread-1734,1067,b_,SourceFile,130,openDexFileNative,DexFile.java,-2,100]
12-17 10:33:45.503  1937  1951 I am_pss  : [4788,10015,com.motorola.survey,3400704,2318336]
12-17 10:33:45.557  1937  1951 I am_pss  : [5953,10051,com.motorola.config.wifi,3049472,2080768]
12-17 10:33:45.589  1937  1951 I am_pss  : [4115,1000,com.motorola.ServiceDialingNumbers,2756608,1810432]
12-17 10:33:45.632  1937  1951 I am_pss  : [3829,1000,com.motorola.tools.batterytracer,12050432,10776576]
12-17 10:33:45.664  1937  1951 I am_pss  : [5289,1000,com.qualcomm.telephony,3434496,2490368]
12-17 10:33:45.710  1937  1951 I am_pss  : [3056,1000,com.motorola.process.system,8249344,6963200]
12-17 10:33:45.763  1937  1951 I am_pss  : [3104,1001,com.android.phone,13948928,11980800]
12-17 10:33:45.795  1937  1951 I am_pss  : [3067,1000,com.qualcomm.services.location,2485248,1609728]
12-17 10:33:45.827  1937  1951 I am_pss  : [2939,10047,com.google.android.googlequicksearchbox:interactor,3293184,2109440]
12-17 10:33:45.873  1937  3241 I am_kill : [0,24565,com.google.android.apps.photos,15,empty #7]
12-17 10:33:46.007  1937  1955 I dvm_lock_sample: [system_server,1,android.ui,134,dispatchProcessesChanged,ActivityManagerService.java,3804,processNextBroadcast,BroadcastQueue.java,639,26]
12-17 10:33:46.008  1937  1951 I am_pss  : [2578,1000,com.motorola.modemservice,5385216,4231168]
12-17 10:33:46.009  1937  3093 I dvm_lock_sample: [system_server,0,Binder_7,105,binderDied,ActivityManagerService.java,1330,processNextBroadcast,BroadcastQueue.java,639,21]
12-17 10:33:46.009  1937  3093 I am_proc_died: [0,24565,com.google.android.apps.photos]
12-17 10:33:46.100  1937  1951 I am_pss  : [2492,10045,com.android.systemui,49703936,45838336]
12-17 10:33:46.151  1937  1937 I notification_enqueue: [1007,24622,com.motorola.bug2go,2,NULL,0,Notification(pri=0 contentView=com.motorola.bug2go/0x7f030005 vibrate=null sound=null defaults=0x0 flags=0x2 color=0x00000000 vis=PRIVATE),1]
12-17 10:33:46.202  1937  1951 I am_pss  : [1937,1000,system,74498048,63746048]
12-17 10:33:46.311  1937  7042 I am_proc_start: [0,25012,10097,com.google.android.apps.plus,broadcast,com.google.android.apps.plus/.service.PackagesMediaMonitor]
12-17 10:33:46.346 24818 24876 I google_http_request: [1683,200,unused/0,1]
12-17 10:33:46.377  1937  1937 I notification_enqueue: [1007,24622,com.motorola.bug2go,2,NULL,0,Notification(pri=0 contentView=com.motorola.bug2go/0x7f030005 vibrate=null sound=null defaults=0x0 flags=0x2 color=0x00000000 vis=PRIVATE),1]
12-17 10:33:46.377  1937  2517 I am_proc_bound: [0,25012,com.google.android.apps.plus]
12-17 10:33:46.438  1937  1949 I am_kill : [0,24127,com.android.defcontainer,15,empty #7]
12-17 10:33:46.570  1937  3128 I force_gc: Binder
12-17 10:33:46.570  1937  1948 I am_proc_died: [0,24127,com.android.defcontainer]
12-17 10:33:46.621 24748 24937 I dvm_lock_sample: [com.google.android.youtube,1,Thread-1734,1129,c,SourceFile,116,b,-,252,100]
12-17 10:33:46.831  1937  1937 I notification_enqueue: [1007,24622,com.motorola.bug2go,2,NULL,0,Notification(pri=0 contentView=com.motorola.bug2go/0x7f030005 vibrate=null sound=null defaults=0x0 flags=0x2 color=0x00000000 vis=PRIVATE),1]
12-17 10:33:46.847  1937  6726 I notification_cancel_all: [10016,24506,com.android.providers.downloads,0,0,64,9,NULL]
12-17 10:33:46.963  1937  8646 I am_proc_start: [0,25046,10104,com.gaana,broadcast,com.gaana/seventynine.sdk.ReceiverScreen]
12-17 10:33:47.040  1937  2944 I am_proc_bound: [0,25046,com.gaana]
12-17 10:33:47.052 24748 24937 I google_http_request: [361,200,com.google.android.youtube/10.47.55,1]
12-17 10:33:47.056  1937  6726 I am_kill : [0,24802,com.google.android.partnersetup,15,empty #7]
12-17 10:33:47.177  1937  2944 I dvm_lock_sample: [system_server,0,Binder_6,106,binderDied,ActivityManagerService.java,1330,serviceDoneExecuting,-,16235,21]
12-17 10:33:47.180  1937  2586 I dvm_lock_sample: [system_server,1,Binder_5,88,broadcastIntent,ActivityManagerService.java,17217,serviceDoneExecuting,-,16235,17]
12-17 10:33:47.182  1937  2944 I am_proc_died: [0,24802,com.google.android.partnersetup]
12-17 10:33:47.405  1937  3110 I am_kill : [0,24781,android.process.acore,15,empty #7]
12-17 10:33:47.410  1937  1937 I notification_enqueue: [1007,24622,com.motorola.bug2go,2,NULL,0,Notification(pri=0 contentView=com.motorola.bug2go/0x7f030005 vibrate=null sound=null defaults=0x0 flags=0x2 color=0x00000000 vis=PRIVATE),1]
12-17 10:33:47.490  1937  5512 I am_proc_died: [0,24781,android.process.acore]
12-17 10:33:47.512  1937  3110 I am_proc_start: [0,25065,10078,com.google.android.talk,broadcast,com.google.android.talk/com.google.android.apps.hangouts.phone.PackageReplacedReceiver]
12-17 10:33:47.515  1937  3110 I am_kill : [0,24748,com.google.android.youtube,15,empty #7]
12-17 10:33:47.573  1937  1955 I dvm_lock_sample: [system_server,1,android.ui,59,dispatchUidsChanged,ActivityManagerService.java,3919,trimApplications,-,19673,11]
12-17 10:33:47.574  1937  3093 I am_proc_died: [0,24748,com.google.android.youtube]
12-17 10:33:47.574  1937  1937 I notification_enqueue: [1007,24622,com.motorola.bug2go,2,NULL,0,Notification(pri=0 contentView=com.motorola.bug2go/0x7f030005 vibrate=null sound=null defaults=0x0 flags=0x2 color=0x00000000 vis=PRIVATE),1]
12-17 10:33:47.576  1937  1949 I am_proc_bound: [0,25065,com.google.android.talk]
12-17 10:33:47.752  1937  1937 I notification_enqueue: [1007,24622,com.motorola.bug2go,2,NULL,0,Notification(pri=0 contentView=com.motorola.bug2go/0x7f030005 vibrate=null sound=null defaults=0x0 flags=0x2 color=0x00000000 vis=PRIVATE),1]
12-17 10:33:47.769  1937  1937 I notification_enqueue: [1007,24622,com.motorola.bug2go,2,NULL,0,Notification(pri=0 contentView=com.motorola.bug2go/0x7f030005 vibrate=null sound=null defaults=0x0 flags=0x2 color=0x00000000 vis=PRIVATE),1]
12-17 10:33:47.781  1937  1937 I notification_enqueue: [1007,24622,com.motorola.bug2go,2,NULL,0,Notification(pri=0 contentView=com.motorola.bug2go/0x7f030005 vibrate=null sound=null defaults=0x0 flags=0x2 color=0x00000000 vis=PRIVATE),1]
12-17 10:33:47.801  1937  1937 I notification_enqueue: [1007,24622,com.motorola.bug2go,2,NULL,0,Notification(pri=0 contentView=com.motorola.bug2go/0x7f030005 vibrate=null sound=null defaults=0x0 flags=0x2 color=0x00000000 vis=PRIVATE),1]
12-17 10:33:47.811  1937  1937 I notification_enqueue: [1007,24622,com.motorola.bug2go,2,NULL,0,Notification(pri=0 contentView=com.motorola.bug2go/0x7f030005 vibrate=null sound=null defaults=0x0 flags=0x2 color=0x00000000 vis=PRIVATE),1]
12-17 10:33:47.864  1937  1937 I notification_enqueue: [1007,24622,com.motorola.bug2go,2,NULL,0,Notification(pri=0 contentView=com.motorola.bug2go/0x7f030005 vibrate=null sound=null defaults=0x0 flags=0x2 color=0x00000000 vis=PRIVATE),1]
12-17 10:33:47.898  1937  1937 I notification_enqueue: [1007,24622,com.motorola.bug2go,2,NULL,0,Notification(pri=0 contentView=com.motorola.bug2go/0x7f030005 vibrate=null sound=null defaults=0x0 flags=0x2 color=0x00000000 vis=PRIVATE),1]
12-17 10:33:47.906  1937  1937 I notification_enqueue: [1007,24622,com.motorola.bug2go,2,NULL,0,Notification(pri=0 contentView=com.motorola.bug2go/0x7f030005 vibrate=null sound=null defaults=0x0 flags=0x2 color=0x00000000 vis=PRIVATE),1]
12-17 10:33:47.922  1937  1937 I notification_enqueue: [1007,24622,com.motorola.bug2go,2,NULL,0,Notification(pri=0 contentView=com.motorola.bug2go/0x7f030005 vibrate=null sound=null defaults=0x0 flags=0x2 color=0x00000000 vis=PRIVATE),1]
12-17 10:33:47.935  1937  1937 I notification_enqueue: [1007,24622,com.motorola.bug2go,2,NULL,0,Notification(pri=0 contentView=com.motorola.bug2go/0x7f030005 vibrate=null sound=null defaults=0x0 flags=0x2 color=0x00000000 vis=PRIVATE),1]
12-17 10:33:47.948  1937  1937 I notification_enqueue: [1007,24622,com.motorola.bug2go,2,NULL,0,Notification(pri=0 contentView=com.motorola.bug2go/0x7f030005 vibrate=null sound=null defaults=0x0 flags=0x2 color=0x00000000 vis=PRIVATE),1]
12-17 10:33:47.968  1937  1937 I notification_enqueue: [1007,24622,com.motorola.bug2go,2,NULL,0,Notification(pri=0 contentView=com.motorola.bug2go/0x7f030005 vibrate=null sound=null defaults=0x0 flags=0x2 color=0x00000000 vis=PRIVATE),1]
12-17 10:33:47.978  1937  1937 I notification_enqueue: [1007,24622,com.motorola.bug2go,2,NULL,0,Notification(pri=0 contentView=com.motorola.bug2go/0x7f030005 vibrate=null sound=null defaults=0x0 flags=0x2 color=0x00000000 vis=PRIVATE),1]
12-17 10:33:47.990  1937  1937 I notification_enqueue: [1007,24622,com.motorola.bug2go,2,NULL,0,Notification(pri=0 contentView=com.motorola.bug2go/0x7f030005 vibrate=null sound=null defaults=0x0 flags=0x2 color=0x00000000 vis=PRIVATE),1]
12-17 10:33:48.052  1937  2433 I dvm_lock_sample: [system_server,0,NetdConnector,37498,read,LocalSocketImpl.java,103,,,0,150]
12-17 10:33:48.096  1937  2434 I netstats_mobile_sample: [490710,1229,312440,1335,490710,1229,312440,1335,490710,1229,291514,1335,1450328628656]
12-17 10:33:48.097  1937  2434 I netstats_wifi_sample: [58833667,41145,3455717,22386,58833667,41145,3455717,22386,58753038,40768,3137793,22378,1450328628656]
12-17 10:33:48.115  1937  1937 I notification_enqueue: [1007,24622,com.motorola.bug2go,2,NULL,0,Notification(pri=0 contentView=com.motorola.bug2go/0x7f030005 vibrate=null sound=null defaults=0x0 flags=0x2 color=0x00000000 vis=PRIVATE),1]
12-17 10:33:48.128  1937  1937 I notification_enqueue: [1007,24622,com.motorola.bug2go,2,NULL,0,Notification(pri=0 contentView=com.motorola.bug2go/0x7f030005 vibrate=null sound=null defaults=0x0 flags=0x2 color=0x00000000 vis=PRIVATE),1]
12-17 10:33:48.138  1937  1937 I notification_enqueue: [1007,24622,com.motorola.bug2go,2,NULL,0,Notification(pri=0 contentView=com.motorola.bug2go/0x7f030005 vibrate=null sound=null defaults=0x0 flags=0x2 color=0x00000000 vis=PRIVATE),1]
12-17 10:33:48.150  1937  1937 I notification_enqueue: [1007,24622,com.motorola.bug2go,2,NULL,0,Notification(pri=0 contentView=com.motorola.bug2go/0x7f030005 vibrate=null sound=null defaults=0x0 flags=0x2 color=0x00000000 vis=PRIVATE),1]
12-17 10:33:48.258  5050  5158 I dvm_lock_sample: [com.motorola.motocare,0,ThermalThread,9990,read,LocalSocketImpl.java,103,,,0,150]
12-17 10:33:48.258  5050  5158 I dvm_lock_sample: [com.motorola.motocare,0,ThermalThread,9990,read,InputStreamReader.java,272,,,0,150]
12-17 10:33:48.259  5050  5158 I dvm_lock_sample: [com.motorola.motocare,0,ThermalThread,9990,readLine,BufferedReader.java,409,,,0,150]
12-17 10:33:48.394 25065 25065 I dvm_lock_sample: [com.google.android.talk,1,main,363,d,SourceFile,399,d,-,399,72]
12-17 10:33:48.671  1937  2586 I am_proc_start: [0,25106,10006,android.process.acore,broadcast,com.android.providers.contacts/.PackageIntentReceiver]
12-17 10:33:48.703  1937  7042 I am_proc_bound: [0,25106,android.process.acore]
12-17 10:33:48.811  1937  3241 I am_proc_start: [0,25122,10010,com.motorola.context,broadcast,com.motorola.context/.receiver.PackageReplaceReceiver]
12-17 10:33:48.813  1937  3241 I am_kill : [0,24818,com.android.vending,15,empty #7]
12-17 10:33:48.889  1937  2517 I am_proc_died: [0,24818,com.android.vending]
12-17 10:33:48.891  1937  1949 I am_proc_bound: [0,25122,com.motorola.context]
12-17 10:33:49.077  1937  3241 I am_proc_start: [0,25138,10090,com.google.android.apps.magazines,broadcast,com.google.android.apps.magazines/com.google.apps.dots.android.app.receiver.FirstInstallNotificationReceiver]
12-17 10:33:49.104  1937  3263 I am_kill : [0,24956,com.google.android.apps.docs,15,empty #7]
12-17 10:33:49.160  1937  2517 I am_proc_died: [0,24956,com.google.android.apps.docs]
12-17 10:33:49.161  1937  3093 I am_proc_bound: [0,25138,com.google.android.apps.magazines]
12-17 10:33:50.233  1937  1937 I notification_enqueue: [1007,24622,com.motorola.bug2go,2,NULL,0,Notification(pri=0 contentView=com.motorola.bug2go/0x7f030005 vibrate=null sound=null defaults=0x0 flags=0x2 color=0x00000000 vis=PRIVATE),1]
12-17 10:33:50.243  1937  1937 I notification_enqueue: [1007,24622,com.motorola.bug2go,2,NULL,0,Notification(pri=0 contentView=com.motorola.bug2go/0x7f030005 vibrate=null sound=null defaults=0x0 flags=0x2 color=0x00000000 vis=PRIVATE),1]
12-17 10:33:50.251  1937  1937 I notification_enqueue: [1007,24622,com.motorola.bug2go,2,NULL,0,Notification(pri=0 contentView=com.motorola.bug2go/0x7f030005 vibrate=null sound=null defaults=0x0 flags=0x2 color=0x00000000 vis=PRIVATE),1]
12-17 10:33:50.267  1937  1937 I notification_enqueue: [1007,24622,com.motorola.bug2go,2,NULL,0,Notification(pri=0 contentView=com.motorola.bug2go/0x7f030005 vibrate=null sound=null defaults=0x0 flags=0x2 color=0x00000000 vis=PRIVATE),1]
12-17 10:33:50.339  1937  6726 I am_kill : [0,25012,com.google.android.apps.plus,15,empty #7]
12-17 10:33:50.381  1937  2586 I am_proc_died: [0,25012,com.google.android.apps.plus]
12-17 10:33:50.456  1937  7042 I am_proc_start: [0,25211,10062,com.google.android.apps.cloudprint,broadcast,com.google.android.apps.cloudprint/.printdialog.receivers.UpgradeBroadcastReceiver]
12-17 10:33:50.500  1937  3263 I am_proc_bound: [0,25211,com.google.android.apps.cloudprint]
12-17 10:33:50.624  1937  5512 I am_kill : [0,25046,com.gaana,15,empty #7]
12-17 10:33:50.680  1937  8646 I am_proc_died: [0,25046,com.gaana]
12-17 10:33:50.711  1937  3241 I am_proc_start: [0,25238,10037,com.android.vending,broadcast,com.android.vending/com.google.android.finsky.receivers.PackageMonitorReceiver$RegisteredReceiver]
12-17 10:33:50.734  1937  2586 I am_proc_bound: [0,25238,com.android.vending]
12-17 10:33:51.125  1937  1949 I am_proc_start: [0,25279,10097,com.google.android.apps.plus,broadcast,com.google.android.apps.plus/.service.PackagesMediaMonitor]
12-17 10:33:51.172  1937  3263 I am_proc_bound: [0,25279,com.google.android.apps.plus]
12-17 10:33:51.197  1937  2535 I am_kill : [0,25122,com.motorola.context,15,empty #7]
12-17 10:33:51.269  1937  7042 I force_gc: Binder
12-17 10:33:51.285  1937  2517 I dvm_lock_sample: [system_server,1,Binder_3,82,startService,ActivityManagerService.java,15962,serviceDoneExecuting,-,16235,16]
12-17 10:33:51.287  1937  3110 I am_proc_died: [0,25122,com.motorola.context]
12-17 10:33:51.655  1937  2517 I dvm_lock_sample: [system_server,1,Binder_3,33,exists,UserManagerService.java,408,getInstalledPackages,PackageManagerService.java,5355,6]
12-17 10:33:51.703  1937  2586 I am_kill : [0,25138,com.google.android.apps.magazines,15,empty #7]
12-17 10:33:51.759  1937  6726 I am_proc_died: [0,25138,com.google.android.apps.magazines]
12-17 10:33:53.814  1937  1937 I notification_enqueue: [1007,24622,com.motorola.bug2go,2,NULL,0,Notification(pri=0 contentView=com.motorola.bug2go/0x7f030005 vibrate=null sound=null defaults=0x0 flags=0x2 color=0x00000000 vis=PRIVATE),1]
12-17 10:33:53.848  1937  1937 I notification_enqueue: [1007,24622,com.motorola.bug2go,2,NULL,0,Notification(pri=0 contentView=com.motorola.bug2go/0x7f030005 vibrate=null sound=null defaults=0x0 flags=0x2 color=0x00000000 vis=PRIVATE),1]
12-17 10:33:53.898  1937  1937 I notification_enqueue: [1007,24622,com.motorola.bug2go,2,NULL,0,Notification(pri=0 contentView=com.motorola.bug2go/0x7f030005 vibrate=null sound=null defaults=0x0 flags=0x2 color=0x00000000 vis=PRIVATE),1]
12-17 10:33:53.933  1937  1937 I notification_enqueue: [1007,24622,com.motorola.bug2go,2,NULL,0,Notification(pri=0 contentView=com.motorola.bug2go/0x7f030005 vibrate=null sound=null defaults=0x0 flags=0x2 color=0x00000000 vis=PRIVATE),1]
12-17 10:33:53.944  1937  1937 I notification_enqueue: [1007,24622,com.motorola.bug2go,2,NULL,0,Notification(pri=0 contentView=com.motorola.bug2go/0x7f030005 vibrate=null sound=null defaults=0x0 flags=0x2 color=0x00000000 vis=PRIVATE),1]
12-17 10:33:53.952  1937  1937 I notification_enqueue: [1007,24622,com.motorola.bug2go,2,NULL,0,Notification(pri=0 contentView=com.motorola.bug2go/0x7f030005 vibrate=null sound=null defaults=0x0 flags=0x2 color=0x00000000 vis=PRIVATE),1]
12-17 10:33:53.965  1937  1937 I notification_enqueue: [1007,24622,com.motorola.bug2go,2,NULL,0,Notification(pri=0 contentView=com.motorola.bug2go/0x7f030005 vibrate=null sound=null defaults=0x0 flags=0x2 color=0x00000000 vis=PRIVATE),1]
12-17 10:33:53.975  1937  1937 I notification_enqueue: [1007,24622,com.motorola.bug2go,2,NULL,0,Notification(pri=0 contentView=com.motorola.bug2go/0x7f030005 vibrate=null sound=null defaults=0x0 flags=0x2 color=0x00000000 vis=PRIVATE),1]
12-17 10:33:54.249  1937  1951 I am_pss  : [3396,10020,com.google.android.gms.persistent,25617408,22142976]
12-17 10:33:55.215  1937  1937 I notification_enqueue: [1007,24622,com.motorola.bug2go,2,NULL,0,Notification(pri=0 contentView=com.motorola.bug2go/0x7f030005 vibrate=null sound=null defaults=0x0 flags=0x2 color=0x00000000 vis=PRIVATE),1]
12-17 10:33:55.246  1937  1937 I notification_enqueue: [1007,24622,com.motorola.bug2go,2,NULL,0,Notification(pri=0 contentView=com.motorola.bug2go/0x7f030005 vibrate=null sound=null defaults=0x0 flags=0x2 color=0x00000000 vis=PRIVATE),1]
12-17 10:33:55.266  1937  1937 I notification_enqueue: [1007,24622,com.motorola.bug2go,2,NULL,0,Notification(pri=0 contentView=com.motorola.bug2go/0x7f030005 vibrate=null sound=null defaults=0x0 flags=0x2 color=0x00000000 vis=PRIVATE),1]
12-17 10:33:55.286  1937  1937 I notification_enqueue: [1007,24622,com.motorola.bug2go,2,NULL,0,Notification(pri=0 contentView=com.motorola.bug2go/0x7f030005 vibrate=null sound=null defaults=0x0 flags=0x2 color=0x00000000 vis=PRIVATE),1]
12-17 10:33:55.727  1937  1951 I am_pss  : [3113,10047,com.google.android.googlequicksearchbox,53402624,47931392]
12-17 10:33:58.035  1937  1937 I free_storage_changed: 1840107520
12-17 10:33:58.263  5050  5158 I dvm_lock_sample: [com.motorola.motocare,0,ThermalThread,9990,read,LocalSocketImpl.java,103,,,0,150]
12-17 10:33:58.263  5050  5158 I dvm_lock_sample: [com.motorola.motocare,0,ThermalThread,9991,read,InputStreamReader.java,272,,,0,150]
12-17 10:33:58.263  5050  5158 I dvm_lock_sample: [com.motorola.motocare,0,ThermalThread,9991,readLine,BufferedReader.java,409,,,0,150]
12-17 10:34:00.887  1937  1937 I notification_enqueue: [1007,24622,com.motorola.bug2go,2,NULL,0,Notification(pri=0 contentView=com.motorola.bug2go/0x7f030005 vibrate=null sound=null defaults=0x0 flags=0x2 color=0x00000000 vis=PRIVATE),1]
12-17 10:34:00.898  1937  1937 I notification_enqueue: [1007,24622,com.motorola.bug2go,2,NULL,0,Notification(pri=0 contentView=com.motorola.bug2go/0x7f030005 vibrate=null sound=null defaults=0x0 flags=0x2 color=0x00000000 vis=PRIVATE),1]
12-17 10:34:00.924  1937  1937 I notification_enqueue: [1007,24622,com.motorola.bug2go,2,NULL,0,Notification(pri=0 contentView=com.motorola.bug2go/0x7f030005 vibrate=null sound=null defaults=0x0 flags=0x2 color=0x00000000 vis=PRIVATE),1]
12-17 10:34:00.971  1937  1937 I notification_enqueue: [1007,24622,com.motorola.bug2go,2,NULL,0,Notification(pri=0 contentView=com.motorola.bug2go/0x7f030005 vibrate=null sound=null defaults=0x0 flags=0x2 color=0x00000000 vis=PRIVATE),1]
12-17 10:34:00.985  1937  1937 I notification_enqueue: [1007,24622,com.motorola.bug2go,2,NULL,0,Notification(pri=0 contentView=com.motorola.bug2go/0x7f030005 vibrate=null sound=null defaults=0x0 flags=0x2 color=0x00000000 vis=PRIVATE),1]
12-17 10:34:01.000  1937  1937 I notification_enqueue: [1007,24622,com.motorola.bug2go,2,NULL,0,Notification(pri=0 contentView=com.motorola.bug2go/0x7f030005 vibrate=null sound=null defaults=0x0 flags=0x2 color=0x00000000 vis=PRIVATE),1]
12-17 10:34:03.397  1937  1951 I am_pss  : [2965,10073,com.google.android.apps.inputmethod.hindi,20570112,18333696]
12-17 10:34:03.437  1937  1951 I am_pss  : [5050,10034,com.motorola.motocare,11248640,9756672]
12-17 10:34:03.477  1937  1951 I am_pss  : [5007,10032,com.motorola.MotGallery2,4661248,3538944]
12-17 10:34:03.528  1937  1951 I am_pss  : [4435,10000,com.motorola.ccc,10630144,9125888]
12-17 10:34:03.567  1937  1951 I am_pss  : [24622,1007,com.motorola.bug2go,9917440,7434240]
12-17 10:34:03.603  1937  1951 I am_pss  : [14485,10008,com.android.cellbroadcastreceiver,3433472,2383872]
12-17 10:34:03.647  1937  1951 I am_pss  : [6950,10089,com.google.android.music:main,7799808,6172672]
12-17 10:34:03.684  1937  1951 I am_pss  : [4788,10015,com.motorola.survey,3445760,2310144]
12-17 10:34:03.723  1937  1951 I am_pss  : [5953,10051,com.motorola.config.wifi,3102720,2080768]
12-17 10:34:03.757  1937  1951 I am_pss  : [4115,1000,com.motorola.ServiceDialingNumbers,2813952,1810432]
12-17 10:34:03.791  1937  1937 I notification_enqueue: [1007,24622,com.motorola.bug2go,2,NULL,0,Notification(pri=0 contentView=com.motorola.bug2go/0x7f030005 vibrate=null sound=null defaults=0x0 flags=0x2 color=0x00000000 vis=PRIVATE),1]
12-17 10:34:03.798  1937  1937 I force_gc: Binder
12-17 10:34:03.806  1937  1951 I am_pss  : [3829,1000,com.motorola.tools.batterytracer,13457408,12136448]
12-17 10:34:03.821  1937  1937 I notification_enqueue: [1007,24622,com.motorola.bug2go,2,NULL,0,Notification(pri=0 contentView=com.motorola.bug2go/0x7f030005 vibrate=null sound=null defaults=0x0 flags=0x2 color=0x00000000 vis=PRIVATE),1]
12-17 10:34:03.853  1937  1937 I notification_enqueue: [1007,24622,com.motorola.bug2go,2,NULL,0,Notification(pri=0 contentView=com.motorola.bug2go/0x7f030005 vibrate=null sound=null defaults=0x0 flags=0x2 color=0x00000000 vis=PRIVATE),1]
12-17 10:34:03.886  1937  1951 I am_pss  : [5289,1000,com.qualcomm.telephony,3273728,2273280]
12-17 10:34:03.888  1937  1937 I notification_enqueue: [1007,24622,com.motorola.bug2go,2,NULL,0,Notification(pri=0 contentView=com.motorola.bug2go/0x7f030005 vibrate=null sound=null defaults=0x0 flags=0x2 color=0x00000000 vis=PRIVATE),1]
12-17 10:34:03.926  1937  1951 I am_pss  : [2939,10047,com.google.android.googlequicksearchbox:interactor,3356672,2109440]
12-17 10:34:04.322  2492  2492 I sysui_panelholder_touch: [0,237,0]
12-17 10:34:04.330  2492  2492 I sysui_count: [panel_open,1]
12-17 10:34:04.337  2492  2492 I sysui_histogram: [note_load,10]
12-17 10:34:04.337  1937  3110 I notification_panel_revealed: 10
12-17 10:34:04.339  1937  2944 I notification_visibility: [0|com.android.mms|123|null|10029,1,2990930,2990930,0,0]
12-17 10:34:04.845  1937  3241 I notification_visibility: [0|com.android.providers.downloads|0|1:com.android.vending|10016,1,17339,17236,0,1]
12-17 10:34:04.846  1937  3241 I notification_visibility: [0|com.motorola.bug2go|2|null|1007,1,49163,959,0,2]
12-17 10:34:04.846  1937  3241 I notification_visibility: [0|com.motorola.tools.batterytracer|2131165197|null|1000,1,3005966,28548,0,3]
12-17 10:34:04.846  1937  3241 I notification_visibility: [0|com.android.systemui|2131755032|null|10045,1,134048,132987,0,4]
12-17 10:34:04.846  1937  3241 I notification_visibility: [0|com.google.android.gms|2131689521|null|10020,1,377541,377541,0,5]
12-17 10:34:04.846  1937  3241 I notification_visibility: [0|com.motorola.bug2go|2130903051|null|1007,1,2987120,2987120,0,6]
12-17 10:34:07.146  1937  5512 I notification_visibility: [0|com.android.vending|874755343|null|10037,1,164176,147431,0,8]
12-17 10:34:07.146  1937  5512 I notification_visibility: [-1|android|17040350|null|1000,1,33724,33724,0,7]
12-17 10:34:07.146  1937  5512 I notification_visibility: [-1|android|17040344|null|1000,1,33731,33731,0,9]
12-17 10:34:07.147  1937  5512 I notification_visibility: [0|com.android.providers.downloads|0|1:com.android.vending|10016,0,19641,393,0,1]
12-17 10:34:07.147  1937  5512 I notification_visibility: [0|com.motorola.bug2go|2|null|1007,0,51464,3260,0,2]
12-17 10:34:07.147  1937  5512 I notification_visibility: [0|com.motorola.tools.batterytracer|2131165197|null|1000,0,3008267,30849,0,3]
12-17 10:34:07.147  1937  5512 I notification_visibility: [0|com.android.systemui|2131755032|null|10045,0,136349,135288,0,4]
12-17 10:34:07.147  1937  5512 I notification_visibility: [0|com.google.android.gms|2131689521|null|10020,0,379842,379842,0,5]
12-17 10:34:07.206  1937  1983 I dvm_lock_sample: [system_server,1,PowerManagerService,25,handleSandman,PowerManagerService.java,1854,acquireWakeLockInternal,-,822,5]
12-17 10:34:07.410 19373 25546 I force_gc: Binder
12-17 10:34:07.662  1937  8646 I notification_visibility: [-1|android|17040344|null|1000,0,34247,34247,0,9]
12-17 10:34:07.743  1937  1937 I notification_enqueue: [1007,24622,com.motorola.bug2go,2,NULL,0,Notification(pri=0 contentView=com.motorola.bug2go/0x7f030005 vibrate=null sound=null defaults=0x0 flags=0x2 color=0x00000000 vis=PRIVATE),1]
12-17 10:34:07.757  1937  1937 I notification_enqueue: [1007,24622,com.motorola.bug2go,2,NULL,0,Notification(pri=0 contentView=com.motorola.bug2go/0x7f030005 vibrate=null sound=null defaults=0x0 flags=0x2 color=0x00000000 vis=PRIVATE),1]
12-17 10:34:07.866  1937  1937 I notification_enqueue: [1007,24622,com.motorola.bug2go,2,NULL,0,Notification(pri=0 contentView=com.motorola.bug2go/0x7f030005 vibrate=null sound=null defaults=0x0 flags=0x2 color=0x00000000 vis=PRIVATE),1]
12-17 10:34:07.868  1937  3241 I notification_visibility: [0|com.android.vending|874755343|null|10037,0,164898,148153,0,8]
12-17 10:34:07.868  1937  3241 I notification_visibility: [0|com.android.mms|123|null|10029,0,2994459,2994459,0,0]
12-17 10:34:07.868  1937  3241 I notification_visibility: [-1|android|17040350|null|1000,0,34446,34446,0,7]
12-17 10:34:07.868  1937  3241 I notification_visibility: [0|com.motorola.bug2go|2130903051|null|1007,0,2990142,2990142,0,6]
12-17 10:34:07.869  1937  3128 I notification_panel_hidden: []
12-17 10:34:07.877  1937  1937 I notification_enqueue: [1007,24622,com.motorola.bug2go,2,NULL,0,Notification(pri=0 contentView=com.motorola.bug2go/0x7f030005 vibrate=null sound=null defaults=0x0 flags=0x2 color=0x00000000 vis=PRIVATE),1]
12-17 10:34:07.886  1937  1937 I notification_enqueue: [1007,24622,com.motorola.bug2go,2,NULL,0,Notification(pri=0 contentView=com.motorola.bug2go/0x7f030005 vibrate=null sound=null defaults=0x0 flags=0x2 color=0x00000000 vis=PRIVATE),1]
12-17 10:34:08.268  5050  5158 I dvm_lock_sample: [com.motorola.motocare,0,ThermalThread,9990,read,LocalSocketImpl.java,103,,,0,150]
12-17 10:34:08.268  5050  5158 I dvm_lock_sample: [com.motorola.motocare,0,ThermalThread,9991,read,InputStreamReader.java,272,,,0,150]
12-17 10:34:08.268  5050  5158 I dvm_lock_sample: [com.motorola.motocare,0,ThermalThread,9991,readLine,BufferedReader.java,409,,,0,150]
12-17 10:34:08.391  1937  1951 I am_pss  : [25065,10078,com.google.android.talk,31827968,27668480]
12-17 10:34:10.683  3396  3541 I force_gc: Binder
12-17 10:34:18.272  5050  5158 I dvm_lock_sample: [com.motorola.motocare,0,ThermalThread,9990,read,LocalSocketImpl.java,103,,,0,150]
12-17 10:34:18.273  5050  5158 I dvm_lock_sample: [com.motorola.motocare,0,ThermalThread,9990,read,InputStreamReader.java,272,,,0,150]
12-17 10:34:18.273  5050  5158 I dvm_lock_sample: [com.motorola.motocare,0,ThermalThread,9990,readLine,BufferedReader.java,409,,,0,150]
12-17 10:34:18.785  1937  1937 I force_gc: mem
12-17 10:34:19.286  1937  3110 I wm_stack_created: [6,0,0,0,0]
12-17 10:34:19.303  1937  3110 I am_home_stack_moved: [0,0,6,6,startingNewTask]
12-17 10:34:19.304  1937  3110 I am_create_task: [0,64]
12-17 10:34:19.304  1937  3110 I am_create_activity: [0,197987477,64,com.motorola.camera/.Camera,android.intent.action.MAIN,NULL,NULL,270532608]
12-17 10:34:19.305  1937  3110 I wm_task_created: [64,6]
12-17 10:34:19.305  1937  3110 I wm_task_moved: [64,1,0]
12-17 10:34:19.306  1937  3110 I am_pause_activity: [0,97956882,com.google.android.googlequicksearchbox/com.google.android.launcher.GEL]
12-17 10:34:19.310  1937  3110 I am_home_stack_moved: [0,0,6,6,startedActivity setFocusedActivity]
12-17 10:34:19.310  1937  3110 I wm_task_moved: [64,1,0]
12-17 10:34:19.316  1937  3110 I am_focused_activity: [0,com.motorola.camera/.Camera]
12-17 10:34:19.339  1937  7042 I dvm_lock_sample: [system_server,1,Binder_F,8,broadcastIntent,ActivityManagerService.java,17217,startActivityMayWait,ActivityStackSupervisor.java,969,1]
12-17 10:34:19.352  3113  3113 I am_on_paused_called: [0,com.google.android.launcher.GEL]
12-17 10:34:19.383  1937  3096 I am_proc_start: [0,25741,10031,com.motorola.camera,activity,com.motorola.camera/.Camera]
12-17 10:34:19.457  1937  2586 I am_proc_bound: [0,25741,com.motorola.camera]
12-17 10:34:19.460  1937  2586 I am_restart_activity: [0,197987477,64,com.motorola.camera/.Camera]
12-17 10:34:19.480  1937  1951 I am_pss  : [25106,10006,android.process.acore,6898688,5042176]
12-17 10:34:20.095   363   363 I sf_frame_dur: [com.google.android.googlequicksearchbox/com.google.android.launcher.GEL,142,3,4,0,1,1,6]
12-17 10:34:20.262 25741 25741 I am_on_resume_called: [0,com.motorola.camera.Camera]
12-17 10:34:20.351  1937  3096 I am_home_stack_moved: [0,0,6,6,sourceStackToFront]
12-17 10:34:20.351  1937  3096 I wm_task_moved: [64,1,0]
12-17 10:34:20.353  1937  3096 I am_create_activity: [0,210350404,64,com.google.android.packageinstaller/com.android.packageinstaller.permission.ui.GrantPermissionsActivity,android.content.pm.action.REQUEST_PERMISSIONS,NULL,NULL,8388608]
12-17 10:34:20.356  1937  3096 I am_pause_activity: [0,197987477,com.motorola.camera/.Camera]
12-17 10:34:20.358  1937  3096 I am_home_stack_moved: [0,0,6,6,startedActivity setFocusedActivity]
12-17 10:34:20.358  1937  3096 I wm_task_moved: [64,1,0]
12-17 10:34:20.364  1937  3096 I am_focused_activity: [0,com.google.android.packageinstaller/com.android.packageinstaller.permission.ui.GrantPermissionsActivity]
12-17 10:34:20.782 25741 25741 I am_on_paused_called: [0,com.motorola.camera.Camera]
12-17 10:34:20.841  1937  2517 I am_proc_start: [0,25788,10023,com.google.android.packageinstaller,activity,com.google.android.packageinstaller/com.android.packageinstaller.permission.ui.GrantPermissionsActivity]
12-17 10:34:20.842  1937  1953 I dvm_lock_sample: [system_server,1,ActivityManager,60,activityIdleInternal,ActivityStackSupervisor.java,4052,activityPaused,ActivityManagerService.java,6619,12]
12-17 10:34:20.907  1937  3093 I am_proc_bound: [0,25788,com.google.android.packageinstaller]
12-17 10:34:20.911  1937  3093 I am_restart_activity: [0,210350404,64,com.google.android.packageinstaller/com.android.packageinstaller.permission.ui.GrantPermissionsActivity]
12-17 10:34:20.938  1937  1951 I am_pss  : [25211,10062,com.google.android.apps.cloudprint,4385792,3428352]
12-17 10:34:21.135 25788 25788 I am_on_resume_called: [0,com.android.packageinstaller.permission.ui.GrantPermissionsActivity]
12-17 10:34:21.322  1937  1973 I am_activity_launch_time: [0,210350404,com.google.android.packageinstaller/com.android.packageinstaller.permission.ui.GrantPermissionsActivity,540,1967]
12-17 10:34:22.424 25788 25788 I snet_event_log: [permissions_requested,10031,com.motorola.camera:android.permission-group.LOCATION|true|0]
12-17 10:34:22.425  1937  2944 I am_finish_activity: [0,210350404,64,com.google.android.packageinstaller/com.android.packageinstaller.permission.ui.GrantPermissionsActivity,app-request]
12-17 10:34:22.426  1937  2944 I am_home_stack_moved: [0,0,6,6,finishActivity adjustFocus setFocusedActivity]
12-17 10:34:22.426  1937  2944 I wm_task_moved: [64,1,0]
12-17 10:34:22.428  1937  2944 I am_focused_activity: [0,com.motorola.camera/.Camera]
12-17 10:34:22.428  1937  2944 I am_pause_activity: [0,210350404,com.google.android.packageinstaller/com.android.packageinstaller.permission.ui.GrantPermissionsActivity]
12-17 10:34:22.439 25788 25788 I am_on_paused_called: [0,com.android.packageinstaller.permission.ui.GrantPermissionsActivity]
12-17 10:34:22.441  1937  1949 I am_resume_activity: [0,197987477,64,com.motorola.camera/.Camera]
12-17 10:34:22.574  1937  1951 I am_pss  : [25238,10037,com.android.vending,13234176,10465280]
12-17 10:34:22.591 25741 25741 I am_on_resume_called: [0,com.motorola.camera.Camera]
12-17 10:34:22.637  1937  5512 I am_destroy_activity: [0,210350404,64,com.google.android.packageinstaller/com.android.packageinstaller.permission.ui.GrantPermissionsActivity,finish-imm]
12-17 10:34:22.665  1937  1948 I dvm_lock_sample: [system_server,1,Binder_1,15,removeWindow,WindowManagerService.java,2739,doFrame,WindowAnimator.java,121,3]
12-17 10:34:24.359  1937  3096 I am_proc_died: [0,25211,com.google.android.apps.cloudprint]
12-17 10:34:24.428  1937  3110 I dvm_lock_sample: [system_server,1,Binder_9,126,refContentProvider,ActivityManagerService.java,10102,binderDied,-,1330,25]
12-17 10:34:24.747  1937  5512 I am_proc_died: [0,25279,com.google.android.apps.plus]
12-17 10:34:26.055  1937  1937 I notification_enqueue: [1007,24622,com.motorola.bug2go,2,NULL,0,Notification(pri=0 contentView=com.motorola.bug2go/0x7f030005 vibrate=null sound=null defaults=0x0 flags=0x2 color=0x00000000 vis=PRIVATE),1]
12-17 10:34:26.073  1937  1937 I notification_enqueue: [1007,24622,com.motorola.bug2go,2,NULL,0,Notification(pri=0 contentView=com.motorola.bug2go/0x7f030005 vibrate=null sound=null defaults=0x0 flags=0x2 color=0x00000000 vis=PRIVATE),1]
12-17 10:34:26.106  1937  1937 I notification_enqueue: [1007,24622,com.motorola.bug2go,2,NULL,0,Notification(pri=0 contentView=com.motorola.bug2go/0x7f030005 vibrate=null sound=null defaults=0x0 flags=0x2 color=0x00000000 vis=PRIVATE),1]
12-17 10:34:26.124  1937  1937 I notification_enqueue: [1007,24622,com.motorola.bug2go,2,NULL,0,Notification(pri=0 contentView=com.motorola.bug2go/0x7f030005 vibrate=null sound=null defaults=0x0 flags=0x2 color=0x00000000 vis=PRIVATE),1]
12-17 10:34:28.277  5050  5158 I dvm_lock_sample: [com.motorola.motocare,0,ThermalThread,9990,read,LocalSocketImpl.java,103,,,0,150]
12-17 10:34:28.278  5050  5158 I dvm_lock_sample: [com.motorola.motocare,0,ThermalThread,9991,read,InputStreamReader.java,272,,,0,150]
12-17 10:34:28.278  5050  5158 I dvm_lock_sample: [com.motorola.motocare,0,ThermalThread,9991,readLine,BufferedReader.java,409,,,0,150]
12-17 10:34:29.387 25238 25260 I google_http_request: [27144,-1,unused/0,0]
12-17 10:34:29.788  1937  1951 I am_pss  : [25741,10031,com.motorola.camera,96480256,93089792]
12-17 10:34:30.380  1937  2586 I am_proc_died: [0,24688,com.google.process.gapps]
12-17 10:34:31.059  2492  2492 I sqlite_mem_released: 0
12-17 10:34:31.064  2492  2492 I force_gc: mem
12-17 10:34:31.355  1937  1983 I auto_brightness_adj: [0.500000,273.758362,170,0.577350,0.500000,23.590509,68,0.577350]
12-17 10:34:32.713  1937  2427 I power_sleep_requested: 1
12-17 10:34:33.269  1937  1983 I am_pause_activity: [0,197987477,com.motorola.camera/.Camera]
12-17 10:34:33.347  1937  1937 I power_screen_state: [0,2,0,0]
12-17 10:34:33.358  1937  1937 I screen_toggled: 0
12-17 10:34:33.358  1937  1937 I sysui_histogram: [screen_timeout,30]
12-17 10:34:33.359  1937  1937 I power_screen_broadcast_send: 1
12-17 10:34:33.360  1937  1937 I power_screen_state: [1,0,0,0]
12-17 10:34:33.361  1937  1937 I screen_toggled: 1
12-17 10:34:33.378  1937  1983 I am_resume_activity: [0,197987477,64,com.motorola.camera/.Camera]
12-17 10:34:33.423  1937  2433 I dvm_lock_sample: [system_server,0,NetdConnector,45322,read,LocalSocketImpl.java,103,,,0,150]
12-17 10:34:33.612  1937  2517 I notification_expansion: [0|com.android.mms|123|null|10029,0,0,3020203,3020203,29273]
12-17 10:34:33.625  1937  2434 I netstats_mobile_sample: [490710,1229,312440,1335,490710,1229,312440,1335,490710,1229,291514,1335,1450328674185]
12-17 10:34:33.625  1937  2434 I netstats_wifi_sample: [59731283,42618,4690748,23682,59731283,42618,4690748,23682,59643100,42236,4358632,23671,1450328674185]
12-17 10:34:33.714 25741 25741 I am_on_paused_called: [0,com.motorola.camera.Camera]
12-17 10:34:33.715  1937  3241 I am_failed_to_pause: [0,197987477,com.motorola.camera/.Camera,(none)]
12-17 10:34:33.727  2492  2492 I sysui_status_bar_state: [1,1,0,0,1,0]
12-17 10:34:34.042  1937  7042 I am_pause_activity: [0,197987477,com.motorola.camera/.Camera]
12-17 10:34:34.049 25741 25741 I am_on_resume_called: [0,com.motorola.camera.Camera]
12-17 10:34:34.064  2492  2492 I dvm_lock_sample: [com.android.systemui,1,main,660,handleShow,KeyguardViewMediator.java,1504,,,0,150]
12-17 10:34:34.072  2492  2492 I sysui_histogram: [note_load,10]
12-17 10:34:34.072  1937  6726 I notification_panel_revealed: 10
12-17 10:34:34.074  1937  7042 I notification_visibility: [0|com.android.mms|123|null|10029,1,3020665,3020665,0,0]
12-17 10:34:34.098 25741 25741 I am_on_paused_called: [0,com.motorola.camera.Camera]
12-17 10:34:34.101  1937  1953 I am_focused_activity: [0,com.motorola.camera/.Camera]
12-17 10:34:34.349 25741 25781 I liblog  : 189
12-17 10:34:34.350 25741 25781 I liblog  : 1
12-17 10:34:34.350 25741 25781 I liblog  : 1
12-17 10:34:34.357 25741 25781 I liblog  : 26
12-17 10:34:34.369  1937  1937 I power_screen_broadcast_done: [0,1011,1]
12-17 10:34:34.369  1937  1937 I power_screen_broadcast_send: 1
12-17 10:34:34.453  3396  3396 I liblog  : 1
12-17 10:34:34.467  1937  1937 I power_screen_broadcast_done: [1,98,1]
12-17 10:34:34.573  1937  8646 I notification_visibility: [0|com.android.providers.downloads|0|1:com.android.vending|10016,1,47067,101,0,1]
12-17 10:34:34.573  1937  8646 I notification_visibility: [0|com.motorola.bug2go|2|null|1007,1,78890,8449,0,2]
12-17 10:34:34.703   363   363 I sf_frame_dur: [NavigationBar,308,31,0,0,1,0,13]
12-17 10:34:35.188  3104  3191 I dvm_lock_sample: [com.android.phone,0,RILReceiver0,60474,read,LocalSocketImpl.java,103,,,0,150]
12-17 10:34:36.036  2492  2492 I sysui_lockscreen_gesture: [4,227,1057]
12-17 10:34:36.043  1937  3241 I am_home_stack_moved: [0,0,6,6,intentActivityFound]
12-17 10:34:36.043  1937  3241 I wm_task_moved: [64,1,0]
12-17 10:34:36.046  1937  3241 I am_new_intent: [0,46569266,64,com.motorola.camera/.Secure,android.media.action.STILL_IMAGE_CAMERA_SECURE,NULL,NULL,276824064]
12-17 10:34:36.049  1937  3241 I am_resume_activity: [0,197987477,64,com.motorola.camera/.Camera]
12-17 10:34:36.353  1937  3241 I am_pause_activity: [0,197987477,com.motorola.camera/.Camera]
12-17 10:34:36.360  1937  1955 I dvm_lock_sample: [system_server,1,android.ui,308,handleMessage,ActivityManagerService.java,1609,startActivityMayWait,ActivityStackSupervisor.java,969,61]
12-17 10:34:36.363  1937  2517 I dvm_lock_sample: [system_server,1,Binder_3,298,getActivityOptions,ActivityManagerService.java,11248,startActivityMayWait,ActivityStackSupervisor.java,969,59]
12-17 10:34:36.477 25741 25741 I am_on_resume_called: [0,com.motorola.camera.Camera]
12-17 10:34:36.520  1937  3096 I force_gc: Binder
12-17 10:34:36.574  1937  3093 I dvm_lock_sample: [system_server,1,Binder_7,55,noteStartWakelockFromSource,BatteryStatsService.java,414,getStatistics,-,297,11]
12-17 10:34:36.594  1937  2517 I am_resume_activity: [0,197987477,64,com.motorola.camera/.Camera]
12-17 10:34:36.606  1937  1953 I dvm_lock_sample: [system_server,1,ActivityManager,109,activityIdleInternal,ActivityStackSupervisor.java,4052,setLockScreenShown,ActivityManagerService.java,10635,21]
12-17 10:34:36.607  1937  2535 I dvm_lock_sample: [system_server,1,Binder_4,105,getContentProviderImpl,ActivityManagerService.java,9593,setLockScreenShown,-,10635,21]
12-17 10:34:36.613 25741 25741 I am_on_paused_called: [0,com.motorola.camera.Camera]
12-17 10:34:36.613  1937  3241 I am_failed_to_pause: [0,197987477,com.motorola.camera/.Camera,(none)]
12-17 10:34:37.328   452 26152 I liblog  : 205
12-17 10:34:37.342   390 26092 I liblog  : 78
12-17 10:34:37.351 25741 25781 I liblog  : 583
12-17 10:34:37.385  1937  1973 I liblog  : 32
12-17 10:34:37.487   363   363 I liblog  : 1
12-17 10:34:37.610  2492  2492 I liblog  : 15
12-17 10:34:37.638 25238 25260 I google_http_request: [8171,200,unused/0,1]
12-17 10:34:37.934  5050  5158 I dvm_lock_sample: [com.motorola.motocare,0,ThermalThread,9639,read,LocalSocketImpl.java,103,,,0,150]
12-17 10:34:37.934  5050  5158 I dvm_lock_sample: [com.motorola.motocare,0,ThermalThread,9639,read,InputStreamReader.java,272,,,0,150]
12-17 10:34:37.935  5050  5158 I dvm_lock_sample: [com.motorola.motocare,0,ThermalThread,9639,readLine,BufferedReader.java,409,,,0,150]
12-17 10:34:38.322  1937  3093 I am_proc_died: [0,25238,com.android.vending]
12-17 10:34:38.644  1937  1937 I notification_enqueue: [1000,3829,com.motorola.tools.batterytracer,2131165197,NULL,0,Notification(pri=0 contentView=com.motorola.tools.batterytracer/0x1090085 vibrate=null sound=null defaults=0x0 flags=0x62 color=0x00000000 vis=PRIVATE),1]
12-17 10:34:39.774  1937  2427 I power_sleep_requested: 1
12-17 10:34:40.284  1937  1983 I am_pause_activity: [0,197987477,com.motorola.camera/.Camera]
12-17 10:34:40.366  1937  1937 I power_screen_state: [0,2,0,0]
12-17 10:34:40.366  1937  1937 I screen_toggled: 0
12-17 10:34:40.366  1937  3241 I dvm_lock_sample: [system_server,1,Binder_B,72,broadcastIntent,ActivityManagerService.java,17217,acquireSleepToken,-,20823,14]
12-17 10:34:40.366  1937  1937 I sysui_histogram: [screen_timeout,30]
12-17 10:34:40.367  1937  1948 I dvm_lock_sample: [system_server,1,Binder_1,68,unregisterReceiver,ActivityManagerService.java,16574,acquireSleepToken,-,20823,13]
12-17 10:34:40.372  1937  1937 I power_screen_broadcast_send: 1
12-17 10:34:40.373  1937  1937 I power_screen_state: [1,0,0,0]
12-17 10:34:40.373  1937  1937 I screen_toggled: 1
12-17 10:34:40.380  1937  1983 I am_resume_activity: [0,197987477,64,com.motorola.camera/.Camera]
12-17 10:34:40.401  3104  3104 I liblog  : 3
12-17 10:34:40.731 25741 25741 I am_on_paused_called: [0,com.motorola.camera.Camera]
12-17 10:34:40.731  1937  3110 I am_failed_to_pause: [0,197987477,com.motorola.camera/.Camera,(none)]
12-17 10:34:40.872 25741 25741 I am_on_resume_called: [0,com.motorola.camera.Camera]
12-17 10:34:40.884  1937  3128 I am_finish_activity: [0,197987477,64,com.motorola.camera/.Camera,app-request]
12-17 10:34:41.176 25741 25781 I liblog  : 305
12-17 10:34:41.199  1937  3128 I am_pause_activity: [0,197987477,com.motorola.camera/.Camera]
12-17 10:34:41.201  1937  8646 I dvm_lock_sample: [system_server,1,Binder_10,299,getCurrentUser,ActivityManagerService.java,20672,finishActivity,-,4383,59]
12-17 10:34:41.205   390  2645 I liblog  : 26
12-17 10:34:41.223  1937  3128 I notification_expansion: [0|com.android.mms|123|null|10029,0,0,3027814,3027814,7149]
12-17 10:34:41.239   363   363 I sf_frame_dur: [com.motorola.camera/com.motorola.camera.Camera,0,0,0,0,0,0,4]
12-17 10:34:41.239   363   363 I sf_frame_dur: [SurfaceView,154,28,119,5,2,2,2]
12-17 10:34:41.246  2492  2492 I sysui_histogram: [note_load,10]
12-17 10:34:41.246  1937  3096 I notification_panel_revealed: 10
12-17 10:34:41.253  2492  2492 I sysui_status_bar_state: [1,1,0,0,1,0]
12-17 10:34:41.260  1937  8646 I notification_visibility: [0|com.android.mms|123|null|10029,1,3027851,3027851,0,0]
12-17 10:34:41.274 25741 25741 I am_on_paused_called: [0,com.motorola.camera.Camera]
12-17 10:34:41.278  1937  2944 I am_home_stack_moved: [0,1,0,0,noMoreActivities setFocusedActivity]
12-17 10:34:41.278  1937  2944 I wm_task_moved: [57,1,1]
12-17 10:34:41.281  1937  2944 I am_focused_activity: [0,com.google.android.googlequicksearchbox/com.google.android.launcher.GEL]
12-17 10:34:41.488  1937  1937 I power_screen_broadcast_done: [0,1116,1]
12-17 10:34:41.488  1937  1937 I power_screen_broadcast_send: 1
12-17 10:34:41.588  1937  1937 I power_screen_broadcast_done: [1,100,1]
12-17 10:34:41.697  1937  2433 I dvm_lock_sample: [system_server,0,NetdConnector,8066,read,LocalSocketImpl.java,103,,,0,150]
12-17 10:34:41.719  1937  2434 I netstats_mobile_sample: [490710,1229,312440,1335,490710,1229,312440,1335,490710,1229,291514,1335,1450328682280]
12-17 10:34:41.719  1937  2434 I netstats_wifi_sample: [61863973,44053,4751426,24449,61863973,44053,4751426,24449,61775754,43671,4408868,24441,1450328682280]
12-17 10:34:41.760  1937  5512 I notification_visibility: [0|com.android.providers.downloads|0|1:com.android.vending|10016,1,54254,1220,0,2]
