12-17 09:44:42.855  1937  1955 I dvm_lock_sample: [system_server,1,android.ui,16,dispatchUidsChanged,ActivityManagerService.java,3867,bindService,-,16197,3]
12-17 09:44:42.865  1937  3263 I force_gc: Binder
12-17 09:44:42.895  1937  1948 I am_proc_bound: [0,6981,com.google.android.apps.docs.editors.docs]
12-17 09:44:42.903  5270  6923 I sync_details: [CalendarSyncAdapter,834,952,]
12-17 09:44:42.915  1937  1951 I sync    : [com.android.calendar,1,0,636217457]
12-17 09:44:43.228  1937  2944 I am_kill : [0,6573,com.google.android.apps.docs,15,empty #7]
12-17 09:44:43.296  1937  3241 I am_proc_died: [0,6573,com.google.android.apps.docs]
12-17 09:44:43.487  3396  3396 I force_gc: Binder
12-17 09:44:43.589  1937  2535 I am_proc_start: [0,7037,10089,com.google.android.music:ui,service,com.google.android.music/.tutorial.SignupStatus$SignupCheckService]
12-17 09:44:43.646  1937  1951 I sync    : [com.google.android.apps.docs.editors.kix,1,1,636217457]
12-17 09:44:43.650  1937  3263 I am_proc_bound: [0,7037,com.google.android.music:ui]
12-17 09:44:43.661  1937  5512 I am_kill : [0,6852,com.google.android.gm,15,empty #7]
12-17 09:44:43.726  1937  2586 I dvm_lock_sample: [system_server,0,Binder_5,44,binderDied,ActivityManagerService.java,1330,removeContentProvider,-,9963,8]
12-17 09:44:43.726  1937  2586 I am_proc_died: [0,6852,com.google.android.gm]
12-17 09:44:43.745  1937  3241 I am_proc_start: [0,7063,10024,com.google.android.partnersetup,broadcast,com.google.android.partnersetup/.RlzPingBroadcastReceiver]
12-17 09:44:43.747  1937  1951 I sync    : [com.google.android.apps.docs.editors.kix,0,2,636217457]
12-17 09:44:43.781  1937  3263 I am_proc_bound: [0,7063,com.google.android.partnersetup]
12-17 09:44:43.878  1937  2586 I am_proc_start: [0,7079,10037,com.android.vending,broadcast,com.android.vending/com.google.android.finsky.receivers.AccountsChangedReceiver]
12-17 09:44:43.879  1937  3263 I dvm_lock_sample: [system_server,1,Binder_C,19,refContentProvider,ActivityManagerService.java,10102,processNextBroadcast,BroadcastQueue.java,639,3]
12-17 09:44:43.943  1937  3128 I am_proc_bound: [0,7079,com.android.vending]
12-17 09:44:44.159  1937  3110 I force_gc: Binder
12-17 09:44:44.349  6950  7113 I force_gc: Binder
12-17 09:44:44.723  1937  3263 I am_kill : [0,6886,com.google.android.gm.exchange,15,empty #7]
12-17 09:44:44.796  1937  7042 I dvm_lock_sample: [system_server,1,Binder_F,46,getContentProviderImpl,ActivityManagerService.java,9593,removeContentProvider,-,9963,9]
12-17 09:44:44.798  1937  2517 I am_proc_died: [0,6886,com.google.android.gm.exchange]
12-17 09:44:44.826  1937  3110 I am_proc_start: [0,7151,10047,com.google.android.googlequicksearchbox:search,broadcast,com.google.android.googlequicksearchbox/com.google.android.sidekick.main.AccountsChangedReceiver]
12-17 09:44:44.828  1937  3110 I am_kill : [0,6773,com.android.providers.calendar,15,empty #7]
12-17 09:44:44.876  1937  3096 I am_proc_bound: [0,7151,com.google.android.googlequicksearchbox:search]
12-17 09:44:44.882  1937  2944 I am_proc_died: [0,6773,com.android.providers.calendar]
12-17 09:44:45.283  1937  2517 I am_kill : [0,6924,com.motorola.bug2go,15,empty #7]
12-17 09:44:45.284  1937  1951 I sync    : [com.google.android.apps.docs.editors.kix,1,2,636217457]
12-17 09:44:45.376  1937  6726 I am_proc_died: [0,6924,com.motorola.bug2go]
12-17 09:44:45.577  1937  2944 I am_proc_start: [0,7187,10055,com.google.android.apps.books,broadcast,com.google.android.apps.books/.app.AccountsReceiver]
12-17 09:44:45.648  1937  5512 I am_proc_bound: [0,7187,com.google.android.apps.books]
12-17 09:44:45.680  1937  3128 I am_kill : [0,6811,com.motorola.context,15,empty #7]
12-17 09:44:45.706  1937  2535 I am_proc_died: [0,6811,com.motorola.context]
12-17 09:44:45.750  1937  1937 I free_storage_changed: 2002878464
12-17 09:44:46.262  3220  7043 I force_gc: Binder
12-17 09:44:46.336  1937  2944 I am_proc_start: [0,7226,10061,com.android.chrome,broadcast,com.android.chrome/org.chromium.chrome.browser.services.AccountsChangedReceiver]
12-17 09:44:46.392  1937  5512 I am_proc_start: [0,7250,10005,com.android.providers.calendar,content provider,com.android.providers.calendar/.CalendarProvider2]
12-17 09:44:46.406  1937  2586 I am_proc_bound: [0,7226,com.android.chrome]
12-17 09:44:46.428  1937  7042 I am_proc_bound: [0,7250,com.android.providers.calendar]
12-17 09:44:46.722  1937  2944 I am_proc_start: [0,7276,10067,com.google.android.apps.docs,broadcast,com.google.android.apps.docs/.storagebackend.LoginAccountsChangedReceiver]
12-17 09:44:46.723  1937  2944 I am_kill : [0,7037,com.google.android.music:ui,15,empty #7]
12-17 09:44:46.768  1937  2535 I am_proc_bound: [0,7276,com.google.android.apps.docs]
12-17 09:44:46.772  1937  2586 I am_proc_died: [0,7037,com.google.android.music:ui]
12-17 09:44:46.839  7079  7127 I google_http_request: [792,200,unused/0,1]
12-17 09:44:47.196  7079  7126 I google_http_request: [144,200,unused/0,1]
12-17 09:44:47.287  1937  2535 I am_proc_start: [0,7293,10020,com.google.android.gms:car,service,com.google.android.gms/.car.CarService]
12-17 09:44:47.333  1937  5512 I am_proc_bound: [0,7293,com.google.android.gms:car]
12-17 09:44:47.610  7079  7127 I google_http_request: [351,200,unused/0,1]
12-17 09:44:47.722  1937  1951 I am_pss  : [5953,10051,com.motorola.config.wifi,2441216,1449984]
12-17 09:44:47.766  7079  7126 I google_http_request: [387,200,unused/0,1]
12-17 09:44:47.852  1937  2586 I am_kill : [0,6981,com.google.android.apps.docs.editors.docs,15,empty #7]
12-17 09:44:47.912  7276  7328 I dvm_lock_sample: [com.google.android.apps.docs,0,AsyncTask #1,220,a,PG,123,nativeExecuteForString,SQLiteConnection.java,-2,44]
12-17 09:44:47.947  1937  3128 I am_proc_died: [0,6981,com.google.android.apps.docs.editors.docs]
12-17 09:44:47.957  1937  1949 I dvm_lock_sample: [system_server,0,Binder_2,58,finishReceiver,ActivityManagerService.java,17330,removeContentProvider,-,9963,11]
12-17 09:44:48.009  1937  3110 I am_proc_start: [0,7340,10069,com.google.android.gm.exchange,broadcast,com.google.android.gm.exchange/com.android.exchange.ExchangeBroadcastReceiver]
12-17 09:44:48.079  1937  1948 I am_kill : [0,7063,com.google.android.partnersetup,15,empty #7]
12-17 09:44:48.227  1937  2517 I dvm_lock_sample: [system_server,1,Binder_3,137,attachApplication,ActivityManagerService.java,6347,removeContentProvider,-,9963,27]
12-17 09:44:48.228  1937  2517 I am_proc_bound: [0,7340,com.google.android.gm.exchange]
12-17 09:44:48.228  1937  1949 I dvm_lock_sample: [system_server,1,Binder_2,146,bindService,ActivityManagerService.java,16197,removeContentProvider,-,9963,29]
12-17 09:44:48.231  1937  3241 I am_proc_died: [0,7063,com.google.android.partnersetup]
12-17 09:44:48.233  1937  3263 I dvm_lock_sample: [system_server,1,Binder_C,106,broadcastIntent,ActivityManagerService.java,17217,removeContentProvider,-,9963,21]
12-17 09:44:48.286  1937  6726 I am_proc_start: [0,7362,10071,com.google.android.gm,content provider,com.google.android.gm/com.android.email.provider.EmailProvider]
12-17 09:44:48.338  1937  3263 I am_proc_bound: [0,7362,com.google.android.gm]
12-17 09:44:48.544  1937  3241 I force_gc: Binder
12-17 09:44:48.567  1937  3263 I am_kill : [0,7187,com.google.android.apps.books,15,empty #7]
12-17 09:44:48.666  1937  3263 I am_kill : [0,7151,com.google.android.googlequicksearchbox:search,15,empty #8]
12-17 09:44:48.696  1937  1955 I dvm_lock_sample: [system_server,1,android.ui,130,dispatchProcessesChanged,ActivityManagerService.java,3804,serviceDoneExecuting,-,16235,26]
12-17 09:44:48.700  1937  3093 I am_proc_died: [0,7187,com.google.android.apps.books]
12-17 09:44:48.704  1937  5512 I am_proc_died: [0,7151,com.google.android.googlequicksearchbox:search]
12-17 09:44:48.769  1937  1951 I am_pss  : [5910,10008,com.android.cellbroadcastreceiver,3255296,1957888]
12-17 09:44:48.804  1937  3128 I am_kill : [0,7079,com.android.vending,15,empty #7]
12-17 09:44:48.908  1937  3241 I am_proc_died: [0,7079,com.android.vending]
12-17 09:44:48.937  1937  3128 I am_proc_start: [0,7405,10072,com.google.process.gapps,broadcast,com.google.android.syncadapters.contacts/.ContactsSyncAdapterBroadcastReceiver]
12-17 09:44:48.973  1937  5512 I am_proc_bound: [0,7405,com.google.process.gapps]
12-17 09:44:49.093  1937  3110 I am_proc_start: [0,7426,10006,android.process.acore,content provider,com.android.providers.contacts/.ContactsProvider2]
12-17 09:44:49.109  1937  2586 I am_kill : [0,7226,com.android.chrome,15,empty #7]
12-17 09:44:49.306  1937  6726 I dvm_lock_sample: [system_server,1,Binder_E,198,refContentProvider,ActivityManagerService.java,10102,startService,-,15962,39]
12-17 09:44:49.309  1937  2517 I dvm_lock_sample: [system_server,1,Binder_3,95,stopServiceToken,ActivityManagerService.java,16021,serviceDoneExecuting,-,16235,19]
12-17 09:44:49.312  1937  3241 I am_proc_died: [0,7226,com.android.chrome]
12-17 09:44:49.314  1937  1948 I am_proc_bound: [0,7426,android.process.acore]
12-17 09:44:49.367  1937  3128 I am_proc_start: [0,7441,10086,com.google.android.apps.maps,broadcast,com.google.android.apps.maps/com.google.android.apps.gmm.ulr.UlrSettingsReceiver]
12-17 09:44:49.404  1937  1949 I am_proc_bound: [0,7441,com.google.android.apps.maps]
12-17 09:44:49.545  1937  3241 I am_kill : [0,7250,com.android.providers.calendar,15,empty #7]
12-17 09:44:49.597  1937  1948 I am_proc_died: [0,7250,com.android.providers.calendar]
12-17 09:44:49.610  1937  2535 I am_kill : [0,7293,com.google.android.gms:car,15,empty #7]
12-17 09:44:49.706  1937  1948 I am_proc_died: [0,7293,com.google.android.gms:car]
12-17 09:44:49.885  1937  3093 I am_proc_start: [0,7472,10095,com.google.android.apps.photos,broadcast,com.google.android.apps.photos/com.google.android.libraries.social.account.refresh.receiver.AccountsChangedReceiver]
12-17 09:44:49.886  1937  3093 I am_kill : [0,7276,com.google.android.apps.docs,15,empty #7]
12-17 09:44:49.986  1937  1955 I dvm_lock_sample: [system_server,1,android.ui,101,dispatchUidsChanged,ActivityManagerService.java,3867,trimApplications,-,19673,20]
12-17 09:44:49.986  1937  2517 I am_proc_died: [0,7276,com.google.android.apps.docs]
12-17 09:44:49.988  1937  3241 I dvm_lock_sample: [system_server,1,Binder_B,56,attachApplication,ActivityManagerService.java,6347,trimApplications,-,19673,11]
12-17 09:44:49.988  1937  3241 I am_proc_bound: [0,7472,com.google.android.apps.photos]
12-17 09:44:51.260  1937  3110 I am_proc_start: [0,7531,10100,com.google.android.videos,broadcast,com.google.android.videos/.service.accounts.AccountsChangedService$AccountsChangedReceiver]
12-17 09:44:51.261  1937  3241 I dvm_lock_sample: [system_server,1,Binder_B,15,getIntentSender,ActivityManagerService.java,6781,processNextBroadcast,BroadcastQueue.java,639,3]
12-17 09:44:51.321  1937  2517 I am_proc_bound: [0,7531,com.google.android.videos]
12-17 09:44:51.560  1937  2586 I am_proc_start: [0,7547,10005,com.android.providers.calendar,content provider,com.android.providers.calendar/.CalendarProvider2]
12-17 09:44:51.597  1937  2517 I am_proc_start: [0,7562,10097,com.google.android.apps.plus,broadcast,com.google.android.apps.plus/com.google.android.libraries.social.account.refresh.receiver.AccountsChangedReceiver]
12-17 09:44:51.620  1937  5512 I force_gc: Binder
12-17 09:44:51.620  1937  5512 I am_proc_bound: [0,7547,com.android.providers.calendar]
12-17 09:44:51.670  1937  3263 I am_proc_bound: [0,7562,com.google.android.apps.plus]
12-17 09:44:52.512  3220  3790 I force_gc: Binder
12-17 09:44:52.619  1937  3096 I am_proc_start: [0,7629,10082,com.google.android.inputmethod.latin,broadcast,com.google.android.inputmethod.latin/com.android.inputmethod.latin.accounts.AccountsChangedReceiver]
12-17 09:44:52.674  1937  2517 I am_proc_bound: [0,7629,com.google.android.inputmethod.latin]
12-17 09:44:52.724  1937  2517 I am_kill : [0,7362,com.google.android.gm,15,empty #7]
12-17 09:44:52.761  1937  3093 I am_proc_died: [0,7362,com.google.android.gm]
12-17 09:44:52.798  1937  3096 I am_kill : [0,7340,com.google.android.gm.exchange,15,empty #7]
12-17 09:44:52.846  1937  3128 I dvm_lock_sample: [system_server,0,Binder_A,29,binderDied,ActivityManagerService.java,1330,serviceDoneExecuting,-,16235,5]
12-17 09:44:52.846  1937  3128 I am_proc_died: [0,7340,com.google.android.gm.exchange]
12-17 09:44:52.871  1937  3093 I am_proc_start: [0,7656,10037,com.android.vending,service,com.android.vending/com.google.android.finsky.services.ContentFiltersService]
12-17 09:44:52.894  1937  3110 I am_proc_start: [0,7669,10102,com.google.android.youtube,broadcast,com.google.android.youtube/com.google.android.libraries.youtube.account.AccountsChangedReceiver]
12-17 09:44:52.895  1937  3110 I am_kill : [0,7405,com.google.process.gapps,15,empty #7]
12-17 09:44:52.956  1937  3241 I dvm_lock_sample: [system_server,1,Binder_B,40,attachApplication,ActivityManagerService.java,6347,trimApplications,-,19673,8]
12-17 09:44:52.956  1937  3241 I am_proc_bound: [0,7656,com.android.vending]
12-17 09:44:52.959  1937  6726 I am_proc_died: [0,7405,com.google.process.gapps]
12-17 09:44:52.960  1937  3093 I am_proc_bound: [0,7669,com.google.android.youtube]
12-17 09:44:53.126  1937  2944 I am_kill : [0,7426,android.process.acore,15,empty #7]
12-17 09:44:53.197  1937  1948 I dvm_lock_sample: [system_server,0,Binder_1,53,binderDied,ActivityManagerService.java,1330,removeContentProvider,-,9963,10]
12-17 09:44:53.197  1937  1948 I am_proc_died: [0,7426,android.process.acore]
12-17 09:44:54.769  1937  3128 I am_proc_start: [0,7785,10010,com.motorola.context,broadcast,com.motorola.context/.publisher.calendar.CalendarReceiver]
12-17 09:44:54.808  1937  2535 I am_proc_bound: [0,7785,com.motorola.context]
12-17 09:44:54.859  1937  2586 I am_kill : [0,7441,com.google.android.apps.maps,15,empty #7]
12-17 09:44:54.926  1937  3096 I am_proc_died: [0,7441,com.google.android.apps.maps]
12-17 09:44:55.029  1937  2517 I am_kill : [0,7472,com.google.android.apps.photos,15,empty #7]
12-17 09:44:55.076  1937  6726 I am_proc_died: [0,7472,com.google.android.apps.photos]
12-17 09:44:55.094  1937  2586 I am_kill : [0,7547,com.android.providers.calendar,15,empty #7]
12-17 09:44:55.139  7669  7821 I dvm_lock_sample: [com.google.android.youtube,0,pool-16-thread-1,161,run,SourceFile,119,run,-,1088,32]
12-17 09:44:55.168  1937  3093 I am_proc_died: [0,7547,com.android.providers.calendar]
12-17 09:44:55.195  1937  1949 I am_kill : [0,7562,com.google.android.apps.plus,15,empty #7]
12-17 09:44:55.231  1937  3128 I am_proc_died: [0,7562,com.google.android.apps.plus]
12-17 09:44:55.262  1937  3110 I am_proc_start: [0,7825,10071,com.google.android.gm,broadcast,com.google.android.gm/.widget.GmailWidgetProvider]
12-17 09:44:55.294  1937  3128 I am_proc_bound: [0,7825,com.google.android.gm]
12-17 09:44:55.530  1937  1949 I am_proc_start: [0,7853,10069,com.google.android.gm.exchange,service,com.google.android.gm.exchange/com.android.exchange.service.EasService]
12-17 09:44:55.602  1937  3241 I am_proc_bound: [0,7853,com.google.android.gm.exchange]
12-17 09:44:55.609  1937  2517 I force_gc: Binder
12-17 09:44:55.774  1937  2586 I am_kill : [0,7629,com.google.android.inputmethod.latin,15,empty #7]
12-17 09:44:55.927  1937  1955 I dvm_lock_sample: [system_server,1,android.ui,152,dispatchProcessesChanged,ActivityManagerService.java,3804,removeContentProvider,-,9963,30]
12-17 09:44:55.927  1937  5512 I am_proc_died: [0,7629,com.google.android.inputmethod.latin]
12-17 09:44:55.929  1937  3096 I dvm_lock_sample: [system_server,1,Binder_8,25,registerReceiver,ActivityManagerService.java,16425,removeContentProvider,-,9963,5]
12-17 09:44:55.957  1937  2517 I am_proc_start: [0,7885,10006,android.process.acore,broadcast,com.android.providers.contacts/.PackageIntentReceiver]
12-17 09:44:55.967  1937  2517 I am_kill : [0,7531,com.google.android.videos,13,empty #7]
12-17 09:44:56.066  1937  2586 I am_proc_died: [0,7531,com.google.android.videos]
12-17 09:44:56.068  1937  3096 I am_proc_bound: [0,7885,android.process.acore]
12-17 09:44:56.191  1937  3128 I am_proc_start: [0,7903,10047,com.google.android.googlequicksearchbox:search,broadcast,com.google.android.googlequicksearchbox/com.google.android.search.core.icingsync.IcingCorporaChangedReceiver]
12-17 09:44:56.192  1937  3128 I am_kill : [0,7669,com.google.android.youtube,15,empty #7]
12-17 09:44:56.246  1937  2586 I am_proc_died: [0,7669,com.google.android.youtube]
12-17 09:44:56.248  1937  6726 I am_proc_bound: [0,7903,com.google.android.googlequicksearchbox:search]
12-17 09:44:56.544  1937  2586 I am_proc_start: [0,7924,10097,com.google.android.apps.plus,broadcast,com.google.android.apps.plus/.service.PackagesMediaMonitor]
12-17 09:44:56.598  1937  2944 I am_proc_bound: [0,7924,com.google.android.apps.plus]
12-17 09:44:56.818  1937  1949 I am_proc_start: [0,7964,10024,com.google.android.partnersetup,content provider,com.google.android.partnersetup/.RlzAppProvider]
12-17 09:44:56.876  1937  3110 I am_proc_start: [0,7978,10005,com.android.providers.calendar,content provider,com.android.providers.calendar/.CalendarProvider2]
12-17 09:44:56.914  1937  6726 I am_proc_bound: [0,7964,com.google.android.partnersetup]
12-17 09:44:56.941  1937  2535 I am_proc_bound: [0,7978,com.android.providers.calendar]
12-17 09:44:56.996  1937  6726 I am_kill : [0,7785,com.motorola.context,15,empty #7]
12-17 09:44:57.106  1937  1948 I dvm_lock_sample: [system_server,0,Binder_1,96,binderDied,ActivityManagerService.java,1330,removeContentProvider,-,9963,19]
12-17 09:44:57.106  1937  1948 I am_proc_died: [0,7785,com.motorola.context]
12-17 09:44:57.264  1937  1948 I dvm_lock_sample: [system_server,1,Binder_1,26,exists,UserManagerService.java,408,getInstalledPackages,PackageManagerService.java,5355,5]
12-17 09:44:57.314  1937  3110 I am_proc_start: [0,8017,10095,com.google.android.apps.photos,broadcast,com.google.android.apps.photos/.actionqueue.InternalReceiver]
12-17 09:44:57.332  1937  3263 I am_kill : [0,7853,com.google.android.gm.exchange,15,empty #7]
12-17 09:44:57.386  1937  3241 I am_proc_died: [0,7853,com.google.android.gm.exchange]
12-17 09:44:57.390  1937  2517 I am_proc_bound: [0,8017,com.google.android.apps.photos]
12-17 09:44:57.421  1937  6726 I am_kill : [0,7964,com.google.android.partnersetup,15,empty #7]
12-17 09:44:57.576  1937  1955 I dvm_lock_sample: [system_server,1,android.ui,155,dispatchProcessesChanged,ActivityManagerService.java,3804,serviceDoneExecuting,-,16235,31]
12-17 09:44:57.577  1937  2944 I dvm_lock_sample: [system_server,0,Binder_6,144,binderDied,ActivityManagerService.java,1330,serviceDoneExecuting,-,16235,28]
12-17 09:44:57.577  1937  2944 I am_proc_died: [0,7964,com.google.android.partnersetup]
12-17 09:44:58.139  1937  1949 I am_kill : [0,3220,com.google.process.gapps,15,empty #7]
12-17 09:44:58.196  1937  3110 I am_proc_died: [0,3220,com.google.process.gapps]
12-17 09:44:58.346  3056  3092 I force_gc: Binder
12-17 09:44:58.357  1937  2517 I force_gc: Binder
12-17 09:44:58.375  1937  7042 I am_proc_start: [0,8057,10010,com.motorola.context,broadcast,com.motorola.context/.publisher.calendar.CalendarReceiver]
12-17 09:44:58.407  1937  7042 I am_kill : [0,7978,com.android.providers.calendar,15,empty #7]
12-17 09:44:58.508  1937  1949 I am_proc_died: [0,7978,com.android.providers.calendar]
12-17 09:44:58.509  1937  5512 I am_proc_bound: [0,8057,com.motorola.context]
12-17 09:44:58.551  3056  4555 I force_gc: Binder
12-17 09:44:58.616  4435  8052 I force_gc: Binder
12-17 09:44:58.653  1937  3128 I am_kill : [0,7885,android.process.acore,15,empty #7]
12-17 09:44:58.697  3056  5114 I force_gc: Binder
12-17 09:44:58.726  1937  5512 I dvm_lock_sample: [system_server,1,Binder_D,67,startService,ActivityManagerService.java,15962,serviceDoneExecuting,-,16235,13]
12-17 09:44:58.728  1937  3263 I am_proc_died: [0,7885,android.process.acore]
12-17 09:44:58.751  1937  3093 I force_gc: Binder
12-17 09:44:58.829  4435  8056 I dvm_lock_sample: [com.motorola.ccc,0,Thread-256,460,run,SharedSettingsReceiver.java,130,transactNative,Binder.java,-2,92]
12-17 09:44:58.913  3056  3095 I force_gc: Binder
12-17 09:44:58.937  1937  1949 I am_proc_start: [0,8093,10006,android.process.acore,content provider,com.android.providers.contacts/.ContactsProvider2]
12-17 09:44:58.996  1937  3263 I am_proc_bound: [0,8093,android.process.acore]
12-17 09:44:59.000  4435  8056 I force_gc: Binder
12-17 09:44:59.091  3056  4535 I force_gc: Binder
12-17 09:44:59.179  1937  3110 I force_gc: Binder
12-17 09:44:59.253  1937  7042 I am_proc_start: [0,8112,10020,com.google.process.gapps,content provider,com.google.android.gsf/.gservices.GservicesProvider]
12-17 09:44:59.317  1937  3110 I am_proc_bound: [0,8112,com.google.process.gapps]
12-17 09:44:59.342  3056  4589 I force_gc: Binder
12-17 09:44:59.419  1937  1948 I am_kill : [0,7903,com.google.android.googlequicksearchbox:search,15,empty #7]
12-17 09:44:59.478  1937  1949 I am_proc_died: [0,7903,com.google.android.googlequicksearchbox:search]
12-17 09:44:59.478  3516  8092 I force_gc: Binder
12-17 09:44:59.581  1937  3110 I am_kill : [0,7924,com.google.android.apps.plus,15,empty #7]
12-17 09:44:59.649  1937  2517 I am_proc_died: [0,7924,com.google.android.apps.plus]
12-17 09:44:59.706  3396  5679 I force_gc: Binder
12-17 09:45:00.247  1937  2586 I am_proc_start: [0,8154,10047,com.google.android.googlequicksearchbox:search,broadcast,com.google.android.googlequicksearchbox/com.google.android.search.core.icingsync.IcingCorporaChangedReceiver]
12-17 09:45:00.301  1937  5512 I am_proc_bound: [0,8154,com.google.android.googlequicksearchbox:search]
12-17 09:45:00.426  1937  2535 I am_proc_start: [0,8170,10097,com.google.android.apps.plus,broadcast,com.google.android.apps.plus/.service.PackagesMediaMonitor]
12-17 09:45:00.495  1937  3128 I am_proc_bound: [0,8170,com.google.android.apps.plus]
12-17 09:45:00.577  1937  1949 I am_proc_start: [0,8205,10024,com.google.android.partnersetup,content provider,com.google.android.partnersetup/.RlzAppProvider]
12-17 09:45:00.609  1937  3128 I am_proc_bound: [0,8205,com.google.android.partnersetup]
12-17 09:45:00.881  1937  3128 I am_kill : [0,8017,com.google.android.apps.photos,15,empty #7]
12-17 09:45:00.916  1937  7042 I am_proc_died: [0,8017,com.google.android.apps.photos]
12-17 09:45:01.012  1937  7042 I am_proc_start: [0,8241,10005,com.android.providers.calendar,broadcast,com.android.providers.calendar/.CalendarProviderBroadcastReceiver]
12-17 09:45:01.013  1937  1951 I am_pss  : [4435,10000,com.motorola.ccc,16394240,14290944]
12-17 09:45:01.064  1937  3263 I am_proc_bound: [0,8241,com.android.providers.calendar]
12-17 09:45:01.085  1937  3093 I am_kill : [0,8093,android.process.acore,15,empty #7]
12-17 09:45:01.131  1937  2517 I dvm_lock_sample: [system_server,1,Binder_3,17,unbindService,ActivityManagerService.java,16204,serviceDoneExecuting,-,16235,3]
12-17 09:45:01.132  1937  5512 I dvm_lock_sample: [system_server,0,Binder_D,6,binderDied,ActivityManagerService.java,1330,stopServiceToken,-,16021,1]
12-17 09:45:01.132  1937  5512 I am_proc_died: [0,8093,android.process.acore]
12-17 09:45:01.221  1937  3128 I am_kill : [0,7656,com.android.vending,15,empty #7]
12-17 09:45:01.294  1937  1955 I dvm_lock_sample: [system_server,1,android.ui,73,dispatchProcessesChanged,ActivityManagerService.java,3804,serviceDoneExecuting,-,16235,14]
12-17 09:45:01.294  1937  6726 I am_proc_died: [0,7656,com.android.vending]
12-17 09:45:01.338  1937  1951 I am_pss  : [5050,10034,com.motorola.motocare,5575680,4153344]
12-17 09:45:02.190  1937  6726 I am_kill : [0,8154,com.google.android.googlequicksearchbox:search,15,empty #7]
12-17 09:45:02.241  1937  2517 I am_proc_died: [0,8154,com.google.android.googlequicksearchbox:search]
12-17 09:45:02.243  1937  1951 I am_pss  : [2500,10016,android.process.media,7406592,5615616]
12-17 09:45:03.526  1937  2425 I am_proc_start: [0,8265,10037,com.android.vending,service,com.android.vending/com.google.android.finsky.services.ContentSyncService]
12-17 09:45:03.535  1937  1955 I dvm_lock_sample: [system_server,1,android.ui,30,dispatchUidsChanged,ActivityManagerService.java,3867,sendInner,PendingIntentRecord.java,211,6]
12-17 09:45:03.622  1937  5512 I am_proc_start: [0,8287,10064,com.google.android.deskclock,broadcast,com.google.android.deskclock/com.android.alarmclock.DigitalAppWidgetProvider]
12-17 09:45:03.648  1937  1951 I am_pss  : [5270,10058,com.google.android.calendar,16087040,12754944]
12-17 09:45:03.656  1937  3096 I am_proc_bound: [0,8265,com.android.vending]
12-17 09:45:03.681  1937  3110 I am_proc_bound: [0,8287,com.google.android.deskclock]
12-17 09:45:03.700  1937  2586 I force_gc: Binder
12-17 09:45:03.706  1937  1951 I am_pss  : [6950,10089,com.google.android.music:main,23431168,20115456]
12-17 09:45:03.939  1937  2586 I am_kill : [0,8205,com.google.android.partnersetup,15,empty #7]
12-17 09:45:04.146  1937  1949 I am_proc_died: [0,8205,com.google.android.partnersetup]
12-17 09:45:04.610  1937  3096 I am_kill : [0,8170,com.google.android.apps.plus,15,empty #7]
12-17 09:45:04.691  1937  3241 I am_proc_died: [0,8170,com.google.android.apps.plus]
12-17 09:45:21.037  1937  1951 I sync    : [com.google.android.gms.people,0,2,636217457]
12-17 09:45:21.048  1937  1951 I sync    : [com.google.android.gms.games,0,1,636217457]
12-17 09:45:21.238  1937  1951 I sync    : [com.google.android.gms.games,1,1,636217457]
12-17 09:45:21.240  1937  1951 I sync    : [com.google.android.apps.docs.editors.kix,0,1,636217457]
12-17 09:45:21.270  1937  1951 I am_proc_start: [0,8432,10068,com.google.android.apps.docs.editors.docs,service,com.google.android.apps.docs.editors.docs/com.google.android.apps.docs.sync.syncadapter.DocsSyncAdapterService]
12-17 09:45:21.438  1937  3093 I am_proc_bound: [0,8432,com.google.android.apps.docs.editors.docs]
12-17 09:45:22.084  1937  1951 I sync    : [com.google.android.apps.docs.editors.kix,1,1,636217457]
12-17 09:45:22.085  1937  6726 I am_kill : [0,8241,com.android.providers.calendar,15,empty #7]
12-17 09:45:22.166  1937  2944 I am_proc_died: [0,8241,com.android.providers.calendar]
12-17 09:45:22.274  1937  1937 I notification_enqueue: [1000,3829,com.motorola.tools.batterytracer,2131165197,NULL,0,Notification(pri=0 contentView=com.motorola.tools.batterytracer/0x1090085 vibrate=null sound=null defaults=0x0 flags=0x62 color=0x00000000 vis=PRIVATE),1]
12-17 09:45:22.573  1937  3093 I am_proc_start: [0,8492,10005,com.android.providers.calendar,content provider,com.android.providers.calendar/.CalendarProvider2]
12-17 09:45:22.614  1937  6726 I am_proc_bound: [0,8492,com.android.providers.calendar]
12-17 09:45:23.728  1937  3110 I am_kill : [0,7825,com.google.android.gm,15,empty #7]
12-17 09:45:23.766  1937  3241 I am_proc_died: [0,7825,com.google.android.gm]
12-17 09:45:24.096  1937  2944 I force_gc: Binder
12-17 09:45:26.734  1937  3093 I am_proc_start: [0,8570,10006,android.process.acore,content provider,com.android.providers.contacts/.ContactsProvider2]
12-17 09:45:26.768  1937  3263 I am_proc_bound: [0,8570,android.process.acore]
12-17 09:45:26.939  1937  3263 I am_kill : [0,8287,com.google.android.deskclock,15,empty #7]
12-17 09:45:27.077  1937  1955 I dvm_lock_sample: [system_server,1,android.ui,138,dispatchProcessesChanged,ActivityManagerService.java,3804,removeContentProvider,-,9963,27]
12-17 09:45:27.077  1937  3096 I am_proc_died: [0,8287,com.google.android.deskclock]
12-17 09:45:27.115  3516  8413 I force_gc: Binder
12-17 09:45:27.209  1937  1951 I sync    : [com.google.android.gms.people,1,2,636217457]
12-17 09:45:32.845  1937  3263 I am_kill : [0,8265,com.android.vending,15,empty #7]
12-17 09:45:37.503  1937  1948 I am_proc_died: [0,8265,com.android.vending]
12-17 09:45:37.504  1937  1955 I dvm_lock_sample: [system_server,1,android.ui,413,dispatchProcessesChanged,ActivityManagerService.java,3804,serviceDoneExecuting,-,16235,82]
12-17 09:45:37.577   788  8652 I liblog  : 62
12-17 09:45:43.254  3829  3948 I liblog  : 3
12-17 09:45:43.264   788  2063 I liblog  : 37
12-17 09:45:43.273  3104  3191 I liblog  : 17
12-17 09:45:43.277  1937  2535 I liblog  : 18
12-17 09:45:43.297   879   879 I liblog  : 3
12-17 09:45:57.253  1937  1951 I sync    : [com.android.contacts.metadata,0,2,636217457]
12-17 09:45:57.260  1937  1951 I sync    : [com.google.android.gms.games,0,1,636217457]
12-17 09:45:57.289  1937  1951 I sync    : [com.android.contacts.metadata,1,2,636217457]
12-17 09:45:57.321  1937  1951 I sync    : [com.google.android.gms.games,1,1,636217457]
12-17 09:45:59.912  1937  2425 I am_proc_start: [0,8733,1007,com.motorola.bug2go,service,com.motorola.bug2go/.Bug2GoAutoService]
12-17 09:46:00.392  1937  3263 I am_proc_bound: [0,8733,com.motorola.bug2go]
12-17 09:46:02.303  1937  1951 I am_pss  : [6950,10089,com.google.android.music:main,23393280,19771392]
12-17 09:46:30.402  1937  1937 I notification_enqueue: [1000,3829,com.motorola.tools.batterytracer,2131165197,NULL,0,Notification(pri=0 contentView=com.motorola.tools.batterytracer/0x1090085 vibrate=null sound=null defaults=0x0 flags=0x62 color=0x00000000 vis=PRIVATE),1]
12-17 09:46:36.986  1937  2535 I am_kill : [0,8432,com.google.android.apps.docs.editors.docs,15,empty #7]
12-17 09:46:37.031  1937  2586 I am_proc_died: [0,8432,com.google.android.apps.docs.editors.docs]
12-17 09:46:37.070  1937  1951 I am_pss  : [2578,1000,com.motorola.modemservice,5401600,3907584]
12-17 09:46:37.141  1937  1951 I am_pss  : [1937,1000,system,50119680,45580288]
12-17 09:46:37.178  1937  1951 I am_pss  : [3056,1000,com.motorola.process.system,9448448,7729152]
12-17 09:46:37.223  1937  1951 I am_pss  : [2492,10045,com.android.systemui,61645824,58105856]
12-17 09:46:47.266  1937  1951 I liblog  : 6
12-17 09:46:47.266  1937  1951 I am_pss  : [3104,1001,com.android.phone,15536128,13230080]
12-17 09:46:47.297  1937  1951 I am_pss  : [3067,1000,com.qualcomm.services.location,2411520,1290240]
12-17 09:46:52.736   788  2063 I liblog  : 35
12-17 09:46:52.747  3104  3191 I liblog  : 17
12-17 09:46:52.764   879   879 I liblog  : 7
12-17 09:48:09.148  1937  1951 I am_pss  : [8112,10020,com.google.process.gapps,4885504,3502080]
12-17 09:48:09.183  1937  1951 I am_pss  : [8570,10006,android.process.acore,6205440,4743168]
12-17 09:48:09.214  1937  1951 I am_pss  : [8057,10010,com.motorola.context,4287488,3051520]
12-17 09:48:25.314  3396  5685 I c2dm    : [0,NULL,2,2]
12-17 09:48:30.497  1937  1951 I am_pss  : [5270,10058,com.google.android.calendar,16279552,12898304]
12-17 09:48:30.530  1937  1951 I am_pss  : [8492,10005,com.android.providers.calendar,3850240,2510848]
12-17 09:48:45.658  1937  1951 I am_pss  : [8733,1007,com.motorola.bug2go,8412160,6574080]
12-17 09:48:55.484  3829  3948 I liblog  : 14
12-17 09:49:02.673   788  2063 I liblog  : 104
12-17 09:49:02.680  3104  3191 I liblog  : 15
12-17 09:49:02.684  1937  1949 I liblog  : 9
12-17 09:49:02.698   879   879 I liblog  : 7
12-17 09:49:25.342  3396  9351 I gtalk_conn_close: [6,300]
12-17 09:49:30.812  3396  9367 I c2dm    : [-2,NULL,1,1]
12-17 09:49:31.151  3396  9370 I c2dm    : [3,NULL,1,1]
12-17 09:49:31.153  3396  9370 I gtalk_heartbeat_reset: [240,74.125.68.188:5228]
12-17 09:49:31.157  3396  9370 I gtalk_connection: 0
12-17 09:49:31.167  3396  9370 I c2dm    : [7,,1,1]
12-17 09:49:49.453  3829  3829 I liblog  : 5
12-17 09:49:49.681  1937  2422 I liblog  : 18
12-17 09:49:54.938   788  2063 I liblog  : 108
12-17 09:49:54.965  3104  3191 I liblog  : 17
12-17 09:49:54.985   879   879 I liblog  : 7
12-17 09:50:07.299  1937  2425 I am_proc_start: [0,9482,10030,com.motorola.moodles,service,com.motorola.moodles/.MoodleChangeService]
12-17 09:50:07.333  1937  2425 I am_proc_start: [0,9495,10047,com.google.android.googlequicksearchbox:search,service,com.google.android.googlequicksearchbox/com.google.android.search.core.icingsync.UpdateIcingCorporaService]
12-17 09:50:07.343  1937  3096 I am_proc_bound: [0,9482,com.motorola.moodles]
12-17 09:50:07.386  1937  3093 I am_proc_bound: [0,9495,com.google.android.googlequicksearchbox:search]
12-17 09:50:19.330  3516  9505 I [208000]: []
12-17 09:50:19.393  1937  3263 I am_proc_start: [0,9561,10024,com.google.android.partnersetup,content provider,com.google.android.partnersetup/.RlzAppProvider]
12-17 09:50:19.406  9495  9521 I dvm_lock_sample: [com.google.android.googlequickse,0,IntentService[UpdateCorporaServi,594,MM,VelvetServices.java,208,,,0,150]
12-17 09:50:19.426  1937  3096 I am_proc_bound: [0,9561,com.google.android.partnersetup]
12-17 09:50:19.432  1937  7042 I am_kill : [0,8057,com.motorola.context,15,empty #7]
12-17 09:50:19.500  1937  7042 I am_kill : [0,8492,com.android.providers.calendar,15,empty #8]
12-17 09:50:21.171  1937  7042 I dvm_lock_sample: [system_server,0,Binder_F,588,serviceDoneExecuting,ActivityManagerService.java,16240,,,0,150]
12-17 09:50:21.171  1937  1948 I dvm_lock_sample: [system_server,1,Binder_1,566,publishContentProviders,ActivityManagerService.java,10031,serviceDoneExecuting,-,16235,100]
12-17 09:50:21.172  1937  1955 I dvm_lock_sample: [system_server,1,android.ui,589,dispatchProcessesChanged,ActivityManagerService.java,3804,serviceDoneExecuting,-,16235,100]
12-17 09:50:21.172  1937  2535 I dvm_lock_sample: [system_server,0,Binder_4,509,binderDied,ActivityManagerService.java,1330,serviceDoneExecuting,-,16235,100]
12-17 09:50:21.172  1937  2535 I am_proc_died: [0,8492,com.android.providers.calendar]
12-17 09:50:21.172  1937  2517 I dvm_lock_sample: [system_server,0,Binder_3,574,binderDied,ActivityManagerService.java,1330,serviceDoneExecuting,-,16235,100]
12-17 09:50:21.174  1937  2586 I dvm_lock_sample: [system_server,1,Binder_5,583,getIntentSender,ActivityManagerService.java,6781,serviceDoneExecuting,-,16235,100]
12-17 09:50:21.174  1937  2944 I dvm_lock_sample: [system_server,1,Binder_6,583,startService,ActivityManagerService.java,15962,serviceDoneExecuting,-,16235,100]
12-17 09:50:21.175  1937  2517 I am_proc_died: [0,8057,com.motorola.context]
12-17 09:50:50.734   362   362 I auditd  : avc:  denied  { find } for service=moto_pers_data_block scontext=u:r:platform_app:s0:c512,c768 tcontext=u:object_r:mot_system_service:s0 tclass=service_manager
12-17 09:50:50.740  1937  2517 I am_kill : [0,5270,com.google.android.calendar,15,empty #7]
12-17 09:50:50.867  1937  1955 I dvm_lock_sample: [system_server,1,android.ui,125,dispatchProcessesChanged,ActivityManagerService.java,3804,serviceDoneExecuting,-,16235,25]
12-17 09:50:50.868  1937  3128 I am_proc_died: [0,5270,com.google.android.calendar]
12-17 09:50:55.664   788   872 I liblog  : 95
12-17 09:50:55.668   788  9678 I liblog  : 1
12-17 09:50:55.669  3104  3191 I liblog  : 12
12-17 09:50:55.670  1937  6726 I liblog  : 15
12-17 09:50:56.069  3829  3948 I liblog  : 3
12-17 09:51:00.303  3104  3191 I liblog  : 3
12-17 09:51:00.309  1937  1949 I liblog  : 1
12-17 09:51:00.570  1937  1937 I free_storage_changed: 2008662016
12-17 09:51:05.244  1937  1953 I dvm_lock_sample: [system_server,1,ActivityManager,7,next,MessageQueue.java,325,enqueueMessage,-,541,1]
12-17 09:51:05.362  1937  2517 I am_proc_start: [0,9736,10037,com.android.vending,broadcast,com.android.vending/com.google.android.finsky.receivers.PackageMonitorReceiver$RegisteredReceiver]
12-17 09:51:10.982  1937  2535 I am_proc_bound: [0,9736,com.android.vending]
12-17 09:51:38.775  1937  7042 I am_proc_start: [0,9847,10097,com.google.android.apps.plus,broadcast,com.google.android.apps.plus/.service.PackagesMediaMonitor]
12-17 09:51:38.779  1937  6726 I dvm_lock_sample: [system_server,1,Binder_E,459,unbindService,ActivityManagerService.java,16204,processNextBroadcast,BroadcastQueue.java,639,91]
12-17 09:51:38.877  1937  2517 I am_proc_bound: [0,9847,com.google.android.apps.plus]
12-17 09:51:39.118  1937  6726 I am_kill : [0,8733,com.motorola.bug2go,15,empty #7]
12-17 09:51:39.182  1937  3093 I dvm_lock_sample: [system_server,1,Binder_7,56,getContentProviderImpl,ActivityManagerService.java,9593,serviceDoneExecuting,-,16235,11]
12-17 09:51:39.184  1937  3241 I am_proc_died: [0,8733,com.motorola.bug2go]
12-17 09:51:39.324  1937  3263 I am_kill : [0,9482,com.motorola.moodles,15,empty #7]
12-17 09:51:39.471  1937  1955 I dvm_lock_sample: [system_server,1,android.ui,147,dispatchProcessesChanged,ActivityManagerService.java,3804,serviceDoneExecuting,-,16235,29]
12-17 09:51:39.472  1937  3128 I am_proc_died: [0,9482,com.motorola.moodles]
12-17 09:52:46.783  1937  3263 I force_gc: Binder
12-17 09:52:47.677  4435  6808 I force_gc: Binder
12-17 09:52:47.769  4435  6808 I dvm_lock_sample: [com.motorola.ccc,0,pool-4-thread-1,903,onReceiveActions,BcsPlatformAndroid.java,336,,,0,150]
12-17 09:53:04.902  1937  1983 I dvm_lock_sample: [system_server,1,PowerManagerService,335,handleSandman,PowerManagerService.java,1854,releaseWakeLockInternal,-,898,67]
12-17 09:53:05.083  1937  1951 I liblog  : 20
12-17 09:53:05.083  1937  1951 I am_pss  : [8570,10006,android.process.acore,6320128,4890624]
12-17 09:53:05.114  1937  1951 I am_pss  : [9561,10024,com.google.android.partnersetup,3137536,2023424]
12-17 09:53:10.681   788  2063 I liblog  : 113
12-17 09:53:10.690  3104  3191 I liblog  : 17
12-17 09:53:10.717   879   879 I liblog  : 7
12-17 09:53:31.213  3396  9367 I c2dm    : [0,NULL,2,2]
12-17 09:53:41.439  1937  1951 I am_pss  : [9847,10097,com.google.android.apps.plus,10653696,8790016]
12-17 09:53:41.470  1937  1951 I am_pss  : [8112,10020,com.google.process.gapps,4960256,3608576]
12-17 09:54:14.864  1937  1951 I am_pss  : [9495,10047,com.google.android.googlequicksearchbox:search,11830272,7868416]
12-17 09:54:14.905  1937  1951 I am_pss  : [9736,10037,com.android.vending,10157056,8065024]
12-17 09:54:32.372  3396 10206 I gtalk_conn_close: [6,301]
12-17 09:54:34.517  1937  8646 I am_kill : [0,9561,com.google.android.partnersetup,15,empty #7]
12-17 09:54:34.588  1937  6726 I dvm_lock_sample: [system_server,0,Binder_E,58,binderDied,ActivityManagerService.java,1330,serviceDoneExecuting,-,16235,11]
12-17 09:54:34.588  1937  6726 I am_proc_died: [0,9561,com.google.android.partnersetup]
12-17 09:54:46.060  3396 10248 I c2dm    : [-2,NULL,1,1]
12-17 09:54:52.843  1937  1937 I free_storage_changed: 2005381120
12-17 09:54:55.231  3396 10268 I c2dm    : [3,NULL,1,1]
12-17 09:54:55.234  3396 10268 I gtalk_heartbeat_reset: [240,74.125.68.188:5228]
12-17 09:54:55.234  3396 10268 I gtalk_connection: 0
12-17 09:54:55.243  3396 10268 I c2dm    : [7,,1,1]
12-17 09:56:08.463  3516 10301 I [208000]: []
12-17 09:58:17.500  1937  1951 I am_pss  : [3858,1000,com.motorola.tools.batterytracersdcard,3622912,2338816]
12-17 09:58:55.305  3396 10248 I c2dm    : [0,NULL,2,2]
12-17 09:59:36.073  1937  2517 I battery_level: [98,4258,222]
12-17 09:59:55.372  3396 10586 I gtalk_conn_close: [6,300]
12-17 09:59:55.519  1937  1937 I notification_enqueue: [1000,3829,com.motorola.tools.batterytracer,2131165197,NULL,0,Notification(pri=0 contentView=com.motorola.tools.batterytracer/0x1090085 vibrate=null sound=null defaults=0x0 flags=0x62 color=0x00000000 vis=PRIVATE),1]
12-17 10:00:08.534  3396 10613 I c2dm    : [-2,NULL,1,1]
12-17 10:00:14.247  3396 10643 I c2dm    : [3,NULL,1,1]
12-17 10:00:14.249  3396 10643 I gtalk_heartbeat_reset: [240,74.125.68.188:5228]
12-17 10:00:14.250  3396 10643 I gtalk_connection: 0
12-17 10:00:14.311  1937  1951 I am_pss  : [9495,10047,com.google.android.googlequicksearchbox:search,12309504,8261632]
12-17 10:00:14.342  1937  1951 I am_pss  : [8570,10006,android.process.acore,6508544,5050368]
12-17 10:00:16.729  3396 10643 I c2dm    : [7,,1,1]
12-17 10:02:08.337  1937  1948 I am_proc_start: [0,10712,10064,com.google.android.deskclock,broadcast,com.google.android.deskclock/com.android.alarmclock.DigitalAppWidgetProvider]
12-17 10:02:08.399  1937  3241 I am_proc_bound: [0,10712,com.google.android.deskclock]
12-17 10:02:08.474  1937  3096 I am_kill : [0,8570,android.process.acore,15,empty #7]
12-17 10:02:08.516  1937  8646 I am_proc_died: [0,8570,android.process.acore]
12-17 10:02:28.496  3516 10740 I [208000]: []
12-17 10:04:13.262  1937  1937 I free_storage_changed: 1999204352
12-17 10:04:17.331  3396 10613 I c2dm    : [0,NULL,2,2]
12-17 10:05:11.684   788  1007 I liblog  : 1
12-17 10:05:11.686  3104  3191 I liblog  : 12
12-17 10:05:11.699  1937  3110 I liblog  : 3
12-17 10:05:11.705  2492  2848 I liblog  : 1
12-17 10:05:11.786  3396 10643 I gtalk_conn_close: [20,297]
12-17 10:05:11.798  2578  2578 I liblog  : 5
12-17 10:05:11.854 11001 11001 I auditd  : type=1400 audit(0.0:4): avc: denied { search } for uid=0 comm="ipInfo" name="default" dev="tmpfs" ino=8256 scontext=u:r:netd:s0 tcontext=u:object_r:storage_file:s0 tclass=dir permissive=0
12-17 10:05:11.919   879   879 I liblog  : 1
12-17 10:05:11.914 11001 11001 I auditd  : type=1400 audit(0.0:5): avc: denied { search } for uid=0 comm="ipInfo" name="default" dev="tmpfs" ino=8256 scontext=u:r:netd:s0 tcontext=u:object_r:storage_file:s0 tclass=dir permissive=0
12-17 10:05:13.257 11001 11001 I auditd  : type=1400 audit(0.0:6): avc: denied { search } for uid=0 comm="ipInfo" name="default" dev="tmpfs" ino=8256 scontext=u:r:netd:s0 tcontext=u:object_r:storage_file:s0 tclass=dir permissive=0
12-17 10:05:13.257 11001 11001 I auditd  : type=1400 audit(0.0:7): avc: denied { search } for uid=0 comm="ipInfo" name="default" dev="tmpfs" ino=8256 scontext=u:r:netd:s0 tcontext=u:object_r:storage_file:s0 tclass=dir permissive=0
12-17 10:05:13.217  3829  3948 I liblog  : 3
12-17 10:05:13.277 11001 11001 I auditd  : type=1400 audit(0.0:8): avc: denied { search } for uid=0 comm="ipInfo" name="default" dev="tmpfs" ino=8256 scontext=u:r:netd:s0 tcontext=u:object_r:storage_file:s0 tclass=dir permissive=0
12-17 10:05:13.277 11001 11001 I auditd  : type=1400 audit(0.0:9): avc: denied { search } for uid=0 comm="ipInfo" name="default" dev="tmpfs" ino=8256 scontext=u:r:netd:s0 tcontext=u:object_r:storage_file:s0 tclass=dir permissive=0
12-17 10:05:13.297 11001 11001 I auditd  : type=1400 audit(0.0:10): avc: denied { search } for uid=0 comm="ipInfo" name="default" dev="tmpfs" ino=8256 scontext=u:r:netd:s0 tcontext=u:object_r:storage_file:s0 tclass=dir permissive=0
12-17 10:05:13.297 11001 11001 I auditd  : type=1400 audit(0.0:11): avc: denied { search } for uid=0 comm="ipInfo" name="default" dev="tmpfs" ino=8256 scontext=u:r:netd:s0 tcontext=u:object_r:storage_file:s0 tclass=dir permissive=0
12-17 10:05:13.317 11001 11001 I auditd  : type=1400 audit(0.0:12): avc: denied { search } for uid=0 comm="ipInfo" name="default" dev="tmpfs" ino=8256 scontext=u:r:netd:s0 tcontext=u:object_r:storage_file:s0 tclass=dir permissive=0
12-17 10:05:13.317 11001 11001 I auditd  : type=1400 audit(0.0:13): avc: denied { search } for uid=0 comm="ipInfo" name="default" dev="tmpfs" ino=8256 scontext=u:r:netd:s0 tcontext=u:object_r:storage_file:s0 tclass=dir permissive=0
12-17 10:05:13.337 11001 11001 I auditd  : type=1400 audit(0.0:14): avc: denied { search } for uid=0 comm="ipInfo" name="default" dev="tmpfs" ino=8256 scontext=u:r:netd:s0 tcontext=u:object_r:storage_file:s0 tclass=dir permissive=0
12-17 10:05:13.337 11001 11001 I auditd  : type=1400 audit(0.0:15): avc: denied { search } for uid=0 comm="ipInfo" name="default" dev="tmpfs" ino=8256 scontext=u:r:netd:s0 tcontext=u:object_r:storage_file:s0 tclass=dir permissive=0
12-17 10:05:13.359  1937  1953 I am_proc_start: [0,11072,10006,android.process.acore,broadcast,com.android.providers.contacts/.PhoneAccountRegistrationReceiver]
12-17 10:05:13.367 11001 11001 I auditd  : type=1400 audit(0.0:16): avc: denied { search } for uid=0 comm="ipInfo" name="default" dev="tmpfs" ino=8256 scontext=u:r:netd:s0 tcontext=u:object_r:storage_file:s0 tclass=dir permissive=0
12-17 10:05:13.367 11001 11001 I auditd  : type=1400 audit(0.0:17): avc: denied { search } for uid=0 comm="ipInfo" name="default" dev="tmpfs" ino=8256 scontext=u:r:netd:s0 tcontext=u:object_r:storage_file:s0 tclass=dir permissive=0
12-17 10:05:13.407  1937  6726 I am_proc_bound: [0,11072,android.process.acore]
12-17 10:05:13.407 11001 11001 I auditd  : type=1400 audit(0.0:18): avc: denied { search } for uid=0 comm="ipInfo" name="default" dev="tmpfs" ino=8256 scontext=u:r:netd:s0 tcontext=u:object_r:storage_file:s0 tclass=dir permissive=0
12-17 10:05:13.407 11001 11001 I auditd  : type=1400 audit(0.0:19): avc: denied { search } for uid=0 comm="ipInfo" name="default" dev="tmpfs" ino=8256 scontext=u:r:netd:s0 tcontext=u:object_r:storage_file:s0 tclass=dir permissive=0
12-17 10:05:13.447 11001 11001 I auditd  : type=1400 audit(0.0:20): avc: denied { search } for uid=0 comm="ipInfo" name="default" dev="tmpfs" ino=8256 scontext=u:r:netd:s0 tcontext=u:object_r:storage_file:s0 tclass=dir permissive=0
12-17 10:05:13.447 11001 11001 I auditd  : type=1400 audit(0.0:21): avc: denied { search } for uid=0 comm="ipInfo" name="default" dev="tmpfs" ino=8256 scontext=u:r:netd:s0 tcontext=u:object_r:storage_file:s0 tclass=dir permissive=0
12-17 10:05:13.467 11001 11001 I auditd  : type=1400 audit(0.0:22): avc: denied { search } for uid=0 comm="ipInfo" name="default" dev="tmpfs" ino=8256 scontext=u:r:netd:s0 tcontext=u:object_r:storage_file:s0 tclass=dir permissive=0
12-17 10:05:13.467 11001 11001 I auditd  : type=1400 audit(0.0:23): avc: denied { search } for uid=0 comm="ipInfo" name="default" dev="tmpfs" ino=8256 scontext=u:r:netd:s0 tcontext=u:object_r:storage_file:s0 tclass=dir permissive=0
12-17 10:05:13.487 11001 11001 I auditd  : type=1400 audit(0.0:24): avc: denied { search } for uid=0 comm="ipInfo" name="default" dev="tmpfs" ino=8256 scontext=u:r:netd:s0 tcontext=u:object_r:storage_file:s0 tclass=dir permissive=0
12-17 10:05:13.487 11001 11001 I auditd  : type=1400 audit(0.0:25): avc: denied { search } for uid=0 comm="ipInfo" name="default" dev="tmpfs" ino=8256 scontext=u:r:netd:s0 tcontext=u:object_r:storage_file:s0 tclass=dir permissive=0
12-17 10:05:13.517 11001 11001 I auditd  : type=1400 audit(0.0:26): avc: denied { search } for uid=0 comm="ipInfo" name="default" dev="tmpfs" ino=8256 scontext=u:r:netd:s0 tcontext=u:object_r:storage_file:s0 tclass=dir permissive=0
12-17 10:05:13.517 11001 11001 I auditd  : type=1400 audit(0.0:27): avc: denied { search } for uid=0 comm="ipInfo" name="default" dev="tmpfs" ino=8256 scontext=u:r:netd:s0 tcontext=u:object_r:storage_file:s0 tclass=dir permissive=0
12-17 10:05:13.482  2492  2848 I liblog  : 3
12-17 10:05:13.488  3104  3331 I liblog  : 15
12-17 10:05:13.537 11001 11001 I auditd  : type=1400 audit(0.0:28): avc: denied { search } for uid=0 comm="ipInfo" name="default" dev="tmpfs" ino=8256 scontext=u:r:netd:s0 tcontext=u:object_r:storage_file:s0 tclass=dir permissive=0
12-17 10:05:13.537 11001 11001 I auditd  : type=1400 audit(0.0:29): avc: denied { search } for uid=0 comm="ipInfo" name="default" dev="tmpfs" ino=8256 scontext=u:r:netd:s0 tcontext=u:object_r:storage_file:s0 tclass=dir permissive=0
12-17 10:05:13.488  2492  2492 I liblog  : 5
12-17 10:05:13.495  3104  3104 I gsm_service_state_change: [0,0,1,1]
12-17 10:05:13.495  3104  3104 I gsm_rat_switched_new: [-1,3,0]
12-17 10:05:13.499  1937  3096 I liblog  : 10
12-17 10:05:13.567 11001 11001 I auditd  : type=1400 audit(0.0:30): avc: denied { search } for uid=0 comm="ipInfo" name="default" dev="tmpfs" ino=8256 scontext=u:r:netd:s0 tcontext=u:object_r:storage_file:s0 tclass=dir permissive=0
12-17 10:05:13.567 11001 11001 I auditd  : type=1400 audit(0.0:31): avc: denied { search } for uid=0 comm="ipInfo" name="default" dev="tmpfs" ino=8256 scontext=u:r:netd:s0 tcontext=u:object_r:storage_file:s0 tclass=dir permissive=0
12-17 10:05:13.519  2578  2578 I liblog  : 1
12-17 10:05:13.687 11001 11001 I auditd  : type=1400 audit(0.0:32): avc: denied { search } for uid=0 comm="ipInfo" name="default" dev="tmpfs" ino=8256 scontext=u:r:netd:s0 tcontext=u:object_r:storage_file:s0 tclass=dir permissive=0
12-17 10:05:13.687 11001 11001 I auditd  : type=1400 audit(0.0:33): avc: denied { search } for uid=0 comm="ipInfo" name="default" dev="tmpfs" ino=8256 scontext=u:r:netd:s0 tcontext=u:object_r:storage_file:s0 tclass=dir permissive=0
12-17 10:05:13.564   788   872 I liblog  : 9
12-17 10:05:13.707 11001 11001 I auditd  : type=1400 audit(0.0:34): avc: denied { search } for uid=0 comm="ipInfo" name="default" dev="tmpfs" ino=8256 scontext=u:r:netd:s0 tcontext=u:object_r:storage_file:s0 tclass=dir permissive=0
12-17 10:05:13.707 11001 11001 I auditd  : type=1400 audit(0.0:35): avc: denied { search } for uid=0 comm="ipInfo" name="default" dev="tmpfs" ino=8256 scontext=u:r:netd:s0 tcontext=u:object_r:storage_file:s0 tclass=dir permissive=0
12-17 10:05:13.737 11001 11001 I auditd  : type=1400 audit(0.0:36): avc: denied { search } for uid=0 comm="ipInfo" name="default" dev="tmpfs" ino=8256 scontext=u:r:netd:s0 tcontext=u:object_r:storage_file:s0 tclass=dir permissive=0
12-17 10:05:13.737 11001 11001 I auditd  : type=1400 audit(0.0:37): avc: denied { search } for uid=0 comm="ipInfo" name="default" dev="tmpfs" ino=8256 scontext=u:r:netd:s0 tcontext=u:object_r:storage_file:s0 tclass=dir permissive=0
12-17 10:05:13.748  1937  1948 I am_proc_start: [0,11126,10029,com.android.mms,broadcast,com.android.mms/.transaction.MmsSystemEventReceiver]
12-17 10:05:13.749  1937  1948 I am_kill : [0,9736,com.android.vending,15,empty #7]
12-17 10:05:13.767 11001 11001 I auditd  : type=1400 audit(0.0:38): avc: denied { search } for uid=0 comm="ipInfo" name="default" dev="tmpfs" ino=8256 scontext=u:r:netd:s0 tcontext=u:object_r:storage_file:s0 tclass=dir permissive=0
12-17 10:05:13.767 11001 11001 I auditd  : type=1400 audit(0.0:39): avc: denied { search } for uid=0 comm="ipInfo" name="default" dev="tmpfs" ino=8256 scontext=u:r:netd:s0 tcontext=u:object_r:storage_file:s0 tclass=dir permissive=0
