12-17 10:29:13.163  1937  2425 I am_proc_start: [0,19391,10047,com.google.android.googlequicksearchbox:search,service,com.google.android.googlequicksearchbox/com.google.android.apps.gsa.eventlogger.EventLoggerService]
12-17 10:29:13.244  1937  2535 I am_proc_bound: [0,19391,com.google.android.googlequicksearchbox:search]
12-17 10:29:14.237  1937  3110 I am_proc_start: [0,19428,10024,com.google.android.partnersetup,content provider,com.google.android.partnersetup/.RlzAppProvider]
12-17 10:29:14.324  3396 17120 I c2dm    : [-8,com.google.android.gsf.gtalkservice:,2,2]
12-17 10:29:14.366  1937  2517 I am_proc_bound: [0,19428,com.google.android.partnersetup]
12-17 10:29:14.638  1937  1948 I am_proc_start: [0,19457,10006,android.process.acore,content provider,com.android.providers.contacts/.ContactsProvider2]
12-17 10:29:14.714  1937  2535 I am_proc_bound: [0,19457,android.process.acore]
12-17 10:29:14.926  1937  6726 I dvm_lock_sample: [system_server,1,Binder_E,120,getContentProviderImpl,ActivityManagerService.java,9593,bindService,-,16197,24]
12-17 10:29:14.961  1937  6726 I am_proc_start: [0,19477,10016,android.process.media,content provider,com.android.providers.media/.MediaProvider]
12-17 10:29:15.026  1937  7042 I am_proc_bound: [0,19477,android.process.media]
12-17 10:29:15.120  1937  2517 I force_gc: Binder
12-17 10:29:15.351  1937  1949 I notification_cancel_all: [10016,19477,com.android.providers.downloads,0,0,64,9,NULL]
12-17 10:29:15.715  1937  1949 I am_proc_died: [0,19428,com.google.android.partnersetup]
12-17 10:29:15.860  1937  1951 I am_meminfo: [60514304,23781376,38268928,82087936,28807168]
12-17 10:29:15.915  1937  1951 I am_pss  : [3113,10047,com.google.android.googlequicksearchbox,45018112,41254912]
12-17 10:29:15.963  1937  1951 I am_pss  : [3396,10020,com.google.android.gms.persistent,26560512,22814720]
12-17 10:29:16.014  1937  1951 I am_pss  : [2965,10073,com.google.android.apps.inputmethod.hindi,19459072,17129472]
12-17 10:29:16.087  1937  1951 I am_pss  : [19477,10016,android.process.media,5129216,3469312]
12-17 10:29:16.126  1937  1951 I am_pss  : [19373,10020,com.google.android.gms,28189696,24887296]
12-17 10:29:16.159  1937  1951 I am_pss  : [19457,10006,android.process.acore,7073792,5353472]
12-17 10:29:16.465  1937  2535 I am_proc_died: [0,19391,com.google.android.googlequicksearchbox:search]
12-17 10:29:16.481  1937  1951 I dvm_lock_sample: [system_server,0,android.bg,273,handleMessage,ActivityManagerService.java,2209,binderDied,-,1330,54]
12-17 10:29:16.481  1937  1951 I am_pss  : [19339,10020,com.google.process.gapps,6240256,4612096]
12-17 10:29:16.588  1937  5512 I am_proc_died: [0,19477,android.process.media]
12-17 10:29:16.596  1937  8646 I dvm_lock_sample: [system_server,0,Binder_10,123,serviceDoneExecuting,ActivityManagerService.java,16235,binderDied,-,1330,24]
12-17 10:29:16.597  1937  1951 I dvm_lock_sample: [system_server,0,android.bg,115,handleMessage,ActivityManagerService.java,2187,binderDied,-,1330,23]
12-17 10:29:16.636  1937  1951 I am_pss  : [5050,10034,com.motorola.motocare,11530240,9900032]
12-17 10:29:16.810  1937  2517 I am_proc_died: [0,19457,android.process.acore]
12-17 10:29:16.813  1937  1951 I dvm_lock_sample: [system_server,0,android.bg,144,handleMessage,ActivityManagerService.java,2209,binderDied,-,1330,28]
12-17 10:29:16.813  1937  1951 I am_pss  : [19216,10013,com.android.defcontainer,3261440,1794048]
12-17 10:29:16.863  1937  1951 I am_pss  : [5507,10078,com.google.android.talk,5085184,2846720]
12-17 10:29:16.911  1937  1951 I am_pss  : [4435,10000,com.motorola.ccc,9836544,7688192]
12-17 10:29:16.956  1937  1951 I am_pss  : [6950,10089,com.google.android.music:main,12136448,9752576]
12-17 10:29:16.990  1937  1951 I am_pss  : [4788,10015,com.motorola.survey,2717696,1216512]
12-17 10:29:17.024  1937  1951 I am_pss  : [14485,10008,com.android.cellbroadcastreceiver,2008064,606208]
12-17 10:29:17.085  1937  1951 I am_pss  : [5953,10051,com.motorola.config.wifi,2403328,1040384]
12-17 10:29:17.117  1937  1951 I am_pss  : [4115,1000,com.motorola.ServiceDialingNumbers,2188288,851968]
12-17 10:29:17.151  1937  1951 I am_pss  : [3829,1000,com.motorola.tools.batterytracer,14127104,12324864]
12-17 10:29:17.183  1937  1951 I am_pss  : [5289,1000,com.qualcomm.telephony,2155520,823296]
12-17 10:29:17.216  1937  1951 I am_pss  : [5007,10032,com.motorola.MotGallery2,3341312,1843200]
12-17 10:29:17.252  1937  1951 I am_pss  : [3056,1000,com.motorola.process.system,9414656,7655424]
12-17 10:29:17.291  1937  1951 I am_pss  : [3104,1001,com.android.phone,11481088,9334784]
12-17 10:29:17.323  1937  1951 I am_pss  : [3067,1000,com.qualcomm.services.location,1700864,491520]
12-17 10:29:17.355  1937  1951 I am_pss  : [2939,10047,com.google.android.googlequicksearchbox:interactor,2384896,798720]
12-17 10:29:17.387  1937  1951 I am_pss  : [2578,1000,com.motorola.modemservice,4519936,2928640]
12-17 10:29:17.438  1937  1951 I am_pss  : [2492,10045,com.android.systemui,42399744,39165952]
12-17 10:29:17.524  1937  1951 I am_pss  : [1937,1000,system,54086656,50118656]
12-17 10:29:33.904  1937  2068 I dvm_lock_sample: [system_server,0,PackageManager,1162,updateSettingsLI,PackageManagerService.java,12320,,,0,150]
12-17 10:29:33.905  1937  1956 I dvm_lock_sample: [system_server,0,android.fg,705,exists,UserManagerService.java,408,updateSettingsLI,PackageManagerService.java,12315,100]
12-17 10:29:33.905  1937  1956 I dvm_lock_sample: [system_server,0,android.fg,705,broadcastIntent,ActivityManagerService.java,17242,,,0,150]
12-17 10:29:33.906  1937  1937 I dvm_lock_sample: [system_server,1,main,648,broadcastIntent,ActivityManagerService.java,17217,broadcastIntent,-,17217,100]
12-17 10:29:56.325  1937  2068 I dvm_lock_sample: [system_server,0,PackageManager,684,updateSettingsLI,PackageManagerService.java,12369,,,0,150]
12-17 10:29:56.325  1937  2517 I dvm_lock_sample: [system_server,1,Binder_3,584,isProtectedBroadcast,PackageManagerService.java,3921,updateSettingsLI,-,12325,100]
12-17 10:29:56.326  1937  2535 I dvm_lock_sample: [system_server,1,Binder_4,573,getNameForUid,PackageManagerService.java,4159,updateSettingsLI,-,12325,100]
12-17 10:29:56.328  1937  2517 I dvm_lock_sample: [system_server,1,Binder_3,586,broadcastIntent,ActivityManagerService.java,17242,,,0,150]
12-17 10:29:56.337  1937  2068 I unknown_sources_enabled: 0
12-17 10:29:56.483  1937  1953 I am_proc_start: [0,19587,10006,android.process.acore,broadcast,com.android.providers.contacts/.PackageIntentReceiver]
12-17 10:29:56.563  1937  8646 I am_proc_bound: [0,19587,android.process.acore]
12-17 10:29:56.655  1937  6726 I am_proc_start: [0,19603,10024,com.google.android.partnersetup,broadcast,com.google.android.partnersetup/.RlzPingBroadcastReceiver]
12-17 10:29:56.714  1937  3096 I am_proc_bound: [0,19603,com.google.android.partnersetup]
12-17 10:29:56.779  1937  3128 I am_proc_start: [0,19619,10037,com.android.vending,broadcast,com.android.vending/com.google.android.finsky.receivers.PackageMonitorReceiver$RegisteredReceiver]
12-17 10:29:56.827  1937  5512 I am_proc_bound: [0,19619,com.android.vending]
12-17 10:30:27.240  1937  2517 I am_proc_start: [0,19698,10016,android.process.media,content provider,com.android.providers.downloads/.DownloadProvider]
12-17 10:30:27.282  1937  1948 I am_proc_start: [0,19709,10047,com.google.android.googlequicksearchbox:search,broadcast,com.google.android.googlequicksearchbox/com.google.android.search.core.icingsync.IcingCorporaChangedReceiver]
12-17 10:30:27.318  1937  6726 I am_proc_bound: [0,19698,android.process.media]
12-17 10:30:27.331  1937  5512 I am_proc_bound: [0,19709,com.google.android.googlequicksearchbox:search]
12-17 10:30:27.444  1937  1948 I notification_cancel_all: [10016,19698,com.android.providers.downloads,0,0,64,9,NULL]
12-17 10:30:33.952  1937  1937 I notification_cancel_all: [1000,1937,com.google.android.apps.docs.editors.docs,0,0,0,5,NULL]
12-17 10:30:34.029  1937  1949 I dvm_lock_sample: [system_server,1,Binder_2,37,publishService,ActivityManagerService.java,16215,startService,-,15962,7]
12-17 10:30:34.068  1937  1937 I notification_enqueue: [1000,3829,com.motorola.tools.batterytracer,2131165197,NULL,0,Notification(pri=0 contentView=com.motorola.tools.batterytracer/0x1090085 vibrate=null sound=null defaults=0x0 flags=0x62 color=0x00000000 vis=PRIVATE),1]
12-17 10:30:34.071  1937  1937 I notification_canceled: [0|com.android.vending|-1050172287|null|10037,8,119422,119422,0]
12-17 10:30:38.607  1937  1972 I dvm_lock_sample: [system_server,0,android.io,537,run,PackageInstallerService.java,558,,,0,150]
12-17 10:30:41.632  1937  3241 I am_proc_start: [0,19823,10067,com.google.android.apps.docs,broadcast,com.google.android.apps.docs/.receivers.AppPackageAddRemoveReceiver]
12-17 10:30:41.638  1937  1955 I dvm_lock_sample: [system_server,1,android.ui,36,dispatchUidsChanged,ActivityManagerService.java,3867,processNextBroadcast,BroadcastQueue.java,639,7]
12-17 10:30:41.676  1937  3241 I am_proc_bound: [0,19823,com.google.android.apps.docs]
12-17 10:30:42.046 19619 19673 I google_http_request: [547,200,unused/0,1]
12-17 10:30:42.371  1937  3093 I notification_cancel_all: [10016,19698,com.android.providers.downloads,0,0,64,9,NULL]
12-17 10:30:43.425  1937  3263 I am_proc_start: [0,19903,10097,com.google.android.apps.plus,broadcast,com.google.android.apps.plus/.service.PackagesMediaMonitor]
12-17 10:30:43.471  1937  5512 I am_proc_bound: [0,19903,com.google.android.apps.plus]
12-17 10:30:43.518  1937  3110 I force_gc: Binder
12-17 10:30:43.724 19619 19674 I google_http_request: [731,200,unused/0,1]
12-17 10:30:44.591  1937  6726 I am_proc_start: [0,19951,10104,com.gaana,broadcast,com.gaana/seventynine.sdk.ReceiverScreen]
12-17 10:30:44.645  1937  3128 I am_proc_bound: [0,19951,com.gaana]
12-17 10:30:44.698  1937  3096 I am_kill : [0,19216,com.android.defcontainer,15,empty #7]
12-17 10:30:44.764  1937  1955 I dvm_lock_sample: [system_server,1,android.ui,67,dispatchProcessesChanged,ActivityManagerService.java,3804,serviceDoneExecuting,-,16235,13]
12-17 10:30:44.764  1937  6726 I am_proc_died: [0,19216,com.android.defcontainer]
12-17 10:30:45.032  1937  3128 I am_kill : [0,19587,android.process.acore,15,empty #7]
12-17 10:30:45.066  1937  2517 I am_proc_died: [0,19587,android.process.acore]
12-17 10:30:45.192  1937  2517 I am_proc_start: [0,19970,10006,android.process.acore,broadcast,com.android.providers.contacts/.PackageIntentReceiver]
12-17 10:30:45.196  1937  6726 I am_kill : [0,19603,com.google.android.partnersetup,15,empty #7]
12-17 10:30:45.235  1937  1949 I am_proc_bound: [0,19970,android.process.acore]
12-17 10:30:45.239  1937  3241 I am_proc_died: [0,19603,com.google.android.partnersetup]
12-17 10:30:45.315  1937  3241 I am_proc_start: [0,19986,10010,com.motorola.context,broadcast,com.motorola.context/.receiver.PackageReplaceReceiver]
12-17 10:30:45.316  1937  3241 I am_kill : [0,19709,com.google.android.googlequicksearchbox:search,15,empty #7]
12-17 10:30:45.364  1937  3128 I am_proc_died: [0,19709,com.google.android.googlequicksearchbox:search]
12-17 10:30:45.365  1937  5512 I am_proc_bound: [0,19986,com.motorola.context]
12-17 10:30:45.499  1937  1948 I am_kill : [0,19823,com.google.android.apps.docs,15,empty #7]
12-17 10:30:45.550  1937  1948 I am_proc_start: [0,20000,10047,com.google.android.googlequicksearchbox:search,broadcast,com.google.android.googlequicksearchbox/com.google.android.apps.gsa.googlequicksearchbox.GelStubAppWatcher]
12-17 10:30:45.551  1937  2535 I am_proc_died: [0,19823,com.google.android.apps.docs]
12-17 10:30:45.576  1937  3241 I am_proc_bound: [0,20000,com.google.android.googlequicksearchbox:search]
12-17 10:30:45.700  1937  1948 I am_proc_start: [0,20016,10062,com.google.android.apps.cloudprint,broadcast,com.google.android.apps.cloudprint/.printdialog.receivers.UpgradeBroadcastReceiver]
12-17 10:30:45.701  1937  1948 I am_kill : [0,19619,com.android.vending,15,empty #7]
12-17 10:30:45.764  1937  2535 I am_proc_died: [0,19619,com.android.vending]
12-17 10:30:45.765  1937  8646 I am_proc_bound: [0,20016,com.google.android.apps.cloudprint]
12-17 10:30:45.930  1937  3128 I am_proc_start: [0,20030,10090,com.google.android.apps.magazines,broadcast,com.google.android.apps.magazines/com.google.apps.dots.android.app.receiver.FirstInstallNotificationReceiver]
12-17 10:30:45.945  1937  3093 I am_kill : [0,19903,com.google.android.apps.plus,15,empty #7]
12-17 10:30:46.004  1937  1955 I dvm_lock_sample: [system_server,1,android.ui,59,dispatchProcessesChanged,ActivityManagerService.java,3804,serviceDoneExecuting,-,16235,11]
12-17 10:30:46.004  1937  8646 I am_proc_died: [0,19903,com.google.android.apps.plus]
12-17 10:30:46.005  1937  2944 I am_proc_bound: [0,20030,com.google.android.apps.magazines]
12-17 10:30:47.570  1937  3096 I am_kill : [0,19951,com.gaana,15,empty #7]
12-17 10:30:47.666  1937  7042 I dvm_lock_sample: [system_server,0,Binder_F,80,binderDied,ActivityManagerService.java,1330,processNextBroadcast,BroadcastQueue.java,639,16]
12-17 10:30:47.666  1937  7042 I am_proc_died: [0,19951,com.gaana]
12-17 10:30:47.712  1937  2434 I netstats_mobile_sample: [490710,1229,312440,1335,490710,1229,312440,1335,490710,1229,291514,1335,1450328448273]
12-17 10:30:47.713  1937  2434 I netstats_wifi_sample: [25131875,17416,602364,8484,25128875,17414,602298,8483,25038224,17034,483324,8478,1450328448273]
12-17 10:30:47.754  1937  3263 I am_proc_start: [0,20120,10068,com.google.android.apps.docs.editors.docs,broadcast,com.google.android.apps.docs.editors.docs/com.google.android.apps.docs.editors.shared.receivers.PackageReplacedReceiver]
12-17 10:30:47.791  1937  1955 I dvm_lock_sample: [system_server,1,android.ui,35,dispatchUidsChanged,ActivityManagerService.java,3867,trimApplications,-,19673,7]
12-17 10:30:47.820  1937  1949 I am_proc_bound: [0,20120,com.google.android.apps.docs.editors.docs]
12-17 10:30:48.436  1937  1951 I am_pss  : [3396,10020,com.google.android.gms.persistent,25535488,21700608]
12-17 10:30:48.682  1937  5512 I am_proc_start: [0,20178,10064,com.google.android.deskclock,broadcast,com.google.android.deskclock/com.android.alarmclock.DigitalAppWidgetProvider]
12-17 10:30:48.684  3396 17120 I c2dm    : [0,NULL,2,3]
12-17 10:30:48.714  1937  1951 I am_pss  : [3113,10047,com.google.android.googlequicksearchbox,50535424,46362624]
12-17 10:30:48.756  1937  1948 I am_proc_bound: [0,20178,com.google.android.deskclock]
12-17 10:30:48.781  1937  1951 I am_pss  : [2965,10073,com.google.android.apps.inputmethod.hindi,18564096,16412672]
12-17 10:30:48.859  1937  1951 I am_pss  : [19373,10020,com.google.android.gms,37681152,33591296]
12-17 10:30:48.886  1937  2517 I force_gc: Binder
12-17 10:30:48.912  1937  1951 I am_pss  : [5007,10032,com.motorola.MotGallery2,3103744,1908736]
12-17 10:30:48.948  3396 17161 I c2dm    : [1,NULL,2,3]
12-17 10:30:49.042  1937  1951 I am_pss  : [4435,10000,com.motorola.ccc,8294400,6586368]
12-17 10:30:49.076  1937  3096 I am_kill : [0,19970,android.process.acore,15,empty #7]
12-17 10:30:49.182  1937  6726 I dvm_lock_sample: [system_server,1,Binder_E,45,addPackageDependency,ActivityManagerService.java,5432,processNextBroadcast,BroadcastQueue.java,639,9]
12-17 10:30:49.182  1937  1951 I dvm_lock_sample: [system_server,0,android.bg,65,handleMessage,ActivityManagerService.java,2209,processNextBroadcast,BroadcastQueue.java,639,13]
12-17 10:30:49.183  1937  3241 I am_proc_died: [0,19970,android.process.acore]
12-17 10:30:49.185  1937  1951 I am_pss  : [5050,10034,com.motorola.motocare,12462080,10641408]
12-17 10:30:49.229  1937  1951 I am_pss  : [5507,10078,com.google.android.talk,4468736,2588672]
12-17 10:30:49.268  1937  1951 I am_pss  : [6950,10089,com.google.android.music:main,11631616,9629696]
12-17 10:30:49.304  1937  1951 I am_pss  : [4788,10015,com.motorola.survey,2284544,1077248]
12-17 10:30:49.335  1937  1951 I am_pss  : [14485,10008,com.android.cellbroadcastreceiver,1750016,602112]
12-17 10:30:49.366  1937  1951 I am_pss  : [5953,10051,com.motorola.config.wifi,2153472,1040384]
12-17 10:30:49.397  1937  1951 I am_pss  : [4115,1000,com.motorola.ServiceDialingNumbers,1883136,794624]
12-17 10:30:49.430  1937  1951 I am_pss  : [3829,1000,com.motorola.tools.batterytracer,14110720,12615680]
12-17 10:30:49.461  1937  1951 I am_pss  : [5289,1000,com.qualcomm.telephony,1898496,811008]
12-17 10:30:49.492  1937  1951 I am_pss  : [2939,10047,com.google.android.googlequicksearchbox:interactor,2038784,770048]
12-17 10:30:49.633 20120 20176 I dvm_lock_sample: [com.google.android.apps.docs.edi,0,AsyncTask #1,954,a,PG,129,nativeFillInStackTrace,Throwable.java,-2,100]
12-17 10:30:49.635 20120 20177 I dvm_lock_sample: [com.google.android.apps.docs.edi,0,SafeThreadPool-0,951,a,PG,129,nativeFillInStackTrace,Throwable.java,-2,100]
12-17 10:30:51.491  1937  2434 I netstats_mobile_sample: [490710,1229,312440,1335,490710,1229,312440,1335,490710,1229,291514,1335,1450328452052]
12-17 10:30:51.491  1937  2434 I netstats_wifi_sample: [27258057,18843,651796,9226,27256557,18842,651730,9225,27167406,18463,522368,9220,1450328452052]
12-17 10:30:54.060  1937  2434 I netstats_mobile_sample: [490710,1229,312440,1335,490710,1229,312440,1335,490710,1229,291514,1335,1450328454621]
12-17 10:30:54.060  1937  2434 I netstats_wifi_sample: [29364540,20257,700219,9943,29364540,20257,700219,9943,29279889,19881,560857,9939,1450328454621]
12-17 10:30:54.952  1937  3096 I am_kill : [0,19986,com.motorola.context,15,empty #7]
12-17 10:30:54.975  1937  1948 I am_proc_died: [0,19986,com.motorola.context]
12-17 10:30:55.449  1937  1937 I free_storage_changed: 1923440640
12-17 10:30:58.036  1937  1948 I am_proc_start: [0,20279,10024,com.google.android.partnersetup,content provider,com.google.android.partnersetup/.RlzAppProvider]
12-17 10:30:58.073  1937  2586 I am_proc_bound: [0,20279,com.google.android.partnersetup]
12-17 10:30:58.075  1937  2586 I am_kill : [0,20016,com.google.android.apps.cloudprint,15,empty #7]
12-17 10:30:58.114  1937  3263 I am_proc_died: [0,20016,com.google.android.apps.cloudprint]
12-17 10:30:58.176  1937  3093 I am_proc_start: [0,20299,10006,android.process.acore,broadcast,com.android.providers.contacts/.PackageIntentReceiver]
12-17 10:30:58.232  1937  2944 I am_proc_bound: [0,20299,android.process.acore]
12-17 10:30:58.342  1937  3263 I am_proc_start: [0,20324,10037,com.android.vending,broadcast,com.android.vending/com.google.android.finsky.receivers.PackageMonitorReceiver$RegisteredReceiver]
12-17 10:30:58.342  1937  3263 I am_kill : [0,20030,com.google.android.apps.magazines,15,empty #7]
12-17 10:30:58.428  1937  5512 I am_proc_died: [0,20030,com.google.android.apps.magazines]
12-17 10:30:58.430  1937  3241 I am_proc_bound: [0,20324,com.android.vending]
12-17 10:30:58.921  1937  1949 I am_proc_start: [0,20373,10097,com.google.android.apps.plus,broadcast,com.google.android.apps.plus/.service.PackagesMediaMonitor]
12-17 10:30:58.965  1937  2517 I am_proc_bound: [0,20373,com.google.android.apps.plus]
12-17 10:30:59.219  1937  5512 I am_kill : [0,20120,com.google.android.apps.docs.editors.docs,15,empty #7]
12-17 10:30:59.292  1937  3263 I am_proc_died: [0,20120,com.google.android.apps.docs.editors.docs]
12-17 10:30:59.430  1937  6726 I am_kill : [0,20178,com.google.android.deskclock,15,empty #7]
12-17 10:30:59.505  1937  1949 I am_proc_died: [0,20178,com.google.android.deskclock]
12-17 10:31:00.350  1937  2434 I netstats_mobile_sample: [490710,1229,312440,1335,490710,1229,312440,1335,490710,1229,291514,1335,1450328460911]
12-17 10:31:00.350  1937  2434 I netstats_wifi_sample: [31418563,21645,778129,10924,31417063,21644,778129,10924,31324912,21263,624929,10918,1450328460911]
12-17 10:31:03.169  1937  2434 I netstats_mobile_sample: [490710,1229,312440,1335,490710,1229,312440,1335,490710,1229,291514,1335,1450328463730]
12-17 10:31:03.170  1937  2434 I netstats_wifi_sample: [33497563,23031,840559,11805,33496063,23030,840481,11804,33411412,22654,674977,11799,1450328463730]
12-17 10:31:03.689  1937  1951 I am_pss  : [19698,10016,android.process.media,8104960,6090752]
12-17 10:31:05.414  1937  2434 I netstats_mobile_sample: [490710,1229,312440,1335,490710,1229,312440,1335,490710,1229,291514,1335,1450328465974]
12-17 10:31:05.414  1937  2434 I netstats_wifi_sample: [35578167,24420,903439,12693,35573667,24417,903373,12692,35484516,24038,725473,12687,1450328465974]
12-17 10:31:07.607  1937  2434 I netstats_mobile_sample: [490710,1229,312440,1335,490710,1229,312440,1335,490710,1229,291514,1335,1450328468168]
12-17 10:31:07.608  1937  2434 I netstats_wifi_sample: [37687167,25826,949903,13397,37687167,25826,949903,13397,37602516,25450,762237,13394,1450328468168]
12-17 10:31:09.021  1937  2517 I force_gc: Binder
12-17 10:31:09.076  1937  1937 I notification_canceled: [0|com.android.providers.downloads|0|1:com.android.vending|10016,8,26543,24,0]
12-17 10:31:09.530  1937  1983 I dvm_lock_sample: [system_server,1,PowerManagerService,305,handleSandman,PowerManagerService.java,1854,releaseWakeLockInternal,-,898,61]
12-17 10:31:09.596  1937  3241 I am_kill : [0,20279,com.google.android.partnersetup,15,empty #7]
12-17 10:31:12.484  1937  1955 I dvm_lock_sample: [system_server,1,android.ui,489,dispatchProcessesChanged,ActivityManagerService.java,3804,serviceDoneExecuting,-,16235,97]
12-17 10:31:12.484  1937  5512 I dvm_lock_sample: [system_server,0,Binder_D,474,binderDied,ActivityManagerService.java,1330,serviceDoneExecuting,-,16235,94]
12-17 10:31:12.485  1937  5512 I am_proc_died: [0,20279,com.google.android.partnersetup]
12-17 10:31:12.494  1937  1948 I dvm_lock_sample: [system_server,1,Binder_1,479,broadcastIntent,ActivityManagerService.java,17217,serviceDoneExecuting,-,16235,95]
12-17 10:31:12.497  1937  2535 I dvm_lock_sample: [system_server,1,Binder_4,481,getContentProviderImpl,ActivityManagerService.java,9593,serviceDoneExecuting,-,16235,96]
12-17 10:31:12.528  1937  1937 I power_screen_state: [1,0,0,0]
12-17 10:31:12.528  1937  1937 I screen_toggled: 1
12-17 10:31:12.528  1937  1937 I power_screen_broadcast_send: 1
12-17 10:31:12.531  2492  2492 I sysui_histogram: [note_load,4]
12-17 10:31:12.533  1937  2586 I notification_panel_revealed: 4
12-17 10:31:12.539  1937  3263 I notification_visibility: [0|com.android.mms|123|null|10029,1,2819130,2819130,0,0]
12-17 10:31:12.539  1937  3263 I notification_visibility: [0|com.motorola.tools.batterytracer|2131165197|null|1000,1,2833659,38471,0,1]
12-17 10:31:12.539  1937  3263 I notification_visibility: [0|com.google.android.gms|2131689521|null|10020,1,205234,205234,0,2]
12-17 10:31:12.578  1937  1937 I dvm_lock_sample: [system_server,1,main,43,noteStartWakelockFromSource,BatteryStatsService.java,414,noteScreenState,-,482,8]
12-17 10:31:12.903  1937  1937 I power_screen_broadcast_done: [1,375,1]
12-17 10:31:13.958  3396  3396 I force_gc: Binder
12-17 10:31:14.297  2492  2492 I sysui_lockscreen_gesture: [1,252,3133]
12-17 10:31:14.298  2492  2492 I sysui_status_bar_state: [1,1,0,1,1,0]
12-17 10:31:14.423  1937  5512 I notification_visibility: [0|com.android.mms|123|null|10029,0,2821013,2821013,0,0]
12-17 10:31:14.423  1937  5512 I notification_visibility: [0|com.motorola.tools.batterytracer|2131165197|null|1000,0,2835543,40355,0,1]
12-17 10:31:14.423  1937  5512 I notification_visibility: [0|com.google.android.gms|2131689521|null|10020,0,207118,207118,0,2]
12-17 10:31:14.423  1937  6726 I notification_panel_hidden: []
12-17 10:31:15.596  2492  2492 I screen_toggled: 2
12-17 10:31:15.822  1937  6726 I am_resume_activity: [0,97956882,57,com.google.android.googlequicksearchbox/com.google.android.launcher.GEL]
12-17 10:31:15.866  1937  6726 I notification_expansion: [0|com.android.mms|123|null|10029,0,1,2822457,2822457,3327]
12-17 10:31:15.881  2492  2492 I sysui_status_bar_state: [0,0,0,0,1,0]
12-17 10:31:15.900  3396 17120 I c2dm    : [-8,com.google.android.gsf.gtalkservice:,3,4]
12-17 10:31:15.929  3113  3113 I am_on_resume_called: [0,com.google.android.launcher.GEL]
12-17 10:31:20.935  1937  1937 I notification_enqueue: [10037,20324,com.android.vending,-1050172287,NULL,0,Notification(pri=-1 contentView=null vibrate=null sound=null tick defaults=0x0 flags=0x110 color=0xff689f38 category=progress vis=PRIVATE),0]
12-17 10:31:21.039  1937  1937 I notification_enqueue: [1000,3829,com.motorola.tools.batterytracer,2131165197,NULL,0,Notification(pri=0 contentView=com.motorola.tools.batterytracer/0x1090085 vibrate=null sound=null defaults=0x0 flags=0x62 color=0x00000000 vis=PRIVATE),1]
12-17 10:31:21.396  1937  2068 I am_proc_start: [0,20658,10013,com.android.defcontainer,service,com.android.defcontainer/.DefaultContainerService]
12-17 10:31:21.442  1937  3128 I am_proc_bound: [0,20658,com.android.defcontainer]
12-17 10:31:22.589  1937  2068 I unknown_sources_enabled: 0
12-17 10:31:22.590  1937  6726 I am_kill : [0,19698,android.process.media,15,empty #7]
12-17 10:31:22.705  1937  1948 I dvm_lock_sample: [system_server,0,Binder_1,84,binderDied,ActivityManagerService.java,1330,serviceDoneExecuting,-,16235,16]
12-17 10:31:22.705  1937  1948 I am_proc_died: [0,19698,android.process.media]
12-17 10:31:22.802  1937  2535 I am_proc_start: [0,20677,10024,com.google.android.partnersetup,broadcast,com.google.android.partnersetup/.RlzPingBroadcastReceiver]
12-17 10:31:22.822  1937  2068 I dvm_lock_sample: [system_server,0,PackageManager,45,broadcastIntent,ActivityManagerService.java,17217,processNextBroadcast,BroadcastQueue.java,639,9]
12-17 10:31:22.864  1937  6726 I am_proc_bound: [0,20677,com.google.android.partnersetup]
12-17 10:31:22.921  1937  1937 I notification_cancel_all: [1000,1937,com.google.android.launcher,0,0,0,5,NULL]
12-17 10:31:22.969  1937  1937 I notification_canceled: [0|com.android.vending|-1050172287|null|10037,8,2034,2034,0]
12-17 10:31:22.970  1937  1937 I notification_enqueue: [10037,20324,com.android.vending,874755343,NULL,0,Notification(pri=-1 contentView=null vibrate=null sound=null tick defaults=0x0 flags=0x110 color=0xff689f38 category=status vis=PRIVATE),0]
12-17 10:31:23.019  1937  8646 I am_kill : [0,20373,com.google.android.apps.plus,15,empty #7]
12-17 10:31:23.060  1937  3241 I am_proc_died: [0,20373,com.google.android.apps.plus]
12-17 10:31:23.125  1937  1951 I dvm_lock_sample: [system_server,0,android.bg,34,writePermissionsSync,Settings.java,4926,getInstalledPackages,PackageManagerService.java,5355,6]
12-17 10:31:23.141  1937  6726 I am_proc_start: [0,20707,10067,com.google.android.apps.docs,broadcast,com.google.android.apps.docs/.receivers.AppPackageAddRemoveReceiver]
12-17 10:31:23.142  1937  1955 I dvm_lock_sample: [system_server,1,android.ui,53,dispatchUidsChanged,ActivityManagerService.java,3867,processNextBroadcast,BroadcastQueue.java,639,10]
12-17 10:31:23.192  1937  3128 I am_proc_bound: [0,20707,com.google.android.apps.docs]
12-17 10:31:23.712 20324 20351 I google_http_request: [510,200,unused/0,1]
12-17 10:31:23.847  1937  3093 I am_proc_start: [0,20744,10016,android.process.media,content provider,com.android.providers.downloads/.DownloadProvider]
12-17 10:31:23.925  1937  5512 I am_proc_bound: [0,20744,android.process.media]
12-17 10:31:23.929  1937  5512 I am_kill : [0,19339,com.google.process.gapps,15,empty #7]
12-17 10:31:23.951  1937  3110 I am_kill : [0,20658,com.android.defcontainer,15,empty #7]
12-17 10:31:23.981  1937  6726 I dvm_lock_sample: [system_server,0,Binder_E,36,binderDied,ActivityManagerService.java,1330,attachApplication,-,6347,7]
12-17 10:31:23.981  1937  6726 I am_proc_died: [0,19339,com.google.process.gapps]
12-17 10:31:23.982  1937  5512 I am_proc_died: [0,20658,com.android.defcontainer]
12-17 10:31:24.083  1937  8646 I am_proc_start: [0,20779,10097,com.google.android.apps.plus,broadcast,com.google.android.apps.plus/.service.PackagesMediaMonitor]
12-17 10:31:24.160  1937  1948 I am_proc_bound: [0,20779,com.google.android.apps.plus]
12-17 10:31:24.183  1937  6726 I notification_cancel_all: [10016,20744,com.android.providers.downloads,0,0,64,9,NULL]
12-17 10:31:24.479  1937  2586 I am_proc_start: [0,20809,10020,com.google.process.gapps,content provider,com.google.android.gsf/.gservices.GservicesProvider]
12-17 10:31:24.531  1937  2517 I am_proc_bound: [0,20809,com.google.process.gapps]
12-17 10:31:24.814  1937  3110 I am_proc_start: [0,20833,10104,com.gaana,broadcast,com.gaana/seventynine.sdk.ReceiverScreen]
12-17 10:31:24.870  1937  2586 I am_proc_bound: [0,20833,com.gaana]
12-17 10:31:24.888  1937  8646 I am_kill : [0,20299,android.process.acore,15,empty #7]
12-17 10:31:24.949  1937  3263 I am_proc_died: [0,20299,android.process.acore]
12-17 10:31:24.994  1937  2517 I am_kill : [0,20677,com.google.android.partnersetup,15,empty #7]
12-17 10:31:25.031  1937  2535 I am_proc_died: [0,20677,com.google.android.partnersetup]
12-17 10:31:25.053  1937  6726 I am_proc_start: [0,20847,10006,android.process.acore,broadcast,com.android.providers.contacts/.PackageIntentReceiver]
12-17 10:31:25.082  1937  3263 I am_proc_bound: [0,20847,android.process.acore]
12-17 10:31:25.171  1937  1949 I am_proc_start: [0,20863,10010,com.motorola.context,broadcast,com.motorola.context/.receiver.PackageReplaceReceiver]
12-17 10:31:25.172  1937  1949 I am_kill : [0,20324,com.android.vending,15,empty #7]
12-17 10:31:25.249  1937  3110 I am_proc_died: [0,20324,com.android.vending]
12-17 10:31:25.251  1937  2535 I am_proc_bound: [0,20863,com.motorola.context]
12-17 10:31:25.354  1937  3096 I am_proc_start: [0,20877,10062,com.google.android.apps.cloudprint,broadcast,com.google.android.apps.cloudprint/.printdialog.receivers.UpgradeBroadcastReceiver]
12-17 10:31:25.366  1937  6726 I am_kill : [0,20707,com.google.android.apps.docs,15,empty #7]
12-17 10:31:25.399  1937  2434 I netstats_mobile_sample: [490710,1229,312440,1335,490710,1229,312440,1335,490710,1229,291514,1335,1450328485960]
12-17 10:31:25.400  1937  2434 I netstats_wifi_sample: [39763983,27232,1010121,14169,39763983,27232,1010121,14169,39683832,26859,811699,14167,1450328485960]
12-17 10:31:25.441  1937  7042 I am_proc_bound: [0,20877,com.google.android.apps.cloudprint]
12-17 10:31:25.444  1937  2535 I am_proc_died: [0,20707,com.google.android.apps.docs]
12-17 10:31:25.449  1937  5512 I force_gc: Binder
12-17 10:31:25.505  1937  3128 I am_proc_start: [0,20896,10090,com.google.android.apps.magazines,broadcast,com.google.android.apps.magazines/com.google.apps.dots.android.app.receiver.FirstInstallNotificationReceiver]
12-17 10:31:25.551  1937  3096 I am_kill : [0,20809,com.google.process.gapps,15,empty #7]
12-17 10:31:25.604  1937  1953 I dvm_lock_sample: [system_server,1,ActivityManager,36,completeFinalize,PendingIntentRecord.java,345,serviceDoneExecuting,ActivityManagerService.java,16235,7]
12-17 10:31:25.604  1937  2586 I am_proc_bound: [0,20896,com.google.android.apps.magazines]
12-17 10:31:25.607  1937  2944 I am_proc_died: [0,20809,com.google.process.gapps]
12-17 10:31:25.793  1937  3241 I am_proc_start: [0,20918,10020,com.google.process.gapps,content provider,com.google.android.gsf/.gservices.GservicesProvider]
12-17 10:31:25.833  1937  3263 I am_proc_bound: [0,20918,com.google.process.gapps]
12-17 10:31:25.888  1937  1951 I am_pss  : [3396,10020,com.google.android.gms.persistent,24885248,20828160]
12-17 10:31:26.214  1937  8646 I wm_stack_created: [3,0,0,0,0]
12-17 10:31:26.226  1937  8646 I am_home_stack_moved: [0,0,3,3,startingNewTask]
12-17 10:31:26.231  1937  8646 I am_create_task: [0,60]
12-17 10:31:26.231  1937  8646 I am_create_activity: [0,100870449,60,com.google.android.talk/.SigningInActivity,android.intent.action.MAIN,NULL,NULL,270532608]
12-17 10:31:26.232  1937  8646 I wm_task_created: [60,3]
12-17 10:31:26.232  1937  8646 I wm_task_moved: [60,1,0]
12-17 10:31:26.232  1937  8646 I am_pause_activity: [0,97956882,com.google.android.googlequicksearchbox/com.google.android.launcher.GEL]
12-17 10:31:26.234  1937  8646 I am_home_stack_moved: [0,0,3,3,startedActivity setFocusedActivity]
12-17 10:31:26.234  1937  8646 I wm_task_moved: [60,1,0]
12-17 10:31:26.237  1937  8646 I am_focused_activity: [0,com.google.android.talk/.SigningInActivity]
12-17 10:31:26.247  3113  3113 I am_on_paused_called: [0,com.google.android.launcher.GEL]
12-17 10:31:26.250  1937  3263 I am_restart_activity: [0,100870449,60,com.google.android.talk/.SigningInActivity]
12-17 10:31:26.313  1937  3263 I am_kill : [0,20833,com.gaana,15,empty #7]
12-17 10:31:26.390  1937  3263 I am_kill : [0,20779,com.google.android.apps.plus,15,empty #8]
12-17 10:31:26.421  1937  3096 I am_proc_died: [0,20833,com.gaana]
12-17 10:31:26.422  1937  2535 I am_proc_died: [0,20779,com.google.android.apps.plus]
12-17 10:31:26.970   363   363 I sf_frame_dur: [com.google.android.googlequicksearchbox/com.google.android.launcher.GEL,86,4,4,0,2,0,2]
12-17 10:31:27.436  5507  5507 I am_on_resume_called: [0,com.google.android.talk.SigningInActivity]
12-17 10:31:27.615  1937  1937 I notification_canceled: [0|com.android.providers.downloads|0|1:com.android.vending|10016,8,3338,13,0]
12-17 10:31:27.637  1937  1953 I am_proc_start: [0,21007,10037,com.android.vending,broadcast,com.android.vending/com.google.android.finsky.download.DownloadBroadcastReceiver]
12-17 10:31:27.728  1937  1948 I am_proc_bound: [0,21007,com.android.vending]
12-17 10:31:28.031  1937  2535 I am_kill : [0,20847,android.process.acore,15,empty #7]
12-17 10:31:28.120  1937  1948 I dvm_lock_sample: [system_server,1,Binder_1,86,refContentProvider,ActivityManagerService.java,10102,processNextBroadcast,BroadcastQueue.java,639,17]
12-17 10:31:28.120  1937  3093 I am_proc_died: [0,20847,android.process.acore]
12-17 10:31:28.123  1937  1973 I am_activity_launch_time: [0,100870449,com.google.android.talk/.SigningInActivity,1875,1875]
12-17 10:31:28.176  1937  3128 I am_kill : [0,20863,com.motorola.context,15,empty #7]
12-17 10:31:28.253  1937  7042 I am_proc_died: [0,20863,com.motorola.context]
12-17 10:31:28.290  1937  2517 I am_proc_start: [0,21055,10006,android.process.acore,content provider,com.android.providers.userdictionary/.UserDictionaryProvider]
12-17 10:31:28.342  1937  8646 I am_proc_bound: [0,21055,android.process.acore]
12-17 10:31:28.581  1937  3263 I am_kill : [0,20877,com.google.android.apps.cloudprint,13,empty #7]
12-17 10:31:28.699  1937  1955 I dvm_lock_sample: [system_server,1,android.ui,118,dispatchProcessesChanged,ActivityManagerService.java,3804,removeContentProvider,-,9963,23]
12-17 10:31:28.700  1937  7042 I dvm_lock_sample: [system_server,1,Binder_F,112,getIntentSender,ActivityManagerService.java,6781,removeContentProvider,-,9963,22]
12-17 10:31:28.700  1937  3096 I am_proc_died: [0,20877,com.google.android.apps.cloudprint]
12-17 10:31:28.738  3396 17120 I c2dm    : [-8,com.google.android.talk:,3,5]
12-17 10:31:30.083  1937  1937 I notification_enqueue: [10037,21007,com.android.vending,-1050172287,NULL,0,Notification(pri=-1 contentView=null vibrate=null sound=null tick defaults=0x0 flags=0x110 color=0xff689f38 category=progress vis=PRIVATE),0]
12-17 10:31:30.662  1937  2068 I am_proc_start: [0,21123,10013,com.android.defcontainer,service,com.android.defcontainer/.DefaultContainerService]
12-17 10:31:30.690  1937  8646 I am_proc_bound: [0,21123,com.android.defcontainer]
12-17 10:31:30.742  1937  8646 I force_gc: Binder
12-17 10:31:38.961  1937  1951 I am_pss  : [5507,10078,com.google.android.talk,67547136,62496768]
12-17 10:31:38.996  1937  1951 I am_pss  : [3829,1000,com.motorola.tools.batterytracer,11615232,10108928]
12-17 10:31:39.264  1937  3128 I am_kill : [0,20896,com.google.android.apps.magazines,15,empty #7]
12-17 10:31:39.275  1937  2068 I unknown_sources_enabled: 0
12-17 10:31:39.470  1937  1948 I dvm_lock_sample: [system_server,0,Binder_1,184,binderDied,ActivityManagerService.java,1330,serviceDoneExecuting,-,16235,36]
12-17 10:31:39.470  1937  1948 I am_proc_died: [0,20896,com.google.android.apps.magazines]
12-17 10:31:39.589  1937  1949 I dvm_lock_sample: [system_server,1,Binder_2,36,startService,ActivityManagerService.java,15962,broadcastIntent,-,17217,7]
12-17 10:31:39.661  1937  1937 I notification_canceled: [0|com.android.vending|-1050172287|null|10037,8,9578,9578,0]
12-17 10:31:39.680  1937  1937 I notification_cancel_all: [1000,1937,com.google.android.apps.cloudprint,0,0,0,5,NULL]
12-17 10:31:39.716  1937  1937 I notification_enqueue: [10037,21007,com.android.vending,874755343,NULL,0,Notification(pri=-1 contentView=null vibrate=null sound=null tick defaults=0x0 flags=0x110 color=0xff689f38 category=status vis=PRIVATE),1]
12-17 10:31:39.799  1937  3110 I am_proc_start: [0,21177,10097,com.google.android.apps.plus,broadcast,com.google.android.apps.plus/.service.PackagesMediaMonitor]
12-17 10:31:39.852  1937  6726 I dvm_lock_sample: [system_server,1,Binder_E,7,stopServiceToken,ActivityManagerService.java,16021,bindService,-,16197,1]
12-17 10:31:39.853  1937  8646 I am_proc_bound: [0,21177,com.google.android.apps.plus]
12-17 10:31:40.205  1937  2535 I am_proc_start: [0,21205,10024,com.google.android.partnersetup,broadcast,com.google.android.partnersetup/.RlzPingBroadcastReceiver]
12-17 10:31:40.236  1937  3110 I am_proc_bound: [0,21205,com.google.android.partnersetup]
12-17 10:31:40.300  1937  2586 I am_proc_start: [0,21222,10067,com.google.android.apps.docs,broadcast,com.google.android.apps.docs/.receivers.AppPackageAddRemoveReceiver]
12-17 10:31:40.301 21007 21029 I google_http_request: [424,200,unused/0,1]
12-17 10:31:40.353  1937  3093 I am_proc_bound: [0,21222,com.google.android.apps.docs]
12-17 10:31:40.363  1937  1949 I am_kill : [0,21123,com.android.defcontainer,13,empty #7]
12-17 10:31:40.490  1937  3241 I dvm_lock_sample: [system_server,0,Binder_B,109,binderDied,ActivityManagerService.java,1330,serviceDoneExecuting,-,16235,21]
12-17 10:31:40.490  1937  3241 I am_proc_died: [0,21123,com.android.defcontainer]
12-17 10:31:40.495  1937  3128 I am_kill : [0,20744,android.process.media,9,empty #7]
12-17 10:31:40.551  1937  3110 I am_proc_died: [0,20744,android.process.media]
12-17 10:31:40.553  1937  5512 I am_crash: [21007,0,com.android.vending,948616773,java.lang.NullPointerException,Attempt to invoke virtual method 'java.lang.String android.net.Uri.toString()' on a null object reference,DownloadQueueImpl.java,1552]
12-17 10:31:40.558  1937  3110 I am_kill : [0,21007,com.android.vending,9,depends on provider com.android.providers.downloads/.DownloadProvider in dying proc android.process.media]
12-17 10:31:40.723  1937  1948 I am_proc_died: [0,21007,com.android.vending]
12-17 10:31:41.076 19373 19905 I force_gc: Binder
12-17 10:31:41.117  1937  3110 I am_proc_start: [0,21272,10104,com.gaana,broadcast,com.gaana/seventynine.sdk.ReceiverScreen]
12-17 10:31:41.186  1937  6726 I am_proc_bound: [0,21272,com.gaana]
12-17 10:31:41.274  1937  3263 I am_kill : [0,20918,com.google.process.gapps,15,empty #7]
12-17 10:31:41.365  1937  1955 I dvm_lock_sample: [system_server,1,android.ui,90,dispatchProcessesChanged,ActivityManagerService.java,3804,processNextBroadcast,BroadcastQueue.java,639,18]
12-17 10:31:41.365  1937  3093 I dvm_lock_sample: [system_server,0,Binder_7,77,binderDied,ActivityManagerService.java,1330,processNextBroadcast,BroadcastQueue.java,639,15]
12-17 10:31:41.366  1937  3093 I am_proc_died: [0,20918,com.google.process.gapps]
12-17 10:31:41.424  1937  2944 I am_proc_start: [0,21286,10010,com.motorola.context,broadcast,com.motorola.context/.receiver.PackageReplaceReceiver]
12-17 10:31:41.464  1937  2586 I am_proc_bound: [0,21286,com.motorola.context]
12-17 10:31:41.526  1937  3110 I am_proc_start: [0,21303,10090,com.google.android.apps.magazines,broadcast,com.google.android.apps.magazines/com.google.apps.dots.android.app.receiver.FirstInstallNotificationReceiver]
12-17 10:31:41.531  1937  2586 I am_kill : [0,21205,com.google.android.partnersetup,15,empty #7]
12-17 10:31:41.570  1937  2535 I am_proc_died: [0,21205,com.google.android.partnersetup]
12-17 10:31:41.571  1937  2517 I am_proc_bound: [0,21303,com.google.android.apps.magazines]
12-17 10:31:41.594  1937  1949 I am_proc_start: [0,21316,1000,com.motorola.tools.batterytracersdcard,service,com.motorola.tools.batterytracersdcard/.SdCardTransfer]
12-17 10:31:41.642  1937  6726 I am_proc_bound: [0,21316,com.motorola.tools.batterytracersdcard]
12-17 10:31:41.791  1937  6726 I am_proc_start: [0,21337,10020,com.google.process.gapps,content provider,com.google.android.gsf/.gservices.GservicesProvider]
12-17 10:31:41.822  1937  3093 I am_proc_bound: [0,21337,com.google.process.gapps]
12-17 10:31:41.914  1937  2586 I force_gc: Binder
12-17 10:31:42.246  1937  3093 I am_kill : [0,21177,com.google.android.apps.plus,15,empty #7]
12-17 10:31:42.270  1937  3093 I am_kill : [0,21222,com.google.android.apps.docs,15,empty #8]
12-17 10:31:42.311  1937  8646 I am_proc_died: [0,21177,com.google.android.apps.plus]
12-17 10:31:42.312  1937  6726 I am_proc_died: [0,21222,com.google.android.apps.docs]
12-17 10:31:42.376  1937  7042 I am_proc_start: [0,21390,10062,com.google.android.apps.cloudprint,broadcast,com.google.android.apps.cloudprint/.printdialog.receivers.UpgradeBroadcastReceiver]
12-17 10:31:42.411  1937  1949 I am_proc_bound: [0,21390,com.google.android.apps.cloudprint]
12-17 10:31:42.493  1937  3241 I am_proc_start: [0,21412,1007,com.motorola.bug2go,broadcast,com.motorola.bug2go/.Bug2GoBroadcastReceiver]
12-17 10:31:42.542  1937  1949 I am_proc_bound: [0,21412,com.motorola.bug2go]
12-17 10:31:42.676  1937  3241 I am_kill : [0,21272,com.gaana,15,empty #7]
12-17 10:31:42.720  1937  3128 I am_proc_died: [0,21272,com.gaana]
12-17 10:31:42.978  1937  1937 I notification_enqueue: [1007,21412,com.motorola.bug2go,-1370445284,NULL,0,Notification(pri=0 contentView=com.motorola.bug2go/0x7f030005 vibrate=null sound=null tick defaults=0x0 flags=0x2 color=0x00000000 vis=PRIVATE),0]
12-17 10:31:45.643   386   386 I auditd  : avc:  denied  { dump_backtrace } for  scontext=u:r:dumpstate:s0 tcontext=u:r:mm-qcamerad:s0 tclass=debuggerd
12-17 10:31:47.380  1937  1955 I am_proc_start: [0,21453,10045,com.android.systemui:screenshot,service,com.android.systemui/.screenshot.TakeScreenshotService]
12-17 10:31:48.797 19373 19373 I dvm_lock_sample: [com.google.android.gms,1,main,1352,handleMessage,SourceFile,212,,,0,150]
12-17 10:31:48.803  1937  3263 I am_proc_bound: [0,21453,com.android.systemui:screenshot]
12-17 10:31:50.799  1937  1937 I notification_enqueue: [10045,21453,com.android.systemui,2131755032,NULL,0,Notification(pri=0 contentView=null vibrate=null sound=null tick defaults=0x0 flags=0x20 color=0xff607d8b vis=PRIVATE publicVersion=Notification(pri=0 contentView=com.android.systemui/0x1090085 vibrate=null sound=null defaults=0x0 flags=0x0 color=0xff607d8b category=progress vis=PRIVATE)),0]
12-17 10:31:51.039   363   363 I sf_frame_dur: [ScreenshotAnimation,46,1,0,0,0,1,0]
12-17 10:31:51.143  1937  2426 I am_home_stack_moved: [0,1,0,0,bringingFoundTaskToFront setFocusedActivity]
12-17 10:31:51.143  1937  2426 I wm_task_moved: [57,1,0]
12-17 10:31:51.147  1937  2426 I am_focused_activity: [0,com.google.android.googlequicksearchbox/com.google.android.launcher.GEL]
12-17 10:31:51.159  1937  2426 I am_pause_activity: [0,100870449,com.google.android.talk/.SigningInActivity]
12-17 10:31:51.164  1937  2426 I am_task_to_front: [0,57]
12-17 10:31:51.164  1937  2426 I am_new_intent: [0,133294319,57,com.google.android.googlequicksearchbox/com.google.android.launcher.GEL,android.intent.action.MAIN,NULL,NULL,274726912]
12-17 10:31:51.183  5507  5507 I am_on_paused_called: [0,com.google.android.talk.SigningInActivity]
12-17 10:31:51.185  1937  2586 I am_resume_activity: [0,97956882,57,com.google.android.googlequicksearchbox/com.google.android.launcher.GEL]
12-17 10:31:51.253  3113  3113 I am_on_resume_called: [0,com.google.android.launcher.GEL]
12-17 10:31:51.339  1937  1948 I am_proc_start: [0,21510,10016,android.process.media,content provider,com.android.providers.media/.MediaProvider]
12-17 10:31:51.341  1937  7042 I dvm_lock_sample: [system_server,0,Binder_F,26,serviceDoneExecuting,ActivityManagerService.java,16235,getContentProviderImpl,-,9593,5]
12-17 10:31:51.423  1937  3263 I am_proc_bound: [0,21510,android.process.media]
12-17 10:31:51.582  1937  2517 I notification_cancel_all: [10016,21510,com.android.providers.downloads,0,0,64,9,NULL]
12-17 10:31:51.675  1937  3096 I am_kill : [0,21055,android.process.acore,15,empty #7]
12-17 10:31:51.806   363   363 I sf_frame_dur: [com.google.android.talk/com.google.android.talk.SigningInActivity,26,0,1,1,2,1,0]
12-17 10:31:51.826  1937  1955 I dvm_lock_sample: [system_server,1,android.ui,150,dispatchProcessesChanged,ActivityManagerService.java,3804,removeContentProvider,-,9963,30]
12-17 10:31:51.827  1937  6726 I am_proc_died: [0,21055,android.process.acore]
12-17 10:31:51.859  1937  1937 I notification_enqueue: [10045,21453,com.android.systemui,2131755032,NULL,0,Notification(pri=0 contentView=null vibrate=null sound=null tick defaults=0x0 flags=0x10 color=0xff607d8b actions=2 vis=PRIVATE publicVersion=Notification(pri=0 contentView=com.android.systemui/0x1090085 vibrate=null sound=null defaults=0x0 flags=0x10 color=0xff607d8b category=progress vis=PRIVATE)),1]
12-17 10:31:51.868  1937  3093 I am_kill : [0,21286,com.motorola.context,15,empty #7]
12-17 10:31:52.029  1937  2517 I am_proc_died: [0,21286,com.motorola.context]
12-17 10:31:52.030  1937  3128 I dvm_lock_sample: [system_server,1,Binder_A,150,getContentProviderImpl,ActivityManagerService.java,9593,serviceDoneExecuting,-,16235,30]
12-17 10:31:52.192  1937  2535 I am_kill : [0,20000,com.google.android.googlequicksearchbox:search,15,empty #7]
12-17 10:31:52.297  1937  3096 I dvm_lock_sample: [system_server,0,Binder_8,66,binderDied,ActivityManagerService.java,1330,serviceDoneExecuting,-,16235,13]
12-17 10:31:52.297  1937  3096 I am_proc_died: [0,20000,com.google.android.googlequicksearchbox:search]
12-17 10:31:52.331  1937  7042 I am_proc_start: [0,21538,10047,com.google.android.googlequicksearchbox:search,service,com.google.android.googlequicksearchbox/com.google.android.search.core.service.SearchService]
12-17 10:31:52.382  1937  3110 I am_proc_start: [0,21551,10006,android.process.acore,content provider,com.android.providers.userdictionary/.UserDictionaryProvider]
12-17 10:31:52.385  1937  1955 I dvm_lock_sample: [system_server,1,android.ui,25,dispatchUidsChanged,ActivityManagerService.java,3867,getContentProviderImpl,-,9593,5]
12-17 10:31:52.401  1937  3263 I am_proc_bound: [0,21538,com.google.android.googlequicksearchbox:search]
12-17 10:31:52.432  1937  3241 I am_proc_bound: [0,21551,android.process.acore]
12-17 10:31:52.557   363   363 I sf_frame_dur: [Application Error: com.android.vending,14,2,0,0,0,2,0]
12-17 10:31:52.607  1937  8646 I am_kill : [0,21303,com.google.android.apps.magazines,15,empty #7]
12-17 10:31:52.799  1937  1955 I dvm_lock_sample: [system_server,1,android.ui,193,dispatchProcessesChanged,ActivityManagerService.java,3804,removeContentProvider,-,9963,38]
12-17 10:31:52.800  1937  1951 I dvm_lock_sample: [system_server,0,android.bg,190,broadcastIntent,ActivityManagerService.java,17217,removeContentProvider,-,9963,38]
12-17 10:31:52.800  1937  3110 I dvm_lock_sample: [system_server,1,Binder_9,164,broadcastIntent,ActivityManagerService.java,17217,removeContentProvider,-,9963,32]
12-17 10:31:52.824  1937  3263 I dvm_lock_sample: [system_server,1,Binder_C,170,registerReceiver,ActivityManagerService.java,16425,removeContentProvider,-,9963,34]
12-17 10:31:52.824  1937  2944 I am_proc_died: [0,21303,com.google.android.apps.magazines]
12-17 10:31:52.882  1937  2517 I am_proc_start: [0,21575,10024,com.google.android.partnersetup,content provider,com.google.android.partnersetup/.RlzAppProvider]
12-17 10:31:52.957  1937  2535 I am_proc_bound: [0,21575,com.google.android.partnersetup]
12-17 10:31:53.130  1937  2944 I am_proc_start: [0,21626,10037,com.android.vending,broadcast,com.android.vending/com.google.android.finsky.receivers.PackageMonitorReceiver$RegisteredReceiver]
12-17 10:31:53.131  1937  2944 I am_kill : [0,21390,com.google.android.apps.cloudprint,15,empty #7]
12-17 10:31:53.270  1937  2517 I am_proc_died: [0,21390,com.google.android.apps.cloudprint]
12-17 10:31:53.272  1937  3096 I am_proc_bound: [0,21626,com.android.vending]
12-17 10:31:53.754  1937  2586 I am_kill : [0,21453,com.android.systemui:screenshot,13,empty #7]
12-17 10:31:53.850  1937  1955 I dvm_lock_sample: [system_server,1,android.ui,96,dispatchProcessesChanged,ActivityManagerService.java,3804,processNextBroadcast,BroadcastQueue.java,639,19]
12-17 10:31:53.851  1937  2535 I am_proc_died: [0,21453,com.android.systemui:screenshot]
12-17 10:31:53.986  1937  1948 I am_kill : [0,21316,com.motorola.tools.batterytracersdcard,15,empty #7]
12-17 10:31:54.049  1937  8646 I am_proc_died: [0,21316,com.motorola.tools.batterytracersdcard]
12-17 10:31:54.350  1937  3263 I am_proc_start: [0,21670,10097,com.google.android.apps.plus,broadcast,com.google.android.apps.plus/.service.PackagesMediaMonitor]
12-17 10:31:54.429  1937  8646 I am_proc_bound: [0,21670,com.google.android.apps.plus]
12-17 10:31:54.487  1937  6726 I am_home_stack_moved: [0,0,3,3,startingNewTask]
12-17 10:31:54.487  1937  6726 I wm_task_moved: [60,1,0]
12-17 10:31:54.491  1937  6726 I am_create_task: [0,61]
12-17 10:31:54.491  1937  6726 I am_create_activity: [0,248524813,61,com.motorola.bug2go/.ui.Launcher,android.intent.action.MAIN,NULL,NULL,270532608]
12-17 10:31:54.491  1937  6726 I wm_task_created: [61,3]
12-17 10:31:54.491  1937  6726 I wm_task_moved: [61,1,1]
12-17 10:31:54.492  1937  6726 I am_pause_activity: [0,97956882,com.google.android.googlequicksearchbox/com.google.android.launcher.GEL]
12-17 10:31:54.499  1937  6726 I am_home_stack_moved: [0,0,3,3,startedActivity setFocusedActivity]
12-17 10:31:54.499  1937  6726 I wm_task_moved: [61,1,1]
12-17 10:31:54.502  1937  6726 I am_focused_activity: [0,com.motorola.bug2go/.ui.Launcher]
