12-17 10:44:46.576 25065  2418 I dvm_lock_sample: [com.google.android.talk,0,CallbackThread,53,next,MessageQueue.java,325,enqueueMessage,-,541,10]
12-17 10:44:47.275 14485 14485 I sqlite_mem_released: 0
12-17 10:44:47.276 14485 14485 I force_gc: mem
12-17 10:44:48.708  5050  5158 I dvm_lock_sample: [com.motorola.motocare,0,ThermalThread,4642,read,LocalSocketImpl.java,103,,,0,150]
12-17 10:44:48.708  5050  5158 I dvm_lock_sample: [com.motorola.motocare,0,ThermalThread,4642,read,InputStreamReader.java,272,,,0,150]
12-17 10:44:48.708  5050  5158 I dvm_lock_sample: [com.motorola.motocare,0,ThermalThread,4642,readLine,BufferedReader.java,409,,,0,150]
12-17 10:44:49.055 25065  2376 I dvm_lock_sample: [com.google.android.talk,0,LibjingleSignalingThread,26,enqueueMessage,MessageQueue.java,541,enqueueMessage,-,541,5]
12-17 10:44:50.826 25065  2376 I dvm_lock_sample: [com.google.android.talk,0,LibjingleSignalingThread,11,enqueueMessage,MessageQueue.java,541,enqueueMessage,-,541,2]
12-17 10:44:52.572  3396 29826 I c2dm    : [8,com.google.android.talk:0:1450329292658102,46,50]
12-17 10:44:52.587  3396 29768 I c2dm    : [-7,,47,51]
12-17 10:44:53.022  1937  1951 I am_pss  : [25065,10078,com.google.android.talk,178795520,172306432]
12-17 10:44:53.090  1937  1951 I am_pss  : [30657,10020,com.google.process.gapps,3190784,1953792]
12-17 10:44:53.155  1937  1951 I am_pss  : [24506,10016,android.process.media,7614464,5410816]
12-17 10:44:53.454  3396 29826 I c2dm    : [8,com.google.android.talk:0:1450329293558882,47,51]
12-17 10:44:53.468  3396 29768 I c2dm    : [-7,,48,52]
12-17 10:44:53.694  3396 29826 I c2dm    : [8,com.google.android.talk:0:1450329293725251,48,52]
12-17 10:44:53.777  3396 29768 I c2dm    : [-7,,49,53]
12-17 10:44:53.889  3396 29826 I c2dm    : [8,com.google.android.talk:0:1450329293745779,49,53]
12-17 10:44:53.893  3396 29768 I c2dm    : [-7,,50,54]
12-17 10:44:54.047 25065 30334 I dvm_lock_sample: [com.google.android.talk,0,Thread-1777,614,a,,-1,,,0,150]
12-17 10:44:54.075  5050  5158 I dvm_lock_sample: [com.motorola.motocare,0,ThermalThread,4967,read,LocalSocketImpl.java,103,,,0,150]
12-17 10:44:54.075  5050  5158 I dvm_lock_sample: [com.motorola.motocare,0,ThermalThread,4967,read,InputStreamReader.java,272,,,0,150]
12-17 10:44:54.076  5050  5158 I dvm_lock_sample: [com.motorola.motocare,0,ThermalThread,4967,readLine,BufferedReader.java,409,,,0,150]
12-17 10:44:54.085  1937  1951 I am_pss  : [3396,10020,com.google.android.gms.persistent,24644608,21528576]
12-17 10:44:55.491  3396 29826 I c2dm    : [8,com.google.android.talk:0:1450329295548720,50,54]
12-17 10:44:55.495  3396 29768 I c2dm    : [-7,,51,55]
12-17 10:44:56.142  1937  1951 I am_pss  : [2636,10061,com.android.chrome,6235136,5148672]
12-17 10:45:07.102   452  2406 I liblog  : 950
12-17 10:45:07.111  1937  2455 I liblog  : 129
12-17 10:45:07.190  2785  2795 I liblog  : 2
12-17 10:45:07.287 25065  2508 I liblog  : 26
12-17 10:45:07.476  2451  2451 I liblog  : 5
12-17 10:45:08.092   390   991 I liblog  : 28
12-17 10:45:08.727  2578  2578 I liblog  : 2
12-17 10:45:08.755   407   589 I liblog  : 12
12-17 10:45:08.756  5050  5158 I liblog  : 6
12-17 10:45:08.756  5050  5158 I dvm_lock_sample: [com.motorola.motocare,0,ThermalThread,4666,read,LocalSocketImpl.java,103,,,0,150]
12-17 10:45:08.756  5050  5158 I dvm_lock_sample: [com.motorola.motocare,0,ThermalThread,4667,read,InputStreamReader.java,272,,,0,150]
12-17 10:45:08.756  5050  5158 I dvm_lock_sample: [com.motorola.motocare,0,ThermalThread,4667,readLine,BufferedReader.java,409,,,0,150]
12-17 10:45:11.133  1937  2455 I liblog  : 3
12-17 10:45:11.136   452  2465 I liblog  : 574
12-17 10:45:11.143 25065  2746 I liblog  : 64
12-17 10:45:18.109   452  2465 I liblog  : 268
12-17 10:45:18.124  1937  2455 I liblog  : 59
12-17 10:45:18.126  1937  2455 I liblog  : 2
12-17 10:45:16.975 25065  2428 I liblog  : 74
12-17 10:45:16.975 25065  2428 I dvm_lock_sample: [com.google.android.talk,0,RequestThread-1,5679,enqueueMessage,MessageQueue.java,581,,,0,150]
12-17 10:45:18.760   407   589 I liblog  : 1
12-17 10:45:18.763  5050  5158 I liblog  : 3
12-17 10:45:18.763  5050  5158 I dvm_lock_sample: [com.motorola.motocare,0,ThermalThread,4658,read,LocalSocketImpl.java,103,,,0,150]
12-17 10:45:18.764  5050  5158 I dvm_lock_sample: [com.motorola.motocare,0,ThermalThread,4658,read,InputStreamReader.java,272,,,0,150]
12-17 10:45:18.764  5050  5158 I dvm_lock_sample: [com.motorola.motocare,0,ThermalThread,4658,readLine,BufferedReader.java,409,,,0,150]
12-17 10:45:18.775 25065  2418 I liblog  : 2
12-17 10:45:18.775 25065  2418 I dvm_lock_sample: [com.google.android.talk,0,CallbackThread,7477,next,MessageQueue.java,325,enqueueMessage,-,541,100]
12-17 10:45:18.821  2305  2308 I liblog  : 32
12-17 10:45:18.931   390   991 I liblog  : 4
12-17 10:45:18.947 25065 25065 I dvm_lock_sample: [com.google.android.talk,0,main,69,next,MessageQueue.java,325,enqueueMessage,-,541,13]
12-17 10:45:19.175 25065  2429 I dvm_lock_sample: [com.google.android.talk,0,CameraDeviceGLThread-1,164,wait,Object.java,-2,unpark$,Thread.java,1162,32]
12-17 10:45:19.271  2785  2785 I liblog  : 1
12-17 10:45:19.548   363   946 I liblog  : 7
12-17 10:45:19.553  3104  3104 I liblog  : 14
12-17 10:45:19.591  1937  3241 I am_kill : [0,2546,com.motorola.genie,15,empty #7]
12-17 10:45:19.855  1937  3093 I am_proc_died: [0,2546,com.motorola.genie]
12-17 10:45:19.887  1937  1951 I am_pss  : [2671,10095,com.google.android.apps.photos,11773952,10620928]
12-17 10:45:20.124  2451  2451 I liblog  : 5
12-17 10:45:21.258  1937  1951 I am_pss  : [2714,10097,com.google.android.apps.plus,11274240,9871360]
12-17 10:45:21.375  3829  3829 I liblog  : 11
12-17 10:45:24.110  5050  5158 I dvm_lock_sample: [com.motorola.motocare,0,ThermalThread,5003,read,LocalSocketImpl.java,103,,,0,150]
12-17 10:45:24.110  5050  5158 I dvm_lock_sample: [com.motorola.motocare,0,ThermalThread,5004,read,InputStreamReader.java,272,,,0,150]
12-17 10:45:24.110  5050  5158 I dvm_lock_sample: [com.motorola.motocare,0,ThermalThread,5004,readLine,BufferedReader.java,409,,,0,150]
12-17 10:46:19.433   452  2465 I liblog  : 14848
12-17 10:46:19.453 25065  2505 I liblog  : 313
12-17 10:46:19.488  2305  2305 I liblog  : 36
12-17 10:46:19.489   390   991 I liblog  : 167
12-17 10:46:19.527  5050  5156 I liblog  : 34
12-17 10:46:19.527  5050  5156 I dvm_lock_sample: [com.motorola.motocare,0,motoCareEv,51336,run,EventLogTrigger.java,369,,,0,150]
12-17 10:46:19.573  2492  2848 I liblog  : 141
12-17 10:46:19.586  3104  3104 I liblog  : 403
12-17 10:46:19.592   363   363 I liblog  : 14
12-17 10:46:19.610  1937  3110 I liblog  : 1794
12-17 10:46:19.610  1937  3110 I am_kill : [0,2636,com.android.chrome,15,empty #7]
12-17 10:46:19.622   788   872 I liblog  : 1916
12-17 10:46:19.646  3104  3191 I dvm_lock_sample: [com.android.phone,0,RILReceiver0,898,read,LocalSocketImpl.java,103,,,0,150]
12-17 10:46:19.687  2816  2816 I liblog  : 11
12-17 10:46:19.913 24622  2832 I liblog  : 17
12-17 10:46:19.921  1937  1955 I dvm_lock_sample: [system_server,1,android.ui,330,dispatchProcessesChanged,ActivityManagerService.java,3804,serviceDoneExecuting,-,16235,66]
12-17 10:46:19.922  1937  3263 I dvm_lock_sample: [system_server,0,Binder_C,147,binderDied,ActivityManagerService.java,1330,serviceDoneExecuting,-,16235,29]
12-17 10:46:19.922  1937  3263 I am_proc_died: [0,2636,com.android.chrome]
12-17 10:46:19.922  1937  7042 I dvm_lock_sample: [system_server,1,Binder_F,215,getCurrentUser,ActivityManagerService.java,20672,serviceDoneExecuting,-,16235,43]
12-17 10:46:20.022  1937  1951 I am_pss  : [24622,1007,com.motorola.bug2go,22207488,19046400]
12-17 10:46:20.053   806   891 I liblog  : 48
12-17 10:46:20.073  3104  3195 I dvm_lock_sample: [com.android.phone,0,RILReceiver1,110847,read,LocalSocketImpl.java,103,,,0,150]
12-17 10:46:20.238  6950  6977 I liblog  : 5
12-17 10:46:20.238  6950  6977 I dvm_lock_sample: [com.google.android.music:main,0,BGAsyncWorker,50004,updateNotificationAndMediaSessio,MusicPlaybackService.java,1658,,,0,150]
12-17 10:46:20.274  2451  2451 I liblog  : 28
12-17 10:46:20.954  3104  3191 I dvm_lock_sample: [com.android.phone,0,RILReceiver0,998,read,LocalSocketImpl.java,103,,,0,150]
12-17 10:46:21.555  3829  3829 I liblog  : 32
12-17 10:46:21.578  2921  3020 I liblog  : 3
12-17 10:46:21.606  1937  1937 I notification_enqueue: [10045,2816,com.android.systemui,2131755032,NULL,0,Notification(pri=0 contentView=null vibrate=null sound=null tick defaults=0x0 flags=0x20 color=0xff607d8b vis=PRIVATE publicVersion=Notification(pri=0 contentView=com.android.systemui/0x1090085 vibrate=null sound=null defaults=0x0 flags=0x0 color=0xff607d8b category=progress vis=PRIVATE)),0]
12-17 10:46:21.792  1937  1937 I notification_enqueue: [1000,3829,com.motorola.tools.batterytracer,2131165197,NULL,0,Notification(pri=0 contentView=com.motorola.tools.batterytracer/0x1090085 vibrate=null sound=null defaults=0x0 flags=0x62 color=0x00000000 vis=PRIVATE),1]
12-17 10:46:30.986   452  2465 I liblog  : 482
12-17 10:46:31.099   390  2478 I liblog  : 68
12-17 10:46:31.111  2305  2307 I liblog  : 52
12-17 10:46:31.167  1937  2421 I liblog  : 323
12-17 10:46:31.280 25065  2508 I liblog  : 39
12-17 10:46:31.573  3396  3036 I liblog  : 31
12-17 10:46:31.729  2451  2451 I liblog  : 4
12-17 10:46:31.853  3829  3829 I liblog  : 7
12-17 10:46:31.932  2578  2578 I liblog  : 65
12-17 10:46:31.935 24622 24622 I liblog  : 14
12-17 10:46:32.996 19373  3081 I liblog  : 8
12-17 10:46:32.996 19373  3081 I force_gc: Binder
12-17 10:46:33.164  2492  2848 I liblog  : 83
12-17 10:46:33.242   363   363 I liblog  : 9
12-17 10:46:33.828  1937  1973 I configuration_changed: 1152
12-17 10:46:33.875   362   362 I liblog  : 12
12-17 10:46:33.875   362   362 I auditd  : avc:  denied  { find } for service=display scontext=u:r:location_app:s0 tcontext=u:object_r:display_service:s0 tclass=service_manager
12-17 10:46:33.895 25065  2418 I dvm_lock_sample: [com.google.android.talk,0,CallbackThread,98,next,MessageQueue.java,325,enqueueMessage,-,541,19]
12-17 10:46:33.932  6950  6950 I liblog  : 7
12-17 10:46:33.952  3104 13106 I liblog  : 6
12-17 10:46:34.270   407   631 I liblog  : 63
12-17 10:46:34.271  5050  5158 I liblog  : 10
12-17 10:46:34.271  5050  5158 I dvm_lock_sample: [com.motorola.motocare,0,ThermalThread,4999,read,LocalSocketImpl.java,103,,,0,150]
12-17 10:46:34.271  5050  5158 I dvm_lock_sample: [com.motorola.motocare,0,ThermalThread,5000,read,InputStreamReader.java,272,,,0,150]
12-17 10:46:34.271  5050  5158 I dvm_lock_sample: [com.motorola.motocare,0,ThermalThread,5000,readLine,BufferedReader.java,409,,,0,150]
12-17 10:46:34.700   452  2465 I liblog  : 9
12-17 10:46:34.855  2492  2492 I liblog  : 13
12-17 10:46:35.009   452  2465 I liblog  : 91
12-17 10:46:35.052 25065 25065 I liblog  : 5
12-17 10:46:35.075   390   390 I liblog  : 8
12-17 10:46:35.116  1937  1973 I liblog  : 11
12-17 10:46:35.449  2492  2848 I liblog  : 5
12-17 10:46:48.581   452  2465 I liblog  : 517
12-17 10:46:48.621   363   363 I liblog  : 14
12-17 10:46:48.633  2305  2308 I liblog  : 111
12-17 10:46:48.755  3396  3036 I liblog  : 19
12-17 10:46:48.805   407   589 I liblog  : 20
12-17 10:46:48.805  5050  5158 I liblog  : 6
12-17 10:46:48.805  5050  5158 I dvm_lock_sample: [com.motorola.motocare,0,ThermalThread,4522,read,LocalSocketImpl.java,103,,,0,150]
12-17 10:46:48.806  5050  5158 I dvm_lock_sample: [com.motorola.motocare,0,ThermalThread,4523,read,InputStreamReader.java,272,,,0,150]
12-17 10:46:48.806  5050  5158 I dvm_lock_sample: [com.motorola.motocare,0,ThermalThread,4523,readLine,BufferedReader.java,409,,,0,150]
12-17 10:46:48.930  1937  3110 I liblog  : 303
12-17 10:46:48.981   390  2478 I liblog  : 41
12-17 10:46:49.205 25065  2508 I liblog  : 36
12-17 10:46:50.012 25065  2508 I dvm_lock_sample: [com.google.android.talk,0,EncoderHandlerThread,198,e,SourceFile,339,a,-,289,39]
12-17 10:46:50.242   788  2063 I liblog  : 3
12-17 10:46:50.245  3104  3191 I liblog  : 30
12-17 10:46:50.245  3104  3191 I dvm_lock_sample: [com.android.phone,0,RILReceiver0,29272,read,LocalSocketImpl.java,103,,,0,150]
12-17 10:46:50.250   256   256 I liblog  : 5
12-17 10:46:50.269  2578  2578 I liblog  : 3
12-17 10:46:50.273  2492  2848 I liblog  : 69
12-17 10:46:50.426  1937  2586 I battery_level: [90,4063,517]
12-17 10:46:51.094  1937  1953 I dvm_lock_sample: [system_server,1,ActivityManager,157,updateCpuStatsNow,ActivityManagerService.java,2627,updateExternalStats,BatteryStatsService.java,1357,31]
12-17 10:46:51.175  3829  3829 I liblog  : 1
12-17 10:46:51.213  1937  1956 I dvm_lock_sample: [system_server,0,android.fg,746,updateExternalStats,BatteryStatsService.java,1379,,,0,150]
12-17 10:46:51.732  1937  1951 I dvm_lock_sample: [system_server,0,android.bg,313,handleMessage,ActivityManagerService.java,2139,bindService,-,16197,62]
12-17 10:46:51.769  2451  2451 I liblog  : 8
12-17 10:46:52.172  1937  1951 I am_pss  : [2816,10045,com.android.systemui:screenshot,27734016,24416256]
12-17 10:46:52.485  3104  3191 I dvm_lock_sample: [com.android.phone,0,RILReceiver0,2230,read,LocalSocketImpl.java,103,,,0,150]
12-17 10:46:54.493 25065  2775 I liblog  : 80
12-17 10:46:54.499   452  2465 I liblog  : 190
12-17 10:46:54.595  3829  3829 I liblog  : 1
12-17 10:46:54.648  3396  3036 I liblog  : 4
12-17 10:46:54.648  3396  3036 I dvm_lock_sample: [com.google.android.gms.persisten,0,Thread-730,765,setOwner,Connection.java,95,,,0,150]
12-17 10:46:54.666  2305  2308 I liblog  : 1
12-17 10:46:54.727   390   991 I liblog  : 19
12-17 10:46:54.837  1937  1951 I liblog  : 6
12-17 10:46:54.837  1937  1951 I am_pss  : [25065,10078,com.google.android.talk,164681728,157945856]
12-17 10:46:58.490  2305  2309 I liblog  : 33
12-17 10:46:58.514   452  2465 I liblog  : 94
12-17 10:46:58.576  3396  3036 I liblog  : 5
12-17 10:46:58.690 25065  2508 I liblog  : 13
12-17 10:46:58.811   407   589 I liblog  : 9
12-17 10:46:58.811  5050  5158 I liblog  : 3
12-17 10:46:58.811  5050  5158 I dvm_lock_sample: [com.motorola.motocare,0,ThermalThread,4517,read,LocalSocketImpl.java,103,,,0,150]
12-17 10:46:58.812  5050  5158 I dvm_lock_sample: [com.motorola.motocare,0,ThermalThread,4517,read,InputStreamReader.java,272,,,0,150]
12-17 10:46:58.812  5050  5158 I dvm_lock_sample: [com.motorola.motocare,0,ThermalThread,4517,readLine,BufferedReader.java,409,,,0,150]
12-17 10:46:59.025  1937  2421 I liblog  : 21
12-17 10:46:59.207  3104  3191 I dvm_lock_sample: [com.android.phone,0,RILReceiver0,6717,read,LocalSocketImpl.java,103,,,0,150]
12-17 10:46:59.212  2578  2578 I liblog  : 3
12-17 10:46:59.227  2492  2848 I liblog  : 3
12-17 10:46:59.612   390  2478 I liblog  : 1
12-17 10:47:08.891   452  2465 I liblog  : 1583
12-17 10:47:09.166  3396  3036 I liblog  : 12
12-17 10:47:09.168  1937  1949 I liblog  : 78
12-17 10:47:09.309   407   631 I liblog  : 11
12-17 10:47:09.528   390  2478 I liblog  : 3
12-17 10:47:10.183 25065  2507 I liblog  : 14
12-17 10:47:11.356   363   363 I liblog  : 7
12-17 10:47:11.358  2451  2451 I liblog  : 8
12-17 10:47:11.473  3829  3156 I liblog  : 4
12-17 10:47:12.656  3829  3156 I dvm_lock_sample: [com.motorola.tools.batterytracer,0,Thread-215,1181,internalGatherEnergyInfo,EnergyMonitorService.java,557,,,0,150]
12-17 10:47:12.795 25065  2418 I dvm_lock_sample: [com.google.android.talk,0,CallbackThread,290,next,MessageQueue.java,325,enqueueMessage,-,541,58]
12-17 10:47:12.952 25065  2418 I dvm_lock_sample: [com.google.android.talk,0,CallbackThread,119,next,MessageQueue.java,325,enqueueMessage,-,541,23]
12-17 10:47:12.955  2305  2305 I liblog  : 23
12-17 10:47:13.978  1937  2427 I power_sleep_requested: 1
12-17 10:47:14.315  5050  5158 I liblog  : 6
12-17 10:47:14.315  5050  5158 I dvm_lock_sample: [com.motorola.motocare,0,ThermalThread,4983,read,LocalSocketImpl.java,103,,,0,150]
12-17 10:47:14.315  5050  5158 I dvm_lock_sample: [com.motorola.motocare,0,ThermalThread,4984,read,InputStreamReader.java,272,,,0,150]
12-17 10:47:14.316  5050  5158 I dvm_lock_sample: [com.motorola.motocare,0,ThermalThread,4984,readLine,BufferedReader.java,409,,,0,150]
12-17 10:47:14.550 25065  2508 I dvm_lock_sample: [com.google.android.talk,0,EncoderHandlerThread,131,e,SourceFile,339,a,-,289,26]
12-17 10:47:14.955  1937  2433 I dvm_lock_sample: [system_server,0,NetdConnector,58395,read,LocalSocketImpl.java,103,,,0,150]
12-17 10:47:15.012 25065  2376 I dvm_lock_sample: [com.google.android.talk,0,LibjingleSignalingThread,36,enqueueMessage,MessageQueue.java,541,enqueueMessage,-,541,7]
12-17 10:47:15.514  1937  1983 I dvm_lock_sample: [system_server,1,PowerManagerService,632,noteScreenState,BatteryStatsService.java,483,,,0,150]
12-17 10:47:15.514  1937  2434 I dvm_lock_sample: [system_server,0,NetworkStats,553,noteStartWakelock,BatteryStatsService.java,397,noteScreenState,-,482,100]
12-17 10:47:15.514  1937  2434 I dvm_lock_sample: [system_server,0,NetworkStats,555,acquireWakeLockInternal,PowerManagerService.java,863,,,0,150]
12-17 10:47:15.519  1937  2434 I dvm_lock_sample: [system_server,0,NetworkStats,560,acquire,PowerManager.java,1120,,,0,150]
12-17 10:47:15.527  1937  1937 I power_screen_state: [0,2,0,0]
12-17 10:47:15.531  1937  1937 I screen_toggled: 0
12-17 10:47:15.548  1937  1937 I sysui_histogram: [screen_timeout,30]
12-17 10:47:15.550  1937  1937 I power_screen_broadcast_send: 1
12-17 10:47:15.627  1937  1983 I am_pause_activity: [0,13728575,com.google.android.talk/com.google.android.apps.hangouts.hangout.HangoutActivity]
12-17 10:47:17.125  1937  1983 I liblog  : 155
12-17 10:47:17.131   788  1007 I liblog  : 71
12-17 10:47:17.132   806  1040 I liblog  : 71
12-17 10:47:17.169   452  2465 I liblog  : 30
12-17 10:47:17.188   363   937 I liblog  : 7
12-17 10:47:19.536 25065 25077 I liblog  : 6
12-17 10:47:19.539   452  2403 I liblog  : 674
12-17 10:47:19.543  1937  1983 I liblog  : 145
12-17 10:47:19.589  1937  1983 I liblog  : 4
12-17 10:47:19.605  1937  1983 I liblog  : 1
12-17 10:47:19.610   452  2465 I liblog  : 2
12-17 10:47:20.050   390  2484 I liblog  : 9
12-17 10:47:20.540  1937  2068 I dvm_lock_sample: [system_server,0,PackageManager,513,updateSettingsLI,PackageManagerService.java,12320,,,0,150]
12-17 10:47:20.540  1937  3241 I dvm_lock_sample: [system_server,1,Binder_B,405,getNameForUid,PackageManagerService.java,4159,updateSettingsLI,-,12315,81]
12-17 10:47:20.541  1937  2944 I dvm_lock_sample: [system_server,1,Binder_6,219,exists,UserManagerService.java,408,updateSettingsLI,PackageManagerService.java,12315,43]
12-17 10:47:20.810  1937  3093 I dvm_lock_sample: [system_server,1,Binder_7,1834,updateCpuStatsNow,ActivityManagerService.java,2588,getPss,Debug.java,-2,100]
12-17 10:47:20.820  1937  2535 I dvm_lock_sample: [system_server,1,Binder_4,278,exists,UserManagerService.java,408,updateSettingsLI,PackageManagerService.java,12325,55]
12-17 10:47:20.821  1937  2517 I dvm_lock_sample: [system_server,1,Binder_3,278,getNameForUid,PackageManagerService.java,4159,updateSettingsLI,-,12325,55]
12-17 10:47:20.829 25065 25065 I dvm_lock_sample: [com.google.android.talk,0,main,5169,e,SourceFile,217,,,0,150]
12-17 10:47:20.830 25065  2381 I dvm_lock_sample: [com.google.android.talk,0,LegacyCameraCallback,1363,onResultReceived,CameraDeviceImpl.java,1751,wait,Object.java,-2,100]
12-17 10:47:20.833 25065 25065 I am_on_paused_called: [0,com.google.android.apps.hangouts.hangout.HangoutActivity]
12-17 10:47:20.861  1937  3093 I dvm_lock_sample: [system_server,1,Binder_7,2352,setLockScreenShown,ActivityManagerService.java,10642,,,0,150]
12-17 10:47:20.861  1937  1953 I dvm_lock_sample: [system_server,1,ActivityManager,2160,handleMessage,ActivityStack.java,296,setLockScreenShown,ActivityManagerService.java,10635,100]
12-17 10:47:20.863  1937  1948 I dvm_lock_sample: [system_server,1,Binder_1,2149,unbindService,ActivityManagerService.java,16204,setLockScreenShown,-,10635,100]
12-17 10:47:20.863  1937  1955 I dvm_lock_sample: [system_server,1,android.ui,2032,dispatchProcessesChanged,ActivityManagerService.java,3804,setLockScreenShown,-,10635,100]
12-17 10:47:20.865  1937  1953 I am_kill : [0,2785,com.google.android.deskclock,13,stop com.google.android.deskclock]
12-17 10:47:20.867  2492  2492 I liblog  : 12
12-17 10:47:20.867  2492  2492 I dvm_lock_sample: [com.android.systemui,1,main,4681,handleShow,KeyguardViewMediator.java,1504,,,0,150]
12-17 10:47:20.867  2492  2559 I dvm_lock_sample: [com.android.systemui,0,Binder_1,4649,onStartedWakingUp,KeyguardViewMediator.java,818,handleShow,-,1486,100]
12-17 10:47:20.971  1937  1937 I dvm_lock_sample: [system_server,1,main,1824,onWakefulnessChanged,ActivityManagerService.java,10446,setLockScreenShown,-,10635,100]
12-17 10:47:20.972  1937  7042 I dvm_lock_sample: [system_server,1,Binder_F,2137,broadcastIntent,ActivityManagerService.java,17217,setLockScreenShown,-,10635,100]
12-17 10:47:20.972  1937  1937 I power_screen_broadcast_send: 1
12-17 10:47:20.972  1937  1949 I dvm_lock_sample: [system_server,1,Binder_2,1344,getCurrentUser,ActivityManagerService.java,20672,setLockScreenShown,-,10635,100]
12-17 10:47:20.973  1937  1983 I dvm_lock_sample: [system_server,1,PowerManagerService,1075,acquireSleepToken,ActivityManagerService.java,20823,setLockScreenShown,-,10635,100]
12-17 10:47:20.974  1937  1953 I am_focused_activity: [0,com.google.android.talk/com.google.android.apps.hangouts.hangout.HangoutActivity]
12-17 10:47:20.975  3396  3396 I liblog  : 1
12-17 10:47:20.975  3396  3396 I dvm_lock_sample: [com.google.android.gms.persisten,1,main,2263,handleMessage,SourceFile,212,,,0,150]
12-17 10:47:20.975  1937  2068 I dvm_lock_sample: [system_server,0,PackageManager,106,unbindService,ActivityManagerService.java,16204,handleMessage,-,1774,21]
12-17 10:47:20.978  1937  6726 I am_failed_to_pause: [0,13728575,com.google.android.talk/com.google.android.apps.hangouts.hangout.HangoutActivity,(none)]
12-17 10:47:20.984  1937  1937 I power_screen_state: [0,2,0,0]
12-17 10:47:20.984  1937  1937 I screen_toggled: 0
12-17 10:47:20.984  1937  1937 I sysui_histogram: [screen_timeout,30]
12-17 10:47:20.986  1937  1937 I power_screen_state: [1,0,0,0]
12-17 10:47:20.986  1937  1937 I screen_toggled: 1
12-17 10:47:20.989   363   363 I liblog  : 2
12-17 10:47:21.000  3104  3104 I liblog  : 73
12-17 10:47:21.019  1937  2944 I notification_expansion: [0|com.google.android.talk|1|null|10078,0,1,181305,181305,0]
12-17 10:47:21.027  2492  2492 I sysui_status_bar_state: [0,1,1,0,1,0]
12-17 10:47:21.030  1937  2068 I unknown_sources_enabled: 0
12-17 10:47:21.060  1937  6726 I dvm_lock_sample: [system_server,1,Binder_E,68,noteStopSensor,BatteryStatsService.java,447,noteScreenState,-,482,13]
12-17 10:47:21.063   788   872 I liblog  : 273
12-17 10:47:21.065   879   879 I liblog  : 191
12-17 10:47:21.073  3396  3036 I dvm_lock_sample: [com.google.android.gms.persisten,0,Thread-730,1119,a,SourceFile,97,handleMessage,-,202,100]
12-17 10:47:21.076   806   891 I liblog  : 41
12-17 10:47:21.079   904   904 I liblog  : 16
12-17 10:47:21.091  3104  3195 I dvm_lock_sample: [com.android.phone,0,RILReceiver1,4116,read,LocalSocketImpl.java,103,,,0,150]
12-17 10:47:21.091  3104  3191 I dvm_lock_sample: [com.android.phone,0,RILReceiver0,2940,read,LocalSocketImpl.java,103,,,0,150]
12-17 10:47:21.120  1937  1983 I am_resume_activity: [0,13728575,72,com.google.android.talk/com.google.android.apps.hangouts.hangout.HangoutActivity]
12-17 10:47:21.153  1937  1951 I am_meminfo: [84594688,75689984,25944064,96456704,41613312]
12-17 10:47:21.406   788  1007 I liblog  : 28
12-17 10:47:21.407   788  1007 I liblog  : 1
12-17 10:47:21.407   806  1040 I liblog  : 35
12-17 10:47:21.425  1937  3241 I liblog  : 12
12-17 10:47:21.426  3104  3104 I liblog  : 3
12-17 10:47:21.426   788   872 I liblog  : 7
12-17 10:47:21.506   452  3225 I liblog  : 2
12-17 10:47:21.507   452  3226 I liblog  : 1
12-17 10:47:21.531  1937  1951 I liblog  : 29
12-17 10:47:21.531  1937  1951 I am_pss  : [2965,10073,com.google.android.apps.inputmethod.hindi,29217792,26828800]
12-17 10:47:21.534  3104 13106 I liblog  : 8
12-17 10:47:21.540  3104  3843 I liblog  : 1
12-17 10:47:21.550   452  3220 I liblog  : 13
12-17 10:47:21.589  1937  1983 I liblog  : 2
12-17 10:47:21.611  1937  1983 I liblog  : 1
12-17 10:47:21.614   390  3214 I liblog  : 74
12-17 10:47:21.615  3396  3036 I liblog  : 2
12-17 10:47:21.617   788  2063 I liblog  : 119
12-17 10:47:21.635 25065 25065 I am_on_resume_called: [0,com.google.android.apps.hangouts.hangout.HangoutActivity]
12-17 10:47:21.685  1937  5512 I liblog  : 15
12-17 10:47:21.686  3104  3104 I liblog  : 3
12-17 10:47:21.686   788   872 I liblog  : 43
12-17 10:47:21.744  1937  1983 I liblog  : 9
12-17 10:47:21.754  2492  2492 I liblog  : 14
12-17 10:47:21.795  2492  2492 I sysui_histogram: [note_load,5]
12-17 10:47:21.796  1937  8646 I notification_panel_revealed: 5
12-17 10:47:21.800  1937  6726 I notification_visibility: [0|com.android.vending|874755343|null|10037,1,463935,273860,0,4]
12-17 10:47:21.800  1937  6726 I notification_visibility: [0|com.android.vending|-1050172287|null|10037,1,218612,218612,0,3]
12-17 10:47:21.800  1937  6726 I notification_visibility: [0|com.google.android.talk|1|null|10078,1,182086,182086,0,0]
12-17 10:47:21.801  1937  6726 I notification_visibility: [0|com.motorola.tools.batterytracer|2131165197|null|1000,1,3802920,24685,0,1]
12-17 10:47:21.801  1937  6726 I notification_visibility: [0|com.android.systemui|2131755032|null|10045,1,60195,58717,0,2]
12-17 10:47:21.829  2451  2451 I liblog  : 8
12-17 10:47:21.833  1937  8646 I notification_visibility: [0|com.android.vending|874755343|null|10037,0,463968,273893,0,4]
12-17 10:47:21.833  1937  8646 I notification_visibility: [0|com.android.vending|-1050172287|null|10037,0,218645,218645,0,3]
12-17 10:47:21.833  1937  8646 I notification_visibility: [0|com.google.android.talk|1|null|10078,0,182119,182119,0,0]
12-17 10:47:21.833  1937  8646 I notification_visibility: [0|com.motorola.tools.batterytracer|2131165197|null|1000,0,3802953,24718,0,1]
12-17 10:47:21.833  1937  8646 I notification_visibility: [0|com.android.systemui|2131755032|null|10045,0,60227,58749,0,2]
12-17 10:47:21.834  1937  7042 I notification_panel_hidden: []
12-17 10:47:21.843  2492  2492 I sysui_histogram: [note_load,5]
12-17 10:47:21.843  1937  3241 I notification_panel_revealed: 5
12-17 10:47:21.854  3104 13106 I liblog  : 12
12-17 10:47:21.866  3829  3829 I liblog  : 2
12-17 10:47:21.949   363   363 I sf_frame_dur: [NavigationBar,428,44,8,7,2,7,49]
12-17 10:47:21.974   390  1958 I liblog  : 1
12-17 10:47:22.009  1937  3263 I notification_panel_hidden: []
12-17 10:47:22.075   452  3242 I liblog  : 2
12-17 10:47:29.128   452  3421 I liblog  : 441
12-17 10:47:29.130  1937  3128 I liblog  : 415
12-17 10:47:29.130  1937  3128 I dvm_lock_sample: [system_server,0,Binder_A,216,processNextBroadcast,BroadcastQueue.java,639,removeContentProvider,ActivityManagerService.java,9963,43]
12-17 10:47:29.133  1937  1955 I dvm_lock_sample: [system_server,1,android.ui,220,dispatchProcessesChanged,ActivityManagerService.java,3804,removeContentProvider,-,9963,44]
12-17 10:47:29.135  1937  7042 I dvm_lock_sample: [system_server,1,Binder_F,114,binderDied,ActivityManagerService.java,1330,removeContentProvider,-,9963,22]
12-17 10:47:29.135  1937  7042 I am_proc_died: [0,2816,com.android.systemui:screenshot]
12-17 10:47:29.215  1937  3093 I dvm_lock_sample: [system_server,0,Binder_7,16,statusBarVisibilityChanged,WindowManagerService.java,11093,doFrame,WindowAnimator.java,121,3]
12-17 10:47:29.293  1937  8646 I am_proc_start: [0,3490,10067,com.google.android.apps.docs,broadcast,com.google.android.apps.docs/.receivers.AppPackageAddRemoveReceiver]
12-17 10:47:29.331   407   631 I liblog  : 22
12-17 10:47:29.365  3450  3450 I liblog  : 6
12-17 10:47:29.411 25065  3384 I liblog  : 39
12-17 10:47:29.411 25065  3384 I dvm_lock_sample: [com.google.android.talk,0,CallbackThread,133,next,MessageQueue.java,325,enqueueMessage,-,541,26]
12-17 10:47:29.507   390  3429 I liblog  : 259
12-17 10:47:29.545   363   946 I liblog  : 8
12-17 10:47:29.571  1937  1951 I am_pss  : [3056,1000,com.motorola.process.system,8121344,6733824]
12-17 10:47:29.587  1937  3096 I am_proc_bound: [0,3490,com.google.android.apps.docs]
12-17 10:47:29.726  1937  1951 I am_pss  : [3104,1001,com.android.phone,13095936,11161600]
12-17 10:47:30.151  1937  1951 I am_pss  : [3067,1000,com.qualcomm.services.location,1777664,839680]
12-17 10:47:30.209  3396  3396 I liblog  : 8
12-17 10:47:30.311  2578  2578 I liblog  : 26
12-17 10:47:30.351  1937  1951 I am_pss  : [2578,1000,com.motorola.modemservice,4418560,3219456]
12-17 10:47:30.583   788  2063 I liblog  : 1343
12-17 10:47:30.590  3104  3191 I liblog  : 219
12-17 10:47:30.590  3104  3191 I dvm_lock_sample: [com.android.phone,0,RILReceiver0,1902,read,LocalSocketImpl.java,103,,,0,150]
12-17 10:47:30.611  2492  2848 I liblog  : 48
12-17 10:47:30.687  1937  1951 I am_pss  : [2492,10045,com.android.systemui,47369216,44171264]
12-17 10:47:31.316  1937  1951 I am_pss  : [1937,1000,system,73096192,67362816]
12-17 10:47:31.852  2451  2451 I liblog  : 1
12-17 10:47:31.911  1937  1955 I configuration_changed: 1152
12-17 10:47:31.932   362   362 I liblog  : 4
12-17 10:47:31.932   362   362 I auditd  : avc:  denied  { find } for service=display scontext=u:r:location_app:s0 tcontext=u:object_r:display_service:s0 tclass=service_manager
12-17 10:47:32.016  1937  1953 I am_broadcast_discard_filter: [0,231489634,android.intent.action.SCREEN_OFF,16,219387287]
12-17 10:47:32.055  6950  6950 I liblog  : 11
12-17 10:47:51.745   452  3421 I liblog  : 1471
12-17 10:47:51.889  2451  2451 I liblog  : 4
12-17 10:47:51.936 25065  3384 I liblog  : 76
12-17 10:47:51.937 25065  3384 I dvm_lock_sample: [com.google.android.talk,0,CallbackThread,239,next,MessageQueue.java,325,enqueueMessage,-,541,47]
12-17 10:47:52.849  3056  3082 I liblog  : 2
12-17 10:47:52.856   390  2520 I liblog  : 75
12-17 10:47:52.993   788  2063 I liblog  : 2323
12-17 10:47:52.998  3104  3191 I liblog  : 402
12-17 10:47:52.998  3104  3191 I dvm_lock_sample: [com.android.phone,0,RILReceiver0,2244,read,LocalSocketImpl.java,103,,,0,150]
12-17 10:47:53.474  3829  3834 I liblog  : 5
12-17 10:47:53.767  1937  1953 I liblog  : 552
12-17 10:47:54.178  2578  2590 I liblog  : 40
12-17 10:47:54.360   407   631 I liblog  : 16
12-17 10:47:54.361  5050  5158 I liblog  : 28
12-17 10:47:54.361  5050  5158 I dvm_lock_sample: [com.motorola.motocare,0,ThermalThread,4999,read,LocalSocketImpl.java,103,,,0,150]
12-17 10:47:54.362  5050  5158 I dvm_lock_sample: [com.motorola.motocare,0,ThermalThread,5001,read,InputStreamReader.java,272,,,0,150]
12-17 10:47:54.362  5050  5158 I dvm_lock_sample: [com.motorola.motocare,0,ThermalThread,5001,readLine,BufferedReader.java,409,,,0,150]
12-17 10:47:54.378  2492  2539 I liblog  : 139
12-17 10:47:55.402   452  3371 I liblog  : 87
12-17 10:47:55.862  1937  1937 I liblog  : 2
12-17 10:47:56.028   390  3432 I liblog  : 1
12-17 10:47:59.752   452  3371 I liblog  : 1005
12-17 10:47:59.783   452  3371 I liblog  : 5
12-17 10:48:00.954   452  3421 I liblog  : 30
12-17 10:48:01.336 25065  2507 I liblog  : 8
12-17 10:48:01.512   363  3272 I liblog  : 3
12-17 10:48:01.523  1937  1955 I liblog  : 8
12-17 10:48:01.523  1937  1955 I dvm_lock_sample: [system_server,1,android.ui,5328,setNewConfiguration,WindowManagerService.java,4096,,,0,150]
12-17 10:48:01.523  1937  1973 I dvm_lock_sample: [system_server,1,android.display,4444,handleMessage,WindowManagerService.java,8049,setNewConfiguration,-,4090,100]
12-17 10:48:01.529  1937  1955 I dvm_lock_sample: [system_server,1,android.ui,5392,updateConfiguration,ActivityManagerService.java,17590,,,0,150]
12-17 10:48:01.909  2451  2451 I liblog  : 1
12-17 10:48:03.634   390  3078 I liblog  : 10
12-17 10:48:04.370   407   631 I liblog  : 11
12-17 10:48:04.371  5050  5158 I liblog  : 6
12-17 10:48:04.371  5050  5158 I dvm_lock_sample: [com.motorola.motocare,0,ThermalThread,5003,read,LocalSocketImpl.java,103,,,0,150]
12-17 10:48:04.371  5050  5158 I dvm_lock_sample: [com.motorola.motocare,0,ThermalThread,5003,read,InputStreamReader.java,272,,,0,150]
12-17 10:48:04.371  5050  5158 I dvm_lock_sample: [com.motorola.motocare,0,ThermalThread,5003,readLine,BufferedReader.java,409,,,0,150]
12-17 10:48:04.616  1937  1949 I dvm_lock_sample: [system_server,1,Binder_2,1904,getUpstreamIfaceTypes,Tethering.java,767,,,0,150]
12-17 10:48:05.440  1937  1951 I dvm_lock_sample: [system_server,0,android.bg,32666,onSomePackagesChanged,InputMethodManagerService.java,715,,,0,150]
12-17 10:48:05.451  1937  3096 I dvm_lock_sample: [system_server,1,Binder_8,24615,getEnabledInputMethodList,InputMethodManagerService.java,1185,onSomePackagesChanged,-,649,100]
12-17 10:48:06.183  1937  1955 I configuration_changed: 1152
12-17 10:48:06.225   362   362 I liblog  : 4
12-17 10:48:06.225   362   362 I auditd  : avc:  denied  { find } for service=display scontext=u:r:location_app:s0 tcontext=u:object_r:display_service:s0 tclass=service_manager
12-17 10:48:06.495  1937  1951 I dvm_lock_sample: [system_server,0,android.bg,940,onSomePackagesChanged,AccessibilityManagerService.java,267,,,0,150]
12-17 10:48:07.988  3104  3191 I dvm_lock_sample: [com.android.phone,0,RILReceiver0,14989,read,LocalSocketImpl.java,103,,,0,150]
12-17 10:48:08.849  5050  5158 I dvm_lock_sample: [com.motorola.motocare,0,ThermalThread,4477,read,LocalSocketImpl.java,103,,,0,150]
12-17 10:48:08.849  5050  5158 I dvm_lock_sample: [com.motorola.motocare,0,ThermalThread,4477,read,InputStreamReader.java,272,,,0,150]
12-17 10:48:08.850  5050  5158 I dvm_lock_sample: [com.motorola.motocare,0,ThermalThread,4477,readLine,BufferedReader.java,409,,,0,150]
12-17 10:48:08.941 25065  3384 I dvm_lock_sample: [com.google.android.talk,0,CallbackThread,211,next,MessageQueue.java,325,enqueueMessage,-,541,42]
12-17 10:48:09.378  5050  5158 I dvm_lock_sample: [com.motorola.motocare,0,ThermalThread,522,read,LocalSocketImpl.java,103,,,0,150]
12-17 10:48:09.378  5050  5158 I dvm_lock_sample: [com.motorola.motocare,0,ThermalThread,522,read,InputStreamReader.java,272,,,0,150]
12-17 10:48:09.378  5050  5158 I dvm_lock_sample: [com.motorola.motocare,0,ThermalThread,522,readLine,BufferedReader.java,409,,,0,150]
12-17 10:48:10.072  1937  1953 I am_kill : [0,3829,com.motorola.tools.batterytracer,0,bg anr]
12-17 10:48:10.279  1937  1953 I am_broadcast_discard_filter: [0,231489634,android.intent.action.SCREEN_OFF,29,73900939]
12-17 10:48:10.290  1937  1948 I am_proc_died: [0,3829,com.motorola.tools.batterytracer]
12-17 10:48:10.290  1937  1948 I am_schedule_service_restart: [0,com.motorola.tools.batterytracer/.EnergyMonitorService,1000]
12-17 10:48:10.290  1937  1948 I am_schedule_service_restart: [0,com.motorola.tools.batterytracer/.BatteryTracerService,11000]
12-17 10:48:10.321  1937  1937 I notification_canceled: [0|com.motorola.tools.batterytracer|2131165197|null|1000,8,3851441,73206,48521]
12-17 10:48:10.436  1937  1937 I power_screen_broadcast_done: [0,47452,1]
12-17 10:48:10.673 25065 25065 I dvm_lock_sample: [com.google.android.talk,0,main,25631,getDisplayInfo,DisplayManagerGlobal.java,127,,,0,150]
12-17 10:48:10.673 25065 25065 I dvm_lock_sample: [com.google.android.talk,0,main,25631,onOrientationChanged,SourceFile,541,,,0,150]
12-17 10:48:10.674 25065 25076 I dvm_lock_sample: [com.google.android.talk,0,Binder_1,14789,handleDisplayEvent,DisplayManagerGlobal.java,247,getDisplayInfo,-,110,100]
12-17 10:48:10.760  2965  2965 I liblog  : 9
12-17 10:48:10.760  2965  2965 I dvm_lock_sample: [com.google.android.apps.inputmet,1,main,14893,getDisplayInfo,DisplayManagerGlobal.java,127,,,0,150]
12-17 10:48:10.785  6950  7113 I liblog  : 3
12-17 10:48:10.785  6950  7113 I dvm_lock_sample: [com.google.android.music:main,0,Binder_3,8518,handleDisplayEvent,DisplayManagerGlobal.java,247,transactNative,Binder.java,-2,100]
12-17 10:48:10.787 24622 24622 I liblog  : 6
12-17 10:48:10.787 24622 24622 I dvm_lock_sample: [com.motorola.bug2go,1,main,14876,getDisplayInfo,DisplayManagerGlobal.java,127,,,0,150]
12-17 10:48:10.805  2965  2983 I dvm_lock_sample: [com.google.android.apps.inputmet,0,Binder_1,8541,handleDisplayEvent,DisplayManagerGlobal.java,247,getDisplayInfo,-,110,100]
12-17 10:48:10.836 24622 24639 I dvm_lock_sample: [com.motorola.bug2go,0,Binder_3,8569,handleDisplayEvent,DisplayManagerGlobal.java,247,getDisplayInfo,-,110,100]
12-17 10:48:10.908  1937  3128 I dvm_lock_sample: [system_server,1,Binder_A,256,getTasks,ActivityManagerService.java,8447,broadcastIntent,-,17217,51]
12-17 10:48:10.921  1937  1983 I dvm_lock_sample: [system_server,1,PowerManagerService,15,handleSandman,PowerManagerService.java,1854,acquireWakeLockInternal,-,822,3]
12-17 10:48:11.788   452  3421 I liblog  : 18
12-17 10:48:11.791  2578  2578 I liblog  : 14
12-17 10:48:11.794  1937  1948 I liblog  : 196
12-17 10:48:11.955  2492  2848 I liblog  : 4
12-17 10:48:12.016  3104  3104 I liblog  : 56
12-17 10:48:12.053   397   397 I liblog  : 1
12-17 10:48:12.149  6950  6950 I liblog  : 2
12-17 10:48:12.191  1937  2535 I am_proc_bound: [0,3615,com.motorola.tools.batterytracer]
12-17 10:48:12.214   788   872 I liblog  : 527
12-17 10:48:14.704   452  3421 I liblog  : 65
12-17 10:48:14.726  6950  6977 I liblog  : 3
12-17 10:48:14.749  3104  3190 I liblog  : 18
12-17 10:48:14.749  3104  3190 I dvm_lock_sample: [com.android.phone,0,RILSender0,469,next,MessageQueue.java,325,enqueueMessage,-,541,93]
12-17 10:48:14.759  3104  3191 I dvm_lock_sample: [com.android.phone,0,RILReceiver0,2506,read,LocalSocketImpl.java,103,,,0,150]
12-17 10:48:14.770  3615  3615 I liblog  : 1
12-17 10:48:14.817  1937  1973 I liblog  : 96
12-17 10:48:14.867  1937  1948 I dvm_lock_sample: [system_server,1,Binder_1,40,finishDrawingWindow,WindowManagerService.java,3495,handleMessage,-,7890,8]
12-17 10:48:14.889 25065  2504 I liblog  : 9
12-17 10:48:15.109  1937  2944 I dvm_lock_sample: [system_server,1,Binder_6,294,exists,UserManagerService.java,408,getPackageInfo,PackageManagerService.java,2772,58]
12-17 10:48:15.110  1937  6726 I dvm_lock_sample: [system_server,1,Binder_E,293,exists,UserManagerService.java,408,getPackageInfo,PackageManagerService.java,2772,58]
12-17 10:48:15.110  1937  8646 I dvm_lock_sample: [system_server,1,Binder_10,284,exists,UserManagerService.java,408,getPackageInfo,PackageManagerService.java,2772,56]
12-17 10:48:15.110  1937  3128 I dvm_lock_sample: [system_server,1,Binder_A,266,exists,UserManagerService.java,408,getPackageInfo,PackageManagerService.java,2772,53]
12-17 10:48:15.217   363   363 I liblog  : 3
12-17 10:48:15.224  1937  3128 I dvm_lock_sample: [system_server,1,Binder_A,46,exists,UserManagerService.java,408,queryIntentServices,PackageManagerService.java,5295,9]
12-17 10:48:15.224  1937  3096 I dvm_lock_sample: [system_server,1,Binder_8,53,exists,UserManagerService.java,408,queryIntentServices,PackageManagerService.java,5295,10]
12-17 10:48:15.275  6950  6977 I dvm_lock_sample: [com.google.android.music:main,0,BGAsyncWorker,549,updateNotificationAndMediaSessio,MusicPlaybackService.java,1658,,,0,150]
12-17 10:48:15.395  3490  3506 I liblog  : 4
12-17 10:48:15.610  2451  2451 I liblog  : 1
12-17 10:48:15.663  3104  3191 I dvm_lock_sample: [com.android.phone,0,RILReceiver0,549,read,LocalSocketImpl.java,103,,,0,150]
12-17 10:48:15.714  1937  8646 I dvm_lock_sample: [system_server,1,Binder_10,484,exists,UserManagerService.java,408,getPackageInfo,PackageManagerService.java,2772,96]
12-17 10:48:15.715  1937  3241 I dvm_lock_sample: [system_server,1,Binder_B,248,exists,UserManagerService.java,408,getPackageInfo,PackageManagerService.java,2772,49]
12-17 10:48:15.715  1937  5512 I dvm_lock_sample: [system_server,1,Binder_D,190,exists,UserManagerService.java,408,getPackageInfo,PackageManagerService.java,2772,38]
12-17 10:48:15.716  1937  3096 I dvm_lock_sample: [system_server,1,Binder_8,191,exists,UserManagerService.java,408,getPackageInfo,PackageManagerService.java,2772,38]
12-17 10:48:15.716  1937  1949 I dvm_lock_sample: [system_server,1,Binder_2,218,exists,UserManagerService.java,408,getPackageInfo,PackageManagerService.java,2772,43]
12-17 10:48:15.803  2492  2492 I liblog  : 39
12-17 10:48:15.841  3104 13106 I dvm_lock_sample: [com.android.phone,1,Binder_8,633,acquireWakeLock,RIL.java,2358,,,0,150]
12-17 10:48:15.842  3450  3474 I liblog  : 6
12-17 10:48:15.881   806   891 I liblog  : 62
12-17 10:48:15.924  3104  3195 I dvm_lock_sample: [com.android.phone,0,RILReceiver1,39342,read,LocalSocketImpl.java,103,,,0,150]
12-17 10:48:16.025  1937  1948 I notification_cancel_all: [10016,24506,com.android.providers.downloads,0,0,64,9,NULL]
12-17 10:48:16.288  1937  1951 I am_pss  : [3396,10020,com.google.android.gms.persistent,27087872,24064000]
12-17 10:48:16.309   256   256 I liblog  : 2
12-17 10:48:16.430  1937  1951 I am_pss  : [5050,10034,com.motorola.motocare,12783616,11546624]
12-17 10:48:16.544  1937  1951 I am_pss  : [2965,10073,com.google.android.apps.inputmethod.hindi,28962816,26595328]
12-17 10:48:16.890  1937  1951 I am_pss  : [4435,10000,com.motorola.ccc,5889024,4521984]
12-17 10:48:16.941  1937  1951 I am_pss  : [14485,10008,com.android.cellbroadcastreceiver,3146752,1810432]
12-17 10:48:17.037   390  3429 I liblog  : 7
12-17 10:48:17.091  1937  1951 I am_pss  : [5007,10032,com.motorola.MotGallery2,4699136,3284992]
12-17 10:48:17.657 25065  3384 I dvm_lock_sample: [com.google.android.talk,0,CallbackThread,316,next,MessageQueue.java,325,enqueueMessage,-,541,63]
12-17 10:48:17.732 24506  3674 I liblog  : 2
12-17 10:48:18.853   407   589 I liblog  : 1
12-17 10:48:18.854  5050  5158 I liblog  : 3
12-17 10:48:18.854  5050  5158 I dvm_lock_sample: [com.motorola.motocare,0,ThermalThread,4463,read,LocalSocketImpl.java,103,,,0,150]
12-17 10:48:18.854  5050  5158 I dvm_lock_sample: [com.motorola.motocare,0,ThermalThread,4463,read,InputStreamReader.java,272,,,0,150]
12-17 10:48:18.854  5050  5158 I dvm_lock_sample: [com.motorola.motocare,0,ThermalThread,4463,readLine,BufferedReader.java,409,,,0,150]
12-17 10:48:19.374  1937  1949 I am_proc_start: [0,3715,10097,com.google.android.apps.plus,broadcast,com.google.android.apps.plus/.service.PackagesMediaMonitor]
12-17 10:48:19.388  5050  5158 I dvm_lock_sample: [com.motorola.motocare,0,ThermalThread,503,read,LocalSocketImpl.java,103,,,0,150]
12-17 10:48:19.388  5050  5158 I dvm_lock_sample: [com.motorola.motocare,0,ThermalThread,504,read,InputStreamReader.java,272,,,0,150]
12-17 10:48:19.388  5050  5158 I dvm_lock_sample: [com.motorola.motocare,0,ThermalThread,505,readLine,BufferedReader.java,409,,,0,150]
12-17 10:48:19.395  1937  1951 I am_pss  : [6950,10089,com.google.android.music:main,22401024,20561920]
12-17 10:48:19.481  3639  3650 I liblog  : 1
12-17 10:48:19.612  1937  1951 I am_pss  : [4788,10015,com.motorola.survey,3483648,2064384]
12-17 10:48:19.874  1937  5512 I am_proc_start: [0,3731,1000,com.motorola.tools.batterytracersdcard,service,com.motorola.tools.batterytracersdcard/.SdCardTransfer]
12-17 10:48:19.945  1937  1951 I am_pss  : [5953,10051,com.motorola.config.wifi,3061760,1777664]
12-17 10:48:20.001  1937  1951 I am_pss  : [4115,1000,com.motorola.ServiceDialingNumbers,2945024,1687552]
12-17 10:48:20.037  1937  1951 I am_pss  : [5289,1000,com.qualcomm.telephony,3070976,1818624]
12-17 10:48:20.130  1937  3241 I am_proc_bound: [0,3715,com.google.android.apps.plus]
12-17 10:48:20.313  1937  2944 I am_proc_bound: [0,3731,com.motorola.tools.batterytracersdcard]
12-17 10:48:20.485  1937  1953 I am_broadcast_discard_filter: [0,70586696,android.intent.action.SCREEN_ON,14,219387287]
12-17 10:49:03.530  6950  6977 I liblog  : 13
12-17 10:49:03.540   452  3421 I liblog  : 2898
12-17 10:49:03.592  1937  1955 I liblog  : 1025
12-17 10:49:03.593  1937  1955 I dvm_lock_sample: [system_server,1,android.ui,277,dispatchProcessesChanged,ActivityManagerService.java,3804,serviceDoneExecuting,-,16235,55]
12-17 10:49:03.593  1937  7042 I dvm_lock_sample: [system_server,1,Binder_F,206,registerReceiver,ActivityManagerService.java,16425,serviceDoneExecuting,-,16235,41]
12-17 10:49:03.594  1937  3110 I am_proc_died: [0,3715,com.google.android.apps.plus]
12-17 10:49:03.619   363   363 I liblog  : 17
12-17 10:49:03.853 19373 19877 I liblog  : 12
12-17 10:49:03.982  1937  3093 I am_proc_start: [0,3993,10064,com.google.android.deskclock,broadcast,com.google.android.deskclock/com.android.deskclock.AlarmInitReceiver]
12-17 10:49:03.983  1937  1955 I dvm_lock_sample: [system_server,1,android.ui,54,dispatchUidsChanged,ActivityManagerService.java,3867,processNextBroadcast,BroadcastQueue.java,639,10]
12-17 10:49:04.099  1937  1948 I am_proc_bound: [0,3993,com.google.android.deskclock]
12-17 10:49:04.192  1937  1951 I am_pss  : [3813,10104,com.gaana,5842944,4755456]
12-17 10:49:04.448   407   631 I liblog  : 48
12-17 10:49:04.449  5050  5158 I liblog  : 36
12-17 10:49:04.449  5050  5158 I dvm_lock_sample: [com.motorola.motocare,0,ThermalThread,5007,read,LocalSocketImpl.java,103,,,0,150]
12-17 10:49:04.450  5050  5158 I dvm_lock_sample: [com.motorola.motocare,0,ThermalThread,5007,read,InputStreamReader.java,272,,,0,150]
12-17 10:49:04.450  5050  5158 I dvm_lock_sample: [com.motorola.motocare,0,ThermalThread,5008,readLine,BufferedReader.java,409,,,0,150]
12-17 10:49:04.459  6950  6977 I dvm_lock_sample: [com.google.android.music:main,0,BGAsyncWorker,930,onArtRequestComplete,MusicPlaybackService.java,1265,,,0,150]
12-17 10:49:04.887  3639  4010 I liblog  : 34
12-17 10:49:04.918 25065  2508 I liblog  : 132
12-17 10:49:04.973 25065  3384 I dvm_lock_sample: [com.google.android.talk,0,CallbackThread,112,next,MessageQueue.java,325,enqueueMessage,-,541,22]
12-17 10:49:05.157  3104  3843 I liblog  : 105
12-17 10:49:05.191  2451  2451 I liblog  : 64
12-17 10:49:05.497  1937  3128 I stream_devices_changed: [0,1,2]
12-17 10:49:05.500  1937  3128 I stream_devices_changed: [2,1,2]
12-17 10:49:05.507  1937  3128 I stream_devices_changed: [4,1,2]
12-17 10:49:05.510  1937  3128 I stream_devices_changed: [6,1,2]
12-17 10:49:05.512  1937  3128 I stream_devices_changed: [3,1,2]
12-17 10:49:05.713  3731  3795 I liblog  : 11
12-17 10:49:05.861  1937  2433 I dvm_lock_sample: [system_server,0,NetdConnector,26002,read,LocalSocketImpl.java,103,,,0,150]
12-17 10:49:06.015  1937  2434 I netstats_mobile_sample: [490710,1229,312440,1335,490710,1229,312440,1335,490710,1229,291514,1335,1450329546575]
12-17 10:49:06.015  1937  2434 I netstats_wifi_sample: [130270378,112977,16219457,72491,130270378,112977,16219457,72491,130161144,112540,15202408,72442,1450329546575]
12-17 10:49:06.481  1937  2944 I am_proc_start: [0,4029,10037,com.android.vending,broadcast,com.android.vending/com.google.android.finsky.receivers.PackageMonitorReceiver$RegisteredReceiver]
12-17 10:49:06.488  1937  2944 I am_kill : [0,3813,com.gaana,15,empty #7]
12-17 10:49:06.772  1937  3096 I dvm_lock_sample: [system_server,1,Binder_8,332,getIntentSender,ActivityManagerService.java,6781,processNextBroadcast,BroadcastQueue.java,639,66]
12-17 10:49:06.772  1937  1955 I dvm_lock_sample: [system_server,1,android.ui,291,dispatchUidsChanged,ActivityManagerService.java,3867,trimApplications,-,19673,58]
12-17 10:49:06.773  1937  2517 I am_proc_died: [0,3813,com.gaana]
12-17 10:49:06.776  1937  3093 I am_proc_bound: [0,4029,com.android.vending]
12-17 10:49:07.388  1937  3128 I am_kill : [0,3840,com.motorola.context,15,empty #7]
12-17 10:49:07.560  1937  1955 I dvm_lock_sample: [system_server,1,android.ui,178,dispatchProcessesChanged,ActivityManagerService.java,3804,serviceDoneExecuting,-,16235,35]
12-17 10:49:07.577  1937  5512 I am_proc_died: [0,3840,com.motorola.context]
12-17 10:49:08.198  2578  2578 I liblog  : 36
12-17 10:49:08.199  2492  2848 I liblog  : 242
12-17 10:49:08.490   390   991 I liblog  : 162
12-17 10:49:08.877  5050  5158 I dvm_lock_sample: [com.motorola.motocare,0,ThermalThread,4418,read,LocalSocketImpl.java,103,,,0,150]
12-17 10:49:08.877  5050  5158 I dvm_lock_sample: [com.motorola.motocare,0,ThermalThread,4418,read,InputStreamReader.java,272,,,0,150]
12-17 10:49:08.878  5050  5158 I dvm_lock_sample: [com.motorola.motocare,0,ThermalThread,4418,readLine,BufferedReader.java,409,,,0,150]
12-17 10:49:08.947  1937  1951 I am_pss  : [3860,10090,com.google.android.apps.magazines,19203072,15421440]
12-17 10:49:09.057  1937  6726 I am_kill : [0,3860,com.google.android.apps.magazines,15,empty #7]
12-17 10:49:09.334  1937  2437 I dvm_lock_sample: [system_server,0,WifiStateMachine,138,broadcastIntent,ActivityManagerService.java,17217,processNextBroadcast,BroadcastQueue.java,639,27]
12-17 10:49:09.454  5050  5158 I dvm_lock_sample: [com.motorola.motocare,0,ThermalThread,568,read,LocalSocketImpl.java,103,,,0,150]
12-17 10:49:09.455  5050  5158 I dvm_lock_sample: [com.motorola.motocare,0,ThermalThread,568,read,InputStreamReader.java,272,,,0,150]
12-17 10:49:09.455  5050  5158 I dvm_lock_sample: [com.motorola.motocare,0,ThermalThread,569,readLine,BufferedReader.java,409,,,0,150]
12-17 10:49:09.476  1937  3241 I am_proc_start: [0,4075,10097,com.google.android.apps.plus,broadcast,com.google.android.apps.plus/.service.PackagesMediaMonitor]
12-17 10:49:09.501  3731  3795 I dvm_lock_sample: [com.motorola.tools.batterytracer,0,AsyncTask #1,940,exec,ProcessManager.java,226,,,0,150]
12-17 10:49:09.729  1937  1948 I am_proc_bound: [0,4075,com.google.android.apps.plus]
12-17 10:49:09.839  1937  3263 I am_proc_died: [0,3860,com.google.android.apps.magazines]
12-17 10:49:10.633 24506 25032 I liblog  : 10
12-17 10:49:11.208   256   256 I liblog  : 3
12-17 10:49:11.357  3615  3615 I liblog  : 76
12-17 10:49:11.933 25065  3384 I dvm_lock_sample: [com.google.android.talk,0,CallbackThread,32,next,MessageQueue.java,325,enqueueMessage,-,541,6]
12-17 10:49:12.480  1937  3110 I dvm_lock_sample: [system_server,1,Binder_9,28,exists,UserManagerService.java,408,queryIntentActivities,PackageManagerService.java,4618,5]
