12-17 10:34:40.731  1937  3110 I am_failed_to_pause: [0,197987477,com.motorola.camera/.Camera,(none)]
12-17 10:34:40.872 25741 25741 I am_on_resume_called: [0,com.motorola.camera.Camera]
12-17 10:34:40.884  1937  3128 I am_finish_activity: [0,197987477,64,com.motorola.camera/.Camera,app-request]
12-17 10:34:41.176 25741 25781 I liblog  : 305
12-17 10:34:41.199  1937  3128 I am_pause_activity: [0,197987477,com.motorola.camera/.Camera]
12-17 10:34:41.201  1937  8646 I dvm_lock_sample: [system_server,1,Binder_10,299,getCurrentUser,ActivityManagerService.java,20672,finishActivity,-,4383,59]
12-17 10:34:41.205   390  2645 I liblog  : 26
12-17 10:34:41.223  1937  3128 I notification_expansion: [0|com.android.mms|123|null|10029,0,0,3027814,3027814,7149]
12-17 10:34:41.239   363   363 I sf_frame_dur: [com.motorola.camera/com.motorola.camera.Camera,0,0,0,0,0,0,4]
12-17 10:34:41.239   363   363 I sf_frame_dur: [SurfaceView,154,28,119,5,2,2,2]
12-17 10:34:41.246  2492  2492 I sysui_histogram: [note_load,10]
12-17 10:34:41.246  1937  3096 I notification_panel_revealed: 10
12-17 10:34:41.253  2492  2492 I sysui_status_bar_state: [1,1,0,0,1,0]
12-17 10:34:41.260  1937  8646 I notification_visibility: [0|com.android.mms|123|null|10029,1,3027851,3027851,0,0]
12-17 10:34:41.274 25741 25741 I am_on_paused_called: [0,com.motorola.camera.Camera]
12-17 10:34:41.278  1937  2944 I am_home_stack_moved: [0,1,0,0,noMoreActivities setFocusedActivity]
12-17 10:34:41.278  1937  2944 I wm_task_moved: [57,1,1]
12-17 10:34:41.281  1937  2944 I am_focused_activity: [0,com.google.android.googlequicksearchbox/com.google.android.launcher.GEL]
12-17 10:34:41.488  1937  1937 I power_screen_broadcast_done: [0,1116,1]
12-17 10:34:41.488  1937  1937 I power_screen_broadcast_send: 1
12-17 10:34:41.588  1937  1937 I power_screen_broadcast_done: [1,100,1]
12-17 10:34:41.697  1937  2433 I dvm_lock_sample: [system_server,0,NetdConnector,8066,read,LocalSocketImpl.java,103,,,0,150]
12-17 10:34:41.719  1937  2434 I netstats_mobile_sample: [490710,1229,312440,1335,490710,1229,312440,1335,490710,1229,291514,1335,1450328682280]
12-17 10:34:41.719  1937  2434 I netstats_wifi_sample: [61863973,44053,4751426,24449,61863973,44053,4751426,24449,61775754,43671,4408868,24441,1450328682280]
12-17 10:34:41.760  1937  5512 I notification_visibility: [0|com.android.providers.downloads|0|1:com.android.vending|10016,1,54254,1220,0,2]
12-17 10:34:41.760  1937  5512 I notification_visibility: [0|com.motorola.tools.batterytracer|2131165197|null|1000,1,3042880,3116,0,1]
12-17 10:34:43.072  2492  2492 I sysui_lockscreen_gesture: [4,212,853]
12-17 10:34:43.076  1937  3096 I am_home_stack_moved: [0,0,6,6,startingNewTask]
12-17 10:34:43.076  1937  3096 I wm_task_moved: [64,1,0]
12-17 10:34:43.079  1937  3096 I am_create_task: [0,65]
12-17 10:34:43.079  1937  3096 I am_create_activity: [0,184018173,65,com.motorola.camera/.Secure,android.media.action.STILL_IMAGE_CAMERA_SECURE,NULL,NULL,276824064]
12-17 10:34:43.080  1937  3096 I wm_task_created: [65,6]
12-17 10:34:43.080  1937  3096 I wm_task_moved: [65,1,1]
12-17 10:34:43.086  1937  3096 I am_restart_activity: [0,184018173,65,com.motorola.camera/.Secure]
12-17 10:34:43.091  1937  3096 I am_pause_activity: [0,184018173,com.motorola.camera/.Secure]
12-17 10:34:43.091  1937  3096 I am_home_stack_moved: [0,0,6,6,startedActivity setFocusedActivity]
12-17 10:34:43.091  1937  3096 I wm_task_moved: [65,1,1]
12-17 10:34:43.133  1937  3096 I am_focused_activity: [0,com.motorola.camera/.Secure]
12-17 10:34:43.134  1937  1955 I dvm_lock_sample: [system_server,1,android.ui,49,dispatchProcessesChanged,ActivityManagerService.java,3804,startActivityMayWait,ActivityStackSupervisor.java,969,9]
12-17 10:34:43.265 25741 25741 I am_on_resume_called: [0,com.motorola.camera.Secure]
12-17 10:34:43.284 25741 25741 I am_on_paused_called: [0,com.motorola.camera.Secure]
12-17 10:34:43.285  1937  1953 I am_focused_activity: [0,com.motorola.camera/.Secure]
12-17 10:34:43.285  1937  1953 I am_destroy_activity: [0,197987477,64,com.motorola.camera/.Camera,finish-idle]
12-17 10:34:43.360   363   363 I sf_frame_dur: [com.google.android.googlequicksearchbox/com.google.android.launcher.GEL,13,0,0,0,0,0,0]
12-17 10:34:43.373  1937  2517 I am_resume_activity: [0,184018173,65,com.motorola.camera/.Secure]
12-17 10:34:43.407  1937  2433 I dvm_lock_sample: [system_server,0,NetdConnector,1685,read,LocalSocketImpl.java,103,,,0,150]
12-17 10:34:43.432  1937  7042 I wm_task_removed: [64,removeAppToken: last token]
12-17 10:34:43.432  1937  7042 I wm_task_removed: [64,removeTask]
12-17 10:34:43.456  1937  1973 I am_activity_launch_time: [0,184018173,com.motorola.camera/.Secure,365,376]
12-17 10:34:46.258   363   363 I liblog  : 7
12-17 10:34:46.258   363   363 I sf_frame_dur: [SurfaceView,2,4,14,0,1,1,0]
12-17 10:34:46.276  2492  2848 I liblog  : 72
12-17 10:34:46.299  1937  1937 I liblog  : 309
12-17 10:34:46.299  1937  1937 I power_screen_broadcast_done: [0,784,1]
12-17 10:34:46.300  1937  1937 I power_screen_broadcast_send: 1
12-17 10:34:46.303  2578  2578 I liblog  : 7
12-17 10:34:46.314   390  2645 I liblog  : 221
12-17 10:34:46.318  2451  2451 I liblog  : 9
12-17 10:34:46.324  3104  3104 I liblog  : 18
12-17 10:34:46.396  1937  2433 I dvm_lock_sample: [system_server,0,NetdConnector,2858,read,LocalSocketImpl.java,103,,,0,150]
12-17 10:34:46.410  1937  1948 I notification_visibility: [0|com.android.providers.downloads|0|1:com.android.vending|10016,1,58903,1649,0,2]
12-17 10:34:46.410  1937  1948 I notification_visibility: [0|com.motorola.tools.batterytracer|2131165197|null|1000,1,3047530,7766,0,1]
12-17 10:34:46.415  1937  2434 I netstats_mobile_sample: [490710,1229,312440,1335,490710,1229,312440,1335,490710,1229,291514,1335,1450328686975]
12-17 10:34:46.415  1937  2434 I netstats_wifi_sample: [66233065,46984,4799756,25174,66233065,46984,4799756,25174,66150846,46606,4447088,25167,1450328686975]
12-17 10:34:46.451  3396  3396 I liblog  : 1
12-17 10:34:46.490  1937  1937 I power_screen_broadcast_done: [1,191,1]
12-17 10:34:46.494  3113  3329 I liblog  : 3
12-17 10:34:46.888  2492  2492 I sysui_lockscreen_gesture: [4,196,1014]
12-17 10:34:46.893  1937  2586 I wm_stack_created: [7,0,0,0,0]
12-17 10:34:46.898  1937  2586 I am_home_stack_moved: [0,0,7,7,startingNewTask]
12-17 10:34:46.898  1937  2586 I am_create_task: [0,66]
12-17 10:34:46.898  1937  2586 I am_create_activity: [0,166348672,66,com.motorola.camera/.Secure,android.media.action.STILL_IMAGE_CAMERA_SECURE,NULL,NULL,276824064]
12-17 10:34:46.901  1937  2586 I wm_task_created: [66,7]
12-17 10:34:46.901  1937  2586 I wm_task_moved: [66,1,0]
12-17 10:34:46.915  1937  2586 I am_restart_activity: [0,166348672,66,com.motorola.camera/.Secure]
12-17 10:34:46.917 25741 26148 I liblog  : 704
12-17 10:34:47.231  1937  2586 I am_pause_activity: [0,166348672,com.motorola.camera/.Secure]
12-17 10:34:47.232  1937  2586 I am_home_stack_moved: [0,0,7,7,startedActivity setFocusedActivity]
12-17 10:34:47.232  1937  2586 I wm_task_moved: [66,1,0]
12-17 10:34:47.234  1937  2586 I am_focused_activity: [0,com.motorola.camera/.Secure]
12-17 10:34:47.235  1937  2517 I dvm_lock_sample: [system_server,1,Binder_3,318,broadcastIntent,ActivityManagerService.java,17217,startActivityMayWait,ActivityStackSupervisor.java,969,63]
12-17 10:34:47.235  1937  3110 I dvm_lock_sample: [system_server,1,Binder_9,318,getActivityDisplayId,ActivityManagerService.java,9068,startActivityMayWait,ActivityStackSupervisor.java,969,63]
12-17 10:34:47.236  1937  2944 I dvm_lock_sample: [system_server,1,Binder_6,226,stopServiceToken,ActivityManagerService.java,16021,startActivityMayWait,ActivityStackSupervisor.java,969,45]
12-17 10:34:47.237  1937  1973 I dvm_lock_sample: [system_server,1,android.display,213,windowsGone,ActivityRecord.java,365,startActivityMayWait,ActivityStackSupervisor.java,969,42]
12-17 10:34:47.340 25741 25741 I am_on_resume_called: [0,com.motorola.camera.Secure]
12-17 10:34:47.351 25741 25741 I am_on_paused_called: [0,com.motorola.camera.Secure]
12-17 10:34:47.352  1937  1953 I am_focused_activity: [0,com.motorola.camera/.Secure]
12-17 10:34:47.392   452 26357 I liblog  : 379
12-17 10:34:47.423  1937  2535 I dvm_lock_sample: [system_server,1,Binder_4,22,prepareAppTransition,WindowManagerService.java,4215,relayoutWindow,-,3150,4]
12-17 10:34:47.427  1937  2535 I am_resume_activity: [0,166348672,66,com.motorola.camera/.Secure]
12-17 10:34:47.489  1937  1973 I am_activity_launch_time: [0,166348672,com.motorola.camera/.Secure,257,582]
12-17 10:34:47.527 25741 25741 I am_on_resume_called: [0,com.motorola.camera.Secure]
12-17 10:34:50.079  1937  1983 I liblog  : 300
12-17 10:34:50.080   390  2975 I liblog  : 202
12-17 10:34:50.105  2492  2492 I liblog  : 30
12-17 10:34:50.115   452 26378 I liblog  : 362
12-17 10:34:50.140 25741 25781 I liblog  : 674
12-17 10:34:50.307 25741 25741 I am_on_paused_called: [0,com.motorola.camera.Secure]
12-17 10:34:50.307  1937  3093 I am_failed_to_pause: [0,166348672,com.motorola.camera/.Secure,(none)]
12-17 10:34:50.319  2451  2451 I liblog  : 16
12-17 10:34:50.347 19373 26427 I aggregation: 1450328690347
12-17 10:34:50.475   363   363 I liblog  : 3
12-17 10:34:50.475   363   363 I sf_frame_dur: [SurfaceView,2,9,8,1,0,1,0]
12-17 10:34:50.490  1937  2517 I wm_task_removed: [66,removeAppToken: last token]
12-17 10:34:50.490  1937  2517 I wm_task_removed: [66,removeTask]
12-17 10:34:50.490  1937  2517 I am_home_stack_moved: [0,1,0,0,activityDestroyed leftTaskHistoryEmpty]
12-17 10:34:50.490  1937  2517 I wm_stack_removed: 7
12-17 10:34:50.515  3396  3396 I liblog  : 3
12-17 10:34:50.593  3113  3329 I liblog  : 3
12-17 10:34:50.627  3829  3829 I liblog  : 2
12-17 10:34:50.649  1937  2944 I notification_visibility: [0|com.android.providers.downloads|0|1:com.android.vending|10016,1,63142,1152,0,2]
12-17 10:34:50.649  1937  2944 I notification_visibility: [0|com.motorola.tools.batterytracer|2131165197|null|1000,1,3051769,12005,0,1]
12-17 10:34:50.654  1937  1937 I power_screen_broadcast_done: [0,1084,1]
12-17 10:34:50.654  1937  1937 I power_screen_broadcast_send: 1
12-17 10:34:50.656  2578  2578 I liblog  : 6
12-17 10:34:50.668  3104  3104 I liblog  : 30
12-17 10:34:50.722  1937  1937 I power_screen_broadcast_done: [1,68,1]
12-17 10:34:50.917  1937  3241 I am_proc_start: [0,26450,10020,com.google.process.gapps,content provider,com.google.android.gsf/.gservices.GservicesProvider]
12-17 10:34:51.018  2492  2492 I sysui_lockscreen_gesture: [4,180,1319]
12-17 10:34:51.025  1937  7042 I wm_stack_created: [8,0,0,0,0]
12-17 10:34:51.036  1937  7042 I am_home_stack_moved: [0,0,8,8,startingNewTask]
12-17 10:34:51.037  1937  7042 I am_create_task: [0,67]
12-17 10:34:51.037  1937  7042 I am_create_activity: [0,128230323,67,com.motorola.camera/.Secure,android.media.action.STILL_IMAGE_CAMERA_SECURE,NULL,NULL,276824064]
12-17 10:34:51.037  1937  7042 I wm_task_created: [67,8]
12-17 10:34:51.037  1937  7042 I wm_task_moved: [67,1,0]
12-17 10:34:51.045  1937  7042 I am_restart_activity: [0,128230323,67,com.motorola.camera/.Secure]
12-17 10:34:51.049  1937  7042 I am_pause_activity: [0,128230323,com.motorola.camera/.Secure]
12-17 10:34:51.050  1937  7042 I am_home_stack_moved: [0,0,8,8,startedActivity setFocusedActivity]
12-17 10:34:51.050  1937  7042 I wm_task_moved: [67,1,0]
12-17 10:34:51.069  1937  7042 I am_focused_activity: [0,com.motorola.camera/.Secure]
12-17 10:34:51.069  1937  1949 I am_proc_bound: [0,26450,com.google.process.gapps]
12-17 10:34:51.216 25741 25741 I am_on_resume_called: [0,com.motorola.camera.Secure]
12-17 10:34:51.227 25741 25741 I am_on_paused_called: [0,com.motorola.camera.Secure]
12-17 10:34:51.227  1937  1953 I am_focused_activity: [0,com.motorola.camera/.Secure]
12-17 10:34:51.268  1937  3263 I am_resume_activity: [0,128230323,67,com.motorola.camera/.Secure]
12-17 10:34:51.294  1937  1955 I dvm_lock_sample: [system_server,1,android.ui,36,dispatchProcessesChanged,ActivityManagerService.java,3804,setLockScreenShown,-,10635,7]
12-17 10:34:51.340  1937  1973 I am_activity_launch_time: [0,128230323,com.motorola.camera/.Secure,291,303]
12-17 10:34:51.405 25741 25741 I am_on_resume_called: [0,com.motorola.camera.Secure]
12-17 10:34:53.535  1937  2427 I liblog  : 126
12-17 10:34:53.668  1937  2427 I liblog  : 4
12-17 10:34:53.674  1937  1937 I power_screen_state: [0,2,0,0]
12-17 10:34:54.051  1937  1983 I liblog  : 49
12-17 10:34:54.051  2578  2578 I liblog  : 1
12-17 10:34:54.056 25741 25781 I liblog  : 646
12-17 10:34:54.058  1937  1983 I am_home_stack_moved: [0,1,0,0,noMoreActivities setFocusedActivity]
12-17 10:34:54.058  1937  1983 I wm_task_moved: [57,1,1]
12-17 10:34:54.082   390  2975 I liblog  : 144
12-17 10:34:54.083   452 26492 I liblog  : 297
12-17 10:34:54.097  1937  1983 I am_focused_activity: [0,com.google.android.googlequicksearchbox/com.google.android.launcher.GEL]
12-17 10:34:54.104  1937  1983 I am_resume_activity: [0,97956882,57,com.google.android.googlequicksearchbox/com.google.android.launcher.GEL]
12-17 10:34:54.119  2492  2560 I liblog  : 19
12-17 10:34:54.199  1937  2437 I liblog  : 26
12-17 10:34:54.200  2451  2451 I liblog  : 1
12-17 10:34:54.217  3104 13106 I liblog  : 3
12-17 10:34:54.231   452 26492 I liblog  : 8
12-17 10:34:54.234  1937  3241 I notification_expansion: [0|com.android.mms|123|null|10029,0,0,3040825,3040825,4202]
12-17 10:34:54.257   390 26469 I liblog  : 5
12-17 10:34:54.273  2492  2492 I liblog  : 1
12-17 10:34:54.273  2492  2492 I sysui_histogram: [note_load,10]
12-17 10:34:54.273  1937  6726 I notification_panel_revealed: 10
12-17 10:34:54.304  2492  2492 I sysui_status_bar_state: [1,1,0,0,1,0]
12-17 10:34:54.310  1937  1949 I am_pause_activity: [0,97956882,com.google.android.googlequicksearchbox/com.google.android.launcher.GEL]
12-17 10:34:54.314  3113  3137 I liblog  : 1
12-17 10:34:54.316  1937  3128 I notification_visibility: [0|com.android.mms|123|null|10029,1,3040907,3040907,0,0]
12-17 10:34:54.409  3113  3113 I am_on_paused_called: [0,com.google.android.launcher.GEL]
12-17 10:34:54.410  1937  1953 I am_focused_activity: [0,com.google.android.googlequicksearchbox/com.google.android.launcher.GEL]
12-17 10:34:54.622 25741 25741 I am_on_paused_called: [0,com.motorola.camera.Secure]
12-17 10:34:54.622  1937  2944 I am_failed_to_pause: [0,128230323,com.motorola.camera/.Secure,(none)]
12-17 10:34:54.707  1937  5512 I wm_task_removed: [67,removeAppToken: last token]
12-17 10:34:54.707  1937  5512 I wm_task_removed: [67,removeTask]
12-17 10:34:54.707  1937  5512 I am_home_stack_moved: [0,1,0,0,activityDestroyed leftTaskHistoryEmpty]
12-17 10:34:54.707  1937  5512 I wm_stack_removed: 8
12-17 10:34:54.709   363   363 I liblog  : 1
12-17 10:34:54.709   363   363 I sf_frame_dur: [SurfaceView,5,8,8,0,2,1,0]
12-17 10:34:54.773  1937  1953 I am_proc_start: [0,26564,10037,com.android.vending,broadcast,com.android.vending/com.google.android.finsky.download.DownloadBroadcastReceiver]
12-17 10:34:54.870  1937  1937 I notification_canceled: [0|com.android.providers.downloads|0|1:com.android.vending|10016,8,67364,256,4222]
12-17 10:34:54.905  1937  1949 I am_proc_bound: [0,26564,com.android.vending]
12-17 10:34:54.936  1937  3093 I notification_visibility: [0|com.motorola.bug2go|2|null|1007,1,99253,28812,0,2]
12-17 10:34:54.936  1937  3093 I notification_visibility: [0|com.motorola.tools.batterytracer|2131165197|null|1000,1,3056056,16292,0,1]
12-17 10:34:55.018  3396  3396 I liblog  : 3
12-17 10:34:55.050  1937  1937 I power_screen_broadcast_done: [0,1375,1]
12-17 10:34:55.050  1937  1937 I power_screen_broadcast_send: 1
12-17 10:34:55.255  1937  2944 I liblog  : 26
12-17 10:34:55.273  3829  3829 I liblog  : 4
12-17 10:34:55.280  1937  1937 I power_screen_broadcast_done: [1,230,1]
12-17 10:34:55.329  2451  2451 I liblog  : 5
12-17 10:34:55.431  2492  2492 I liblog  : 1
12-17 10:34:55.663   790   854 I liblog  : 3
12-17 10:34:55.663  1937  2433 I dvm_lock_sample: [system_server,0,NetdConnector,5693,read,LocalSocketImpl.java,103,,,0,150]
12-17 10:34:56.106  2492  2492 I sysui_lockscreen_gesture: [4,178,1539]
12-17 10:34:56.111  1937  2586 I wm_stack_created: [9,0,0,0,0]
12-17 10:34:56.116  1937  2586 I am_home_stack_moved: [0,0,9,9,startingNewTask]
12-17 10:34:56.116  1937  2586 I am_create_task: [0,68]
12-17 10:34:56.117  1937  2586 I am_create_activity: [0,144488436,68,com.motorola.camera/.Secure,android.media.action.STILL_IMAGE_CAMERA_SECURE,NULL,NULL,276824064]
12-17 10:34:56.119  1937  2586 I wm_task_created: [68,9]
12-17 10:34:56.119  1937  2586 I wm_task_moved: [68,1,0]
12-17 10:34:56.136  1937  2586 I am_restart_activity: [0,144488436,68,com.motorola.camera/.Secure]
12-17 10:34:56.140  1937  2586 I am_pause_activity: [0,144488436,com.motorola.camera/.Secure]
12-17 10:34:56.140  1937  2586 I am_home_stack_moved: [0,0,9,9,startedActivity setFocusedActivity]
12-17 10:34:56.140  1937  2586 I wm_task_moved: [68,1,0]
12-17 10:34:56.165  1937  2586 I am_focused_activity: [0,com.motorola.camera/.Secure]
12-17 10:34:56.297 25741 25741 I am_on_resume_called: [0,com.motorola.camera.Secure]
12-17 10:34:56.318 25741 25741 I am_on_paused_called: [0,com.motorola.camera.Secure]
12-17 10:34:56.319  1937  1953 I am_focused_activity: [0,com.motorola.camera/.Secure]
12-17 10:34:56.362  1937  1948 I am_resume_activity: [0,144488436,68,com.motorola.camera/.Secure]
12-17 10:34:56.387  1937  3128 I dvm_lock_sample: [system_server,1,Binder_A,18,broadcastIntent,ActivityManagerService.java,17217,setLockScreenShown,-,10635,3]
12-17 10:34:56.477  1937  1973 I am_activity_launch_time: [0,144488436,com.motorola.camera/.Secure,337,358]
12-17 10:34:56.511 25741 25741 I am_on_resume_called: [0,com.motorola.camera.Secure]
12-17 10:34:58.789  1937  2427 I liblog  : 59
12-17 10:34:58.971  1937  2427 I power_sleep_requested: 1
12-17 10:34:58.975  2492  3183 I liblog  : 26
12-17 10:34:59.141   363   946 I liblog  : 2
12-17 10:34:59.181   390 26610 I liblog  : 147
12-17 10:34:59.438  1937  1937 I power_screen_state: [0,2,0,0]
12-17 10:34:59.438  1937  1937 I screen_toggled: 0
12-17 10:34:59.438  1937  1937 I sysui_histogram: [screen_timeout,30]
12-17 10:34:59.439  1937  1937 I power_screen_broadcast_send: 1
12-17 10:34:59.440  1937  1937 I power_screen_state: [1,0,0,0]
12-17 10:34:59.453  1937  1937 I screen_toggled: 1
12-17 10:34:59.462  1937  1948 I am_finish_activity: [0,144488436,68,com.motorola.camera/.Secure,app-request]
12-17 10:34:59.530  1937  1948 I am_pause_activity: [0,144488436,com.motorola.camera/.Secure]
12-17 10:34:59.530 25741 25754 I liblog  : 618
12-17 10:34:59.743  1937  1983 I am_home_stack_moved: [0,1,0,0,noMoreActivities setFocusedActivity]
12-17 10:34:59.743  1937  1983 I wm_task_moved: [57,1,1]
12-17 10:34:59.764  1937  1983 I am_focused_activity: [0,com.google.android.googlequicksearchbox/com.google.android.launcher.GEL]
12-17 10:34:59.791  1937  1983 I am_resume_activity: [0,97956882,57,com.google.android.googlequicksearchbox/com.google.android.launcher.GEL]
12-17 10:34:59.827  1937  1955 I dvm_lock_sample: [system_server,1,android.ui,179,dispatchUidsChanged,ActivityManagerService.java,3867,startService,-,15962,35]
12-17 10:34:59.829  1937  1948 I dvm_lock_sample: [system_server,1,Binder_1,64,unregisterReceiver,ActivityManagerService.java,16574,release,-,20851,12]
12-17 10:34:59.869  2578  2578 I liblog  : 2
12-17 10:34:59.879  1937  1953 I dvm_lock_sample: [system_server,1,ActivityManager,38,activityIdleInternal,ActivityStackSupervisor.java,4052,processNextBroadcast,BroadcastQueue.java,639,7]
12-17 10:34:59.880  1937  1953 I am_destroy_activity: [0,144488436,68,com.motorola.camera/.Secure,finish-imm]
12-17 10:34:59.912  2451  2451 I liblog  : 1
12-17 10:34:59.917  3113  3113 I am_on_resume_called: [0,com.google.android.launcher.GEL]
12-17 10:34:59.925  3104  3783 I liblog  : 4
12-17 10:34:59.931  1937  2535 I notification_expansion: [0|com.android.mms|123|null|10029,0,0,3046522,3046522,5615]
12-17 10:34:59.975  2492  2492 I sysui_histogram: [note_load,9]
12-17 10:34:59.975  1937  1948 I notification_panel_revealed: 9
12-17 10:34:59.982  2492  2492 I sysui_status_bar_state: [1,1,0,0,1,0]
12-17 10:34:59.983  1937  3110 I am_pause_activity: [0,97956882,com.google.android.googlequicksearchbox/com.google.android.launcher.GEL]
12-17 10:34:59.986  1937  1949 I notification_visibility: [0|com.android.mms|123|null|10029,1,3046577,3046577,0,0]
12-17 10:35:00.022  3113  3113 I am_on_paused_called: [0,com.google.android.launcher.GEL]
12-17 10:35:00.023  1937  1953 I am_focused_activity: [0,com.google.android.googlequicksearchbox/com.google.android.launcher.GEL]
12-17 10:35:00.045   452 26634 I liblog  : 296
12-17 10:35:00.209  1937  3093 I am_proc_died: [0,26564,com.android.vending]
12-17 10:35:00.336  1937  1937 I power_screen_broadcast_done: [0,897,1]
12-17 10:35:00.336  1937  1937 I power_screen_broadcast_send: 1
12-17 10:35:00.444 25741 25741 I am_on_paused_called: [0,com.motorola.camera.Secure]
12-17 10:35:00.444  1937  5512 I am_failed_to_pause: [0,144488436,com.motorola.camera/.Secure,(none)]
12-17 10:35:00.483  1937  1937 I power_screen_broadcast_done: [1,147,1]
12-17 10:35:00.489  1937  5512 I notification_visibility: [0|com.motorola.bug2go|2|null|1007,1,104806,34365,0,2]
12-17 10:35:00.489  1937  5512 I notification_visibility: [0|com.motorola.tools.batterytracer|2131165197|null|1000,1,3061609,21845,0,1]
12-17 10:35:00.500  1937  8646 I wm_task_removed: [68,removeAppToken: last token]
12-17 10:35:00.501  1937  8646 I wm_task_removed: [68,removeTask]
12-17 10:35:00.501  1937  8646 I am_home_stack_moved: [0,1,0,0,activityDestroyed leftTaskHistoryEmpty]
12-17 10:35:00.501  1937  8646 I wm_stack_removed: 9
12-17 10:35:00.510   363   363 I sf_frame_dur: [SurfaceView,5,10,23,2,0,1,0]
12-17 10:35:00.932  1937  2433 I dvm_lock_sample: [system_server,0,NetdConnector,5269,read,LocalSocketImpl.java,103,,,0,150]
12-17 10:35:00.997  1937  2586 I notification_visibility: [0|com.motorola.bug2go|2|null|1007,0,105314,34873,0,2]
12-17 10:35:01.005  2492  2492 I sysui_lockscreen_gesture: [1,213,2551]
12-17 10:35:01.005  2492  2492 I sysui_status_bar_state: [1,1,0,1,1,0]
12-17 10:35:01.147  1937  3093 I notification_visibility: [0|com.android.mms|123|null|10029,0,3047738,3047738,0,0]
12-17 10:35:01.148  1937  3093 I notification_visibility: [0|com.motorola.tools.batterytracer|2131165197|null|1000,0,3062268,22504,0,1]
12-17 10:35:01.148  1937  2517 I notification_panel_hidden: []
12-17 10:35:02.166  2492  2492 I screen_toggled: 2
12-17 10:35:02.420  1937  3128 I am_resume_activity: [0,97956882,57,com.google.android.googlequicksearchbox/com.google.android.launcher.GEL]
12-17 10:35:02.496  3113  3113 I am_on_resume_called: [0,com.google.android.launcher.GEL]
12-17 10:35:02.507  1937  3263 I notification_expansion: [0|com.android.mms|123|null|10029,0,1,3049098,3049098,2521]
12-17 10:35:02.527  2492  2492 I sysui_status_bar_state: [0,0,0,0,1,0]
12-17 10:35:02.652  1937  3241 I am_proc_start: [0,26723,10047,com.google.android.googlequicksearchbox:search,service,com.google.android.googlequicksearchbox/com.google.android.search.core.service.SearchService]
12-17 10:35:02.741  1937  3241 I am_proc_bound: [0,26723,com.google.android.googlequicksearchbox:search]
12-17 10:35:03.284  1937  3096 I am_proc_start: [0,26742,10020,com.google.process.gapps,content provider,com.google.android.gsf/.settings.GoogleSettingsProvider]
12-17 10:35:03.310  1937  1949 I am_proc_start: [0,26748,10024,com.google.android.partnersetup,content provider,com.google.android.partnersetup/.RlzAppProvider]
12-17 10:35:03.354  1937  3093 I am_proc_bound: [0,26742,com.google.process.gapps]
12-17 10:35:03.412  1937  3110 I am_proc_bound: [0,26748,com.google.android.partnersetup]
12-17 10:35:03.584  1937  2535 I wm_stack_created: [10,0,0,0,0]
12-17 10:35:03.589  1937  2535 I am_home_stack_moved: [0,0,10,10,startingNewTask]
12-17 10:35:03.589  1937  2535 I am_create_task: [0,69]
12-17 10:35:03.589  1937  2535 I am_create_activity: [0,156352172,69,com.motorola.camera/.Camera,android.intent.action.MAIN,NULL,NULL,270532608]
12-17 10:35:03.593  1937  2535 I wm_task_created: [69,10]
12-17 10:35:03.594  1937  2535 I wm_task_moved: [69,1,0]
12-17 10:35:03.594  1937  2535 I am_pause_activity: [0,97956882,com.google.android.googlequicksearchbox/com.google.android.launcher.GEL]
12-17 10:35:03.605  1937  2535 I am_home_stack_moved: [0,0,10,10,startedActivity setFocusedActivity]
12-17 10:35:03.605  1937  2535 I wm_task_moved: [69,1,0]
12-17 10:35:03.609  1937  2535 I am_focused_activity: [0,com.motorola.camera/.Camera]
12-17 10:35:03.630  3113  3113 I am_on_paused_called: [0,com.google.android.launcher.GEL]
12-17 10:35:03.636  1937  2517 I am_restart_activity: [0,156352172,69,com.motorola.camera/.Camera]
12-17 10:35:03.847 25741 25741 I am_on_resume_called: [0,com.motorola.camera.Camera]
12-17 10:35:03.887  1937  1983 I dvm_lock_sample: [system_server,1,PowerManagerService,5,setScreenBrightnessOverrideFromW,PowerManagerService.java,2645,setScreenAutoBrightnessAdjustmen,-,2655,1]
12-17 10:35:04.068  1937  1973 I am_activity_launch_time: [0,156352172,com.motorola.camera/.Camera,434,434]
12-17 10:35:04.075   363   363 I sf_frame_dur: [com.google.android.googlequicksearchbox/com.google.android.launcher.GEL,1,0,1,0,0,2,1]
12-17 10:35:06.640  1937  1983 I liblog  : 213
12-17 10:35:06.641   390 26819 I liblog  : 146
12-17 10:35:06.650   452 26844 I liblog  : 338
12-17 10:35:06.711   363   937 I liblog  : 9
12-17 10:35:06.731 25741 25781 I liblog  : 627
12-17 10:35:06.775 25741 25741 I dvm_lock_sample: [com.motorola.camera,1,main,41,wait,Object.java,-2,guardedRun,GLSurfaceView.java,1289,8]
12-17 10:35:06.900  1937  8646 I am_pause_activity: [0,156352172,com.motorola.camera/.Camera]
12-17 10:35:06.903  1937  2535 I dvm_lock_sample: [system_server,1,Binder_4,203,broadcastIntent,ActivityManagerService.java,17217,setLockScreenShown,-,10635,40]
12-17 10:35:06.903  1937  3096 I dvm_lock_sample: [system_server,1,Binder_8,299,getCurrentUser,ActivityManagerService.java,20672,setLockScreenShown,-,10635,59]
12-17 10:35:06.904  1937  6726 I dvm_lock_sample: [system_server,1,Binder_E,127,unregisterReceiver,ActivityManagerService.java,16574,setLockScreenShown,-,10635,25]
12-17 10:35:06.906 25741 25741 I am_on_paused_called: [0,com.motorola.camera.Camera]
12-17 10:35:06.908  1937  1953 I am_focused_activity: [0,com.motorola.camera/.Camera]
12-17 10:35:06.911  3104 11114 I liblog  : 1
12-17 10:35:06.919  2492  2492 I liblog  : 13
12-17 10:35:06.919  2492  2492 I sysui_histogram: [note_load,9]
12-17 10:35:06.920  1937  2944 I notification_panel_revealed: 9
12-17 10:35:06.922  1937  3241 I notification_visibility: [0|com.android.mms|123|null|10029,1,3053513,3053513,0,0]
12-17 10:35:07.098  2578  2578 I liblog  : 6
12-17 10:35:07.109 25741 25741 I am_on_resume_called: [0,com.motorola.camera.Camera]
12-17 10:35:07.152   256   256 I liblog  : 3
12-17 10:35:07.331  2451  2451 I liblog  : 9
12-17 10:35:08.089 25741 25781 I liblog  : 848
12-17 10:35:08.126   390   390 I liblog  : 155
12-17 10:35:08.132   390   390 I liblog  : 19
12-17 10:35:08.132 25741 25781 I liblog  : 170
12-17 10:35:08.139  2451  2451 I liblog  : 4
12-17 10:35:08.145 25741 25781 I liblog  : 34
12-17 10:35:08.171   452 26995 I liblog  : 43
12-17 10:35:08.178  1937  3110 I liblog  : 134
12-17 10:35:08.562   390 26970 I liblog  : 78
12-17 10:35:08.563   452 27027 I liblog  : 270
12-17 10:35:08.598  1937  1973 I liblog  : 17
12-17 10:35:08.710 25741 25781 I liblog  : 72
12-17 10:35:08.774  2492  2492 I liblog  : 78
12-17 10:35:09.100   363   363 I liblog  : 2
12-17 10:35:09.375  2451  2451 I liblog  : 2
12-17 10:35:09.901  1937  2586 I am_finish_activity: [0,156352172,69,com.motorola.camera/.Camera,app-request]
12-17 10:35:09.954  1937  2586 I am_pause_activity: [0,156352172,com.motorola.camera/.Camera]
12-17 10:35:10.284 25741 25741 I am_on_paused_called: [0,com.motorola.camera.Camera]
12-17 10:35:10.285  1937  3128 I am_home_stack_moved: [0,1,0,0,noMoreActivities setFocusedActivity]
12-17 10:35:10.285  1937  3128 I wm_task_moved: [57,1,1]
12-17 10:35:10.288  1937  3128 I am_focused_activity: [0,com.google.android.googlequicksearchbox/com.google.android.launcher.GEL]
12-17 10:35:10.293  1937  3128 I am_resume_activity: [0,97956882,57,com.google.android.googlequicksearchbox/com.google.android.launcher.GEL]
12-17 10:35:10.295  1937  1953 I am_destroy_activity: [0,156352172,69,com.motorola.camera/.Camera,finish-imm]
12-17 10:35:10.337  1937  3128 I notification_expansion: [0|com.android.mms|123|null|10029,0,0,3056928,3056928,3415]
12-17 10:35:10.339  3113  3113 I am_on_resume_called: [0,com.google.android.launcher.GEL]
12-17 10:35:10.348  3104  3104 I liblog  : 15
12-17 10:35:10.359  2492  2492 I sysui_histogram: [note_load,9]
12-17 10:35:10.359  1937  1948 I notification_panel_revealed: 9
12-17 10:35:10.367  2492  2492 I sysui_status_bar_state: [1,1,0,0,1,0]
12-17 10:35:10.371  1937  3110 I am_pause_activity: [0,97956882,com.google.android.googlequicksearchbox/com.google.android.launcher.GEL]
12-17 10:35:10.388  1937  1949 I notification_visibility: [0|com.android.mms|123|null|10029,1,3056979,3056979,0,0]
12-17 10:35:10.401  3113  3113 I am_on_paused_called: [0,com.google.android.launcher.GEL]
12-17 10:35:10.431  1937  1953 I am_focused_activity: [0,com.google.android.googlequicksearchbox/com.google.android.launcher.GEL]
12-17 10:35:10.439  1937  3128 I dvm_lock_sample: [system_server,1,Binder_A,30,removeWindow,WindowManagerService.java,2739,relayoutWindow,-,3150,6]
12-17 10:35:10.461  1937  8646 I wm_task_removed: [69,removeAppToken: last token]
12-17 10:35:10.461  1937  8646 I wm_task_removed: [69,removeTask]
12-17 10:35:10.461  1937  8646 I am_home_stack_moved: [0,1,0,0,activityDestroyed leftTaskHistoryEmpty]
12-17 10:35:10.461  1937  8646 I wm_stack_removed: 10
12-17 10:35:10.466   363   363 I sf_frame_dur: [SurfaceView,15,14,31,3,1,2,0]
12-17 10:35:10.581   363   363 I sf_frame_dur: [com.motorola.camera/com.motorola.camera.Camera,0,0,0,1,0,2,1]
12-17 10:35:10.849  3829  3929 I liblog  : 23
12-17 10:35:10.888  1937  2944 I notification_visibility: [0|com.motorola.bug2go|2|null|1007,1,115205,44764,0,2]
12-17 10:35:10.888  1937  2944 I notification_visibility: [0|com.motorola.tools.batterytracer|2131165197|null|1000,1,3072008,32244,0,1]
12-17 10:35:10.986   788  2063 I liblog  : 6
12-17 10:35:10.987  3104  3191 I dvm_lock_sample: [com.android.phone,0,RILReceiver0,2515,read,LocalSocketImpl.java,103,,,0,150]
12-17 10:35:11.001  2578  2578 I liblog  : 12
12-17 10:35:11.050   363   363 I sf_frame_dur: [NavigationBar,24,1,0,0,0,0,1]
12-17 10:35:11.389  2492  2492 I sysui_lockscreen_gesture: [1,107,1727]
12-17 10:35:11.390  2492  2492 I sysui_status_bar_state: [1,1,0,1,1,0]
12-17 10:35:11.621  1937  3110 I notification_visibility: [0|com.android.mms|123|null|10029,0,3058212,3058212,0,0]
12-17 10:35:11.621  1937  3110 I notification_visibility: [0|com.motorola.bug2go|2|null|1007,0,115938,45497,0,2]
12-17 10:35:11.621  1937  3110 I notification_visibility: [0|com.motorola.tools.batterytracer|2131165197|null|1000,0,3072741,32977,0,1]
12-17 10:35:11.621  1937  5512 I notification_panel_hidden: []
12-17 10:35:12.741   407   583 I liblog  : 6
12-17 10:35:12.742  5050  5158 I liblog  : 10
12-17 10:35:12.742  5050  5158 I dvm_lock_sample: [com.motorola.motocare,0,ThermalThread,4432,read,LocalSocketImpl.java,103,,,0,150]
12-17 10:35:12.743  5050  5158 I dvm_lock_sample: [com.motorola.motocare,0,ThermalThread,4432,read,InputStreamReader.java,272,,,0,150]
12-17 10:35:12.743  5050  5158 I dvm_lock_sample: [com.motorola.motocare,0,ThermalThread,4432,readLine,BufferedReader.java,409,,,0,150]
12-17 10:35:13.558 24622 24622 I liblog  : 6
12-17 10:35:14.685  3396  3396 I liblog  : 2
12-17 10:35:14.685  2492  2492 I screen_toggled: 2
12-17 10:35:14.951  1937  2535 I am_resume_activity: [0,97956882,57,com.google.android.googlequicksearchbox/com.google.android.launcher.GEL]
12-17 10:35:14.992  3113  3113 I am_on_resume_called: [0,com.google.android.launcher.GEL]
12-17 10:35:15.014  1937  8646 I notification_expansion: [0|com.android.mms|123|null|10029,0,1,3061605,3061605,4626]
12-17 10:35:15.030  2492  2492 I sysui_status_bar_state: [0,0,0,0,1,0]
12-17 10:35:15.143 26723 26723 I liblog  : 2
12-17 10:35:15.934  3104  3191 I dvm_lock_sample: [com.android.phone,0,RILReceiver0,4946,read,LocalSocketImpl.java,103,,,0,150]
12-17 10:35:15.989  3104  3195 I dvm_lock_sample: [com.android.phone,0,RILReceiver1,125759,read,LocalSocketImpl.java,103,,,0,150]
12-17 10:35:18.303  5050  5158 I dvm_lock_sample: [com.motorola.motocare,0,ThermalThread,5547,read,LocalSocketImpl.java,103,,,0,150]
12-17 10:35:18.303  5050  5158 I dvm_lock_sample: [com.motorola.motocare,0,ThermalThread,5547,read,InputStreamReader.java,272,,,0,150]
12-17 10:35:18.303  5050  5158 I dvm_lock_sample: [com.motorola.motocare,0,ThermalThread,5547,readLine,BufferedReader.java,409,,,0,150]
12-17 10:35:18.776  1937  3096 I wm_stack_created: [11,0,0,0,0]
12-17 10:35:18.788  1937  3096 I am_home_stack_moved: [0,0,11,11,startingNewTask]
12-17 10:35:18.788  1937  3096 I am_create_task: [0,70]
12-17 10:35:18.788  1937  3096 I am_create_activity: [0,221411080,70,com.android.settings/.applications.InstalledAppDetails,android.settings.APPLICATION_DETAILS_SETTINGS,NULL,package:com.motorola.camera,276856832]
12-17 10:35:18.790  1937  3096 I wm_task_created: [70,11]
12-17 10:35:18.790  1937  3096 I wm_task_moved: [70,1,0]
12-17 10:35:18.790  1937  3096 I am_pause_activity: [0,97956882,com.google.android.googlequicksearchbox/com.google.android.launcher.GEL]
12-17 10:35:18.793  1937  3096 I am_home_stack_moved: [0,0,11,11,startedActivity setFocusedActivity]
12-17 10:35:18.793  1937  3096 I wm_task_moved: [70,1,0]
12-17 10:35:18.796  1937  3096 I am_focused_activity: [0,com.android.settings/.applications.InstalledAppDetails]
12-17 10:35:18.898  3113  3113 I am_on_paused_called: [0,com.google.android.launcher.GEL]
12-17 10:35:18.922  1937  8646 I am_proc_start: [0,27151,1000,com.android.settings,activity,com.android.settings/.applications.InstalledAppDetails]
12-17 10:35:19.022  1937  5512 I am_proc_bound: [0,27151,com.android.settings]
12-17 10:35:19.025  1937  5512 I am_restart_activity: [0,221411080,70,com.android.settings/.applications.InstalledAppDetails]
12-17 10:35:19.046  3396  3541 I force_gc: Binder
12-17 10:35:19.501   363   363 I sf_frame_dur: [com.google.android.googlequicksearchbox/com.google.android.launcher.GEL,93,3,4,1,3,1,1]
12-17 10:35:19.537 27151 27151 I sysui_view_visibility: [20,100]
12-17 10:35:19.694  1937  1953 I am_proc_start: [0,27193,10023,com.google.android.packageinstaller,broadcast,com.google.android.packageinstaller/com.android.packageinstaller.permission.model.PermissionStatusReceiver]
12-17 10:35:19.735  1937  5512 I am_proc_bound: [0,27193,com.google.android.packageinstaller]
12-17 10:35:19.844  1937  2068 I am_proc_start: [0,27206,10013,com.android.defcontainer,service,com.android.defcontainer/.DefaultContainerService]
12-17 10:35:19.886  1937  5512 I am_proc_bound: [0,27206,com.android.defcontainer]
12-17 10:35:19.946 27151 27151 I am_on_resume_called: [0,com.android.settings.applications.InstalledAppDetails]
12-17 10:35:20.313  1937  1983 I auto_brightness_adj: [0.661133,-1.000000,68,0.577350,0.661133,20.000000,81,0.483681]
12-17 10:35:20.413  1937  1973 I am_activity_launch_time: [0,221411080,com.android.settings/.applications.InstalledAppDetails,1515,1515]
12-17 10:35:20.490  1937  1951 I am_pss  : [3113,10047,com.google.android.googlequicksearchbox,35553280,31887360]
12-17 10:35:20.846  3104  3191 I dvm_lock_sample: [com.android.phone,0,RILReceiver0,4875,read,LocalSocketImpl.java,103,,,0,150]
12-17 10:35:21.400  1937  1937 I notification_enqueue: [1000,3829,com.motorola.tools.batterytracer,2131165197,NULL,0,Notification(pri=0 contentView=com.motorola.tools.batterytracer/0x1090085 vibrate=null sound=null defaults=0x0 flags=0x62 color=0x00000000 vis=PRIVATE),1]
12-17 10:35:21.727  1937  1949 I am_finish_activity: [0,221411080,70,com.android.settings/.applications.InstalledAppDetails,app-request]
12-17 10:35:21.755  1937  1949 I am_pause_activity: [0,221411080,com.android.settings/.applications.InstalledAppDetails]
12-17 10:35:21.841 27151 27151 I sysui_view_visibility: [20,0]
12-17 10:35:21.845 27151 27151 I am_on_paused_called: [0,com.android.settings.applications.InstalledAppDetails]
12-17 10:35:21.845  1937  1948 I am_home_stack_moved: [0,1,0,0,noMoreActivities setFocusedActivity]
12-17 10:35:21.846  1937  1948 I wm_task_moved: [57,1,1]
12-17 10:35:21.848  1937  1948 I am_focused_activity: [0,com.google.android.googlequicksearchbox/com.google.android.launcher.GEL]
12-17 10:35:21.852  1937  1948 I am_resume_activity: [0,97956882,57,com.google.android.googlequicksearchbox/com.google.android.launcher.GEL]
12-17 10:35:21.856  1937  1953 I am_destroy_activity: [0,221411080,70,com.android.settings/.applications.InstalledAppDetails,finish-imm]
12-17 10:35:21.857  1937  1953 I am_kill : [0,26748,com.google.android.partnersetup,15,empty #7]
12-17 10:35:21.891  1937  3263 I am_proc_died: [0,26748,com.google.android.partnersetup]
12-17 10:35:21.892  1937  2517 I dvm_lock_sample: [system_server,1,Binder_3,37,broadcastIntent,ActivityManagerService.java,17217,activityPaused,-,6619,7]
12-17 10:35:21.912  3113  3113 I am_on_resume_called: [0,com.google.android.launcher.GEL]
12-17 10:35:21.925  1937  8646 I am_home_stack_moved: [0,1,0,0,activityDestroyed leftTaskHistoryEmpty]
12-17 10:35:21.980  1937  2535 I force_gc: Binder
12-17 10:35:22.404  1937  1973 I wm_stack_removed: 11
12-17 10:35:22.409  1937  1973 I wm_task_removed: [70,removeAppToken: last token]
12-17 10:35:22.409  1937  1973 I wm_task_removed: [70,removeTask]
12-17 10:35:22.436   363   363 I sf_frame_dur: [com.android.settings/com.android.settings.applications.InstalledAppDetails,35,3,2,0,0,1,0]
12-17 10:35:23.453  2492  2492 I sysui_panelholder_touch: [0,636,9]
12-17 10:35:23.453  2492  2492 I sysui_count: [panel_open,1]
12-17 10:35:23.456  2492  2492 I sysui_histogram: [note_load,9]
12-17 10:35:23.457  1937  3096 I notification_panel_revealed: 9
12-17 10:35:23.458  1937  1948 I notification_visibility: [0|com.android.mms|123|null|10029,1,3070049,3070049,0,0]
12-17 10:35:23.959  1937  3093 I notification_visibility: [0|com.motorola.bug2go|2|null|1007,1,128276,57835,0,2]
12-17 10:35:23.959  1937  3093 I notification_visibility: [0|com.motorola.tools.batterytracer|2131165197|null|1000,1,3085079,2559,0,1]
12-17 10:35:23.959  1937  3093 I notification_visibility: [-1|android|17040350|null|1000,1,110537,110537,0,6]
12-17 10:35:23.959  1937  3093 I notification_visibility: [0|com.android.systemui|2131755032|null|10045,1,213161,212100,0,3]
12-17 10:35:23.959  1937  3093 I notification_visibility: [0|com.google.android.gms|2131689521|null|10020,1,456654,456654,0,4]
12-17 10:35:23.959  1937  3093 I notification_visibility: [0|com.motorola.bug2go|2130903051|null|1007,1,3066233,3066233,0,5]
12-17 10:35:25.857  1937  1949 I notification_visibility: [0|com.android.vending|874755343|null|10037,1,242887,226142,0,7]
12-17 10:35:25.857  1937  1949 I notification_visibility: [0|com.motorola.tools.batterytracer|2131165197|null|1000,0,3086977,4457,0,1]
12-17 10:35:26.856  1937  1948 I notification_visibility: [0|com.motorola.tools.batterytracer|2131165197|null|1000,1,3087976,5456,0,1]
12-17 10:35:26.857  1937  1948 I notification_visibility: [0|com.android.vending|874755343|null|10037,0,243887,227142,0,7]
12-17 10:35:27.872   790   854 I liblog  : 3
12-17 10:35:27.873  1937  2433 I dvm_lock_sample: [system_server,0,NetdConnector,19632,read,LocalSocketImpl.java,103,,,0,150]
12-17 10:35:28.366  5050  5158 I dvm_lock_sample: [com.motorola.motocare,0,ThermalThread,10051,read,LocalSocketImpl.java,103,,,0,150]
12-17 10:35:28.367  5050  5158 I dvm_lock_sample: [com.motorola.motocare,0,ThermalThread,10051,read,InputStreamReader.java,272,,,0,150]
12-17 10:35:28.367  5050  5158 I dvm_lock_sample: [com.motorola.motocare,0,ThermalThread,10052,readLine,BufferedReader.java,409,,,0,150]
12-17 10:35:28.643  1937  1951 I am_pss  : [3829,1000,com.motorola.tools.batterytracer,12648448,11415552]
12-17 10:35:29.236  2492  2492 I sysui_view_visibility: [111,100]
12-17 10:35:29.237  2492  2492 I sysui_view_visibility: [126,100]
12-17 10:35:29.237  2492  2492 I sysui_view_visibility: [113,100]
12-17 10:35:29.237  2492  2492 I sysui_view_visibility: [118,100]
12-17 10:35:29.237  2492  2492 I sysui_view_visibility: [115,100]
12-17 10:35:29.237  2492  2492 I sysui_view_visibility: [115,100]
12-17 10:35:29.237  2492  2492 I sysui_view_visibility: [112,100]
12-17 10:35:29.237  2492  2492 I sysui_view_visibility: [123,100]
12-17 10:35:29.237  2492  2492 I sysui_view_visibility: [119,100]
12-17 10:35:29.237  2492  2492 I sysui_view_visibility: [122,100]
12-17 10:35:29.237  2492  2492 I sysui_view_visibility: [114,100]
12-17 10:35:29.325  1937  8646 I notification_visibility: [-1|android|17040350|null|1000,0,115903,115903,0,6]
12-17 10:35:29.325  1937  8646 I notification_visibility: [0|com.google.android.gms|2131689521|null|10020,0,462020,462020,0,4]
12-17 10:35:29.325  1937  8646 I notification_visibility: [0|com.motorola.bug2go|2130903051|null|1007,0,3071599,3071599,0,5]
12-17 10:35:29.825  1937  3263 I notification_visibility: [0|com.motorola.bug2go|2|null|1007,0,134142,63701,0,2]
12-17 10:35:29.826  1937  3263 I notification_visibility: [0|com.motorola.tools.batterytracer|2131165197|null|1000,0,3090946,8426,0,1]
12-17 10:35:29.826  1937  3263 I notification_visibility: [0|com.android.systemui|2131755032|null|10045,0,219028,217967,0,3]
12-17 10:35:30.655  1937  3128 I battery_status: [2,2,1,0,Li-ion]
12-17 10:35:30.762  1937  1953 I am_proc_start: [0,27433,10025,com.motorola.genie,broadcast,com.motorola.genie/.prefetch.PowerStatusReceiver]
12-17 10:35:30.808  1937  8646 I am_proc_bound: [0,27433,com.motorola.genie]
12-17 10:35:30.861  1937  1951 I am_pss  : [24506,10016,android.process.media,6864896,4997120]
12-17 10:35:30.891  1937  3241 I battery_status: [2,2,1,2,Li-ion]
12-17 10:35:30.933  1937  3110 I am_kill : [0,25741,com.motorola.camera,15,empty #7]
12-17 10:35:30.999  1937  1953 I dvm_lock_sample: [system_server,1,ActivityManager,67,batteryPowerChanged,ActivityManagerService.java,2689,serviceDoneExecuting,-,16235,13]
12-17 10:35:31.002  1937  1949 I am_proc_died: [0,25741,com.motorola.camera]
12-17 10:35:31.111  1937  2517 I am_proc_start: [0,27472,10061,com.android.chrome,broadcast,com.android.chrome/org.chromium.chrome.browser.precache.PrecacheServiceLauncher]
12-17 10:35:31.145  1937  5512 I am_proc_bound: [0,27472,com.android.chrome]
12-17 10:35:31.545  1937  3128 I am_proc_start: [0,27506,10095,com.google.android.apps.photos,broadcast,com.google.android.apps.photos/.scheduler.PowerReceiver]
12-17 10:35:31.546  1937  3128 I am_kill : [0,27193,com.google.android.packageinstaller,15,empty #7]
12-17 10:35:31.624  1937  6726 I am_proc_died: [0,27193,com.google.android.packageinstaller]
12-17 10:35:31.629  1937  3096 I am_proc_bound: [0,27506,com.google.android.apps.photos]
12-17 10:35:32.378  1937  7042 I am_kill : [0,27151,com.android.settings,15,empty #7]
12-17 10:35:32.480  1937  1951 I dvm_lock_sample: [system_server,0,android.bg,101,handleMessage,ActivityManagerService.java,2139,processNextBroadcast,BroadcastQueue.java,639,20]
12-17 10:35:32.481  1937  3241 I am_proc_died: [0,27151,com.android.settings]
12-17 10:35:32.553  1937  3241 I am_proc_start: [0,27534,10097,com.google.android.apps.plus,broadcast,com.google.android.apps.plus/com.google.android.libraries.social.autobackup.AutoBackupEnvironment$BatteryReceiver]
12-17 10:35:32.573  1937  1951 I am_pss  : [3113,10047,com.google.android.googlequicksearchbox,46830592,42807296]
12-17 10:35:32.619  1937  8646 I am_proc_bound: [0,27534,com.google.android.apps.plus]
12-17 10:35:32.645  1937  1951 I am_pss  : [3396,10020,com.google.android.gms.persistent,23564288,20680704]
12-17 10:35:33.174   806   908 I exp_det_netlink_failure: -1
12-17 10:35:33.180   788   883 I exp_det_netlink_failure: -1
12-17 10:35:33.635  1937  3241 I battery_status: [2,2,1,0,Li-ion]
12-17 10:35:33.737  1937  8646 I am_proc_start: [0,27591,10082,com.google.android.inputmethod.latin,broadcast,com.google.android.inputmethod.latin/com.android.inputmethod.latin.PowerConnectionBroadcastReceiver]
12-17 10:35:33.792  1937  3263 I am_proc_bound: [0,27591,com.google.android.inputmethod.latin]
12-17 10:35:33.914  1937  7042 I battery_status: [2,2,1,2,Li-ion]
12-17 10:35:34.061  3056  3087 I liblog  : 3
12-17 10:35:34.069  1937  2535 I dvm_lock_sample: [system_server,1,Binder_4,25,startServiceInnerLocked,ActiveServices.java,432,getStatistics,BatteryStatsService.java,297,5]
12-17 10:35:34.136  1937  1948 I battery_status: [2,2,1,0,Li-ion]
12-17 10:35:34.139  1937  5512 I force_gc: Binder
12-17 10:35:34.448  3829 27622 I dvm_lock_sample: [com.motorola.tools.batterytracer,0,Thread-186,248,internalGatherEnergyInfo,EnergyMonitorService.java,-1,internalGatherEnergyInfo,-,-1,49]
12-17 10:35:34.848  3829 27613 I dvm_lock_sample: [com.motorola.tools.batterytracer,0,Thread-185,399,EM_RecordEnergyInfo,EnergyMonitorService.java,-1,internalGatherEnergyInfo,-,-1,79]
12-17 10:35:34.962  1937  3263 I battery_status: [2,2,1,2,Li-ion]
12-17 10:35:36.141  1937  3110 I dvm_lock_sample: [system_server,1,Binder_9,1873,updateOrAddPeriodicSync,SyncStorageEngine.java,990,,,0,150]
12-17 10:35:38.315  1937  7042 I am_kill : [0,25106,android.process.acore,15,empty #7]
12-17 10:35:38.371  5050  5158 I dvm_lock_sample: [com.motorola.motocare,0,ThermalThread,9995,read,LocalSocketImpl.java,103,,,0,150]
12-17 10:35:38.371  5050  5158 I dvm_lock_sample: [com.motorola.motocare,0,ThermalThread,9995,read,InputStreamReader.java,272,,,0,150]
12-17 10:35:38.371  5050  5158 I dvm_lock_sample: [com.motorola.motocare,0,ThermalThread,9995,readLine,BufferedReader.java,409,,,0,150]
12-17 10:35:38.409  1937  3241 I am_proc_died: [0,25106,android.process.acore]
12-17 10:35:38.584  1937  5512 I am_kill : [0,26742,com.google.process.gapps,15,empty #7]
12-17 10:35:38.659  1937  3096 I am_proc_died: [0,26742,com.google.process.gapps]
12-17 10:35:40.023  1937  3110 I am_kill : [0,26723,com.google.android.googlequicksearchbox:search,15,empty #7]
12-17 10:35:40.239  1937  3096 I am_proc_died: [0,26723,com.google.android.googlequicksearchbox:search]
12-17 10:35:43.541  1937  1953 I am_proc_start: [0,27696,10006,android.process.acore,broadcast,com.android.providers.contacts/.PackageIntentReceiver]
12-17 10:35:43.586  1937  8646 I am_proc_bound: [0,27696,android.process.acore]
12-17 10:35:43.800  1937  1948 I am_proc_start: [0,27729,10037,com.android.vending,broadcast,com.android.vending/com.google.android.finsky.receivers.PackageMonitorReceiver$RegisteredReceiver]
12-17 10:35:43.803  1937  1948 I am_kill : [0,27433,com.motorola.genie,15,empty #7]
12-17 10:35:43.866  1937  2586 I dvm_lock_sample: [system_server,1,Binder_5,18,attachApplication,ActivityManagerService.java,6347,trimApplications,-,19673,3]
12-17 10:35:43.866  1937  2586 I am_proc_bound: [0,27729,com.android.vending]
12-17 10:35:43.869  1937  2944 I am_proc_died: [0,27433,com.motorola.genie]
12-17 10:35:43.871  1937  1951 I am_pss  : [3056,1000,com.motorola.process.system,10385408,9027584]
12-17 10:35:43.926  1937  1951 I am_pss  : [3104,1001,com.android.phone,10415104,8163328]
12-17 10:35:43.958  1937  1951 I am_pss  : [3067,1000,com.qualcomm.services.location,2029568,1150976]
12-17 10:35:43.986  1937  6726 I am_proc_start: [0,27742,10020,com.google.process.gapps,content provider,com.google.android.gsf/.gservices.GservicesProvider]
12-17 10:35:44.004  1937  1951 I am_pss  : [2578,1000,com.motorola.modemservice,4141056,3031040]
12-17 10:35:44.034  1937  3241 I am_proc_bound: [0,27742,com.google.process.gapps]
12-17 10:35:44.078  1937  1951 I am_pss  : [2492,10045,com.android.systemui,61373440,57790464]
12-17 10:35:44.150  1937  1951 I am_pss  : [1937,1000,system,76950528,67801088]
12-17 10:35:44.427  1937  1948 I am_kill : [0,27472,com.android.chrome,15,empty #7]
12-17 10:35:44.460  1937  7042 I am_proc_died: [0,27472,com.android.chrome]
12-17 10:35:44.505  1937  1948 I am_proc_start: [0,27783,10047,com.google.android.googlequicksearchbox:search,broadcast,com.google.android.googlequicksearchbox/com.google.android.search.core.icingsync.IcingCorporaChangedReceiver]
12-17 10:35:44.508  1937  1948 I am_kill : [0,27506,com.google.android.apps.photos,15,empty #7]
12-17 10:35:44.560  1937  7042 I dvm_lock_sample: [system_server,1,Binder_F,67,bindService,ActivityManagerService.java,16197,processNextBroadcast,BroadcastQueue.java,639,13]
12-17 10:35:44.562  1937  2517 I dvm_lock_sample: [system_server,1,Binder_3,57,removeContentProvider,ActivityManagerService.java,9963,trimApplications,-,19673,11]
12-17 10:35:44.565  1937  3096 I am_proc_bound: [0,27783,com.google.android.googlequicksearchbox:search]
12-17 10:35:44.573  1937  2586 I am_proc_died: [0,27506,com.google.android.apps.photos]
12-17 10:35:44.928  1937  2944 I force_gc: Binder
12-17 10:35:44.967  1937  2586 I am_proc_start: [0,27821,10024,com.google.android.partnersetup,content provider,com.google.android.partnersetup/.RlzAppProvider]
12-17 10:35:45.083  1937  2535 I am_proc_bound: [0,27821,com.google.android.partnersetup]
12-17 10:35:45.177  1937  3096 I am_kill : [0,27591,com.google.android.inputmethod.latin,15,empty #7]
12-17 10:35:45.240  1937  2535 I am_proc_died: [0,27591,com.google.android.inputmethod.latin]
12-17 10:35:45.412  1937  3241 I am_kill : [0,27206,com.android.defcontainer,15,empty #7]
12-17 10:35:45.440 27729 27764 I google_http_request: [547,200,unused/0,1]
12-17 10:35:45.526  1937  3096 I am_proc_died: [0,27206,com.android.defcontainer]
