12-17 09:43:44.305   240   252 I Ext4Crypt: ext4 crypto complete called on /data
12-17 09:43:44.306   240   252 I Ext4Crypt: No master key, so not ext4enc
12-17 09:43:44.306  1937  2432 I chatty  : uid=1000(system) CryptdConnector expire 3 lines
12-17 09:43:44.306  1937  1937 I chatty  : uid=1000 system_server expire 266 lines
12-17 09:43:44.307  1937  2430 I chatty  : uid=1000(system) MountService expire 95 lines
12-17 09:43:44.309  1937  2431 I chatty  : uid=1000(system) VoldConnector expire 36 lines
12-17 09:43:44.340  1937  2426 I chatty  : uid=1000(system) InputDispatcher expire 17 lines
12-17 09:43:44.425  1937  1951 I chatty  : uid=1000(system) android.bg expire 27 lines
12-17 09:43:44.678  1937  2436 I chatty  : uid=1000(system) WifiP2pService expire 53 lines
12-17 09:43:45.215  1937  2450 I chatty  : uid=1000 system_server expire 1 line
12-17 09:43:45.304  1937  2441 I chatty  : uid=1000(system) WifiService expire 10 lines
12-17 09:43:45.332  1937  2442 I chatty  : uid=1000(system) ConnectivitySer expire 10 lines
12-17 09:43:45.579  1937  1983 I chatty  : uid=1000(system) PowerManagerSer expire 51 lines
12-17 09:43:45.586   240   251 V vold    : /system/bin/sgdisk
12-17 09:43:45.586   240   251 V vold    :     --android-dump
12-17 09:43:45.586   240   251 V vold    :     /dev/block/vold/disk:179,64
12-17 09:43:45.586  1937  1953 I chatty  : uid=1000(system) ActivityManager expire 11 lines
12-17 09:43:45.586  1937  2470 I chatty  : uid=1000(system) PhotonicModulat expire 23 lines
12-17 09:43:45.743   240   251 V vold    : DISK mbr
12-17 09:43:45.743   240   251 V vold    : PART 1 b
12-17 09:43:45.744   240   251 D vold    : EncryptedVolume: eCryptfs is not supported by the kernel
12-17 09:43:45.749  1937  1956 I chatty  : uid=1000(system) android.fg expire 7 lines
12-17 09:43:45.984   363   363 I chatty  : uid=1000(system) /system/bin/surfaceflinger expire 20 lines
12-17 09:43:46.186  1937  2517 I chatty  : uid=1000(system) Binder_3 expire 112 lines
12-17 09:43:46.430  2578  2578 I chatty  : uid=1000(system) com.motorola.modemservice expire 6 lines
12-17 09:43:46.579  1937  1955 I chatty  : uid=1000(system) android.ui expire 14 lines
12-17 09:43:46.615   363   948 I chatty  : uid=1000(system) EventThread expire 10 lines
12-17 09:43:47.256  1937  2535 I chatty  : uid=1000(system) Binder_4 expire 116 lines
12-17 09:43:47.703  1937  2434 I chatty  : uid=1000(system) NetworkStats expire 12 lines
12-17 09:43:47.861  1937  2586 I chatty  : uid=1000(system) Binder_5 expire 155 lines
12-17 09:43:48.194  1937  1948 I chatty  : uid=1000(system) Binder_1 expire 97 lines
12-17 09:43:48.480   240   251 D vold    : Linking /storage/emulated/0 to /mnt/user/0/primary
12-17 09:43:48.676  1937  1949 I chatty  : uid=1000(system) Binder_2 expire 140 lines
12-17 09:43:49.286  1937  2944 I chatty  : uid=1000(system) Binder_6 expire 126 lines
12-17 09:43:49.292  1937  3093 I chatty  : uid=1000(system) Binder_7 expire 148 lines
12-17 09:43:49.301  1937  3096 I chatty  : uid=1000(system) Binder_8 expire 124 lines
12-17 09:43:49.315  1937  3128 I chatty  : uid=1000(system) Binder_A expire 127 lines
12-17 09:43:49.440  1937  3110 I chatty  : uid=1000(system) Binder_9 expire 115 lines
12-17 09:43:49.657  2939  2939 W KeyphraseEnrollmentInfo: Enrollment application doesn't support keyphrases
12-17 09:43:49.915  1937  3241 I chatty  : uid=1000(system) Binder_B expire 120 lines
12-17 09:43:50.098  1937  3263 I chatty  : uid=1000(system) Binder_C expire 131 lines
12-17 09:43:50.205   240   251 E Vold    : Failed to find mounted volume for /dev/null/Android/data/com.google.android.apps.maps/files/
12-17 09:43:50.332   240   251 E Vold    : Failed to find mounted volume for /dev/null/Android/data/com.google.android.apps.maps/files/
12-17 09:43:50.769   240   251 V vold    : /system/bin/blkid
12-17 09:43:50.769   240   251 V vold    :     -c
12-17 09:43:50.769   240   251 V vold    :     /dev/null
12-17 09:43:50.769   240   251 V vold    :     -s
12-17 09:43:50.769   240   251 V vold    :     TYPE
12-17 09:43:50.769   240   251 V vold    :     -s
12-17 09:43:50.769   240   251 V vold    :     UUID
12-17 09:43:50.769   240   251 V vold    :     -s
12-17 09:43:50.769   240   251 V vold    :     LABEL
12-17 09:43:50.769   240   251 V vold    :     /dev/block/vold/public:179,65
12-17 09:43:50.879  1937  1973 I chatty  : uid=1000(system) android.display expire 10 lines
12-17 09:43:50.903   240   251 V vold    : /dev/block/vold/public:179,65: LABEL="SUREN" UUID="A40E-C879" TYPE="vfat" 
12-17 09:43:50.904   240   251 V vold    : /system/bin/fsck_msdos
12-17 09:43:50.904   240   251 V vold    :     -p
12-17 09:43:50.904   240   251 V vold    :     -f
12-17 09:43:50.904   240   251 V vold    :     /dev/block/vold/public:179,65
12-17 09:43:51.013   240   252 D VoldCryptCmdListener: cryptfs getpw
12-17 09:43:51.013   240   252 I Ext4Crypt: ext4 crypto complete called on /data
12-17 09:43:51.013   240   252 I Ext4Crypt: No master key, so not ext4enc
12-17 09:43:51.013   240   252 I Ext4Crypt: ext4 crypto complete called on /data
12-17 09:43:51.013   240   252 I Ext4Crypt: No master key, so not ext4enc
12-17 09:43:51.014   240   252 D VoldCryptCmdListener: cryptfs clearpw
12-17 09:43:51.014   240   252 I Ext4Crypt: ext4 crypto complete called on /data
12-17 09:43:51.014   240   252 I Ext4Crypt: No master key, so not ext4enc
12-17 09:43:51.414   240   251 I Vold    : Filesystem check completed OK
12-17 09:43:51.458  1937  2068 I chatty  : uid=1000(system) PackageManager expire 84 lines
12-17 09:43:51.654  3336  3414 D ActivityThread: Loading provider com.google.android.gmail.provider;com.android.mail.notifier;com.google.android.gm.email.provider;com.google.android.gm.email.notifier: com.android.email.provider.EmailProvider
12-17 09:43:52.979  1937  2425 I chatty  : uid=1000(system) AlarmManager expire 10 lines
12-17 09:43:54.145  3104  3104 D MccTable: updateMccMncConfiguration mccmnc='40445' fromServiceState=false
12-17 09:43:54.148  3104  3104 D MccTable: updateMccMncConfiguration defaultMccMnc=
12-17 09:43:54.148  3104  3104 D MccTable: updateMccMncConfiguration: mcc=404, mnc=45
12-17 09:43:54.148  3104  3104 D MccTable: updateMccMncConfiguration updateConfig config={1.0 404mcc45mnc ?locale ?layoutDir ?swdp ?wdp ?hdp ?density ?lsize ?long ?orien ?uimode ?night ?touch ?keyb/?/? ?nav/??spn}
12-17 09:43:55.184  3104  3104 D MccTable: updateMccMncConfiguration mccmnc='40445' fromServiceState=false
12-17 09:43:55.187  3104  3104 D MccTable: updateMccMncConfiguration defaultMccMnc=40445
12-17 09:43:55.187  3104  3104 D MccTable: updateMccMncConfiguration: mcc=404, mnc=45
12-17 09:43:55.187  3104  3104 D MccTable: updateMccMncConfiguration updateConfig config={1.0 404mcc45mnc ?locale ?layoutDir ?swdp ?wdp ?hdp ?density ?lsize ?long ?orien ?uimode ?night ?touch ?keyb/?/? ?nav/??spn}
12-17 09:43:55.296  1937  1937 I chatty  : uid=1000 system_server expire 52 lines
12-17 09:43:55.339  1937  1951 I chatty  : uid=1000(system) android.bg expire 145 lines
12-17 09:43:55.387  2492  2492 D StatusBarKeyguardViewManager: showKeyguard, but hide Bouncer
12-17 09:43:55.485  3104  3104 D MccTable: updateMccMncConfiguration mccmnc='40445' fromServiceState=false
12-17 09:43:55.497  3104  3104 D MccTable: updateMccMncConfiguration defaultMccMnc=40445
12-17 09:43:55.497  3104  3104 D MccTable: updateMccMncConfiguration: mcc=404, mnc=45
12-17 09:43:55.497  3104  3104 D MccTable: updateMccMncConfiguration updateConfig config={1.0 404mcc45mnc ?locale ?layoutDir ?swdp ?wdp ?hdp ?density ?lsize ?long ?orien ?uimode ?night ?touch ?keyb/?/? ?nav/??spn}
12-17 09:43:55.639  3104  3104 D MccTable: updateMccMncConfiguration mccmnc='40445' fromServiceState=true
12-17 09:43:55.640  3104  3104 D MccTable: updateMccMncConfiguration defaultMccMnc=40445
12-17 09:43:55.640  3104  3104 D MccTable: updateMccMncConfiguration: mcc=404, mnc=45
12-17 09:43:55.640  3104  3104 D MccTable: WIFI_COUNTRY_CODE set to in
12-17 09:43:55.642  1937  2436 I chatty  : uid=1000(system) WifiP2pService expire 11 lines
12-17 09:43:56.575  3829  3829 I chatty  : uid=1000(system) com.motorola.tools.batterytracer expire 10 lines
12-17 09:43:57.404  1937  2422 I chatty  : uid=1000(system) UEventObserver expire 10 lines
12-17 09:43:57.460  1937  1983 I chatty  : uid=1000(system) PowerManagerSer expire 192 lines
12-17 09:44:00.749  1937  2470 I chatty  : uid=1000(system) PhotonicModulat expire 15 lines
12-17 09:44:04.087  2492  2492 D StatusBarKeyguardViewManager: showKeyguard, but hide Bouncer
12-17 09:44:04.110  1937  1949 I chatty  : uid=1000(system) Binder_2 expire 62 lines
12-17 09:44:04.147  1937  2944 I chatty  : uid=1000(system) Binder_6 expire 66 lines
12-17 09:44:04.149  1937  3093 I chatty  : uid=1000(system) Binder_7 expire 59 lines
12-17 09:44:04.150  1937  2535 I chatty  : uid=1000(system) Binder_4 expire 51 lines
12-17 09:44:04.155  1937  3110 I chatty  : uid=1000(system) Binder_9 expire 33 lines
12-17 09:44:04.157  1937  3263 I chatty  : uid=1000(system) Binder_C expire 53 lines
12-17 09:44:04.161  1937  3241 I chatty  : uid=1000(system) Binder_B expire 42 lines
12-17 09:44:04.171  1937  3096 I chatty  : uid=1000(system) Binder_8 expire 57 lines
12-17 09:44:04.283  1937  2586 I chatty  : uid=1000(system) Binder_5 expire 63 lines
12-17 09:44:04.384  1937  3128 I chatty  : uid=1000(system) Binder_A expire 33 lines
12-17 09:44:04.517  1937  2517 I chatty  : uid=1000(system) Binder_3 expire 57 lines
12-17 09:44:04.528  1937  1948 I chatty  : uid=1000(system) Binder_1 expire 77 lines
12-17 09:44:04.615  1937  2437 I chatty  : uid=1000(system) WifiStateMachin expire 10 lines
12-17 09:44:05.021  4282  4301 D ActivityThread: Loading provider com.google.android.gmail.provider;com.android.mail.notifier;com.google.android.gm.email.provider;com.google.android.gm.email.notifier: com.android.email.provider.EmailProvider
12-17 09:44:05.633  1937  4348 I chatty  : uid=1000(system) AsyncTask #2 expire 1 line
12-17 09:44:05.821  1937  4366 I chatty  : uid=1000 system_server expire 2 lines
12-17 09:44:06.365  1937  2442 I chatty  : uid=1000(system) ConnectivitySer expire 75 lines
12-17 09:44:06.912  3516  4498 E ActivityThread: Failed to find provider info for com.android.contacts.metadata
12-17 09:44:06.913  1937  1951 I chatty  : uid=1000(system) android.bg expire 384 lines
12-17 09:44:14.668  1937  2425 I chatty  : uid=1000(system) AlarmManager expire 11 lines
12-17 09:44:14.714  1937  1937 I chatty  : uid=1000 system_server expire 25 lines
12-17 09:44:16.887  5289  5289 I chatty  : uid=1000(system) com.qualcomm.telephony expire 1 line
12-17 09:44:16.968  3056  3056 I chatty  : uid=1000(system) com.motorola.process.system expire 10 lines
12-17 09:44:18.305  1937  1953 I chatty  : uid=1000(system) ActivityManager expire 14 lines
12-17 09:44:18.354  5405  5429 D ActivityThread: Loading provider com.google.android.gmail.provider;com.android.mail.notifier;com.google.android.gm.email.provider;com.google.android.gm.email.notifier: com.android.email.provider.EmailProvider
12-17 09:44:18.497  1937  1948 I chatty  : uid=1000(system) Binder_1 expire 36 lines
12-17 09:44:18.545  1937  2535 I chatty  : uid=1000(system) Binder_4 expire 45 lines
12-17 09:44:18.682  1937  5388 I chatty  : uid=1000 system_server expire 5 lines
12-17 09:44:18.708  1937  2586 I chatty  : uid=1000(system) Binder_5 expire 26 lines
12-17 09:44:18.951  1937  3110 I chatty  : uid=1000(system) Binder_9 expire 43 lines
12-17 09:44:19.096  1937  3093 I chatty  : uid=1000(system) Binder_7 expire 33 lines
12-17 09:44:19.285  1937  2441 I chatty  : uid=1000(system) WifiService expire 10 lines
12-17 09:44:19.390  1937  2517 I chatty  : uid=1000(system) Binder_3 expire 37 lines
12-17 09:44:19.987  1937  2944 I chatty  : uid=1000(system) Binder_6 expire 42 lines
12-17 09:44:20.183  1937  3263 I chatty  : uid=1000(system) Binder_C expire 53 lines
12-17 09:44:20.459  1937  5512 I chatty  : uid=1000(system) Binder_D expire 59 lines
12-17 09:44:20.966  1937  1951 I chatty  : uid=1000(system) android.bg expire 738 lines
12-17 09:44:21.151  1937  3128 I chatty  : uid=1000(system) Binder_A expire 65 lines
12-17 09:44:22.476  1937  3241 I chatty  : uid=1000(system) Binder_B expire 69 lines
12-17 09:44:23.102  3516  5663 E ActivityThread: Failed to find provider info for com.google.android.wearable.settings
12-17 09:44:23.693  1937  3096 I chatty  : uid=1000(system) Binder_8 expire 74 lines
12-17 09:44:25.686  1937  1949 I chatty  : uid=1000(system) Binder_2 expire 48 lines
12-17 09:44:28.090  1937  2434 I chatty  : uid=1000(system) NetworkStats expire 10 lines
12-17 09:44:29.964  3516  5663 E ActivityThread: Failed to find provider info for com.google.android.wearable.settings
12-17 09:44:30.082  6115  6151 D ActivityThread: Loading provider com.google.android.gmail.provider;com.android.mail.notifier;com.google.android.gm.email.provider;com.google.android.gm.email.notifier: com.android.email.provider.EmailProvider
12-17 09:44:30.123  1937  3093 I chatty  : uid=1000(system) Binder_7 expire 44 lines
12-17 09:44:30.132  1937  2944 I chatty  : uid=1000(system) Binder_6 expire 79 lines
12-17 09:44:30.222  1937  2517 I chatty  : uid=1000(system) Binder_3 expire 43 lines
12-17 09:44:30.408  1937  2535 I chatty  : uid=1000(system) Binder_4 expire 41 lines
12-17 09:44:30.539  1937  3110 I chatty  : uid=1000(system) Binder_9 expire 33 lines
12-17 09:44:30.587  1937  1948 I chatty  : uid=1000(system) Binder_1 expire 29 lines
12-17 09:44:31.281  1937  2586 I chatty  : uid=1000(system) Binder_5 expire 13 lines
12-17 09:44:31.283  1937  1953 I chatty  : uid=1000(system) ActivityManager expire 10 lines
12-17 09:44:32.988  1937  1937 I chatty  : uid=1000 system_server expire 18 lines
12-17 09:44:33.703  6349  6368 D ActivityThread: Loading provider com.google.android.gmail.provider;com.android.mail.notifier;com.google.android.gm.email.provider;com.google.android.gm.email.notifier: com.android.email.provider.EmailProvider
12-17 09:44:33.793  1937  5512 I chatty  : uid=1000(system) Binder_D expire 24 lines
12-17 09:44:34.060  1937  3263 I chatty  : uid=1000(system) Binder_C expire 25 lines
12-17 09:44:34.143  1937  3096 I chatty  : uid=1000(system) Binder_8 expire 14 lines
12-17 09:44:34.469  1937  1951 I chatty  : uid=1000(system) android.bg expire 653 lines
12-17 09:44:35.694  1937  3128 I chatty  : uid=1000(system) Binder_A expire 39 lines
12-17 09:44:38.233  1937  1983 I chatty  : uid=1000(system) PowerManagerSer expire 10 lines
12-17 09:44:39.340  1937  3241 I chatty  : uid=1000(system) Binder_B expire 57 lines
12-17 09:44:41.063  1937  6726 I chatty  : uid=1000(system) Binder_E expire 18 lines
12-17 09:44:41.233  3516  6850 E ActivityThread: Failed to find provider info for com.android.contacts.metadata
12-17 09:44:41.292  1937  3093 I chatty  : uid=1000(system) Binder_7 expire 39 lines
12-17 09:44:41.410  6852  6877 D ActivityThread: Loading provider com.google.android.gmail.provider;com.android.mail.notifier;com.google.android.gm.email.provider;com.google.android.gm.email.notifier: com.android.email.provider.EmailProvider
12-17 09:44:41.595  1937  2535 I chatty  : uid=1000(system) Binder_4 expire 30 lines
12-17 09:44:41.647  1937  1949 I chatty  : uid=1000(system) Binder_2 expire 18 lines
12-17 09:44:41.690  1937  2517 I chatty  : uid=1000(system) Binder_3 expire 34 lines
12-17 09:44:41.695  1937  2944 I chatty  : uid=1000(system) Binder_6 expire 33 lines
12-17 09:44:42.178  1937  3110 I chatty  : uid=1000(system) Binder_9 expire 50 lines
12-17 09:44:42.231  1937  1948 I chatty  : uid=1000(system) Binder_1 expire 17 lines
12-17 09:44:42.620  1937  2586 I chatty  : uid=1000(system) Binder_5 expire 31 lines
12-17 09:44:46.171  1937  7042 I chatty  : uid=1000(system) Binder_F expire 81 lines
12-17 09:44:48.502  7362  7380 D ActivityThread: Loading provider com.google.android.gmail.provider;com.android.mail.notifier;com.google.android.gm.email.provider;com.google.android.gm.email.notifier: com.android.email.provider.EmailProvider
12-17 09:44:48.804  1937  3128 I chatty  : uid=1000(system) Binder_A expire 76 lines
12-17 09:44:48.944  7293  7293 E ActivityThread: Service com.google.android.gms.car.CarService has leaked ServiceConnection com.google.android.gms.car.hr@8612ec2 that was originally bound here
12-17 09:44:48.944  7293  7293 E ActivityThread: android.app.ServiceConnectionLeaked: Service com.google.android.gms.car.CarService has leaked ServiceConnection com.google.android.gms.car.hr@8612ec2 that was originally bound here
12-17 09:44:48.944  7293  7293 E ActivityThread: 	at android.app.LoadedApk$ServiceDispatcher.<init>(LoadedApk.java:1092)
12-17 09:44:48.944  7293  7293 E ActivityThread: 	at android.app.LoadedApk.getServiceDispatcher(LoadedApk.java:986)
12-17 09:44:48.944  7293  7293 E ActivityThread: 	at android.app.ContextImpl.bindServiceCommon(ContextImpl.java:1303)
12-17 09:44:48.944  7293  7293 E ActivityThread: 	at android.app.ContextImpl.bindService(ContextImpl.java:1286)
12-17 09:44:48.944  7293  7293 E ActivityThread: 	at android.content.ContextWrapper.bindService(ContextWrapper.java:604)
12-17 09:44:48.944  7293  7293 E ActivityThread: 	at android.content.ContextWrapper.bindService(ContextWrapper.java:604)
12-17 09:44:48.944  7293  7293 E ActivityThread: 	at android.content.ContextWrapper.bindService(ContextWrapper.java:604)
12-17 09:44:48.944  7293  7293 E ActivityThread: 	at com.google.android.gms.common.stats.g.a(SourceFile:128)
12-17 09:44:48.944  7293  7293 E ActivityThread: 	at com.google.android.gms.common.stats.g.a(SourceFile:145)
12-17 09:44:48.944  7293  7293 E ActivityThread: 	at com.google.android.gms.car.hc.<init>(SourceFile:319)
12-17 09:44:48.944  7293  7293 E ActivityThread: 	at com.google.android.gms.car.CarChimeraService.onCreate(SourceFile:74)
12-17 09:44:48.944  7293  7293 E ActivityThread: 	at com.google.android.chimera.ServiceProxy.setImpl(SourceFile:115)
12-17 09:44:48.944  7293  7293 E ActivityThread: 	at com.google.android.chimera.ServiceProxy.onCreate(SourceFile:105)
12-17 09:44:48.944  7293  7293 E ActivityThread: 	at android.app.ActivityThread.handleCreateService(ActivityThread.java:2895)
12-17 09:44:48.944  7293  7293 E ActivityThread: 	at android.app.ActivityThread.-wrap4(ActivityThread.java)
12-17 09:44:48.944  7293  7293 E ActivityThread: 	at android.app.ActivityThread$H.handleMessage(ActivityThread.java:1437)
12-17 09:44:48.944  7293  7293 E ActivityThread: 	at android.os.Handler.dispatchMessage(Handler.java:102)
12-17 09:44:48.944  7293  7293 E ActivityThread: 	at android.os.Looper.loop(Looper.java:148)
12-17 09:44:48.944  7293  7293 E ActivityThread: 	at android.app.ActivityThread.main(ActivityThread.java:5443)
12-17 09:44:48.944  7293  7293 E ActivityThread: 	at java.lang.reflect.Method.invoke(Native Method)
12-17 09:44:48.944  7293  7293 E ActivityThread: 	at com.android.internal.os.ZygoteInit$MethodAndArgsCaller.run(ZygoteInit.java:728)
12-17 09:44:48.944  7293  7293 E ActivityThread: 	at com.android.internal.os.ZygoteInit.main(ZygoteInit.java:618)
12-17 09:44:48.953  7293  7293 E ActivityThread: Service com.google.android.gms.car.CarCallService has leaked ServiceConnection com.google.android.gms.car.dq@ee632c5 that was originally bound here
12-17 09:44:48.953  7293  7293 E ActivityThread: android.app.ServiceConnectionLeaked: Service com.google.android.gms.car.CarCallService has leaked ServiceConnection com.google.android.gms.car.dq@ee632c5 that was originally bound here
12-17 09:44:48.953  7293  7293 E ActivityThread: 	at android.app.LoadedApk$ServiceDispatcher.<init>(LoadedApk.java:1092)
12-17 09:44:48.953  7293  7293 E ActivityThread: 	at android.app.LoadedApk.getServiceDispatcher(LoadedApk.java:986)
12-17 09:44:48.953  7293  7293 E ActivityThread: 	at android.app.ContextImpl.bindServiceCommon(ContextImpl.java:1303)
12-17 09:44:48.953  7293  7293 E ActivityThread: 	at android.app.ContextImpl.bindService(ContextImpl.java:1286)
12-17 09:44:48.953  7293  7293 E ActivityThread: 	at android.content.ContextWrapper.bindService(ContextWrapper.java:604)
12-17 09:44:48.953  7293  7293 E ActivityThread: 	at com.google.android.gms.common.stats.g.a(SourceFile:128)
12-17 09:44:48.953  7293  7293 E ActivityThread: 	at com.google.android.gms.common.stats.g.a(SourceFile:145)
12-17 09:44:48.953  7293  7293 E ActivityThread: 	at com.google.android.gms.car.dp.a(SourceFile:586)
12-17 09:44:48.953  7293  7293 E ActivityThread: 	at com.google.android.gms.car.dp.<init>(SourceFile:511)
12-17 09:44:48.953  7293  7293 E ActivityThread: 	at com.google.android.gms.car.dp.a(SourceFile:488)
12-17 09:44:48.953  7293  7293 E ActivityThread: 	at com.google.android.gms.car.dm.<init>(SourceFile:112)
12-17 09:44:48.953  7293  7293 E ActivityThread: 	at com.google.android.gms.car.CarCallService.onBind(SourceFile:79)
12-17 09:44:48.953  7293  7293 E ActivityThread: 	at android.app.ActivityThread.handleBindService(ActivityThread.java:2922)
12-17 09:44:48.953  7293  7293 E ActivityThread: 	at android.app.ActivityThread.-wrap2(ActivityThread.java)
12-17 09:44:48.953  7293  7293 E ActivityThread: 	at android.app.ActivityThread$H.handleMessage(ActivityThread.java:1442)
12-17 09:44:48.953  7293  7293 E ActivityThread: 	at android.os.Handler.dispatchMessage(Handler.java:102)
12-17 09:44:48.953  7293  7293 E ActivityThread: 	at android.os.Looper.loop(Looper.java:148)
12-17 09:44:48.953  7293  7293 E ActivityThread: 	at android.app.ActivityThread.main(ActivityThread.java:5443)
12-17 09:44:48.953  7293  7293 E ActivityThread: 	at java.lang.reflect.Method.invoke(Native Method)
12-17 09:44:48.953  7293  7293 E ActivityThread: 	at com.android.internal.os.ZygoteInit$MethodAndArgsCaller.run(ZygoteInit.java:728)
12-17 09:44:48.953  7293  7293 E ActivityThread: 	at com.android.internal.os.ZygoteInit.main(ZygoteInit.java:618)
12-17 09:44:51.006  1937  1951 I chatty  : uid=1000(system) android.bg expire 176 lines
12-17 09:44:51.015  1937  2425 I chatty  : uid=1000(system) AlarmManager expire 25 lines
12-17 09:44:51.758  1937  3096 I chatty  : uid=1000(system) Binder_8 expire 79 lines
12-17 09:44:52.451  1937  5512 I chatty  : uid=1000(system) Binder_D expire 58 lines
12-17 09:44:55.079  1937  3263 I chatty  : uid=1000(system) Binder_C expire 58 lines
12-17 09:44:55.403  7825  7845 D ActivityThread: Loading provider com.google.android.gmail.provider;com.android.mail.notifier;com.google.android.gm.email.provider;com.google.android.gm.email.notifier: com.android.email.provider.EmailProvider
12-17 09:44:55.531  1937  1949 I chatty  : uid=1000(system) Binder_2 expire 51 lines
12-17 09:44:55.774  1937  2586 I chatty  : uid=1000(system) Binder_5 expire 60 lines
12-17 09:44:55.957  1937  2517 I chatty  : uid=1000(system) Binder_3 expire 48 lines
12-17 09:44:56.606  1937  6726 I chatty  : uid=1000(system) Binder_E expire 74 lines
12-17 09:44:56.876  1937  3110 I chatty  : uid=1000(system) Binder_9 expire 50 lines
12-17 09:44:57.123  1937  1948 I chatty  : uid=1000(system) Binder_1 expire 46 lines
12-17 09:44:57.267  1937  3241 I chatty  : uid=1000(system) Binder_B expire 51 lines
12-17 09:44:58.125  1937  1937 I chatty  : uid=1000 system_server expire 48 lines
12-17 09:44:58.329  1937  2944 I chatty  : uid=1000(system) Binder_6 expire 45 lines
12-17 09:44:58.514  1937  2535 I chatty  : uid=1000(system) Binder_4 expire 42 lines
12-17 09:44:59.163  1937  3093 I chatty  : uid=1000(system) Binder_7 expire 23 lines
12-17 09:45:04.878  1937  1953 I chatty  : uid=1000(system) ActivityManager expire 18 lines
12-17 09:45:43.281  1937  8646 I chatty  : uid=1000(system) Binder_10 expire 17 lines
12-17 09:45:57.279  3516  8724 E ActivityThread: Failed to find provider info for com.android.contacts.metadata
12-17 09:45:57.281  1937  1951 I chatty  : uid=1000(system) android.bg expire 46 lines
12-17 09:45:57.758  1937  1983 I chatty  : uid=1000(system) PowerManagerSer expire 10 lines
12-17 09:45:57.761  1937  1937 I chatty  : uid=1000 system_server expire 13 lines
12-17 09:45:59.887  1937  2425 I chatty  : uid=1000(system) AlarmManager expire 18 lines
12-17 09:46:26.824  8733  8842 W ActivityThread: ClassLoader.loadClass: The class loader returned by Thread.getContextClassLoader() may fail for processes that host multiple applications. You should explicitly specify a context class loader. For example: Thread.setContextClassLoader(getClass().getClassLoader());
12-17 09:46:26.996  1937  3241 I chatty  : uid=1000(system) Binder_B expire 107 lines
12-17 09:46:26.998  1937  5512 I chatty  : uid=1000(system) Binder_D expire 109 lines
12-17 09:46:26.999  1937  6726 I chatty  : uid=1000(system) Binder_E expire 88 lines
12-17 09:46:27.000  1937  7042 I chatty  : uid=1000(system) Binder_F expire 92 lines
12-17 09:46:31.687  1937  3263 I chatty  : uid=1000(system) Binder_C expire 89 lines
12-17 09:46:36.986  1937  2535 I chatty  : uid=1000(system) Binder_4 expire 207 lines
12-17 09:46:40.664  1937  1949 I chatty  : uid=1000(system) Binder_2 expire 180 lines
12-17 09:46:40.666  1937  2517 I chatty  : uid=1000(system) Binder_3 expire 205 lines
12-17 09:46:40.669  1937  2586 I chatty  : uid=1000(system) Binder_5 expire 171 lines
12-17 09:46:40.695  1937  2944 I chatty  : uid=1000(system) Binder_6 expire 186 lines
12-17 09:46:47.149  1937  3096 I chatty  : uid=1000(system) Binder_8 expire 90 lines
12-17 09:46:47.151  1937  3110 I chatty  : uid=1000(system) Binder_9 expire 88 lines
12-17 09:46:47.152  1937  3128 I chatty  : uid=1000(system) Binder_A expire 90 lines
12-17 09:46:52.751  1937  1948 I chatty  : uid=1000(system) Binder_1 expire 70 lines
12-17 09:46:59.519  1937  2422 I chatty  : uid=1000(system) UEventObserver expire 17 lines
12-17 09:46:59.586  1937  1937 I chatty  : uid=1000 system_server expire 157 lines
12-17 09:48:08.936  1937  3093 I chatty  : uid=1000(system) Binder_7 expire 127 lines
12-17 09:48:35.323  1937  1951 I chatty  : uid=1000(system) android.bg expire 21 lines
12-17 09:49:25.307  1937  2425 I chatty  : uid=1000(system) AlarmManager expire 114 lines
12-17 09:49:29.244  1937  4453 I chatty  : uid=1000 system_server expire 32 lines
12-17 09:49:29.278  1937  2442 I chatty  : uid=1000(system) ConnectivitySer expire 29 lines
12-17 09:49:31.165  1937  8646 I chatty  : uid=1000(system) Binder_10 expire 64 lines
12-17 09:49:49.767  1937  1983 I chatty  : uid=1000(system) PowerManagerSer expire 27 lines
12-17 09:53:31.188  1937  1953 I chatty  : uid=1000(system) ActivityManager expire 11 lines
12-17 09:54:34.509  3858 10244 I chatty  : uid=1000(system) com.motorola.tools.batterytracersdcard expire 1 line
12-17 10:05:11.830  2578  2666 I chatty  : uid=1000(system) ModemStatsDSDet expire 1 line
12-17 10:05:13.496  3104  3104 D MccTable: updateMccMncConfiguration mccmnc='null' fromServiceState=true
12-17 10:05:13.496  3104  3104 D MccTable: WIFI_COUNTRY_CODE set to 
12-17 10:05:13.499  1937  3096 I chatty  : uid=1000(system) Binder_8 expire 21 lines
12-17 10:05:13.552  1937  1937 I chatty  : uid=1000 system_server expire 40 lines
12-17 10:05:13.558  1937  3128 I chatty  : uid=1000(system) Binder_A expire 28 lines
12-17 10:05:13.568  1937  1949 I chatty  : uid=1000(system) Binder_2 expire 41 lines
12-17 10:05:13.581  1937  1951 I chatty  : uid=1000(system) android.bg expire 60 lines
12-17 10:05:13.748  1937  1948 I chatty  : uid=1000(system) Binder_1 expire 22 lines
12-17 10:05:14.314  1937  3093 I chatty  : uid=1000(system) Binder_7 expire 27 lines
12-17 10:05:14.361  1937  7042 I chatty  : uid=1000(system) Binder_F expire 30 lines
12-17 10:05:14.367  1937  8646 I chatty  : uid=1000(system) Binder_10 expire 40 lines
12-17 10:05:14.368  1937  3241 I chatty  : uid=1000(system) Binder_B expire 38 lines
12-17 10:05:14.371  1937  3263 I chatty  : uid=1000(system) Binder_C expire 51 lines
12-17 10:05:14.372  1937  2586 I chatty  : uid=1000(system) Binder_5 expire 25 lines
12-17 10:05:14.374  1937  2535 I chatty  : uid=1000(system) Binder_4 expire 30 lines
12-17 10:05:14.390  1937  2944 I chatty  : uid=1000(system) Binder_6 expire 35 lines
12-17 10:05:14.483  1937  2425 I chatty  : uid=1000(system) AlarmManager expire 17 lines
12-17 10:05:14.533  1937  3110 I chatty  : uid=1000(system) Binder_9 expire 29 lines
12-17 10:05:14.653  1937  2442 I chatty  : uid=1000(system) ConnectivitySer expire 20 lines
12-17 10:05:14.657  1937  1953 I chatty  : uid=1000(system) ActivityManager expire 12 lines
12-17 10:05:14.682  1937  6726 I chatty  : uid=1000(system) Binder_E expire 36 lines
12-17 10:05:15.113  1937  2517 I chatty  : uid=1000(system) Binder_3 expire 23 lines
12-17 10:05:16.094 11326 11359 D ActivityThread: Loading provider com.google.android.gmail.provider;com.android.mail.notifier;com.google.android.gm.email.provider;com.google.android.gm.email.notifier: com.android.email.provider.EmailProvider
12-17 10:05:21.451  1937  5512 I chatty  : uid=1000(system) Binder_D expire 19 lines
12-17 10:05:23.013 11803 11819 D ActivityThread: Loading provider com.google.android.gmail.provider;com.android.mail.notifier;com.google.android.gm.email.provider;com.google.android.gm.email.notifier: com.android.email.provider.EmailProvider
12-17 10:05:23.531 11704 11704 E ActivityThread: Service com.google.android.gms.car.CarService has leaked ServiceConnection com.google.android.gms.car.hr@8612ec2 that was originally bound here
12-17 10:05:23.531 11704 11704 E ActivityThread: android.app.ServiceConnectionLeaked: Service com.google.android.gms.car.CarService has leaked ServiceConnection com.google.android.gms.car.hr@8612ec2 that was originally bound here
12-17 10:05:23.531 11704 11704 E ActivityThread: 	at android.app.LoadedApk$ServiceDispatcher.<init>(LoadedApk.java:1092)
12-17 10:05:23.531 11704 11704 E ActivityThread: 	at android.app.LoadedApk.getServiceDispatcher(LoadedApk.java:986)
12-17 10:05:23.531 11704 11704 E ActivityThread: 	at android.app.ContextImpl.bindServiceCommon(ContextImpl.java:1303)
12-17 10:05:23.531 11704 11704 E ActivityThread: 	at android.app.ContextImpl.bindService(ContextImpl.java:1286)
12-17 10:05:23.531 11704 11704 E ActivityThread: 	at android.content.ContextWrapper.bindService(ContextWrapper.java:604)
12-17 10:05:23.531 11704 11704 E ActivityThread: 	at android.content.ContextWrapper.bindService(ContextWrapper.java:604)
12-17 10:05:23.531 11704 11704 E ActivityThread: 	at android.content.ContextWrapper.bindService(ContextWrapper.java:604)
12-17 10:05:23.531 11704 11704 E ActivityThread: 	at com.google.android.gms.common.stats.g.a(SourceFile:128)
12-17 10:05:23.531 11704 11704 E ActivityThread: 	at com.google.android.gms.common.stats.g.a(SourceFile:145)
12-17 10:05:23.531 11704 11704 E ActivityThread: 	at com.google.android.gms.car.hc.<init>(SourceFile:319)
12-17 10:05:23.531 11704 11704 E ActivityThread: 	at com.google.android.gms.car.CarChimeraService.onCreate(SourceFile:74)
12-17 10:05:23.531 11704 11704 E ActivityThread: 	at com.google.android.chimera.ServiceProxy.setImpl(SourceFile:115)
12-17 10:05:23.531 11704 11704 E ActivityThread: 	at com.google.android.chimera.ServiceProxy.onCreate(SourceFile:105)
12-17 10:05:23.531 11704 11704 E ActivityThread: 	at android.app.ActivityThread.handleCreateService(ActivityThread.java:2895)
12-17 10:05:23.531 11704 11704 E ActivityThread: 	at android.app.ActivityThread.-wrap4(ActivityThread.java)
12-17 10:05:23.531 11704 11704 E ActivityThread: 	at android.app.ActivityThread$H.handleMessage(ActivityThread.java:1437)
12-17 10:05:23.531 11704 11704 E ActivityThread: 	at android.os.Handler.dispatchMessage(Handler.java:102)
12-17 10:05:23.531 11704 11704 E ActivityThread: 	at android.os.Looper.loop(Looper.java:148)
12-17 10:05:23.531 11704 11704 E ActivityThread: 	at android.app.ActivityThread.main(ActivityThread.java:5443)
12-17 10:05:23.531 11704 11704 E ActivityThread: 	at java.lang.reflect.Method.invoke(Native Method)
12-17 10:05:23.531 11704 11704 E ActivityThread: 	at com.android.internal.os.ZygoteInit$MethodAndArgsCaller.run(ZygoteInit.java:728)
12-17 10:05:23.531 11704 11704 E ActivityThread: 	at com.android.internal.os.ZygoteInit.main(ZygoteInit.java:618)
12-17 10:05:23.546 11704 11704 E ActivityThread: Service com.google.android.gms.car.CarCallService has leaked ServiceConnection com.google.android.gms.car.dq@ee632c5 that was originally bound here
12-17 10:05:23.546 11704 11704 E ActivityThread: android.app.ServiceConnectionLeaked: Service com.google.android.gms.car.CarCallService has leaked ServiceConnection com.google.android.gms.car.dq@ee632c5 that was originally bound here
12-17 10:05:23.546 11704 11704 E ActivityThread: 	at android.app.LoadedApk$ServiceDispatcher.<init>(LoadedApk.java:1092)
12-17 10:05:23.546 11704 11704 E ActivityThread: 	at android.app.LoadedApk.getServiceDispatcher(LoadedApk.java:986)
12-17 10:05:23.546 11704 11704 E ActivityThread: 	at android.app.ContextImpl.bindServiceCommon(ContextImpl.java:1303)
12-17 10:05:23.546 11704 11704 E ActivityThread: 	at android.app.ContextImpl.bindService(ContextImpl.java:1286)
12-17 10:05:23.546 11704 11704 E ActivityThread: 	at android.content.ContextWrapper.bindService(ContextWrapper.java:604)
12-17 10:05:23.546 11704 11704 E ActivityThread: 	at com.google.android.gms.common.stats.g.a(SourceFile:128)
12-17 10:05:23.546 11704 11704 E ActivityThread: 	at com.google.android.gms.common.stats.g.a(SourceFile:145)
12-17 10:05:23.546 11704 11704 E ActivityThread: 	at com.google.android.gms.car.dp.a(SourceFile:586)
12-17 10:05:23.546 11704 11704 E ActivityThread: 	at com.google.android.gms.car.dp.<init>(SourceFile:511)
12-17 10:05:23.546 11704 11704 E ActivityThread: 	at com.google.android.gms.car.dp.a(SourceFile:488)
12-17 10:05:23.546 11704 11704 E ActivityThread: 	at com.google.android.gms.car.dm.<init>(SourceFile:112)
12-17 10:05:23.546 11704 11704 E ActivityThread: 	at com.google.android.gms.car.CarCallService.onBind(SourceFile:79)
12-17 10:05:23.546 11704 11704 E ActivityThread: 	at android.app.ActivityThread.handleBindService(ActivityThread.java:2922)
12-17 10:05:23.546 11704 11704 E ActivityThread: 	at android.app.ActivityThread.-wrap2(ActivityThread.java)
12-17 10:05:23.546 11704 11704 E ActivityThread: 	at android.app.ActivityThread$H.handleMessage(ActivityThread.java:1442)
12-17 10:05:23.546 11704 11704 E ActivityThread: 	at android.os.Handler.dispatchMessage(Handler.java:102)
12-17 10:05:23.546 11704 11704 E ActivityThread: 	at android.os.Looper.loop(Looper.java:148)
12-17 10:05:23.546 11704 11704 E ActivityThread: 	at android.app.ActivityThread.main(ActivityThread.java:5443)
12-17 10:05:23.546 11704 11704 E ActivityThread: 	at java.lang.reflect.Method.invoke(Native Method)
12-17 10:05:23.546 11704 11704 E ActivityThread: 	at com.android.internal.os.ZygoteInit$MethodAndArgsCaller.run(ZygoteInit.java:728)
12-17 10:05:23.546 11704 11704 E ActivityThread: 	at com.android.internal.os.ZygoteInit.main(ZygoteInit.java:618)
12-17 10:05:23.621  1937  3096 I chatty  : uid=1000(system) Binder_8 expire 39 lines
12-17 10:05:24.540  1937  2422 I chatty  : uid=1000(system) UEventObserver expire 12 lines
12-17 10:05:24.612  1937  1983 I chatty  : uid=1000(system) PowerManagerSer expire 875 lines
12-17 10:05:24.770  2578  2644 I chatty  : uid=1000(system) ModemStatsUtils expire 3 lines
12-17 10:05:25.463  3858 11971 I chatty  : uid=1000(system) com.motorola.tools.batterytracersdcard expire 1 line
12-17 10:05:29.304 12271 12293 D ActivityThread: Loading provider com.google.android.gmail.provider;com.android.mail.notifier;com.google.android.gm.email.provider;com.google.android.gm.email.notifier: com.android.email.provider.EmailProvider
12-17 10:05:29.440  1937  2586 I chatty  : uid=1000(system) Binder_5 expire 50 lines
12-17 10:05:29.464  1937  3128 I chatty  : uid=1000(system) Binder_A expire 35 lines
12-17 10:05:29.488  1937  1937 I chatty  : uid=1000 system_server expire 108 lines
12-17 10:05:29.498  1937  2535 I chatty  : uid=1000(system) Binder_4 expire 61 lines
12-17 10:05:29.498  1937  2944 I chatty  : uid=1000(system) Binder_6 expire 32 lines
12-17 10:05:29.588  1937  8646 I chatty  : uid=1000(system) Binder_10 expire 35 lines
12-17 10:05:29.658  1937  2517 I chatty  : uid=1000(system) Binder_3 expire 42 lines
12-17 10:05:29.662  1937  3110 I chatty  : uid=1000(system) Binder_9 expire 39 lines
12-17 10:05:30.199  1937  1949 I chatty  : uid=1000(system) Binder_2 expire 46 lines
12-17 10:05:31.295  1937  3241 I chatty  : uid=1000(system) Binder_B expire 83 lines
12-17 10:05:31.722  1937  3093 I chatty  : uid=1000(system) Binder_7 expire 53 lines
12-17 10:05:32.193  1937  7042 I chatty  : uid=1000(system) Binder_F expire 48 lines
12-17 10:05:32.296  1937  1948 I chatty  : uid=1000(system) Binder_1 expire 52 lines
12-17 10:05:32.319  1937  6726 I chatty  : uid=1000(system) Binder_E expire 57 lines
12-17 10:05:32.420  1937  3263 I chatty  : uid=1000(system) Binder_C expire 49 lines
12-17 10:05:33.469 12641 12658 D ActivityThread: Loading provider com.google.android.gmail.provider;com.android.mail.notifier;com.google.android.gm.email.provider;com.google.android.gm.email.notifier: com.android.email.provider.EmailProvider
12-17 10:05:33.861  3516  3516 I ActivityThread: Removing dead content provider:android.content.ContentProviderProxy@8c703f7
12-17 10:05:37.270  1937  2425 I chatty  : uid=1000(system) AlarmManager expire 68 lines
12-17 10:05:39.500  1937  1951 I chatty  : uid=1000(system) android.bg expire 55 lines
12-17 10:05:43.476  1937  5512 I chatty  : uid=1000(system) Binder_D expire 41 lines
12-17 10:06:14.731  1937  2442 I chatty  : uid=1000(system) ConnectivitySer expire 74 lines
12-17 10:07:33.423  1937  3096 I chatty  : uid=1000(system) Binder_8 expire 22 lines
12-17 10:15:09.906  1937  2427 I chatty  : uid=1000(system) InputReader expire 20 lines
12-17 10:15:10.049  1937  2470 I chatty  : uid=1000(system) PhotonicModulat expire 181 lines
12-17 10:15:16.201  1937 13541 I chatty  : uid=1000 system_server expire 1 line
12-17 10:15:22.316   363   363 I chatty  : uid=1000(system) /system/bin/surfaceflinger expire 10 lines
12-17 10:15:26.477  1937  2437 I chatty  : uid=1000(system) WifiStateMachin expire 12 lines
12-17 10:15:26.480  2492  2492 D StatusBarKeyguardViewManager: showKeyguard, but hide Bouncer
12-17 10:15:26.547  1937  2586 I chatty  : uid=1000(system) Binder_5 expire 12 lines
12-17 10:15:26.549  1937  2944 I chatty  : uid=1000(system) Binder_6 expire 12 lines
12-17 10:15:26.550  1937  3096 I chatty  : uid=1000(system) Binder_8 expire 12 lines
12-17 10:15:26.553  1937  2517 I chatty  : uid=1000(system) Binder_3 expire 11 lines
12-17 10:15:26.555  1937  3110 I chatty  : uid=1000(system) Binder_9 expire 10 lines
12-17 10:15:26.559  1937  5512 I chatty  : uid=1000(system) Binder_D expire 21 lines
12-17 10:15:27.139  1937  1983 I chatty  : uid=1000(system) PowerManagerSer expire 43 lines
12-17 10:15:27.140  1937  1937 I chatty  : uid=1000 system_server expire 45 lines
12-17 10:15:35.319  1937  2425 I chatty  : uid=1000(system) AlarmManager expire 41 lines
12-17 10:15:35.329  1937  3093 I chatty  : uid=1000(system) Binder_7 expire 11 lines
12-17 10:15:35.336  1937  7042 I chatty  : uid=1000(system) Binder_F expire 16 lines
12-17 10:15:35.337  1937  8646 I chatty  : uid=1000(system) Binder_10 expire 10 lines
12-17 10:15:35.408  1937  2434 I chatty  : uid=1000(system) NetworkStats expire 10 lines
12-17 10:15:35.644  1937  1953 I chatty  : uid=1000(system) ActivityManager expire 10 lines
12-17 10:15:57.350  1937  6726 I chatty  : uid=1000(system) Binder_E expire 12 lines
12-17 10:16:17.076  1937  3128 I chatty  : uid=1000(system) Binder_A expire 12 lines
12-17 10:17:32.194  3829  3829 I chatty  : uid=1000(system) com.motorola.tools.batterytracer expire 4 lines
12-17 10:18:55.295  1937  1949 I chatty  : uid=1000(system) Binder_2 expire 40 lines
12-17 10:18:55.312 13720 13720 E ActivityThread: Service com.google.android.gms.car.CarService has leaked ServiceConnection com.google.android.gms.car.hr@8612ec2 that was originally bound here
12-17 10:18:55.312 13720 13720 E ActivityThread: android.app.ServiceConnectionLeaked: Service com.google.android.gms.car.CarService has leaked ServiceConnection com.google.android.gms.car.hr@8612ec2 that was originally bound here
12-17 10:18:55.312 13720 13720 E ActivityThread: 	at android.app.LoadedApk$ServiceDispatcher.<init>(LoadedApk.java:1092)
12-17 10:18:55.312 13720 13720 E ActivityThread: 	at android.app.LoadedApk.getServiceDispatcher(LoadedApk.java:986)
12-17 10:18:55.312 13720 13720 E ActivityThread: 	at android.app.ContextImpl.bindServiceCommon(ContextImpl.java:1303)
12-17 10:18:55.312 13720 13720 E ActivityThread: 	at android.app.ContextImpl.bindService(ContextImpl.java:1286)
12-17 10:18:55.312 13720 13720 E ActivityThread: 	at android.content.ContextWrapper.bindService(ContextWrapper.java:604)
12-17 10:18:55.312 13720 13720 E ActivityThread: 	at android.content.ContextWrapper.bindService(ContextWrapper.java:604)
12-17 10:18:55.312 13720 13720 E ActivityThread: 	at android.content.ContextWrapper.bindService(ContextWrapper.java:604)
12-17 10:18:55.312 13720 13720 E ActivityThread: 	at com.google.android.gms.common.stats.g.a(SourceFile:128)
12-17 10:18:55.312 13720 13720 E ActivityThread: 	at com.google.android.gms.common.stats.g.a(SourceFile:145)
12-17 10:18:55.312 13720 13720 E ActivityThread: 	at com.google.android.gms.car.hc.<init>(SourceFile:319)
12-17 10:18:55.312 13720 13720 E ActivityThread: 	at com.google.android.gms.car.CarChimeraService.onCreate(SourceFile:74)
12-17 10:18:55.312 13720 13720 E ActivityThread: 	at com.google.android.chimera.ServiceProxy.setImpl(SourceFile:115)
12-17 10:18:55.312 13720 13720 E ActivityThread: 	at com.google.android.chimera.ServiceProxy.onCreate(SourceFile:105)
12-17 10:18:55.312 13720 13720 E ActivityThread: 	at android.app.ActivityThread.handleCreateService(ActivityThread.java:2895)
12-17 10:18:55.312 13720 13720 E ActivityThread: 	at android.app.ActivityThread.-wrap4(ActivityThread.java)
12-17 10:18:55.312 13720 13720 E ActivityThread: 	at android.app.ActivityThread$H.handleMessage(ActivityThread.java:1437)
12-17 10:18:55.312 13720 13720 E ActivityThread: 	at android.os.Handler.dispatchMessage(Handler.java:102)
12-17 10:18:55.312 13720 13720 E ActivityThread: 	at android.os.Looper.loop(Looper.java:148)
12-17 10:18:55.312 13720 13720 E ActivityThread: 	at android.app.ActivityThread.main(ActivityThread.java:5443)
12-17 10:18:55.312 13720 13720 E ActivityThread: 	at java.lang.reflect.Method.invoke(Native Method)
12-17 10:18:55.312 13720 13720 E ActivityThread: 	at com.android.internal.os.ZygoteInit$MethodAndArgsCaller.run(ZygoteInit.java:728)
12-17 10:18:55.312 13720 13720 E ActivityThread: 	at com.android.internal.os.ZygoteInit.main(ZygoteInit.java:618)
12-17 10:18:55.322 13720 13720 E ActivityThread: Service com.google.android.gms.car.CarCallService has leaked ServiceConnection com.google.android.gms.car.dq@ee632c5 that was originally bound here
12-17 10:18:55.322 13720 13720 E ActivityThread: android.app.ServiceConnectionLeaked: Service com.google.android.gms.car.CarCallService has leaked ServiceConnection com.google.android.gms.car.dq@ee632c5 that was originally bound here
12-17 10:18:55.322 13720 13720 E ActivityThread: 	at android.app.LoadedApk$ServiceDispatcher.<init>(LoadedApk.java:1092)
12-17 10:18:55.322 13720 13720 E ActivityThread: 	at android.app.LoadedApk.getServiceDispatcher(LoadedApk.java:986)
12-17 10:18:55.322 13720 13720 E ActivityThread: 	at android.app.ContextImpl.bindServiceCommon(ContextImpl.java:1303)
12-17 10:18:55.322 13720 13720 E ActivityThread: 	at android.app.ContextImpl.bindService(ContextImpl.java:1286)
12-17 10:18:55.322 13720 13720 E ActivityThread: 	at android.content.ContextWrapper.bindService(ContextWrapper.java:604)
12-17 10:18:55.322 13720 13720 E ActivityThread: 	at com.google.android.gms.common.stats.g.a(SourceFile:128)
12-17 10:18:55.322 13720 13720 E ActivityThread: 	at com.google.android.gms.common.stats.g.a(SourceFile:145)
12-17 10:18:55.322 13720 13720 E ActivityThread: 	at com.google.android.gms.car.dp.a(SourceFile:586)
12-17 10:18:55.322 13720 13720 E ActivityThread: 	at com.google.android.gms.car.dp.<init>(SourceFile:511)
12-17 10:18:55.322 13720 13720 E ActivityThread: 	at com.google.android.gms.car.dp.a(SourceFile:488)
12-17 10:18:55.322 13720 13720 E ActivityThread: 	at com.google.android.gms.car.dm.<init>(SourceFile:112)
12-17 10:18:55.322 13720 13720 E ActivityThread: 	at com.google.android.gms.car.CarCallService.onBind(SourceFile:79)
12-17 10:18:55.322 13720 13720 E ActivityThread: 	at android.app.ActivityThread.handleBindService(ActivityThread.java:2922)
12-17 10:18:55.322 13720 13720 E ActivityThread: 	at android.app.ActivityThread.-wrap2(ActivityThread.java)
12-17 10:18:55.322 13720 13720 E ActivityThread: 	at android.app.ActivityThread$H.handleMessage(ActivityThread.java:1442)
12-17 10:18:55.322 13720 13720 E ActivityThread: 	at android.os.Handler.dispatchMessage(Handler.java:102)
12-17 10:18:55.322 13720 13720 E ActivityThread: 	at android.os.Looper.loop(Looper.java:148)
12-17 10:18:55.322 13720 13720 E ActivityThread: 	at android.app.ActivityThread.main(ActivityThread.java:5443)
12-17 10:18:55.322 13720 13720 E ActivityThread: 	at java.lang.reflect.Method.invoke(Native Method)
12-17 10:18:55.322 13720 13720 E ActivityThread: 	at com.android.internal.os.ZygoteInit$MethodAndArgsCaller.run(ZygoteInit.java:728)
12-17 10:18:55.322 13720 13720 E ActivityThread: 	at com.android.internal.os.ZygoteInit.main(ZygoteInit.java:618)
12-17 10:18:55.323  1937  1948 I chatty  : uid=1000(system) Binder_1 expire 48 lines
12-17 10:20:10.281  1937  2425 I chatty  : uid=1000(system) AlarmManager expire 20 lines
12-17 10:20:10.287  1937  1951 I chatty  : uid=1000(system) android.bg expire 33 lines
12-17 10:20:10.314  1937  7042 I chatty  : uid=1000(system) Binder_F expire 40 lines
12-17 10:20:10.318  1937  1937 I chatty  : uid=1000 system_server expire 33 lines
12-17 10:20:10.334  1937  3241 I chatty  : uid=1000(system) Binder_B expire 45 lines
12-17 10:20:10.380  1937  3096 I chatty  : uid=1000(system) Binder_8 expire 36 lines
12-17 10:22:04.894 13921 14359 I chatty  : uid=1000(system) com.motorola.tools.batterytracersdcard expire 1 line
12-17 10:25:54.425  1937  2427 I chatty  : uid=1000(system) InputReader expire 21 lines
12-17 10:25:54.467  1937  2470 I chatty  : uid=1000(system) PhotonicModulat expire 127 lines
12-17 10:25:54.467  1937  1973 I chatty  : uid=1000(system) android.display expire 13 lines
12-17 10:25:54.477  1937  2517 I chatty  : uid=1000(system) Binder_3 expire 109 lines
12-17 10:25:54.514  1937  3093 I chatty  : uid=1000(system) Binder_7 expire 116 lines
12-17 10:25:54.518  1937  2535 I chatty  : uid=1000(system) Binder_4 expire 116 lines
12-17 10:25:54.602  1937  3110 I chatty  : uid=1000(system) Binder_9 expire 97 lines
12-17 10:25:54.623  1937  3263 I chatty  : uid=1000(system) Binder_C expire 72 lines
12-17 10:25:54.672  1937  1983 I chatty  : uid=1000(system) PowerManagerSer expire 519 lines
12-17 10:25:54.774  1937  3128 I chatty  : uid=1000(system) Binder_A expire 87 lines
12-17 10:25:54.853  1937  8646 I chatty  : uid=1000(system) Binder_10 expire 102 lines
12-17 10:25:54.864  1937  2944 I chatty  : uid=1000(system) Binder_6 expire 92 lines
12-17 10:25:55.470  1937  5512 I chatty  : uid=1000(system) Binder_D expire 87 lines
12-17 10:25:55.484  1937  2586 I chatty  : uid=1000(system) Binder_5 expire 85 lines
12-17 10:25:55.940  1937  6726 I chatty  : uid=1000(system) Binder_E expire 74 lines
12-17 10:25:56.309  3104  3104 D MccTable: updateMccMncConfiguration mccmnc='40445' fromServiceState=false
12-17 10:25:56.312  3104  3104 D MccTable: updateMccMncConfiguration defaultMccMnc=
12-17 10:25:56.312  3104  3104 D MccTable: updateMccMncConfiguration: mcc=404, mnc=45
12-17 10:25:56.313  3104  3104 D MccTable: updateMccMncConfiguration updateConfig config={1.0 404mcc45mnc ?locale ?layoutDir ?swdp ?wdp ?hdp ?density ?lsize ?long ?orien ?uimode ?night ?touch ?keyb/?/? ?nav/??spn}
12-17 10:25:56.399  1937  3096 I chatty  : uid=1000(system) Binder_8 expire 87 lines
12-17 10:25:56.442  1937  1937 I chatty  : uid=1000 system_server expire 65 lines
12-17 10:25:56.526  3104  3104 D MccTable: updateMccMncConfiguration mccmnc='40445' fromServiceState=true
12-17 10:25:56.528  3104  3104 D MccTable: updateMccMncConfiguration defaultMccMnc=
12-17 10:25:56.528  3104  3104 D MccTable: updateMccMncConfiguration: mcc=404, mnc=45
12-17 10:25:56.529  3104  3104 D MccTable: WIFI_COUNTRY_CODE set to in
12-17 10:25:56.529  1937  1948 I chatty  : uid=1000(system) Binder_1 expire 48 lines
12-17 10:25:56.586  1937  7042 I chatty  : uid=1000(system) Binder_F expire 69 lines
12-17 10:25:56.612  1937  1951 I chatty  : uid=1000(system) android.bg expire 309 lines
12-17 10:25:56.749  1937  1949 I chatty  : uid=1000(system) Binder_2 expire 47 lines
12-17 10:25:56.758  1937  3241 I chatty  : uid=1000(system) Binder_B expire 53 lines
12-17 10:25:57.047  3104  3104 D MccTable: updateMccMncConfiguration mccmnc='40445' fromServiceState=false
12-17 10:25:57.048  3104  3104 D MccTable: updateMccMncConfiguration defaultMccMnc=40445
12-17 10:25:57.048  3104  3104 D MccTable: updateMccMncConfiguration: mcc=404, mnc=45
12-17 10:25:57.048  3104  3104 D MccTable: updateMccMncConfiguration updateConfig config={1.0 404mcc45mnc ?locale ?layoutDir ?swdp ?wdp ?hdp ?density ?lsize ?long ?orien ?uimode ?night ?touch ?keyb/?/? ?nav/??spn}
12-17 10:25:57.138  2492  2492 D StatusBarKeyguardViewManager: showKeyguard, but hide Bouncer
12-17 10:25:57.169  3104  3104 D MccTable: updateMccMncConfiguration mccmnc='40445' fromServiceState=false
12-17 10:25:57.170  3104  3104 D MccTable: updateMccMncConfiguration defaultMccMnc=40445
12-17 10:25:57.171  3104  3104 D MccTable: updateMccMncConfiguration: mcc=404, mnc=45
