12-17 10:39:41.072  3104  3104 D DctController: [TNF 1]new score 56 for exisiting request NetworkRequest [ id=1, legacyType=-1, [ Capabilities: INTERNET&NOT_RESTRICTED&TRUSTED&NOT_VPN] ]
12-17 10:39:41.075  3104  3104 D DctController: [TNF 1]  my score=50, my filter=[ Transports: CELLULAR Capabilities: MMS&SUPL&DUN&FOTA&IMS&CBS&IA&RCS&XCAP&EIMS&INTERNET&NOT_RESTRICTED&TRUSTED&NOT_VPN Specifier: <1>]
12-17 10:39:41.075  3104  3104 D DctController: [TNF 1]evalRequest
12-17 10:39:41.075  3104  3104 D DctController: [TNF 1]  done
12-17 10:39:43.807  3104 13106 D SubscriptionController: [getPhoneId] asked for default subId=1
12-17 10:39:44.400  3104 14573 D SubscriptionController: [getActiveSubIdList] simInfoSet=[0=1]
12-17 10:39:44.401  3104 14573 D SubscriptionController: [getActiveSubIdList] X subIdArr.length=1
12-17 10:39:50.100  3104  3104 D SubscriptionController: [getSubId]- numSubIds == 0, return DummySubIds slotIdx=1
12-17 10:39:50.100  3104  3104 D DctController: [TNF -3]new score 60 for exisiting request NetworkRequest [ id=1, legacyType=-1, [ Capabilities: INTERNET&NOT_RESTRICTED&TRUSTED&NOT_VPN] ]
12-17 10:39:50.100  3104  3104 D SubscriptionController: [getSubId]- numSubIds == 0, return DummySubIds slotIdx=1
12-17 10:39:50.101  3104  3104 D DctController: [TNF -3]  my score=50, my filter=[ Transports: CELLULAR Capabilities: MMS&SUPL&DUN&FOTA&IMS&CBS&IA&RCS&XCAP&EIMS&INTERNET&NOT_RESTRICTED&TRUSTED&NOT_VPN Specifier: <-3>]
12-17 10:39:50.101  3104  3104 D SubscriptionController: [getSubId]- numSubIds == 0, return DummySubIds slotIdx=1
12-17 10:39:50.101  3104  3104 D DctController: [TNF -3]evalRequest
12-17 10:39:50.101  3104  3104 D SubscriptionController: [getSubId]- numSubIds == 0, return DummySubIds slotIdx=1
12-17 10:39:50.101  3104  3104 D DctController: [TNF -3]  done
12-17 10:39:50.101  3104  3104 D DctController: [TNF 1]new score 60 for exisiting request NetworkRequest [ id=1, legacyType=-1, [ Capabilities: INTERNET&NOT_RESTRICTED&TRUSTED&NOT_VPN] ]
12-17 10:39:50.101  3104  3104 D DctController: [TNF 1]  my score=50, my filter=[ Transports: CELLULAR Capabilities: MMS&SUPL&DUN&FOTA&IMS&CBS&IA&RCS&XCAP&EIMS&INTERNET&NOT_RESTRICTED&TRUSTED&NOT_VPN Specifier: <1>]
12-17 10:39:50.101  3104  3104 D DctController: [TNF 1]evalRequest
12-17 10:39:50.101  3104  3104 D DctController: [TNF 1]  done
12-17 10:39:51.577  3104 14573 D SubscriptionController: [getActiveSubIdList] simInfoSet=[0=1]
12-17 10:39:51.578  3104 14573 D SubscriptionController: [getActiveSubIdList] X subIdArr.length=1
12-17 10:39:59.668   788  2063 W RILQ    : (0/788): RIL[0][qmi_cb] qcril_event_queue: RID 0 MID 0 Queued event QCRIL_EVT_QMI_NAS_HANDLE_INDICATIONS (20 bytes)(obj 0xb89cf6b8)
12-17 10:39:59.669   788  1007 W RILQ    : (0/788): RIL[0][event] qcril_event_main: 1 items on queue
12-17 10:39:59.669   788  1007 W RILQ    : (0/788): RIL[0][event] qcril_event_main: RID 0 MID 0 De-queued event QCRIL_EVT_QMI_NAS_HANDLE_INDICATIONS (655385)(obj 0xb89cf6b8)
12-17 10:39:59.669   788  1007 W RILQ    : (0/788): RIL[0][event] qcril_process_event: RIL <--- QCRIL_EVT_QMI_NAS_HANDLE_INDICATIONS(655385), RID 0, MID 0 --- AMSS
12-17 10:39:59.670   788  1007 W RILQ    : (0/788): RIL[0][event] qcril_send_unsol_response_epilog: UI <--- RIL_UNSOL_SIGNAL_STRENGTH (1009) --- RIL [RID 0, Len 56, (null)]
12-17 10:39:59.672  3104  3104 D DefaultPhoneNotifier: notifySignalStrength: mRegistry=com.android.internal.telephony.ITelephonyRegistry$Stub$Proxy@3cee094 ss=SignalStrength: 20 0 -120 -160 -120 -1 -1 99 2147483647 2147483647 2147483647 2147483647 2147483647 gsm|lte sender=Handler (com.android.internal.telephony.gsm.GSMPhone) {68c6c93}
12-17 10:39:59.673   788  1007 W RILQ    : (0/788): RIL[0][event] qcril_event_main: Waiting...
12-17 10:40:04.221  3104  3131 D SubscriptionController: [getActiveSubIdList] simInfoSet=[0=1]
12-17 10:40:04.222  3104  3131 D SubscriptionController: [getActiveSubIdList] X subIdArr.length=1
12-17 10:40:05.866   788  2063 W RILQ    : (0/788): RIL[0][qmi_cb] qcril_event_queue: RID 0 MID 0 Queued event QCRIL_EVT_QMI_NAS_HANDLE_INDICATIONS (20 bytes)(obj 0xb89cf700)
12-17 10:40:05.866   788  1007 W RILQ    : (0/788): RIL[0][event] qcril_event_main: 1 items on queue
12-17 10:40:05.867   788  1007 W RILQ    : (0/788): RIL[0][event] qcril_event_main: RID 0 MID 0 De-queued event QCRIL_EVT_QMI_NAS_HANDLE_INDICATIONS (655385)(obj 0xb89cf700)
12-17 10:40:05.867   788  1007 W RILQ    : (0/788): RIL[0][event] qcril_process_event: RIL <--- QCRIL_EVT_QMI_NAS_HANDLE_INDICATIONS(655385), RID 0, MID 0 --- AMSS
12-17 10:40:05.868   788  1007 W RILQ    : (0/788): RIL[0][event] qcril_send_unsol_response_epilog: UI <--- RIL_UNSOL_SIGNAL_STRENGTH (1009) --- RIL [RID 0, Len 56, (null)]
12-17 10:40:05.868   788  1007 W RILQ    : (0/788): RIL[0][event] qcril_event_main: Waiting...
12-17 10:40:05.869  3104  3104 D DefaultPhoneNotifier: notifySignalStrength: mRegistry=com.android.internal.telephony.ITelephonyRegistry$Stub$Proxy@3cee094 ss=SignalStrength: 17 0 -120 -160 -120 -1 -1 99 2147483647 2147483647 2147483647 2147483647 2147483647 gsm|lte sender=Handler (com.android.internal.telephony.gsm.GSMPhone) {68c6c93}
12-17 10:40:12.158  3104  3331 D SubscriptionController: [getActiveSubIdList] simInfoSet=[0=1]
12-17 10:40:12.158  3104  3331 D SubscriptionController: [getActiveSubIdList] X subIdArr.length=1
12-17 10:40:29.006  3104 13106 D SubscriptionController: [getActiveSubIdList] simInfoSet=[0=1]
12-17 10:40:29.006  3104 13106 D SubscriptionController: [getActiveSubIdList] X subIdArr.length=1
12-17 10:40:38.337  3104  3843 D SubscriptionController: getSimStateForSlotIdx:  simState=READY value=5
12-17 10:40:38.338 25065 32054 D SubscriptionManager: getSimStateForSubscriber: simState=5 slotIdx=0
12-17 10:40:39.997  3104  3331 D SubscriptionController: [getActiveSubIdList] simInfoSet=[0=1]
12-17 10:40:39.997  3104  3331 D SubscriptionController: [getActiveSubIdList] X subIdArr.length=1
12-17 10:40:42.456  3104  3783 D SubscriptionController: [getPhoneId] asked for default subId=1
12-17 10:40:43.162  3104  3129 D SubscriptionController: getSimStateForSlotIdx:  simState=READY value=5
12-17 10:40:43.162 25065 32140 D SubscriptionManager: getSimStateForSubscriber: simState=5 slotIdx=0
12-17 10:40:50.190  3104  3783 D SubscriptionController: [getActiveSubIdList] simInfoSet=[0=1]
12-17 10:40:50.191  3104  3783 D SubscriptionController: [getActiveSubIdList] X subIdArr.length=1
12-17 10:40:51.123  3104  3331 D SubscriptionController: getSimStateForSlotIdx:  simState=READY value=5
12-17 10:40:51.124 25065 32239 D SubscriptionManager: getSimStateForSubscriber: simState=5 slotIdx=0
12-17 10:40:51.499   788  2063 W RILQ    : (0/788): RIL[0][qmi_cb] qcril_event_queue: RID 0 MID 0 Queued event QCRIL_EVT_QMI_NAS_HANDLE_INDICATIONS (20 bytes)(obj 0xb89cf748)
12-17 10:40:51.500   788  1007 W RILQ    : (0/788): RIL[0][event] qcril_event_main: 1 items on queue
12-17 10:40:51.500   788  1007 W RILQ    : (0/788): RIL[0][event] qcril_event_main: RID 0 MID 0 De-queued event QCRIL_EVT_QMI_NAS_HANDLE_INDICATIONS (655385)(obj 0xb89cf748)
12-17 10:40:51.500   788  1007 W RILQ    : (0/788): RIL[0][event] qcril_process_event: RIL <--- QCRIL_EVT_QMI_NAS_HANDLE_INDICATIONS(655385), RID 0, MID 0 --- AMSS
12-17 10:40:51.501   788  1007 W RILQ    : (0/788): RIL[0][event] qcril_send_unsol_response_epilog: UI <--- RIL_UNSOL_SIGNAL_STRENGTH (1009) --- RIL [RID 0, Len 56, (null)]
12-17 10:40:51.502   788  1007 W RILQ    : (0/788): RIL[0][event] qcril_event_main: Waiting...
12-17 10:40:51.502  3104  3104 D DefaultPhoneNotifier: notifySignalStrength: mRegistry=com.android.internal.telephony.ITelephonyRegistry$Stub$Proxy@3cee094 ss=SignalStrength: 14 0 -120 -160 -120 -1 -1 99 2147483647 2147483647 2147483647 2147483647 2147483647 gsm|lte sender=Handler (com.android.internal.telephony.gsm.GSMPhone) {68c6c93}
12-17 10:40:54.729  3104 11114 D SubscriptionController: [getActiveSubIdList] simInfoSet=[0=1]
12-17 10:40:54.729  3104 11114 D SubscriptionController: [getActiveSubIdList] X subIdArr.length=1
12-17 10:41:01.692  3104  3783 D SubscriptionController: [getActiveSubIdList] simInfoSet=[0=1]
12-17 10:41:01.692  3104  3783 D SubscriptionController: [getActiveSubIdList] X subIdArr.length=1
12-17 10:41:06.864   788  2063 W RILQ    : (0/788): RIL[0][qmi_cb] qcril_event_queue: RID 0 MID 0 Queued event QCRIL_EVT_QMI_NAS_HANDLE_INDICATIONS (20 bytes)(obj 0xb89cf790)
12-17 10:41:06.864   788  1007 W RILQ    : (0/788): RIL[0][event] qcril_event_main: 1 items on queue
12-17 10:41:06.864   788  1007 W RILQ    : (0/788): RIL[0][event] qcril_event_main: RID 0 MID 0 De-queued event QCRIL_EVT_QMI_NAS_HANDLE_INDICATIONS (655385)(obj 0xb89cf790)
12-17 10:41:06.864   788  1007 W RILQ    : (0/788): RIL[0][event] qcril_process_event: RIL <--- QCRIL_EVT_QMI_NAS_HANDLE_INDICATIONS(655385), RID 0, MID 0 --- AMSS
12-17 10:41:06.866   788  1007 W RILQ    : (0/788): RIL[0][event] qcril_send_unsol_response_epilog: UI <--- RIL_UNSOL_SIGNAL_STRENGTH (1009) --- RIL [RID 0, Len 56, (null)]
12-17 10:41:06.867  3104  3104 D DefaultPhoneNotifier: notifySignalStrength: mRegistry=com.android.internal.telephony.ITelephonyRegistry$Stub$Proxy@3cee094 ss=SignalStrength: 17 0 -120 -160 -120 -1 -1 99 2147483647 2147483647 2147483647 2147483647 2147483647 gsm|lte sender=Handler (com.android.internal.telephony.gsm.GSMPhone) {68c6c93}
12-17 10:41:06.867   788  1007 W RILQ    : (0/788): RIL[0][event] qcril_event_main: Waiting...
12-17 10:41:10.609  3104  3783 D SubscriptionController: [getActiveSubIdList] simInfoSet=[0=1]
12-17 10:41:10.610  3104  3783 D SubscriptionController: [getActiveSubIdList] X subIdArr.length=1
12-17 10:41:15.104  3104 13106 D SubscriptionController: [getPhoneId] asked for default subId=1
12-17 10:41:17.658  3104 11114 D SubscriptionController: [getActiveSubIdList] simInfoSet=[0=1]
12-17 10:41:17.658  3104 11114 D SubscriptionController: [getActiveSubIdList] X subIdArr.length=1
12-17 10:41:23.194  3104 11114 D SubscriptionController: [getActiveSubIdList] simInfoSet=[0=1]
12-17 10:41:23.195  3104 11114 D SubscriptionController: [getActiveSubIdList] X subIdArr.length=1
12-17 10:41:24.802   788  2063 W RILQ    : (0/788): RIL[0][qmi_cb] qcril_event_queue: RID 0 MID 0 Queued event QCRIL_EVT_QMI_NAS_HANDLE_INDICATIONS (20 bytes)(obj 0xb89cf7d8)
12-17 10:41:24.802   788  1007 W RILQ    : (0/788): RIL[0][event] qcril_event_main: 1 items on queue
12-17 10:41:24.802   788  1007 W RILQ    : (0/788): RIL[0][event] qcril_event_main: RID 0 MID 0 De-queued event QCRIL_EVT_QMI_NAS_HANDLE_INDICATIONS (655385)(obj 0xb89cf7d8)
12-17 10:41:24.802   788  1007 W RILQ    : (0/788): RIL[0][event] qcril_process_event: RIL <--- QCRIL_EVT_QMI_NAS_HANDLE_INDICATIONS(655385), RID 0, MID 0 --- AMSS
12-17 10:41:24.803   788  1007 W RILQ    : (0/788): RIL[0][event] qcril_send_unsol_response_epilog: UI <--- RIL_UNSOL_SIGNAL_STRENGTH (1009) --- RIL [RID 0, Len 56, (null)]
12-17 10:41:24.805  3104  3104 D DefaultPhoneNotifier: notifySignalStrength: mRegistry=com.android.internal.telephony.ITelephonyRegistry$Stub$Proxy@3cee094 ss=SignalStrength: 15 0 -120 -160 -120 -1 -1 99 2147483647 2147483647 2147483647 2147483647 2147483647 gsm|lte sender=Handler (com.android.internal.telephony.gsm.GSMPhone) {68c6c93}
12-17 10:41:24.810   788  1007 W RILQ    : (0/788): RIL[0][event] qcril_event_main: Waiting...
12-17 10:41:28.194  3104  3129 D SubscriptionController: [getActiveSubIdList] simInfoSet=[0=1]
12-17 10:41:28.195  3104  3129 D SubscriptionController: [getActiveSubIdList] X subIdArr.length=1
12-17 10:41:31.732  3104  3783 D SubscriptionController: [getPhoneId] asked for default subId=1
12-17 10:41:31.798  3104  3129 D SubscriptionController: getSimStateForSlotIdx:  simState=READY value=5
12-17 10:41:31.798 25065   519 D SubscriptionManager: getSimStateForSubscriber: simState=5 slotIdx=0
12-17 10:41:32.146  3104 13106 D SubscriptionController: [getActiveSubIdList] simInfoSet=[0=1]
12-17 10:41:32.146  3104 13106 D SubscriptionController: [getActiveSubIdList] X subIdArr.length=1
12-17 10:41:35.426  3104 13106 D SubscriptionController: [getPhoneId] asked for default subId=1
12-17 10:41:39.023  3104  3126 D SubscriptionController: getSimStateForSlotIdx:  simState=READY value=5
12-17 10:41:39.023 25065   705 D SubscriptionManager: getSimStateForSubscriber: simState=5 slotIdx=0
12-17 10:41:39.587  3104  3331 D SubscriptionController: [getActiveSubIdList] simInfoSet=[0=1]
12-17 10:41:39.587  3104  3331 D SubscriptionController: [getActiveSubIdList] X subIdArr.length=1
12-17 10:41:41.640  3104 14573 D SubscriptionController: getSimStateForSlotIdx:  simState=READY value=5
12-17 10:41:41.641 25065   772 D SubscriptionManager: getSimStateForSubscriber: simState=5 slotIdx=0
12-17 10:41:42.303  3104  3129 D SubscriptionController: getSimStateForSlotIdx:  simState=READY value=5
12-17 10:41:42.303 25065   786 D SubscriptionManager: getSimStateForSubscriber: simState=5 slotIdx=0
12-17 10:42:04.787  3104 13106 D GsmSST  : [GsmSST] 0getCellLocation(): X good mCellLoc=[34204,27534831,406]
12-17 10:42:04.823  3104  3104 D RILJ    : [4623]> REQUEST_GET_NEIGHBORING_CELL_IDS [SUB0]
12-17 10:42:04.826   788   872 W RILQ    : (0/788): RIL[0][main] onRequest: UI --- RIL_REQUEST_GET_NEIGHBORING_CELL_IDS (75) ---> RIL [RID 0, token id 975, data len 0]
12-17 10:42:04.826   788   872 W RILQ    : (0/788): RIL[0][main] onRequest: data stream received from telephony
12-17 10:42:04.826   788   872 W RILQ    : (0/788): RIL[0][main] onRequest: android request id 75
12-17 10:42:04.826   788   872 W RILQ    : (0/788): RIL[0][main] onRequest: handling caps 51200060 hex
12-17 10:42:04.826   788   872 W RILQ    : (0/788): RIL[0][main] qmi_ril_fw_create_android_live_params_copy: a-r-id 75, a-data 0x0, a-data-len 0
12-17 10:42:04.826   788   872 W RILQ    : (0/788): RIL[0][main] onRequest: method 3, datalen 0
12-17 10:42:04.826   788   872 W RILQ    : (0/788): RIL[0][main] onRequest: clean family 0
12-17 10:42:04.826   788   872 W RILQ    : (0/788): RIL[0][main] onRequest: already waiting for exec 0
12-17 10:42:04.826   788   872 W RILQ    : (0/788): RIL[0][main] onRequest: android_request_param_holder b898c818 hex
12-17 10:42:04.826   788   872 W RILQ    : (0/788): RIL[0][main] onRequest: pending req kind 0x0 hex, awaitingexec req kind 0x0 hex
12-17 10:42:04.826   788   872 W RILQ    : (0/788): RIL[0][main] onRequest: token under exec 975
12-17 10:42:04.826   788   872 W RILQ    : (0/788): RIL[0][main] onRequest: pre-exec token id 975, a-r-id 75, audit 0, nrender 0
12-17 10:42:04.826   788   872 W RILQ    : (0/788): RIL[0][main] qmi_ril_fw_android_request_render_execution: rendering exec for token id 975
12-17 10:42:04.827   788   872 W RILQ    : (0/788): RIL[0][main] qcril_reqlist_print_all: [RID 0] ReqList entries :
12-17 10:42:04.827   788   872 W RILQ    : (0/788): RIL[0][main] qcril_reqlist_print_all:     RIL_REQUEST_GET_NEIGHBORING_CELL_IDS (75), token id 975 followed 0x0 following 0x0
12-17 10:42:04.827   788   872 W RILQ    : (0/788): RIL[0][main] qcril_reqlist_print_all: [RID 0] ReqList entries :
12-17 10:42:04.827   788   872 W RILQ    : (0/788): RIL[0][main] qcril_reqlist_print_all:     RIL_REQUEST_GET_NEIGHBORING_CELL_IDS (75), token id 975 followed 0x0 following 0x0
12-17 10:42:04.827   788   872 W RILQ    : (0/788): RIL[0][main] qcril_setup_timed_callback_ex_params_adv: Set timer with ID 383
12-17 10:42:04.828   788   872 I RILQ    : (0/788):RIL[0][main] qcril_qmi_nas_get_neighboring_cell_ids: completed with 0
12-17 10:42:04.828   788   872 W RILQ    : (0/788): RIL[0][main] onRequest: dispatch outcome = 0
12-17 10:42:04.829   788  2063 W RILQ    : (0/788): RIL[0][qmi_cb] qcril_cancel_timed_callback: Cancel timer with ID 383
12-17 10:42:04.829   788  2063 I RILQ    : (0/788):RIL[0][qmi_cb] qcril_qmi_nas_get_neighboring_cells_cb: .. qmi error 0, resultqmi  0, qmi transp_err 0, ril res 0
12-17 10:42:04.829   788  2063 W RILQ    : (0/788): RIL[0][qmi_cb] qcril_send_request_response: UI <--- RIL_REQUEST_GET_NEIGHBORING_CELL_IDS (75) Complete --- RIL [RID 0, Token id 975, Success, Len 0 ]
12-17 10:42:04.830   788  2063 W RILQ    : (0/788): RIL[0][qmi_cb] qcril_reqlist_print_all: [RID 0] ReqList entries : Empty
12-17 10:42:04.830   788  2063 W RILQ    : (0/788): RIL[0][qmi_cb] qmi_ril_fw_send_request_response_epilog: main trd b5c72930, cur trd b4b43930
12-17 10:42:04.830   788  2063 W RILQ    : (0/788): RIL[0][qmi_cb] qmi_ril_fw_send_request_response_epilog: eq 0, under mn thrd 0
12-17 10:42:04.830   788  2063 W RILQ    : (0/788): RIL[0][qmi_cb] qmi_ril_fw_send_request_response_epilog: need protection 1 
12-17 10:42:04.830   788  2063 W RILQ    : (0/788): RIL[0][qmi_cb] qmi_ril_fw_send_request_response_epilog: in protected zone
12-17 10:42:04.830   788  2063 W RILQ    : (0/788): RIL[0][qmi_cb] qmi_ril_fw_send_request_response_epilog: token under exec 975, completion token id 975
12-17 10:42:04.830   788  2063 W RILQ    : (0/788): RIL[0][qmi_cb] qmi_ril_fw_send_request_response_epilog: resp token-id 975, req-id 75(75)
12-17 10:42:04.831   788  2063 W RILQ    : (0/788): RIL[0][qmi_cb] qmi_ril_fw_send_request_response_epilog: left zone 
12-17 10:42:04.831   788  2063 I RILQ    : (0/788):RIL[0][qmi_cb] qcril_qmi_nas_get_neighboring_cells_cb: completed with 0 with 0 entries
12-17 10:42:04.832  3104  3191 D RILJ    : [4623]< REQUEST_GET_NEIGHBORING_CELL_IDS {} [SUB0]
12-17 10:42:04.845  3104 11114 D RILJ    : [4624]> RIL_REQUEST_GET_CELL_INFO_LIST [SUB0]
12-17 10:42:04.847   788   872 W RILQ    : (0/788): RIL[0][main] onRequest: UI --- RIL_REQUEST_GET_CELL_INFO_LIST (109) ---> RIL [RID 0, token id 976, data len 0]
12-17 10:42:04.847   788   872 W RILQ    : (0/788): RIL[0][main] onRequest: data stream received from telephony
12-17 10:42:04.847   788   872 W RILQ    : (0/788): RIL[0][main] onRequest: android request id 109
12-17 10:42:04.847   788   872 W RILQ    : (0/788): RIL[0][main] onRequest: handling caps 40200010 hex
12-17 10:42:04.847   788   872 W RILQ    : (0/788): RIL[0][main] qmi_ril_fw_create_android_live_params_copy: a-r-id 109, a-data 0x0, a-data-len 0
12-17 10:42:04.847   788   872 W RILQ    : (0/788): RIL[0][main] onRequest: method 3, datalen 0
12-17 10:42:04.848   788   872 W RILQ    : (0/788): RIL[0][main] onRequest: clean family 0
12-17 10:42:04.848   788   872 W RILQ    : (0/788): RIL[0][main] onRequest: already waiting for exec 0
12-17 10:42:04.848   788   872 W RILQ    : (0/788): RIL[0][main] onRequest: android_request_param_holder b898e980 hex
12-17 10:42:04.848   788   872 W RILQ    : (0/788): RIL[0][main] onRequest: pending req kind 0x0 hex, awaitingexec req kind 0x0 hex
12-17 10:42:04.848   788   872 W RILQ    : (0/788): RIL[0][main] onRequest: token under exec 976
12-17 10:42:04.848   788   872 W RILQ    : (0/788): RIL[0][main] onRequest: pre-exec token id 976, a-r-id 109, audit 0, nrender 0
12-17 10:42:04.848   788   872 W RILQ    : (0/788): RIL[0][main] qmi_ril_fw_android_request_render_execution: rendering exec for token id 976
12-17 10:42:04.848   788   872 W RILQ    : (0/788): RIL[0][main] qmi_ril_fw_create_android_live_params_copy: a-r-id 109, a-data 0x0, a-data-len 0
12-17 10:42:04.852   788   872 W RILQ    : (0/788): RIL[0][main] qmi_ril_fw_android_request_render_execution: routed to dedicated thrd status 0
12-17 10:42:04.852   788   872 W RILQ    : (0/788): RIL[0][main] onRequest: dispatch outcome = 0
12-17 10:42:04.855   788  1059 W RILQ    : (0/788): RIL[0][cmd-109(464)] qcril_qmi_nas_count_cell_location_info_cells: UMTS Cells found: 1
12-17 10:42:04.855   788  1059 W RILQ    : (0/788): RIL[0][cmd-109(464)] qcril_qmi_nas_count_cell_location_info_cells: UMTS - GERAN neighbor Cells found: 0
12-17 10:42:04.855   788  1059 W RILQ    : (0/788): RIL[0][cmd-109(464)] qcril_qmi_nas_count_cell_location_info_cells: Umts Cell Id valid
12-17 10:42:04.856   788  1059 W RILQ    : (0/788): RIL[0][cmd-109(464)] qcril_qmi_nas_count_cell_location_info_cells: WCDMA - LTE Neighbor Cells found: 0
12-17 10:42:04.856   788  1059 W RILQ    : (0/788): RIL[0][cmd-109(464)] qcril_qmi_nas_count_cell_location_info_cells: Total Cells found: 1
12-17 10:42:04.856   788  1059 W RILQ    : (0/788): RIL[0][cmd-109(464)] qcril_qmi_nas_convert_cell_location_to_ril_cellinfo: CellInfo slots allocated: 1. Buflen: 72
12-17 10:42:04.856   788  1059 W RILQ    : (0/788): RIL[0][cmd-109(464)] qcril_qmi_nas_convert_cell_location_to_ril_cellinfo: GERAN consumed 0 cell slots
12-17 10:42:04.856   788  1059 W RILQ    : (0/788): RIL[0][cmd-109(464)] qcril_qmi_nas_util_calculate_neighbor_cell_rssi_no_cache: cell_value: -109. radioif: 0x5
12-17 10:42:04.856   788  1059 W RILQ    : (0/788): RIL[0][cmd-109(464)] qcril_qmi_nas_convert_cell_location_to_ril_cellinfo: UMTS consumed 1 cell slots
12-17 10:42:04.856   788  1059 W RILQ    : (0/788): RIL[0][cmd-109(464)] qcril_qmi_nas_convert_cell_location_to_ril_cellinfo: CDMA consumed 0 cell slots
12-17 10:42:04.856   788  1059 W RILQ    : (0/788): RIL[0][cmd-109(464)] qcril_qmi_nas_convert_cell_location_to_ril_cellinfo: LTE consumed 0 cell slots
12-17 10:42:04.856   788  1059 W RILQ    : (0/788): RIL[0][cmd-109(464)] qcril_qmi_nas_convert_cell_location_to_ril_cellinfo: Total Cells: 1. Used cells: 1
12-17 10:42:04.856   788  1059 W RILQ    : (0/788): RIL[0][cmd-109(464)] qcril_send_request_response: UI <--- RIL_REQUEST_GET_CELL_INFO_LIST (109) Complete --- RIL [RID 0, Token id 976, Success, Len 72 ]
12-17 10:42:04.856   788  1059 W RILQ    : (0/788): RIL[0][cmd-109(464)] qmi_ril_fw_send_request_response_epilog: main trd b5c72930, cur trd b493f930
12-17 10:42:04.856   788  1059 W RILQ    : (0/788): RIL[0][cmd-109(464)] qmi_ril_fw_send_request_response_epilog: eq 0, under mn thrd 0
12-17 10:42:04.856   788  1059 W RILQ    : (0/788): RIL[0][cmd-109(464)] qmi_ril_fw_send_request_response_epilog: need protection 1 
12-17 10:42:04.857   788  1059 W RILQ    : (0/788): RIL[0][cmd-109(464)] qmi_ril_fw_send_request_response_epilog: in protected zone
12-17 10:42:04.857   788  1059 W RILQ    : (0/788): RIL[0][cmd-109(464)] qmi_ril_fw_send_request_response_epilog: token under exec 976, completion token id 976
12-17 10:42:04.857   788  1059 W RILQ    : (0/788): RIL[0][cmd-109(464)] qmi_ril_fw_send_request_response_epilog: resp token-id 976, req-id 109(109)
12-17 10:42:04.857  3104  3191 D RILJ    : [4624]< RIL_REQUEST_GET_CELL_INFO_LIST [CellInfoWcdma:{mRegistered=YES mTimeStampType=oem_ril mTimeStamp=1356916613962ns CellIdentityWcdma:{ mMcc=404 mMnc=45 mLac=34204 mCid=27534831 mPsc=406} CellSignalStrengthWcdma: ss=2 ber=99}] [SUB0]
12-17 10:42:04.858   788  1059 W RILQ    : (0/788): RIL[0][cmd-109(464)] qmi_ril_fw_send_request_response_epilog: left zone 
12-17 10:42:04.858  3104 11114 D GsmSST  : [GsmSST] 0SST.getAllCellInfo(): X size=1 list=[CellInfoWcdma:{mRegistered=YES mTimeStampType=oem_ril mTimeStamp=1356916613962ns CellIdentityWcdma:{ mMcc=404 mMnc=45 mLac=34204 mCid=27534831 mPsc=406} CellSignalStrengthWcdma: ss=2 ber=99}]
12-17 10:42:04.859  3104 11114 D GsmSST  : [GsmSST] 0SST.getAllCellInfo(): return last, back to back calls
12-17 10:42:04.859  3104 11114 D GsmSST  : [GsmSST] 0SST.getAllCellInfo(): X size=1 list=[CellInfoWcdma:{mRegistered=YES mTimeStampType=oem_ril mTimeStamp=1356916613962ns CellIdentityWcdma:{ mMcc=404 mMnc=45 mLac=34204 mCid=27534831 mPsc=406} CellSignalStrengthWcdma: ss=2 ber=99}]
12-17 10:42:04.859  3104 11114 D RILJ    : [4625]> RIL_REQUEST_GET_CELL_INFO_LIST [SUB1]
12-17 10:42:04.862   806   891 W RILQ    : (1/806): RIL[1][main] onRequest: UI --- RIL_REQUEST_GET_CELL_INFO_LIST (109) ---> RIL [RID 1, token id 977, data len 0]
12-17 10:42:04.862   806   891 W RILQ    : (1/806): RIL[1][main] onRequest: data stream received from telephony
12-17 10:42:04.862   806   891 W RILQ    : (1/806): RIL[1][main] onRequest: android request id 109
12-17 10:42:04.862   806   891 W RILQ    : (1/806): RIL[1][main] onRequest: handling caps 40200010 hex
12-17 10:42:04.862   806   891 W RILQ    : (1/806): RIL[1][main] qmi_ril_fw_create_android_live_params_copy: a-r-id 109, a-data 0x0, a-data-len 0
12-17 10:42:04.862   806   891 W RILQ    : (1/806): RIL[1][main] onRequest: method 3, datalen 0
12-17 10:42:04.862   806   891 W RILQ    : (1/806): RIL[1][main] onRequest: clean family 0
12-17 10:42:04.862   806   891 W RILQ    : (1/806): RIL[1][main] onRequest: already waiting for exec 0
12-17 10:42:04.862   806   891 W RILQ    : (1/806): RIL[1][main] onRequest: android_request_param_holder b7958980 hex
12-17 10:42:04.862   806   891 W RILQ    : (1/806): RIL[1][main] onRequest: pending req kind 0x0 hex, awaitingexec req kind 0x0 hex
12-17 10:42:04.862   806   891 W RILQ    : (1/806): RIL[1][main] onRequest: token under exec 977
12-17 10:42:04.862   806   891 W RILQ    : (1/806): RIL[1][main] onRequest: pre-exec token id 977, a-r-id 109, audit 0, nrender 0
12-17 10:42:04.863   806   891 W RILQ    : (1/806): RIL[1][main] qmi_ril_fw_android_request_render_execution: rendering exec for token id 977
12-17 10:42:04.863   806   891 W RILQ    : (1/806): RIL[1][main] qmi_ril_fw_create_android_live_params_copy: a-r-id 109, a-data 0x0, a-data-len 0
12-17 10:42:04.863   806   891 W RILQ    : (1/806): RIL[1][main] qmi_ril_fw_android_request_render_execution: routed to dedicated thrd status 0
12-17 10:42:04.863   806   891 W RILQ    : (1/806): RIL[1][main] onRequest: dispatch outcome = 0
12-17 10:42:04.865   806  1061 W RILQ    : (1/806): RIL[1][cmd-109(784)] qcril_send_request_response: UI <--- RIL_REQUEST_GET_CELL_INFO_LIST (109) Complete --- RIL [RID 0, Token id 977, Generic Failure, Len 0 ]
12-17 10:42:04.865   806  1061 W RILQ    : (1/806): RIL[1][cmd-109(784)] qmi_ril_fw_send_request_response_epilog: main trd b5c74930, cur trd b4b60930
12-17 10:42:04.865   806  1061 W RILQ    : (1/806): RIL[1][cmd-109(784)] qmi_ril_fw_send_request_response_epilog: eq 0, under mn thrd 0
12-17 10:42:04.865   806  1061 W RILQ    : (1/806): RIL[1][cmd-109(784)] qmi_ril_fw_send_request_response_epilog: need protection 1 
12-17 10:42:04.865   806  1061 W RILQ    : (1/806): RIL[1][cmd-109(784)] qmi_ril_fw_send_request_response_epilog: in protected zone
12-17 10:42:04.865   806  1061 W RILQ    : (1/806): RIL[1][cmd-109(784)] qmi_ril_fw_send_request_response_epilog: token under exec 977, completion token id 977
12-17 10:42:04.865   806  1061 W RILQ    : (1/806): RIL[1][cmd-109(784)] qmi_ril_fw_send_request_response_epilog: resp token-id 977, req-id 109(109)
12-17 10:42:04.866   806  1061 W RILQ    : (1/806): RIL[1][cmd-109(784)] qmi_ril_fw_send_request_response_epilog: left zone 
12-17 10:42:04.867  3104  3195 D RilRequest: [4625]< RIL_REQUEST_GET_CELL_INFO_LIST error: com.android.internal.telephony.CommandException: GENERIC_FAILURE ret=
12-17 10:42:04.867  3104  3104 D GsmSST  : [GsmSST] 1EVENT_GET_CELL_INFO_LIST: error ret null, e=com.android.internal.telephony.CommandException: GENERIC_FAILURE
12-17 10:42:04.867  3104 11114 D GsmSST  : [GsmSST] 1SST.getAllCellInfo(): X size=0 list=null
12-17 10:42:04.890  3104  3783 D GsmSST  : [GsmSST] 0getCellLocation(): X good mCellLoc=[34204,27534831,406]
12-17 10:42:11.959  3104 13106 D SubscriptionController: [getPhoneId] asked for default subId=1
12-17 10:42:18.226   788  2063 W RILQ    : (0/788): RIL[0][qmi_cb] qcril_event_queue: RID 0 MID 0 Queued event QCRIL_EVT_QMI_NAS_HANDLE_INDICATIONS (20 bytes)(obj 0xb89cf820)
12-17 10:42:18.226   788  1007 W RILQ    : (0/788): RIL[0][event] qcril_event_main: 1 items on queue
12-17 10:42:18.227   788  1007 W RILQ    : (0/788): RIL[0][event] qcril_event_main: RID 0 MID 0 De-queued event QCRIL_EVT_QMI_NAS_HANDLE_INDICATIONS (655385)(obj 0xb89cf820)
12-17 10:42:18.227   788  1007 W RILQ    : (0/788): RIL[0][event] qcril_process_event: RIL <--- QCRIL_EVT_QMI_NAS_HANDLE_INDICATIONS(655385), RID 0, MID 0 --- AMSS
12-17 10:42:18.228   788  1007 W RILQ    : (0/788): RIL[0][event] qcril_send_unsol_response_epilog: UI <--- RIL_UNSOL_SIGNAL_STRENGTH (1009) --- RIL [RID 0, Len 56, (null)]
12-17 10:42:18.228   788  1007 W RILQ    : (0/788): RIL[0][event] qcril_event_main: Waiting...
12-17 10:42:18.229  3104  3104 D DefaultPhoneNotifier: notifySignalStrength: mRegistry=com.android.internal.telephony.ITelephonyRegistry$Stub$Proxy@3cee094 ss=SignalStrength: 18 0 -120 -160 -120 -1 -1 99 2147483647 2147483647 2147483647 2147483647 2147483647 gsm|lte sender=Handler (com.android.internal.telephony.gsm.GSMPhone) {68c6c93}
12-17 10:42:40.306   788  2063 W RILQ    : (0/788): RIL[0][qmi_cb] qcril_event_queue: RID 0 MID 0 Queued event QCRIL_EVT_QMI_NAS_HANDLE_INDICATIONS (20 bytes)(obj 0xb89bb730)
12-17 10:42:40.306   788  1007 W RILQ    : (0/788): RIL[0][event] qcril_event_main: 1 items on queue
12-17 10:42:40.306   788  1007 W RILQ    : (0/788): RIL[0][event] qcril_event_main: RID 0 MID 0 De-queued event QCRIL_EVT_QMI_NAS_HANDLE_INDICATIONS (655385)(obj 0xb89bb730)
12-17 10:42:40.306   788  1007 W RILQ    : (0/788): RIL[0][event] qcril_process_event: RIL <--- QCRIL_EVT_QMI_NAS_HANDLE_INDICATIONS(655385), RID 0, MID 0 --- AMSS
12-17 10:42:40.307   788  1007 W RILQ    : (0/788): RIL[0][event] qcril_send_unsol_response_epilog: UI <--- RIL_UNSOL_SIGNAL_STRENGTH (1009) --- RIL [RID 0, Len 56, (null)]
12-17 10:42:40.308   788  1007 W RILQ    : (0/788): RIL[0][event] qcril_event_main: Waiting...
12-17 10:42:40.308  3104  3104 D DefaultPhoneNotifier: notifySignalStrength: mRegistry=com.android.internal.telephony.ITelephonyRegistry$Stub$Proxy@3cee094 ss=SignalStrength: 21 0 -120 -160 -120 -1 -1 99 2147483647 2147483647 2147483647 2147483647 2147483647 gsm|lte sender=Handler (com.android.internal.telephony.gsm.GSMPhone) {68c6c93}
12-17 10:42:42.315  3104  3104 D DCT     : [0]onReceive: action=android.intent.action.SCREEN_OFF
12-17 10:42:42.317  3104  3104 D DCT     : [0]stopNetStatPoll
12-17 10:42:42.341  3104  3104 D DCT     : [0]overall state is IDLE
12-17 10:42:42.343  3104  3104 D DCT     : [1]onReceive: action=android.intent.action.SCREEN_OFF
12-17 10:42:42.343  3104  3104 D DCT     : [1]stopNetStatPoll
12-17 10:42:42.343  3104  3104 D SubscriptionController: [getSubId]- numSubIds == 0, return DummySubIds slotIdx=1
12-17 10:42:42.344  3104  3104 D SubscriptionController: [getPhoneId]- invalid subId return=-1
12-17 10:42:42.345  3104  3104 D DCT     : [1]overall state is IDLE
12-17 10:42:42.345  3104  3104 D SubscriptionController: [getSubId]- numSubIds == 0, return DummySubIds slotIdx=1
12-17 10:42:42.345  3104  3104 D SubscriptionController: [getPhoneId]- invalid subId return=-1
12-17 10:42:42.546   788  2063 W RILQ    : (0/788): RIL[0][qmi_cb] qcril_event_queue: RID 0 MID 0 Queued event QCRIL_EVT_QMI_NAS_HANDLE_INDICATIONS (20 bytes)(obj 0xb89cf680)
12-17 10:42:42.546   788  1007 W RILQ    : (0/788): RIL[0][event] qcril_event_main: 1 items on queue
12-17 10:42:42.547   788  1007 W RILQ    : (0/788): RIL[0][event] qcril_event_main: RID 0 MID 0 De-queued event QCRIL_EVT_QMI_NAS_HANDLE_INDICATIONS (655385)(obj 0xb89cf680)
12-17 10:42:42.547   788  1007 W RILQ    : (0/788): RIL[0][event] qcril_process_event: RIL <--- QCRIL_EVT_QMI_NAS_HANDLE_INDICATIONS(655385), RID 0, MID 0 --- AMSS
12-17 10:42:42.548   788  1007 W RILQ    : (0/788): RIL[0][event] qcril_send_unsol_response_epilog: UI <--- RIL_UNSOL_SIGNAL_STRENGTH (1009) --- RIL [RID 0, Len 56, (null)]
12-17 10:42:42.548   788  1007 W RILQ    : (0/788): RIL[0][event] qcril_event_main: Waiting...
12-17 10:42:42.549  3104  3104 D DefaultPhoneNotifier: notifySignalStrength: mRegistry=com.android.internal.telephony.ITelephonyRegistry$Stub$Proxy@3cee094 ss=SignalStrength: 17 0 -120 -160 -120 -1 -1 99 2147483647 2147483647 2147483647 2147483647 2147483647 gsm|lte sender=Handler (com.android.internal.telephony.gsm.GSMPhone) {68c6c93}
12-17 10:42:42.795  3104  3104 D DCT     : [0]onReceive: action=android.intent.action.SCREEN_ON
12-17 10:42:42.795  3104  3104 D DCT     : [0]stopNetStatPoll
12-17 10:42:42.797  3104  3104 D DCT     : [0]overall state is IDLE
12-17 10:42:42.801  3104  3104 D DCT     : [1]onReceive: action=android.intent.action.SCREEN_ON
12-17 10:42:42.801  3104  3104 D DCT     : [1]stopNetStatPoll
12-17 10:42:42.801  3104  3104 D SubscriptionController: [getSubId]- numSubIds == 0, return DummySubIds slotIdx=1
12-17 10:42:42.802  3104  3104 D SubscriptionController: [getPhoneId]- invalid subId return=-1
12-17 10:42:42.804  3104  3104 D DCT     : [1]overall state is IDLE
12-17 10:42:42.804  3104  3104 D SubscriptionController: [getSubId]- numSubIds == 0, return DummySubIds slotIdx=1
12-17 10:42:42.805  3104  3104 D SubscriptionController: [getPhoneId]- invalid subId return=-1
12-17 10:42:48.777  3104  3104 D SubscriptionController: [getSubId]- numSubIds == 0, return DummySubIds slotIdx=1
12-17 10:42:48.777  3104  3104 D DctController: [TNF -3]new score 56 for exisiting request NetworkRequest [ id=1, legacyType=-1, [ Capabilities: INTERNET&NOT_RESTRICTED&TRUSTED&NOT_VPN] ]
12-17 10:42:48.778  3104  3104 D SubscriptionController: [getSubId]- numSubIds == 0, return DummySubIds slotIdx=1
12-17 10:42:48.778  3104  3104 D DctController: [TNF -3]  my score=50, my filter=[ Transports: CELLULAR Capabilities: MMS&SUPL&DUN&FOTA&IMS&CBS&IA&RCS&XCAP&EIMS&INTERNET&NOT_RESTRICTED&TRUSTED&NOT_VPN Specifier: <-3>]
12-17 10:42:48.778  3104  3104 D SubscriptionController: [getSubId]- numSubIds == 0, return DummySubIds slotIdx=1
12-17 10:42:48.778  3104  3104 D DctController: [TNF -3]evalRequest
12-17 10:42:48.778  3104  3104 D SubscriptionController: [getSubId]- numSubIds == 0, return DummySubIds slotIdx=1
12-17 10:42:48.778  3104  3104 D DctController: [TNF -3]  done
12-17 10:42:48.778  3104  3104 D DctController: [TNF 1]new score 56 for exisiting request NetworkRequest [ id=1, legacyType=-1, [ Capabilities: INTERNET&NOT_RESTRICTED&TRUSTED&NOT_VPN] ]
12-17 10:42:48.778  3104  3104 D DctController: [TNF 1]  my score=50, my filter=[ Transports: CELLULAR Capabilities: MMS&SUPL&DUN&FOTA&IMS&CBS&IA&RCS&XCAP&EIMS&INTERNET&NOT_RESTRICTED&TRUSTED&NOT_VPN Specifier: <1>]
12-17 10:42:48.779  3104  3104 D DctController: [TNF 1]evalRequest
12-17 10:42:48.779  3104  3104 D DctController: [TNF 1]  done
12-17 10:42:49.675  3104  3126 D SubscriptionController: [getPhoneId] asked for default subId=1
12-17 10:42:51.205  3104  3131 D SubscriptionController: [getPhoneId] asked for default subId=1
12-17 10:42:54.811  3104  3104 D DctController: [TNF 1]new score 60 for exisiting request NetworkRequest [ id=1, legacyType=-1, [ Capabilities: INTERNET&NOT_RESTRICTED&TRUSTED&NOT_VPN] ]
12-17 10:42:54.811  3104  3104 D DctController: [TNF 1]  my score=50, my filter=[ Transports: CELLULAR Capabilities: MMS&SUPL&DUN&FOTA&IMS&CBS&IA&RCS&XCAP&EIMS&INTERNET&NOT_RESTRICTED&TRUSTED&NOT_VPN Specifier: <1>]
12-17 10:42:54.811  3104  3104 D DctController: [TNF 1]evalRequest
12-17 10:42:54.811  3104  3104 D DctController: [TNF 1]  done
12-17 10:42:54.811  3104  3104 D SubscriptionController: [getSubId]- numSubIds == 0, return DummySubIds slotIdx=1
12-17 10:42:54.811  3104  3104 D DctController: [TNF -3]new score 60 for exisiting request NetworkRequest [ id=1, legacyType=-1, [ Capabilities: INTERNET&NOT_RESTRICTED&TRUSTED&NOT_VPN] ]
12-17 10:42:54.812  3104  3104 D SubscriptionController: [getSubId]- numSubIds == 0, return DummySubIds slotIdx=1
12-17 10:42:54.812  3104  3104 D DctController: [TNF -3]  my score=50, my filter=[ Transports: CELLULAR Capabilities: MMS&SUPL&DUN&FOTA&IMS&CBS&IA&RCS&XCAP&EIMS&INTERNET&NOT_RESTRICTED&TRUSTED&NOT_VPN Specifier: <-3>]
12-17 10:42:54.812  3104  3104 D SubscriptionController: [getSubId]- numSubIds == 0, return DummySubIds slotIdx=1
12-17 10:42:54.812  3104  3104 D DctController: [TNF -3]evalRequest
12-17 10:42:54.812  3104  3104 D SubscriptionController: [getSubId]- numSubIds == 0, return DummySubIds slotIdx=1
12-17 10:42:54.812  3104  3104 D DctController: [TNF -3]  done
12-17 10:42:55.515  3104  3331 D DCT     : [0]fetchDunApn: config_tether_apndata dunSetting=null
12-17 10:42:55.515  3104  3331 D DCT     : [0]hasMatchedTetherApnSetting: APN=null
12-17 10:42:55.516  3104 13106 D DCT     : [0]getTetherApnConfigured: APN=[ApnSettingV3] Airtel GPRS (40445), 940, 40445, airtelgprs.com, , , , , , -1, default | supl | agps | fota | dun, IP, IP, true, 0, 0, -1, false, 0, 0, 0, 0, , , -1, 0, 0, 0
12-17 10:42:56.433  3104  3783 D SubscriptionController: [getPhoneId] asked for default subId=1
12-17 10:43:02.433  3104  3126 D DCT     : [0]fetchDunApn: config_tether_apndata dunSetting=null
12-17 10:43:02.433  3104  3126 D DCT     : [0]hasMatchedTetherApnSetting: APN=null
12-17 10:43:02.434  3104  3843 D DCT     : [0]getTetherApnConfigured: APN=[ApnSettingV3] Airtel GPRS (40445), 940, 40445, airtelgprs.com, , , , , , -1, default | supl | agps | fota | dun, IP, IP, true, 0, 0, -1, false, 0, 0, 0, 0, , , -1, 0, 0, 0
12-17 10:43:03.047  3104 14573 D SubscriptionController: [getPhoneId] asked for default subId=1
12-17 10:43:03.349   788  2063 W RILQ    : (0/788): RIL[0][qmi_cb] qcril_event_queue: RID 0 MID 0 Queued event QCRIL_EVT_QMI_NAS_HANDLE_INDICATIONS (20 bytes)(obj 0xb89cf680)
12-17 10:43:03.349   788  1007 W RILQ    : (0/788): RIL[0][event] qcril_event_main: 1 items on queue
12-17 10:43:03.349   788  1007 W RILQ    : (0/788): RIL[0][event] qcril_event_main: RID 0 MID 0 De-queued event QCRIL_EVT_QMI_NAS_HANDLE_INDICATIONS (655385)(obj 0xb89cf680)
12-17 10:43:03.349   788  1007 W RILQ    : (0/788): RIL[0][event] qcril_process_event: RIL <--- QCRIL_EVT_QMI_NAS_HANDLE_INDICATIONS(655385), RID 0, MID 0 --- AMSS
12-17 10:43:03.351   788  1007 W RILQ    : (0/788): RIL[0][event] qcril_send_unsol_response_epilog: UI <--- RIL_UNSOL_SIGNAL_STRENGTH (1009) --- RIL [RID 0, Len 56, (null)]
12-17 10:43:03.352   788  1007 W RILQ    : (0/788): RIL[0][event] qcril_event_main: Waiting...
12-17 10:43:03.352  3104  3104 D DefaultPhoneNotifier: notifySignalStrength: mRegistry=com.android.internal.telephony.ITelephonyRegistry$Stub$Proxy@3cee094 ss=SignalStrength: 21 0 -120 -160 -120 -1 -1 99 2147483647 2147483647 2147483647 2147483647 2147483647 gsm|lte sender=Handler (com.android.internal.telephony.gsm.GSMPhone) {68c6c93}
12-17 10:43:05.003  3104  3126 D DCT     : [0]fetchDunApn: config_tether_apndata dunSetting=null
12-17 10:43:05.003  3104  3126 D DCT     : [0]hasMatchedTetherApnSetting: APN=null
12-17 10:43:05.010  3104 14573 D DCT     : [0]getTetherApnConfigured: APN=[ApnSettingV3] Airtel GPRS (40445), 940, 40445, airtelgprs.com, , , , , , -1, default | supl | agps | fota | dun, IP, IP, true, 0, 0, -1, false, 0, 0, 0, 0, , , -1, 0, 0, 0
12-17 10:43:05.588   788  2063 W RILQ    : (0/788): RIL[0][qmi_cb] qcril_event_queue: RID 0 MID 0 Queued event QCRIL_EVT_QMI_NAS_HANDLE_INDICATIONS (20 bytes)(obj 0xb89bb730)
12-17 10:43:05.588   788  1007 W RILQ    : (0/788): RIL[0][event] qcril_event_main: 1 items on queue
12-17 10:43:05.589   788  1007 W RILQ    : (0/788): RIL[0][event] qcril_event_main: RID 0 MID 0 De-queued event QCRIL_EVT_QMI_NAS_HANDLE_INDICATIONS (655385)(obj 0xb89bb730)
12-17 10:43:05.589   788  1007 W RILQ    : (0/788): RIL[0][event] qcril_process_event: RIL <--- QCRIL_EVT_QMI_NAS_HANDLE_INDICATIONS(655385), RID 0, MID 0 --- AMSS
12-17 10:43:05.591   788  1007 W RILQ    : (0/788): RIL[0][event] qcril_send_unsol_response_epilog: UI <--- RIL_UNSOL_SIGNAL_STRENGTH (1009) --- RIL [RID 0, Len 56, (null)]
12-17 10:43:05.592   788  1007 W RILQ    : (0/788): RIL[0][event] qcril_event_main: Waiting...
12-17 10:43:05.870  3104 11114 D SubscriptionController: [getPhoneId] asked for default subId=1
12-17 10:43:05.990  3104  3104 D DefaultPhoneNotifier: notifySignalStrength: mRegistry=com.android.internal.telephony.ITelephonyRegistry$Stub$Proxy@3cee094 ss=SignalStrength: 18 0 -120 -160 -120 -1 -1 99 2147483647 2147483647 2147483647 2147483647 2147483647 gsm|lte sender=Handler (com.android.internal.telephony.gsm.GSMPhone) {68c6c93}
12-17 10:43:07.683  3104 14573 D SubscriptionController: [getPhoneId] asked for default subId=1
12-17 10:43:08.184  3104 11114 D DCT     : [0]fetchDunApn: config_tether_apndata dunSetting=null
12-17 10:43:08.184  3104 11114 D DCT     : [0]hasMatchedTetherApnSetting: APN=null
12-17 10:43:08.220  3104  3783 D DCT     : [0]getTetherApnConfigured: APN=[ApnSettingV3] Airtel GPRS (40445), 940, 40445, airtelgprs.com, , , , , , -1, default | supl | agps | fota | dun, IP, IP, true, 0, 0, -1, false, 0, 0, 0, 0, , , -1, 0, 0, 0
12-17 10:43:09.151  3104 14573 D SubscriptionController: [getPhoneId] asked for default subId=1
12-17 10:43:11.142  3104  3131 D DCT     : [0]fetchDunApn: config_tether_apndata dunSetting=null
12-17 10:43:11.142  3104  3131 D DCT     : [0]hasMatchedTetherApnSetting: APN=null
12-17 10:43:11.152  3104  3331 D DCT     : [0]getTetherApnConfigured: APN=[ApnSettingV3] Airtel GPRS (40445), 940, 40445, airtelgprs.com, , , , , , -1, default | supl | agps | fota | dun, IP, IP, true, 0, 0, -1, false, 0, 0, 0, 0, , , -1, 0, 0, 0
12-17 10:43:11.832  3104  3783 D SubscriptionController: [getPhoneId] asked for default subId=1
12-17 10:43:12.958  3104  3783 D SubscriptionController: [getActiveSubIdList] simInfoSet=[0=1]
12-17 10:43:12.959  3104  3783 D SubscriptionController: [getActiveSubIdList] X subIdArr.length=1
12-17 10:43:13.226  3104  3129 D SubscriptionController: [getPhoneId] asked for default subId=1
12-17 10:43:13.538  3104 13106 D DCT     : [0]fetchDunApn: config_tether_apndata dunSetting=null
12-17 10:43:13.538  3104 13106 D DCT     : [0]hasMatchedTetherApnSetting: APN=null
12-17 10:43:13.540  3104 11114 D DCT     : [0]getTetherApnConfigured: APN=[ApnSettingV3] Airtel GPRS (40445), 940, 40445, airtelgprs.com, , , , , , -1, default | supl | agps | fota | dun, IP, IP, true, 0, 0, -1, false, 0, 0, 0, 0, , , -1, 0, 0, 0
12-17 10:43:13.962  3104  3783 D SubscriptionController: [getPhoneId] asked for default subId=1
12-17 10:43:15.325  3104  3131 D DCT     : [0]fetchDunApn: config_tether_apndata dunSetting=null
12-17 10:43:15.325  3104  3131 D DCT     : [0]hasMatchedTetherApnSetting: APN=null
12-17 10:43:15.333  3104 13106 D DCT     : [0]getTetherApnConfigured: APN=[ApnSettingV3] Airtel GPRS (40445), 940, 40445, airtelgprs.com, , , , , , -1, default | supl | agps | fota | dun, IP, IP, true, 0, 0, -1, false, 0, 0, 0, 0, , , -1, 0, 0, 0
12-17 10:43:15.740  3104  3783 D SubscriptionController: [getPhoneId] asked for default subId=1
12-17 10:43:17.178  3104  3129 D DCT     : [0]fetchDunApn: config_tether_apndata dunSetting=null
12-17 10:43:17.178  3104  3129 D DCT     : [0]hasMatchedTetherApnSetting: APN=null
12-17 10:43:17.187  3104  3843 D DCT     : [0]getTetherApnConfigured: APN=[ApnSettingV3] Airtel GPRS (40445), 940, 40445, airtelgprs.com, , , , , , -1, default | supl | agps | fota | dun, IP, IP, true, 0, 0, -1, false, 0, 0, 0, 0, , , -1, 0, 0, 0
12-17 10:43:17.618  3104 14573 D SubscriptionController: [getPhoneId] asked for default subId=1
12-17 10:43:19.459  3104  3783 D SubscriptionController: [getActiveSubIdList] simInfoSet=[0=1]
12-17 10:43:19.460  3104  3783 D SubscriptionController: [getActiveSubIdList] X subIdArr.length=1
12-17 10:43:19.986   788  2063 W RILQ    : (0/788): RIL[0][qmi_cb] qcril_event_queue: RID 0 MID 0 Queued event QCRIL_EVT_QMI_NAS_HANDLE_INDICATIONS (20 bytes)(obj 0xb89cf680)
12-17 10:43:19.986   788  1007 W RILQ    : (0/788): RIL[0][event] qcril_event_main: 1 items on queue
12-17 10:43:19.986   788  1007 W RILQ    : (0/788): RIL[0][event] qcril_event_main: RID 0 MID 0 De-queued event QCRIL_EVT_QMI_NAS_HANDLE_INDICATIONS (655385)(obj 0xb89cf680)
12-17 10:43:19.986   788  1007 W RILQ    : (0/788): RIL[0][event] qcril_process_event: RIL <--- QCRIL_EVT_QMI_NAS_HANDLE_INDICATIONS(655385), RID 0, MID 0 --- AMSS
12-17 10:43:19.987   788  1007 W RILQ    : (0/788): RIL[0][event] qcril_send_unsol_response_epilog: UI <--- RIL_UNSOL_SIGNAL_STRENGTH (1009) --- RIL [RID 0, Len 56, (null)]
12-17 10:43:19.988  3104  3104 D DefaultPhoneNotifier: notifySignalStrength: mRegistry=com.android.internal.telephony.ITelephonyRegistry$Stub$Proxy@3cee094 ss=SignalStrength: 18 0 -120 -160 -120 -1 -1 99 2147483647 2147483647 2147483647 2147483647 2147483647 gsm|lte sender=Handler (com.android.internal.telephony.gsm.GSMPhone) {68c6c93}
12-17 10:43:19.989   788  1007 W RILQ    : (0/788): RIL[0][event] qcril_event_main: Waiting...
12-17 10:43:21.829  3104  3331 D DCT     : [0]fetchDunApn: config_tether_apndata dunSetting=null
12-17 10:43:21.829  3104  3331 D DCT     : [0]hasMatchedTetherApnSetting: APN=null
12-17 10:43:21.834  3104 13106 D DCT     : [0]getTetherApnConfigured: APN=[ApnSettingV3] Airtel GPRS (40445), 940, 40445, airtelgprs.com, , , , , , -1, default | supl | agps | fota | dun, IP, IP, true, 0, 0, -1, false, 0, 0, 0, 0, , , -1, 0, 0, 0
12-17 10:43:21.863  3104  3104 D SubscriptionController: [getSubId]- numSubIds == 0, return DummySubIds slotIdx=1
12-17 10:43:21.863  3104  3104 D DctController: [TNF -3]new score 56 for exisiting request NetworkRequest [ id=1, legacyType=-1, [ Capabilities: INTERNET&NOT_RESTRICTED&TRUSTED&NOT_VPN] ]
12-17 10:43:21.863  3104  3104 D SubscriptionController: [getSubId]- numSubIds == 0, return DummySubIds slotIdx=1
12-17 10:43:21.863  3104  3104 D DctController: [TNF -3]  my score=50, my filter=[ Transports: CELLULAR Capabilities: MMS&SUPL&DUN&FOTA&IMS&CBS&IA&RCS&XCAP&EIMS&INTERNET&NOT_RESTRICTED&TRUSTED&NOT_VPN Specifier: <-3>]
12-17 10:43:21.863  3104  3104 D SubscriptionController: [getSubId]- numSubIds == 0, return DummySubIds slotIdx=1
12-17 10:43:21.863  3104  3104 D DctController: [TNF -3]evalRequest
12-17 10:43:21.863  3104  3104 D SubscriptionController: [getSubId]- numSubIds == 0, return DummySubIds slotIdx=1
12-17 10:43:21.863  3104  3104 D DctController: [TNF -3]  done
12-17 10:43:21.863  3104  3104 D DctController: [TNF 1]new score 56 for exisiting request NetworkRequest [ id=1, legacyType=-1, [ Capabilities: INTERNET&NOT_RESTRICTED&TRUSTED&NOT_VPN] ]
12-17 10:43:21.864  3104  3104 D DctController: [TNF 1]  my score=50, my filter=[ Transports: CELLULAR Capabilities: MMS&SUPL&DUN&FOTA&IMS&CBS&IA&RCS&XCAP&EIMS&INTERNET&NOT_RESTRICTED&TRUSTED&NOT_VPN Specifier: <1>]
12-17 10:43:21.864  3104  3104 D DctController: [TNF 1]evalRequest
12-17 10:43:21.864  3104  3104 D DctController: [TNF 1]  done
12-17 10:43:22.212  3104  3126 D SubscriptionController: [getPhoneId] asked for default subId=1
12-17 10:43:22.502   788  2063 W RILQ    : (0/788): RIL[0][qmi_cb] qcril_event_queue: RID 0 MID 0 Queued event QCRIL_EVT_QMI_NAS_HANDLE_INDICATIONS (20 bytes)(obj 0xb89cf680)
12-17 10:43:22.502   788  1007 W RILQ    : (0/788): RIL[0][event] qcril_event_main: 1 items on queue
12-17 10:43:22.502   788  1007 W RILQ    : (0/788): RIL[0][event] qcril_event_main: RID 0 MID 0 De-queued event QCRIL_EVT_QMI_NAS_HANDLE_INDICATIONS (655385)(obj 0xb89cf680)
12-17 10:43:22.502   788  1007 W RILQ    : (0/788): RIL[0][event] qcril_process_event: RIL <--- QCRIL_EVT_QMI_NAS_HANDLE_INDICATIONS(655385), RID 0, MID 0 --- AMSS
12-17 10:43:22.504   788  1007 W RILQ    : (0/788): RIL[0][event] qcril_send_unsol_response_epilog: UI <--- RIL_UNSOL_SIGNAL_STRENGTH (1009) --- RIL [RID 0, Len 56, (null)]
12-17 10:43:22.506  3104  3104 D DefaultPhoneNotifier: notifySignalStrength: mRegistry=com.android.internal.telephony.ITelephonyRegistry$Stub$Proxy@3cee094 ss=SignalStrength: 18 0 -120 -160 -120 -1 -1 99 2147483647 2147483647 2147483647 2147483647 2147483647 gsm|lte sender=Handler (com.android.internal.telephony.gsm.GSMPhone) {68c6c93}
12-17 10:43:22.507   788  1007 W RILQ    : (0/788): RIL[0][event] qcril_event_main: Waiting...
12-17 10:43:24.064  3104  3131 D DCT     : [0]fetchDunApn: config_tether_apndata dunSetting=null
12-17 10:43:24.064  3104  3131 D DCT     : [0]hasMatchedTetherApnSetting: APN=null
12-17 10:43:24.077  3104  3126 D DCT     : [0]getTetherApnConfigured: APN=[ApnSettingV3] Airtel GPRS (40445), 940, 40445, airtelgprs.com, , , , , , -1, default | supl | agps | fota | dun, IP, IP, true, 0, 0, -1, false, 0, 0, 0, 0, , , -1, 0, 0, 0
12-17 10:43:24.481  3104 14573 D SubscriptionController: [getPhoneId] asked for default subId=1
12-17 10:43:24.867  3104  3104 D SubscriptionController: [getSubId]- numSubIds == 0, return DummySubIds slotIdx=1
12-17 10:43:24.867  3104  3104 D DctController: [TNF -3]new score 60 for exisiting request NetworkRequest [ id=1, legacyType=-1, [ Capabilities: INTERNET&NOT_RESTRICTED&TRUSTED&NOT_VPN] ]
12-17 10:43:24.868  3104  3104 D SubscriptionController: [getSubId]- numSubIds == 0, return DummySubIds slotIdx=1
12-17 10:43:24.868  3104  3104 D DctController: [TNF -3]  my score=50, my filter=[ Transports: CELLULAR Capabilities: MMS&SUPL&DUN&FOTA&IMS&CBS&IA&RCS&XCAP&EIMS&INTERNET&NOT_RESTRICTED&TRUSTED&NOT_VPN Specifier: <-3>]
12-17 10:43:24.868  3104  3104 D SubscriptionController: [getSubId]- numSubIds == 0, return DummySubIds slotIdx=1
12-17 10:43:24.868  3104  3104 D DctController: [TNF -3]evalRequest
12-17 10:43:24.868  3104  3104 D SubscriptionController: [getSubId]- numSubIds == 0, return DummySubIds slotIdx=1
12-17 10:43:24.868  3104  3104 D DctController: [TNF -3]  done
12-17 10:43:24.868  3104  3104 D DctController: [TNF 1]new score 60 for exisiting request NetworkRequest [ id=1, legacyType=-1, [ Capabilities: INTERNET&NOT_RESTRICTED&TRUSTED&NOT_VPN] ]
12-17 10:43:24.868  3104  3104 D DctController: [TNF 1]  my score=50, my filter=[ Transports: CELLULAR Capabilities: MMS&SUPL&DUN&FOTA&IMS&CBS&IA&RCS&XCAP&EIMS&INTERNET&NOT_RESTRICTED&TRUSTED&NOT_VPN Specifier: <1>]
12-17 10:43:24.868  3104  3104 D DctController: [TNF 1]evalRequest
12-17 10:43:24.868  3104  3104 D DctController: [TNF 1]  done
12-17 10:43:27.877  3104  3104 D SubscriptionController: [getSubId]- numSubIds == 0, return DummySubIds slotIdx=1
12-17 10:43:27.878  3104  3104 D DctController: [TNF -3]new score 56 for exisiting request NetworkRequest [ id=1, legacyType=-1, [ Capabilities: INTERNET&NOT_RESTRICTED&TRUSTED&NOT_VPN] ]
