12-17 10:05:28.165  3104 11114 I chatty  : uid=1001(radio) Binder_7 expire 17 lines
12-17 10:05:28.542  3104  3131 I chatty  : uid=1001(radio) Binder_3 expire 28 lines
12-17 10:05:28.550 12134 12134 D SubscriptionManager: getSimStateForSubscriber: simState=1 slotIdx=0
12-17 10:15:10.065  3104  3104 I chatty  : uid=1001(radio) com.android.phone expire 843 lines
12-17 10:15:10.090   788   872 I chatty  : uid=1001(radio) /system/bin/rild expire 2053 lines
12-17 10:15:10.092   806   891 I chatty  : uid=1001(radio) /system/bin/rild expire 110 lines
12-17 10:15:10.100   806   906 I chatty  : uid=1001(radio) /system/bin/rild expire 24 lines
12-17 10:15:10.100   904   904 I chatty  : uid=1001(radio) /system/bin/qmi_motext_hook expire 24 lines
12-17 10:15:10.101  3104  3191 I chatty  : uid=1001(radio) RILReceiver0 expire 107 lines
12-17 10:15:10.101   806  1040 I chatty  : uid=1001(radio) /system/bin/rild expire 725 lines
12-17 10:15:10.102   788  1007 I chatty  : uid=1001(radio) /system/bin/rild expire 1530 lines
12-17 10:15:10.154   788 13492 I chatty  : uid=1001(radio) /system/bin/rild expire 14 lines
12-17 10:15:10.160   788 13493 I chatty  : uid=1001(radio) /system/bin/rild expire 11 lines
12-17 10:15:10.162   788 13491 I chatty  : uid=1001(radio) /system/bin/rild expire 8 lines
12-17 10:15:10.163   788 13494 I chatty  : uid=1001(radio) /system/bin/rild expire 8 lines
12-17 10:15:10.170   788  2063 I chatty  : uid=1001(radio) /system/bin/rild expire 241 lines
12-17 10:15:10.315   788 13502 I chatty  : uid=1001(radio) /system/bin/rild expire 20 lines
12-17 10:15:10.323  3104 13106 I chatty  : uid=1001(radio) Binder_8 expire 15 lines
12-17 10:15:22.008   788   881 I chatty  : uid=1001(radio) /system/bin/rild expire 18 lines
12-17 10:15:22.008   879   879 I chatty  : uid=1001(radio) /system/bin/qmi_motext_hook expire 23 lines
12-17 10:20:10.331   788 14200 I chatty  : uid=1001(radio) /system/bin/rild expire 21 lines
12-17 10:20:10.378   806 14201 I chatty  : uid=1001(radio) /system/bin/rild expire 8 lines
12-17 10:25:54.506   788  1026 I chatty  : uid=1001(radio) /system/bin/rild expire 78 lines
12-17 10:25:54.517   788 14477 I chatty  : uid=1001(radio) /system/bin/rild expire 8 lines
12-17 10:25:54.526   788 14480 I chatty  : uid=1001(radio) /system/bin/rild expire 11 lines
12-17 10:25:54.531   788 14481 I chatty  : uid=1001(radio) /system/bin/rild expire 8 lines
12-17 10:25:54.533   788 14479 I chatty  : uid=1001(radio) /system/bin/rild expire 14 lines
12-17 10:25:54.647  3104 14483 I chatty  : uid=1001(radio) RilMessageDecod expire 3 lines
12-17 10:25:54.739   788 14500 I chatty  : uid=1001(radio) /system/bin/rild expire 21 lines
12-17 10:25:54.898   788 14515 I chatty  : uid=1001(radio) /system/bin/rild expire 23 lines
12-17 10:25:54.948  3104  4155 I chatty  : uid=1001(radio) ServiceHandler0 expire 33 lines
12-17 10:25:54.954   806 14516 I chatty  : uid=1001(radio) /system/bin/rild expire 8 lines
12-17 10:25:54.955  3104  3195 I chatty  : uid=1001(radio) RILReceiver1 expire 10 lines
12-17 10:25:55.226   806  2043 I chatty  : uid=1001(radio) /system/bin/rild expire 10 lines
12-17 10:25:56.100   788 14530 I chatty  : uid=1001(radio) /system/bin/rild expire 8 lines
12-17 10:25:56.110   788 14531 I chatty  : uid=1001(radio) /system/bin/rild expire 14 lines
12-17 10:25:56.126   788 14534 I chatty  : uid=1001(radio) /system/bin/rild expire 8 lines
12-17 10:25:56.127   788 14533 I chatty  : uid=1001(radio) /system/bin/rild expire 11 lines
12-17 10:25:56.411   788 14538 I chatty  : uid=1001(radio) /system/bin/rild expire 36 lines
12-17 10:25:56.422   788 14537 I chatty  : uid=1001(radio) /system/bin/rild expire 17 lines
12-17 10:25:56.514   788 14539 I chatty  : uid=1001(radio) /system/bin/rild expire 11 lines
12-17 10:25:56.515   788 14540 I chatty  : uid=1001(radio) /system/bin/rild expire 8 lines
12-17 10:25:56.556  1937  3110 D SubscriptionManager: getSimStateForSubscriber: simState=5 slotIdx=0
12-17 10:25:56.556   788  1007 I chatty  : uid=1001(radio) /system/bin/rild expire 873 lines
12-17 10:25:56.557  3104  3191 I chatty  : uid=1001(radio) RILReceiver0 expire 174 lines
12-17 10:25:56.558  3104  3104 I chatty  : uid=1001(radio) com.android.phone expire 1545 lines
12-17 10:25:56.560  3104  3131 I chatty  : uid=1001(radio) Binder_3 expire 24 lines
12-17 10:25:56.562  3104  3331 I chatty  : uid=1001(radio) Binder_4 expire 43 lines
12-17 10:25:56.566  1937  3096 D TelephonyRegistry: notifyCellLocationForSubscriber: subId=-2 cellLocation=Bundle[mParcelledData.dataSize=64]
12-17 10:25:56.567  3104  3126 I chatty  : uid=1001(radio) Binder_1 expire 32 lines
12-17 10:25:56.570  3104 13106 I chatty  : uid=1001(radio) Binder_8 expire 35 lines
12-17 10:25:56.571  3104  3843 I chatty  : uid=1001(radio) Binder_6 expire 37 lines
12-17 10:25:56.571  3104  3129 I chatty  : uid=1001(radio) Binder_2 expire 36 lines
12-17 10:25:56.578  3104 11114 I chatty  : uid=1001(radio) Binder_7 expire 41 lines
12-17 10:25:56.579   788   872 I chatty  : uid=1001(radio) /system/bin/rild expire 1425 lines
12-17 10:25:56.584  3104  3783 I chatty  : uid=1001(radio) Binder_5 expire 42 lines
12-17 10:25:56.584   788 14542 I chatty  : uid=1001(radio) /system/bin/rild expire 18 lines
12-17 10:25:56.592   788  2063 I chatty  : uid=1001(radio) /system/bin/rild expire 231 lines
12-17 10:25:56.606   788   881 I chatty  : uid=1001(radio) /system/bin/rild expire 20 lines
12-17 10:25:56.606   879   879 I chatty  : uid=1001(radio) /system/bin/qmi_motext_hook expire 70 lines
12-17 10:25:56.606   788 14543 I chatty  : uid=1001(radio) /system/bin/rild expire 37 lines
12-17 10:25:56.620   788 14544 I chatty  : uid=1001(radio) /system/bin/rild expire 12 lines
12-17 10:25:56.621   788 14545 I chatty  : uid=1001(radio) /system/bin/rild expire 9 lines
12-17 10:25:56.760   788 14562 I chatty  : uid=1001(radio) /system/bin/rild expire 11 lines
12-17 10:25:56.763   788 14563 I chatty  : uid=1001(radio) /system/bin/rild expire 8 lines
12-17 10:25:56.764   788 14560 I chatty  : uid=1001(radio) /system/bin/rild expire 17 lines
12-17 10:25:56.781   788 14561 I chatty  : uid=1001(radio) /system/bin/rild expire 36 lines
12-17 10:25:56.799   788 14564 I chatty  : uid=1001(radio) /system/bin/rild expire 20 lines
12-17 10:25:56.972   806  1040 I chatty  : uid=1001(radio) /system/bin/rild expire 30 lines
12-17 10:25:57.096  3104  3204 I chatty  : uid=1001(radio) DcHandlerThread expire 73 lines
12-17 10:25:57.123  2492  2492 D SubscriptionManager: getSimStateForSubscriber: simState=5 slotIdx=0
12-17 10:25:57.223   788 14570 I chatty  : uid=1001(radio) /system/bin/rild expire 10 lines
12-17 10:25:57.274 14502 14502 D SubscriptionManager: getSimStateForSubscriber: simState=5 slotIdx=0
12-17 10:25:57.312 14502 14502 D SubscriptionManager: getSimStateForSubscriber: simState=1 slotIdx=1
12-17 10:25:57.377  2492  2492 D SubscriptionManager: getSimStateForSubscriber: simState=5 slotIdx=0
12-17 10:25:57.406  3104 14573 I chatty  : uid=1001(radio) Binder_9 expire 23 lines
12-17 10:25:57.450  2492  2492 D SubscriptionManager: getSimStateForSubscriber: simState=5 slotIdx=0
12-17 10:25:57.484  2492  2492 D SubscriptionManager: getSimStateForSubscriber: simState=5 slotIdx=0
12-17 10:25:57.529  2492  2492 D SubscriptionManager: getSimStateForSubscriber: simState=5 slotIdx=0
12-17 10:25:57.835   788 14594 I chatty  : uid=1001(radio) /system/bin/rild expire 19 lines
12-17 10:25:58.396   788 14641 I chatty  : uid=1001(radio) /system/bin/rild expire 17 lines
12-17 10:25:58.405   788 14640 I chatty  : uid=1001(radio) /system/bin/rild expire 17 lines
12-17 10:25:58.418   788 14643 I chatty  : uid=1001(radio) /system/bin/rild expire 8 lines
12-17 10:25:58.425   788 14642 I chatty  : uid=1001(radio) /system/bin/rild expire 12 lines
12-17 10:25:58.488  5953  5953 D SubscriptionManager: getSimStateForSubscriber: simState=5 slotIdx=0
12-17 10:25:58.490  5953  5953 D SubscriptionManager: getSimStateForSubscriber: simState=1 slotIdx=1
12-17 10:25:58.741   788 14651 I chatty  : uid=1001(radio) /system/bin/rild expire 11 lines
12-17 10:25:58.742   788 14652 I chatty  : uid=1001(radio) /system/bin/rild expire 17 lines
12-17 10:25:58.745  3104  3286 I chatty  : uid=1001(radio) DcSwitchStateMa expire 2 lines
12-17 10:25:58.751   788 14653 I chatty  : uid=1001(radio) /system/bin/rild expire 11 lines
12-17 10:25:58.760   788 14655 I chatty  : uid=1001(radio) /system/bin/rild expire 4 lines
12-17 10:25:58.774   788 14659 I chatty  : uid=1001(radio) /system/bin/rild expire 1 line
12-17 10:25:58.778   788 14658 I chatty  : uid=1001(radio) /system/bin/rild expire 9 lines
12-17 10:25:58.779   788 14661 I chatty  : uid=1001(radio) /system/bin/rild expire 8 lines
12-17 10:25:58.781   788 14660 I chatty  : uid=1001(radio) /system/bin/rild expire 11 lines
12-17 10:25:58.786   806   891 I chatty  : uid=1001(radio) /system/bin/rild expire 32 lines
12-17 10:25:58.790   806 14663 I chatty  : uid=1001(radio) /system/bin/rild expire 8 lines
12-17 10:25:58.859   788 14670 I chatty  : uid=1001(radio) /system/bin/rild expire 11 lines
12-17 10:25:58.861   788 14672 I chatty  : uid=1001(radio) /system/bin/rild expire 17 lines
12-17 10:25:58.870   788 14674 I chatty  : uid=1001(radio) /system/bin/rild expire 11 lines
12-17 10:25:58.879   788 14675 I chatty  : uid=1001(radio) /system/bin/rild expire 8 lines
12-17 10:25:58.902   788 14678 I chatty  : uid=1001(radio) /system/bin/rild expire 17 lines
12-17 10:25:58.906   788 14679 I chatty  : uid=1001(radio) /system/bin/rild expire 11 lines
12-17 10:25:58.923   788 14676 I chatty  : uid=1001(radio) /system/bin/rild expire 11 lines
12-17 10:25:58.927   788 14681 I chatty  : uid=1001(radio) /system/bin/rild expire 8 lines
12-17 10:25:58.958  1937  2517 D SubscriptionManager: getSimStateForSubscriber: simState=5 slotIdx=0
12-17 10:25:58.965  3104  3284 I chatty  : uid=1001(radio) DcSwitchStateMa expire 11 lines
12-17 10:25:59.012  1937  7042 D TelephonyRegistry: Notify data connection state changed on sub: 1
12-17 10:25:59.012  1937  7042 D TelephonyRegistry: Notify data connection state changed on sub: 1
12-17 10:25:59.014  1937  7042 D TelephonyRegistry: Notify data connection state changed on sub: 1
12-17 10:25:59.014  1937  7042 D TelephonyRegistry: Notify data connection state changed on sub: 1
12-17 10:25:59.014  1937  7042 D TelephonyRegistry: Notify data connection state changed on sub: 1
12-17 10:25:59.034  3104  3122 I chatty  : uid=1001(radio) FinalizerDaemon expire 2 lines
12-17 10:25:59.341   788 14718 I chatty  : uid=1001(radio) /system/bin/rild expire 17 lines
12-17 10:25:59.358   788 14719 I chatty  : uid=1001(radio) /system/bin/rild expire 17 lines
12-17 10:25:59.363   788 14720 I chatty  : uid=1001(radio) /system/bin/rild expire 11 lines
12-17 10:25:59.366   788 14721 I chatty  : uid=1001(radio) /system/bin/rild expire 8 lines
12-17 10:25:59.549   788 14733 I chatty  : uid=1001(radio) /system/bin/rild expire 17 lines
12-17 10:25:59.568   788 14734 I chatty  : uid=1001(radio) /system/bin/rild expire 17 lines
12-17 10:25:59.571   788 14736 I chatty  : uid=1001(radio) /system/bin/rild expire 11 lines
12-17 10:25:59.573   788 14737 I chatty  : uid=1001(radio) /system/bin/rild expire 8 lines
12-17 10:25:59.573   788 14735 I chatty  : uid=1001(radio) /system/bin/rild expire 21 lines
12-17 10:26:00.419   788 14790 I chatty  : uid=1001(radio) /system/bin/rild expire 17 lines
12-17 10:26:00.434   788 14792 I chatty  : uid=1001(radio) /system/bin/rild expire 17 lines
12-17 10:26:00.438   788 14794 I chatty  : uid=1001(radio) /system/bin/rild expire 8 lines
12-17 10:26:00.440   788 14793 I chatty  : uid=1001(radio) /system/bin/rild expire 11 lines
12-17 10:26:01.354   788 14849 I chatty  : uid=1001(radio) /system/bin/rild expire 17 lines
12-17 10:26:01.363   788 14850 I chatty  : uid=1001(radio) /system/bin/rild expire 17 lines
12-17 10:26:01.366   788 14851 I chatty  : uid=1001(radio) /system/bin/rild expire 11 lines
12-17 10:26:01.370   788 14852 I chatty  : uid=1001(radio) /system/bin/rild expire 8 lines
12-17 10:26:01.399  1937  3093 D SubscriptionManager: getSimStateForSubscriber: simState=5 slotIdx=0
12-17 10:26:01.427  1937  3110 D TelephonyRegistry: Notify data connection state changed on sub: 1
12-17 10:26:01.427  1937  3110 D TelephonyRegistry: Notify data connection state changed on sub: 1
12-17 10:26:01.427  1937  3110 D TelephonyRegistry: Notify data connection state changed on sub: 1
12-17 10:26:01.427  1937  3110 D TelephonyRegistry: Notify data connection state changed on sub: 1
12-17 10:26:01.432  1937  3110 D TelephonyRegistry: Notify data connection state changed on sub: 1
12-17 10:26:01.518   806 14889 I chatty  : uid=1001(radio) /system/bin/rild expire 8 lines
12-17 10:26:01.932   806  2224 I chatty  : uid=1001(radio) /system/bin/rild expire 16 lines
12-17 10:26:01.935   788  2245 I chatty  : uid=1001(radio) /system/bin/rild expire 12 lines
12-17 10:26:02.278  1937  1948 D TelephonyRegistry: Notify data connection state changed on sub: 1
12-17 10:26:02.278  1937  1948 D TelephonyRegistry: Notify data connection state changed on sub: 1
12-17 10:26:02.278  1937  1948 D TelephonyRegistry: Notify data connection state changed on sub: 1
12-17 10:26:02.278  1937  1948 D TelephonyRegistry: Notify data connection state changed on sub: 1
12-17 10:26:02.278  1937  1948 D TelephonyRegistry: Notify data connection state changed on sub: 1
12-17 10:26:02.315  3104 14967 I chatty  : uid=1001(radio) com.android.phone expire 1 line
12-17 10:26:02.362   788 14975 I chatty  : uid=1001(radio) /system/bin/rild expire 21 lines
12-17 10:26:09.135 15409 15409 D SubscriptionManager: getSimStateForSubscriber: simState=5 slotIdx=0
12-17 10:26:09.304  3104  3843 I chatty  : uid=1001(radio) Binder_6 expire 26 lines
12-17 10:26:09.304 15409 15409 D SubscriptionManager: getSimStateForSubscriber: simState=5 slotIdx=0
12-17 10:26:09.322  3104  3104 I chatty  : uid=1001(radio) com.android.phone expire 184 lines
12-17 10:26:10.020  3104  3131 I chatty  : uid=1001(radio) Binder_3 expire 22 lines
12-17 10:26:10.022 15409 15409 D SubscriptionManager: getSimStateForSubscriber: simState=5 slotIdx=0
12-17 10:26:11.005  3104  3783 I chatty  : uid=1001(radio) Binder_5 expire 20 lines
12-17 10:26:11.031  3104  3126 I chatty  : uid=1001(radio) Binder_1 expire 26 lines
12-17 10:26:11.047  3104 13106 I chatty  : uid=1001(radio) Binder_8 expire 15 lines
12-17 10:26:11.053  3104 11114 I chatty  : uid=1001(radio) Binder_7 expire 12 lines
12-17 10:26:11.106  3104  3129 I chatty  : uid=1001(radio) Binder_2 expire 20 lines
12-17 10:26:11.154   788   872 I chatty  : uid=1001(radio) /system/bin/rild expire 295 lines
12-17 10:26:11.161   788  2063 I chatty  : uid=1001(radio) /system/bin/rild expire 125 lines
12-17 10:26:11.163  3104  3191 I chatty  : uid=1001(radio) RILReceiver0 expire 23 lines
12-17 10:26:11.216  3104 14573 I chatty  : uid=1001(radio) Binder_9 expire 12 lines
12-17 10:26:11.256  3104  3331 I chatty  : uid=1001(radio) Binder_4 expire 13 lines
12-17 10:26:12.338 15754 15754 D SubscriptionManager: getSimStateForSubscriber: simState=5 slotIdx=0
12-17 10:26:15.440   788  1007 I chatty  : uid=1001(radio) /system/bin/rild expire 55 lines
12-17 10:26:37.411   788 16862 I chatty  : uid=1001(radio) /system/bin/rild expire 17 lines
12-17 10:26:37.423   788   881 I chatty  : uid=1001(radio) /system/bin/rild expire 10 lines
12-17 10:26:37.423   788 16863 I chatty  : uid=1001(radio) /system/bin/rild expire 16 lines
12-17 10:26:37.423   879   879 I chatty  : uid=1001(radio) /system/bin/qmi_motext_hook expire 28 lines
12-17 10:26:37.427   788 16865 I chatty  : uid=1001(radio) /system/bin/rild expire 11 lines
12-17 10:26:37.432   788 16866 I chatty  : uid=1001(radio) /system/bin/rild expire 8 lines
12-17 10:26:38.846 16958 16958 D SubscriptionManager: getSimStateForSubscriber: simState=5 slotIdx=0
12-17 10:26:38.846  3104 13106 I chatty  : uid=1001(radio) Binder_8 expire 10 lines
12-17 10:26:39.487  3104  3104 I chatty  : uid=1001(radio) com.android.phone expire 80 lines
12-17 10:26:40.082   788  2063 I chatty  : uid=1001(radio) /system/bin/rild expire 19 lines
12-17 10:26:40.082   788  1007 I chatty  : uid=1001(radio) /system/bin/rild expire 207 lines
12-17 10:26:42.348  3104 11114 I chatty  : uid=1001(radio) Binder_7 expire 10 lines
12-17 10:26:42.395  3104  3783 I chatty  : uid=1001(radio) Binder_5 expire 13 lines
12-17 10:26:42.415  3104  3131 I chatty  : uid=1001(radio) Binder_3 expire 10 lines
12-17 10:26:42.481  3104  3843 I chatty  : uid=1001(radio) Binder_6 expire 10 lines
12-17 10:26:42.542 17220 17220 D SubscriptionManager: getSimStateForSubscriber: simState=5 slotIdx=0
12-17 10:26:42.543  3104  3331 I chatty  : uid=1001(radio) Binder_4 expire 10 lines
12-17 10:26:46.320  3104  3191 I chatty  : uid=1001(radio) RILReceiver0 expire 38 lines
12-17 10:26:46.323  3104  3204 I chatty  : uid=1001(radio) DcHandlerThread expire 33 lines
12-17 10:26:46.345   788   872 I chatty  : uid=1001(radio) /system/bin/rild expire 213 lines
12-17 10:26:46.347   788 17594 I chatty  : uid=1001(radio) /system/bin/rild expire 17 lines
12-17 10:26:46.365   788 17595 I chatty  : uid=1001(radio) /system/bin/rild expire 17 lines
12-17 10:26:46.369   788 17596 I chatty  : uid=1001(radio) /system/bin/rild expire 11 lines
12-17 10:26:46.376   788 17597 I chatty  : uid=1001(radio) /system/bin/rild expire 8 lines
12-17 10:26:46.639  3104  3129 I chatty  : uid=1001(radio) Binder_2 expire 12 lines
12-17 10:26:46.867  3104  3126 I chatty  : uid=1001(radio) Binder_1 expire 10 lines
12-17 10:27:07.845  3104 14573 I chatty  : uid=1001(radio) Binder_9 expire 14 lines
12-17 10:27:07.923   788 18020 I chatty  : uid=1001(radio) /system/bin/rild expire 17 lines
12-17 10:27:07.934   788 18021 I chatty  : uid=1001(radio) /system/bin/rild expire 17 lines
12-17 10:27:07.938   788 18022 I chatty  : uid=1001(radio) /system/bin/rild expire 11 lines
12-17 10:27:07.942   788 18023 I chatty  : uid=1001(radio) /system/bin/rild expire 8 lines
12-17 10:27:08.483   806  1040 I chatty  : uid=1001(radio) /system/bin/rild expire 116 lines
12-17 10:27:08.487   788  2245 I chatty  : uid=1001(radio) /system/bin/rild expire 12 lines
12-17 10:27:08.498   788 18036 I chatty  : uid=1001(radio) /system/bin/rild expire 11 lines
12-17 10:27:08.498   788 18034 I chatty  : uid=1001(radio) /system/bin/rild expire 17 lines
12-17 10:27:08.513   788 18035 I chatty  : uid=1001(radio) /system/bin/rild expire 17 lines
12-17 10:27:08.517   788 18038 I chatty  : uid=1001(radio) /system/bin/rild expire 8 lines
12-17 10:27:08.821   788  2282 I chatty  : uid=1001(radio) /system/bin/rild expire 18 lines
12-17 10:27:08.833  1937  3110 D TelephonyRegistry: Notify data connection state changed on sub: 1
12-17 10:27:08.834  1937  3110 D TelephonyRegistry: Notify data connection state changed on sub: 1
12-17 10:27:08.834  1937  3110 D TelephonyRegistry: Notify data connection state changed on sub: 1
12-17 10:27:08.834  1937  3110 D TelephonyRegistry: Notify data connection state changed on sub: 1
12-17 10:27:08.834  1937  3110 D TelephonyRegistry: Notify data connection state changed on sub: 1
12-17 10:27:08.834   788  1007 I chatty  : uid=1001(radio) /system/bin/rild expire 166 lines
12-17 10:27:08.835   788   872 I chatty  : uid=1001(radio) /system/bin/rild expire 608 lines
12-17 10:27:08.836  3104  3191 I chatty  : uid=1001(radio) RILReceiver0 expire 46 lines
12-17 10:27:08.856  3104  3104 I chatty  : uid=1001(radio) com.android.phone expire 204 lines
12-17 10:27:08.897   788 18078 I chatty  : uid=1001(radio) /system/bin/rild expire 11 lines
12-17 10:27:08.899   879   879 I chatty  : uid=1001(radio) /system/bin/qmi_motext_hook expire 74 lines
12-17 10:27:08.899   788 18080 I chatty  : uid=1001(radio) /system/bin/rild expire 16 lines
12-17 10:27:08.905   788 18081 I chatty  : uid=1001(radio) /system/bin/rild expire 11 lines
12-17 10:27:08.907   788 18083 I chatty  : uid=1001(radio) /system/bin/rild expire 8 lines
12-17 10:27:08.930   788 18088 I chatty  : uid=1001(radio) /system/bin/rild expire 20 lines
12-17 10:27:08.935   806   891 I chatty  : uid=1001(radio) /system/bin/rild expire 152 lines
12-17 10:27:08.938   806 18089 I chatty  : uid=1001(radio) /system/bin/rild expire 8 lines
12-17 10:27:12.116   788 18140 I chatty  : uid=1001(radio) /system/bin/rild expire 17 lines
12-17 10:27:12.119   788 18142 I chatty  : uid=1001(radio) /system/bin/rild expire 8 lines
12-17 10:27:12.120   788 18139 I chatty  : uid=1001(radio) /system/bin/rild expire 17 lines
12-17 10:27:12.130   788   881 I chatty  : uid=1001(radio) /system/bin/rild expire 42 lines
12-17 10:27:12.130   788 18141 I chatty  : uid=1001(radio) /system/bin/rild expire 11 lines
12-17 10:27:32.131   806   906 I chatty  : uid=1001(radio) /system/bin/rild expire 32 lines
12-17 10:27:32.131   904   904 I chatty  : uid=1001(radio) /system/bin/qmi_motext_hook expire 32 lines
12-17 10:27:34.288   788  2063 I chatty  : uid=1001(radio) /system/bin/rild expire 33 lines
12-17 10:27:34.299   788 18336 I chatty  : uid=1001(radio) /system/bin/rild expire 11 lines
12-17 10:27:34.303   788 18338 I chatty  : uid=1001(radio) /system/bin/rild expire 8 lines
12-17 10:27:34.303   788 18335 I chatty  : uid=1001(radio) /system/bin/rild expire 18 lines
12-17 10:27:34.307   788 18334 I chatty  : uid=1001(radio) /system/bin/rild expire 17 lines
12-17 10:27:34.327   788 18339 I chatty  : uid=1001(radio) /system/bin/rild expire 11 lines
12-17 10:27:34.329   788 18340 I chatty  : uid=1001(radio) /system/bin/rild expire 17 lines
12-17 10:27:34.332   788 18341 I chatty  : uid=1001(radio) /system/bin/rild expire 11 lines
12-17 10:27:34.335   788 18342 I chatty  : uid=1001(radio) /system/bin/rild expire 8 lines
12-17 10:28:41.168   788 19259 I chatty  : uid=1001(radio) /system/bin/rild expire 21 lines
12-17 10:28:41.188   806 19260 I chatty  : uid=1001(radio) /system/bin/rild expire 8 lines
12-17 10:28:43.004  3104 11114 I chatty  : uid=1001(radio) Binder_7 expire 11 lines
12-17 10:31:03.171  3104  3331 I chatty  : uid=1001(radio) Binder_4 expire 11 lines
12-17 10:31:12.726   806  2043 I chatty  : uid=1001(radio) /system/bin/rild expire 4 lines
12-17 10:31:12.738   788 20553 I chatty  : uid=1001(radio) /system/bin/rild expire 17 lines
12-17 10:31:12.751   788 20554 I chatty  : uid=1001(radio) /system/bin/rild expire 17 lines
12-17 10:31:12.754   788 20555 I chatty  : uid=1001(radio) /system/bin/rild expire 11 lines
12-17 10:31:12.758   788 20556 I chatty  : uid=1001(radio) /system/bin/rild expire 8 lines
12-17 10:31:12.779   788 20559 I chatty  : uid=1001(radio) /system/bin/rild expire 17 lines
12-17 10:31:12.792   788 20558 I chatty  : uid=1001(radio) /system/bin/rild expire 11 lines
12-17 10:31:12.794   788 20561 I chatty  : uid=1001(radio) /system/bin/rild expire 8 lines
12-17 10:31:12.795   788 20560 I chatty  : uid=1001(radio) /system/bin/rild expire 11 lines
12-17 10:31:12.934  3104 13106 I chatty  : uid=1001(radio) Binder_8 expire 10 lines
12-17 10:31:12.947   788 20564 I chatty  : uid=1001(radio) /system/bin/rild expire 21 lines
12-17 10:31:12.982   806 20565 I chatty  : uid=1001(radio) /system/bin/rild expire 8 lines
12-17 10:31:12.997  3104  3131 I chatty  : uid=1001(radio) Binder_3 expire 12 lines
12-17 10:31:16.610  3104  3843 I chatty  : uid=1001(radio) Binder_6 expire 11 lines
12-17 10:31:25.445  3104  3783 I chatty  : uid=1001(radio) Binder_5 expire 10 lines
12-17 10:31:27.999  5507  5507 D SubscriptionManager: getSimStateForSubscriber: simState=5 slotIdx=0
12-17 10:31:34.783   788   872 I chatty  : uid=1001(radio) /system/bin/rild expire 131 lines
12-17 10:31:47.192   788  2063 I chatty  : uid=1001(radio) /system/bin/rild expire 10 lines
12-17 10:31:47.192   788  1007 I chatty  : uid=1001(radio) /system/bin/rild expire 30 lines
12-17 10:31:47.194  3104  3104 I chatty  : uid=1001(radio) com.android.phone expire 42 lines
12-17 10:32:00.819  3104 14573 I chatty  : uid=1001(radio) Binder_9 expire 14 lines
12-17 10:32:14.733  5507 22787 D SubscriptionManager: getSimStateForSubscriber: simState=5 slotIdx=0
12-17 10:32:15.670   788  1007 I chatty  : uid=1001(radio) /system/bin/rild expire 120 lines
12-17 10:32:15.673  3104  3104 I chatty  : uid=1001(radio) com.android.phone expire 81 lines
12-17 10:32:16.958  3104  3129 I chatty  : uid=1001(radio) Binder_2 expire 10 lines
12-17 10:32:30.713  3104  3191 I chatty  : uid=1001(radio) RILReceiver0 expire 163 lines
12-17 10:32:30.744   788 23635 I chatty  : uid=1001(radio) /system/bin/rild expire 11 lines
12-17 10:32:30.746   788 23633 I chatty  : uid=1001(radio) /system/bin/rild expire 17 lines
12-17 10:32:30.760   788   881 I chatty  : uid=1001(radio) /system/bin/rild expire 30 lines
12-17 10:32:30.761   788 23636 I chatty  : uid=1001(radio) /system/bin/rild expire 8 lines
12-17 10:32:30.762   879   879 I chatty  : uid=1001(radio) /system/bin/qmi_motext_hook expire 105 lines
12-17 10:32:30.763   788 23634 I chatty  : uid=1001(radio) /system/bin/rild expire 16 lines
12-17 10:32:31.369   788  2063 I chatty  : uid=1001(radio) /system/bin/rild expire 44 lines
12-17 10:32:31.395   788 23654 I chatty  : uid=1001(radio) /system/bin/rild expire 17 lines
12-17 10:32:31.397   788 23653 I chatty  : uid=1001(radio) /system/bin/rild expire 17 lines
12-17 10:32:31.410   788 23655 I chatty  : uid=1001(radio) /system/bin/rild expire 11 lines
12-17 10:32:31.414   788 23656 I chatty  : uid=1001(radio) /system/bin/rild expire 8 lines
12-17 10:32:31.513   788   872 I chatty  : uid=1001(radio) /system/bin/rild expire 896 lines
12-17 10:32:31.519   788 23673 I chatty  : uid=1001(radio) /system/bin/rild expire 17 lines
12-17 10:32:31.531   788 23675 I chatty  : uid=1001(radio) /system/bin/rild expire 17 lines
12-17 10:32:31.537   788 23676 I chatty  : uid=1001(radio) /system/bin/rild expire 11 lines
12-17 10:32:31.538   788 23677 I chatty  : uid=1001(radio) /system/bin/rild expire 8 lines
12-17 10:32:31.582  1937  2535 D SubscriptionManager: getSimStateForSubscriber: simState=5 slotIdx=0
12-17 10:32:31.593  3104  3104 I chatty  : uid=1001(radio) com.android.phone expire 184 lines
12-17 10:32:31.595  1937  2517 D TelephonyRegistry: notifyCellLocationForSubscriber: subId=1 cellLocation=Bundle[mParcelledData.dataSize=64]
12-17 10:32:31.603  3104  3204 I chatty  : uid=1001(radio) DcHandlerThread expire 12 lines
12-17 10:32:31.666   788  1007 I chatty  : uid=1001(radio) /system/bin/rild expire 408 lines
12-17 10:32:31.684   788 23682 I chatty  : uid=1001(radio) /system/bin/rild expire 29 lines
12-17 10:32:31.689   788 23683 I chatty  : uid=1001(radio) /system/bin/rild expire 17 lines
12-17 10:32:31.697   788 23684 I chatty  : uid=1001(radio) /system/bin/rild expire 17 lines
12-17 10:32:31.706   788 23685 I chatty  : uid=1001(radio) /system/bin/rild expire 12 lines
12-17 10:32:31.714   788 23686 I chatty  : uid=1001(radio) /system/bin/rild expire 9 lines
12-17 10:32:31.715   806   891 I chatty  : uid=1001(radio) /system/bin/rild expire 32 lines
12-17 10:32:31.716   788 23687 I chatty  : uid=1001(radio) /system/bin/rild expire 11 lines
12-17 10:32:31.717   788 23688 I chatty  : uid=1001(radio) /system/bin/rild expire 17 lines
12-17 10:32:31.723   806 23689 I chatty  : uid=1001(radio) /system/bin/rild expire 8 lines
12-17 10:32:31.725  3104  3195 I chatty  : uid=1001(radio) RILReceiver1 expire 9 lines
12-17 10:32:31.810   788 23691 I chatty  : uid=1001(radio) /system/bin/rild expire 17 lines
12-17 10:32:31.834   788 23692 I chatty  : uid=1001(radio) /system/bin/rild expire 17 lines
12-17 10:32:31.841   788 23693 I chatty  : uid=1001(radio) /system/bin/rild expire 11 lines
12-17 10:32:31.842   788 23694 I chatty  : uid=1001(radio) /system/bin/rild expire 8 lines
12-17 10:32:32.225   788 23705 I chatty  : uid=1001(radio) /system/bin/rild expire 17 lines
12-17 10:32:32.233   788 23704 I chatty  : uid=1001(radio) /system/bin/rild expire 17 lines
12-17 10:32:32.241   788 23707 I chatty  : uid=1001(radio) /system/bin/rild expire 8 lines
12-17 10:32:32.243   788 23706 I chatty  : uid=1001(radio) /system/bin/rild expire 11 lines
12-17 10:32:33.363   788 23721 I chatty  : uid=1001(radio) /system/bin/rild expire 17 lines
12-17 10:32:33.373   788 23724 I chatty  : uid=1001(radio) /system/bin/rild expire 8 lines
12-17 10:32:33.375   788 23722 I chatty  : uid=1001(radio) /system/bin/rild expire 17 lines
12-17 10:32:33.379   788 23723 I chatty  : uid=1001(radio) /system/bin/rild expire 11 lines
12-17 10:32:33.526   788 23736 I chatty  : uid=1001(radio) /system/bin/rild expire 17 lines
12-17 10:32:33.535   788 23738 I chatty  : uid=1001(radio) /system/bin/rild expire 11 lines
12-17 10:32:33.537   788 23737 I chatty  : uid=1001(radio) /system/bin/rild expire 17 lines
12-17 10:32:33.540   788 23739 I chatty  : uid=1001(radio) /system/bin/rild expire 8 lines
12-17 10:32:34.268   788 23753 I chatty  : uid=1001(radio) /system/bin/rild expire 11 lines
12-17 10:32:34.270   788 23751 I chatty  : uid=1001(radio) /system/bin/rild expire 17 lines
12-17 10:32:34.281   788 23754 I chatty  : uid=1001(radio) /system/bin/rild expire 8 lines
12-17 10:32:34.283   788 23752 I chatty  : uid=1001(radio) /system/bin/rild expire 17 lines
12-17 10:32:34.437   788 23766 I chatty  : uid=1001(radio) /system/bin/rild expire 17 lines
12-17 10:32:34.444   788 23767 I chatty  : uid=1001(radio) /system/bin/rild expire 17 lines
12-17 10:32:34.450   788 23768 I chatty  : uid=1001(radio) /system/bin/rild expire 11 lines
12-17 10:32:34.452   788 23769 I chatty  : uid=1001(radio) /system/bin/rild expire 8 lines
12-17 10:32:34.456  1937  3110 D TelephonyRegistry: notifyCellLocationForSubscriber: subId=1 cellLocation=Bundle[mParcelledData.dataSize=64]
12-17 10:32:34.486   788 23770 I chatty  : uid=1001(radio) /system/bin/rild expire 21 lines
12-17 10:32:34.493   806 23771 I chatty  : uid=1001(radio) /system/bin/rild expire 8 lines
12-17 10:32:34.547   788 23772 I chatty  : uid=1001(radio) /system/bin/rild expire 17 lines
12-17 10:32:34.553   788 23773 I chatty  : uid=1001(radio) /system/bin/rild expire 17 lines
12-17 10:32:34.557   788 23774 I chatty  : uid=1001(radio) /system/bin/rild expire 11 lines
12-17 10:32:34.558   788 23775 I chatty  : uid=1001(radio) /system/bin/rild expire 8 lines
12-17 10:32:34.685   788 23777 I chatty  : uid=1001(radio) /system/bin/rild expire 17 lines
12-17 10:32:34.707   788 23778 I chatty  : uid=1001(radio) /system/bin/rild expire 17 lines
12-17 10:32:34.711   788 23779 I chatty  : uid=1001(radio) /system/bin/rild expire 11 lines
12-17 10:32:34.713   788 23780 I chatty  : uid=1001(radio) /system/bin/rild expire 8 lines
12-17 10:32:34.978   788 23785 I chatty  : uid=1001(radio) /system/bin/rild expire 17 lines
12-17 10:32:34.988   788 23784 I chatty  : uid=1001(radio) /system/bin/rild expire 17 lines
12-17 10:32:34.998   788 23786 I chatty  : uid=1001(radio) /system/bin/rild expire 11 lines
12-17 10:32:35.001   788 23787 I chatty  : uid=1001(radio) /system/bin/rild expire 8 lines
12-17 10:32:35.970   788 23791 I chatty  : uid=1001(radio) /system/bin/rild expire 17 lines
12-17 10:32:35.992   788 23804 I chatty  : uid=1001(radio) /system/bin/rild expire 11 lines
12-17 10:32:35.993   788 23793 I chatty  : uid=1001(radio) /system/bin/rild expire 17 lines
12-17 10:32:36.000   788 23805 I chatty  : uid=1001(radio) /system/bin/rild expire 8 lines
12-17 10:32:37.936  3104  3331 I chatty  : uid=1001(radio) Binder_4 expire 13 lines
12-17 10:32:39.494  3104 13106 I chatty  : uid=1001(radio) Binder_8 expire 10 lines
12-17 10:32:43.231  3104  3783 I chatty  : uid=1001(radio) Binder_5 expire 15 lines
12-17 10:32:43.695  5507  5507 D SubscriptionManager: getSimStateForSubscriber: simState=5 slotIdx=0
12-17 10:32:47.992  5507  5507 D SubscriptionManager: getSimStateForSubscriber: simState=5 slotIdx=0
12-17 10:32:50.244  5507  5507 D SubscriptionManager: getSimStateForSubscriber: simState=5 slotIdx=0
12-17 10:32:56.630   788  2063 I chatty  : uid=1001(radio) /system/bin/rild expire 15 lines
12-17 10:32:56.630   788  1007 I chatty  : uid=1001(radio) /system/bin/rild expire 15 lines
12-17 10:32:56.633  3104  3104 I chatty  : uid=1001(radio) com.android.phone expire 24 lines
12-17 10:32:57.996   788   872 I chatty  : uid=1001(radio) /system/bin/rild expire 39 lines
12-17 10:33:09.240  3104  3126 I chatty  : uid=1001(radio) Binder_1 expire 12 lines
12-17 10:33:10.119  3104  3191 I chatty  : uid=1001(radio) RILReceiver0 expire 12 lines
12-17 10:33:10.183   788 24290 I chatty  : uid=1001(radio) /system/bin/rild expire 28 lines
12-17 10:33:10.220   806   891 I chatty  : uid=1001(radio) /system/bin/rild expire 16 lines
12-17 10:33:10.223   806 24298 I chatty  : uid=1001(radio) /system/bin/rild expire 8 lines
12-17 10:33:10.752 24283 24314 D SubscriptionManager: getSimStateForSubscriber: simState=5 slotIdx=0
12-17 10:33:13.173 24283 24283 D SubscriptionManager: getSimStateForSubscriber: simState=5 slotIdx=0
12-17 10:33:16.790   788  2063 I chatty  : uid=1001(radio) /system/bin/rild expire 17 lines
12-17 10:33:16.791   788  1007 I chatty  : uid=1001(radio) /system/bin/rild expire 10 lines
12-17 10:33:16.793  3104  3104 I chatty  : uid=1001(radio) com.android.phone expire 26 lines
12-17 10:33:43.648 24748 24748 D SubscriptionManager: getSimStateForSubscriber: simState=5 slotIdx=0
12-17 10:33:43.786 24748 24748 D SubscriptionManager: getSimStateForSubscriber: simState=5 slotIdx=0
12-17 10:33:44.363  3104  3131 I chatty  : uid=1001(radio) Binder_3 expire 12 lines
12-17 10:33:44.363 24748 24748 D SubscriptionManager: getSimStateForSubscriber: simState=5 slotIdx=0
12-17 10:33:47.939 25065 25088 D SubscriptionManager: getSimStateForSubscriber: simState=5 slotIdx=0
12-17 10:33:58.438 25065 25103 D SubscriptionManager: getSimStateForSubscriber: simState=5 slotIdx=0
12-17 10:34:10.094  3104 13106 I chatty  : uid=1001(radio) Binder_8 expire 10 lines
12-17 10:34:34.250  3104  3104 I chatty  : uid=1001(radio) com.android.phone expire 161 lines
12-17 10:34:35.186   788  1007 I chatty  : uid=1001(radio) /system/bin/rild expire 10 lines
12-17 10:35:15.829  3104  3783 I chatty  : uid=1001(radio) Binder_5 expire 11 lines
12-17 10:35:15.901   788   872 I chatty  : uid=1001(radio) /system/bin/rild expire 256 lines
12-17 10:35:15.950  3104 11114 I chatty  : uid=1001(radio) Binder_7 expire 12 lines
12-17 10:35:15.961   788 27131 I chatty  : uid=1001(radio) /system/bin/rild expire 29 lines
12-17 10:35:15.978   806   891 I chatty  : uid=1001(radio) /system/bin/rild expire 84 lines
12-17 10:35:15.984   806 27132 I chatty  : uid=1001(radio) /system/bin/rild expire 8 lines
12-17 10:35:19.925 27151 27151 D SubscriptionManager: getSimStateForSubscriber: simState=5 slotIdx=0
12-17 10:35:20.844   788  2063 I chatty  : uid=1001(radio) /system/bin/rild expire 17 lines
12-17 10:35:20.845   788  1007 I chatty  : uid=1001(radio) /system/bin/rild expire 61 lines
12-17 10:35:20.847  3104  3104 I chatty  : uid=1001(radio) com.android.phone expire 217 lines
12-17 10:35:23.907  3104  3126 I chatty  : uid=1001(radio) Binder_1 expire 16 lines
12-17 10:35:23.909  3104  3843 I chatty  : uid=1001(radio) Binder_6 expire 10 lines
12-17 10:36:40.972   788   881 I chatty  : uid=1001(radio) /system/bin/rild expire 20 lines
12-17 10:36:40.977   879   879 I chatty  : uid=1001(radio) /system/bin/qmi_motext_hook expire 30 lines
12-17 10:36:40.978   806   906 I chatty  : uid=1001(radio) /system/bin/rild expire 16 lines
12-17 10:36:40.979   904   904 I chatty  : uid=1001(radio) /system/bin/qmi_motext_hook expire 16 lines
12-17 10:36:40.992   806  1040 I chatty  : uid=1001(radio) /system/bin/rild expire 50 lines
12-17 10:36:41.132   788 28145 I chatty  : uid=1001(radio) /system/bin/rild expire 17 lines
12-17 10:36:41.148   788 28146 I chatty  : uid=1001(radio) /system/bin/rild expire 17 lines
12-17 10:36:41.152   788 28147 I chatty  : uid=1001(radio) /system/bin/rild expire 12 lines
12-17 10:36:41.153   788 28148 I chatty  : uid=1001(radio) /system/bin/rild expire 8 lines
12-17 10:36:41.175   788 28150 I chatty  : uid=1001(radio) /system/bin/rild expire 11 lines
12-17 10:36:41.179   788 28151 I chatty  : uid=1001(radio) /system/bin/rild expire 17 lines
12-17 10:36:41.179  3104  3191 I chatty  : uid=1001(radio) RILReceiver0 expire 10 lines
12-17 10:36:41.184   788 28152 I chatty  : uid=1001(radio) /system/bin/rild expire 11 lines
12-17 10:36:41.185   788 28153 I chatty  : uid=1001(radio) /system/bin/rild expire 8 lines
12-17 10:37:03.618  3104 14573 I chatty  : uid=1001(radio) Binder_9 expire 11 lines
12-17 10:37:10.870   788 28728 I chatty  : uid=1001(radio) /system/bin/rild expire 29 lines
12-17 10:37:10.888   806 28729 I chatty  : uid=1001(radio) /system/bin/rild expire 8 lines
12-17 10:37:50.104  3104  3129 I chatty  : uid=1001(radio) Binder_2 expire 11 lines
12-17 10:37:55.856  1937  2517 D TelephonyRegistry: Notify data connection state changed on sub: 1
12-17 10:37:55.856  1937  2517 D TelephonyRegistry: Notify data connection state changed on sub: 1
12-17 10:37:55.856  1937  2517 D TelephonyRegistry: Notify data connection state changed on sub: 1
12-17 10:37:55.856  1937  2517 D TelephonyRegistry: Notify data connection state changed on sub: 1
12-17 10:37:55.856  1937  2517 D TelephonyRegistry: Notify data connection state changed on sub: 1
12-17 10:37:55.857  3104  3104 I chatty  : uid=1001(radio) com.android.phone expire 205 lines
12-17 10:37:55.857  3104  3204 I chatty  : uid=1001(radio) DcHandlerThread expire 46 lines
12-17 10:37:55.866   788   872 I chatty  : uid=1001(radio) /system/bin/rild expire 334 lines
12-17 10:37:56.039   788  2063 I chatty  : uid=1001(radio) /system/bin/rild expire 33 lines
12-17 10:37:56.061   788 29186 I chatty  : uid=1001(radio) /system/bin/rild expire 29 lines
12-17 10:37:56.163   806   891 I chatty  : uid=1001(radio) /system/bin/rild expire 32 lines
12-17 10:37:56.169   806 29189 I chatty  : uid=1001(radio) /system/bin/rild expire 8 lines
12-17 10:37:56.237   788  1007 I chatty  : uid=1001(radio) /system/bin/rild expire 214 lines
12-17 10:37:56.254  3104  3191 I chatty  : uid=1001(radio) RILReceiver0 expire 34 lines
12-17 10:37:56.286   788 29196 I chatty  : uid=1001(radio) /system/bin/rild expire 17 lines
12-17 10:37:56.300   788   881 I chatty  : uid=1001(radio) /system/bin/rild expire 6 lines
12-17 10:37:56.300   879   879 I chatty  : uid=1001(radio) /system/bin/qmi_motext_hook expire 21 lines
12-17 10:37:56.300   788 29197 I chatty  : uid=1001(radio) /system/bin/rild expire 16 lines
12-17 10:37:56.305   788 29198 I chatty  : uid=1001(radio) /system/bin/rild expire 9 lines
12-17 10:37:56.755  3104  3843 I chatty  : uid=1001(radio) Binder_6 expire 7 lines
12-17 10:37:56.966 29228 29228 D SubscriptionManager: getSimStateForSubscriber: simState=5 slotIdx=0
12-17 10:37:56.967  3104 13106 I chatty  : uid=1001(radio) Binder_8 expire 8 lines
12-17 10:37:59.371   788 29388 I chatty  : uid=1001(radio) /system/bin/rild expire 17 lines
12-17 10:37:59.376   788 29387 I chatty  : uid=1001(radio) /system/bin/rild expire 17 lines
12-17 10:37:59.386   788 29389 I chatty  : uid=1001(radio) /system/bin/rild expire 11 lines
12-17 10:37:59.388   788 29390 I chatty  : uid=1001(radio) /system/bin/rild expire 8 lines
12-17 10:38:00.425   788 29439 I chatty  : uid=1001(radio) /system/bin/rild expire 17 lines
12-17 10:38:00.435   788 29442 I chatty  : uid=1001(radio) /system/bin/rild expire 11 lines
12-17 10:38:00.435   788 29441 I chatty  : uid=1001(radio) /system/bin/rild expire 17 lines
12-17 10:38:00.443   788 29443 I chatty  : uid=1001(radio) /system/bin/rild expire 8 lines
12-17 10:38:00.524  1937  1948 D SubscriptionManager: getSimStateForSubscriber: simState=5 slotIdx=0
12-17 10:38:00.545  1937  2535 D TelephonyRegistry: Notify data connection state changed on sub: 1
12-17 10:38:00.545  1937  2535 D TelephonyRegistry: Notify data connection state changed on sub: 1
12-17 10:38:00.545  1937  2535 D TelephonyRegistry: Notify data connection state changed on sub: 1
12-17 10:38:00.546  1937  2535 D TelephonyRegistry: Notify data connection state changed on sub: 1
12-17 10:38:00.546  1937  2535 D TelephonyRegistry: Notify data connection state changed on sub: 1
12-17 10:38:00.639   788 29479 I chatty  : uid=1001(radio) /system/bin/rild expire 21 lines
12-17 10:38:00.648   806 29483 I chatty  : uid=1001(radio) /system/bin/rild expire 8 lines
12-17 10:38:00.763  3104 14573 I chatty  : uid=1001(radio) Binder_9 expire 4 lines
12-17 10:38:00.790  3104  3131 I chatty  : uid=1001(radio) Binder_3 expire 3 lines
12-17 10:38:00.796  3104  3284 I chatty  : uid=1001(radio) DcSwitchStateMa expire 2 lines
12-17 10:38:00.832   806  2224 I chatty  : uid=1001(radio) /system/bin/rild expire 8 lines
12-17 10:38:00.832   806  1040 I chatty  : uid=1001(radio) /system/bin/rild expire 22 lines
12-17 10:38:00.832   788  2245 I chatty  : uid=1001(radio) /system/bin/rild expire 8 lines
12-17 10:38:01.178  3104  3331 I chatty  : uid=1001(radio) Binder_4 expire 3 lines
12-17 10:38:01.263  3104 29562 I chatty  : uid=1001(radio) com.android.phone expire 1 line
12-17 10:38:01.664  3104 11114 I chatty  : uid=1001(radio) Binder_7 expire 1 line
12-17 10:38:01.664 29563 29563 D SubscriptionManager: getSimStateForSubscriber: simState=5 slotIdx=0
12-17 10:38:01.770  3104  3129 I chatty  : uid=1001(radio) Binder_2 expire 1 line
12-17 10:38:02.711   788  1007 W RILQ    : (0/788): RIL[0][event] qcril_qmi_get_pref_data_tech: is_current 0
12-17 10:38:02.711   788  1007 W RILQ    : (0/788): RIL[0][event] qcril_qmi_get_pref_data_tech: before translation : pref_data_tech INVALID
12-17 10:38:02.711   788  1007 W RILQ    : (0/788): RIL[0][event] qcril_qmi_get_pref_data_tech: after translation : pref_data_tech INVALID technology 0
12-17 10:38:02.711   788  1007 W RILQ    : (0/788): RIL[0][event] qcril_qmi_nas_sys_info_ind_conv_qmi2ril: ... network_state_updated = 1, data_nw_state_changed = 1
12-17 10:38:02.711   788  1007 W RILQ    : (0/788): RIL[0][event] qcril_qmi_util_retrieve_srv_status: completed with 0
12-17 10:38:02.711   788  1007 W RILQ    : (0/788): RIL[0][event] qcril_qmi_util_retrieve_srv_status: completed with 2
12-17 10:38:02.711   788  1007 W RILQ    : (0/788): RIL[0][event] qcril_qmi_util_retrieve_srv_status: completed with 0
12-17 10:38:02.712   788  1007 W RILQ    : (0/788): RIL[0][event] qcril_qmi_get_pref_data_tech: is_current 0
12-17 10:38:02.712   788  1007 W RILQ    : (0/788): RIL[0][event] qcril_qmi_get_pref_data_tech: before translation : pref_data_tech INVALID
12-17 10:38:02.712   788  1007 W RILQ    : (0/788): RIL[0][event] qcril_qmi_get_pref_data_tech: after translation : pref_data_tech INVALID technology 0
12-17 10:38:02.712   788  1007 W RILQ    : (0/788): RIL[0][event] qcril_qmi_util_retrieve_srv_status: completed with 0
12-17 10:38:02.712   788  1007 W RILQ    : (0/788): RIL[0][event] qcril_qmi_util_retrieve_srv_status: completed with 2
12-17 10:38:02.712   788  1007 W RILQ    : (0/788): RIL[0][event] qcril_qmi_util_retrieve_srv_status: completed with 0
12-17 10:38:02.712   788  1007 W RILQ    : (0/788): RIL[0][event] qcril_qmi_nas_update_data_rte: completed, new drte 3 with confidence 1
12-17 10:38:02.713   788  1007 W RILQ    : (0/788): RIL[0][event] qcril_qmi_util_retrieve_srv_status: completed with 0
12-17 10:38:02.713   788  1007 W RILQ    : (0/788): RIL[0][event] qcril_qmi_util_retrieve_srv_status: completed with 2
12-17 10:38:02.713   788  1007 W RILQ    : (0/788): RIL[0][event] qcril_qmi_util_retrieve_srv_status: completed with 0
12-17 10:38:02.715   788  1007 W RILQ    : (0/788): RIL[0][event] qcril_qmi_util_retrieve_srv_status: completed with 0
12-17 10:38:02.715   788  1007 W RILQ    : (0/788): RIL[0][event] qcril_qmi_util_retrieve_srv_status: completed with 2
12-17 10:38:02.715   788  1007 W RILQ    : (0/788): RIL[0][event] qcril_qmi_util_retrieve_srv_status: completed with 0
12-17 10:38:02.716   788  1007 W RILQ    : (0/788): RIL[0][event] qcril_send_unsol_response_epilog: UI <--- RIL_UNSOL_OEM_HOOK_RAW (1028) --- RIL [RID 0, Len 17, (null)]
12-17 10:38:02.717  3104  3191 V RILJ    : [UNSL]< UNSOL_OEM_HOOK_RAW 514f454d484f4f4bef0308000100000003 [SUB0]
12-17 10:38:02.717  3104  3191 D RILJ    : Oem ID in RIL_UNSOL_OEM_HOOK_RAW is QOEMHOOK
12-17 10:38:02.717  3104  3191 D RILJ    : OEM ID check Passed
12-17 10:38:02.717  3104  3191 D RILJ    : Response ID in RIL_UNSOL_OEM_HOOK_RAW is 525295
12-17 10:38:02.717  3104  3191 D RILJ    : Response ID 525295 is not served in this process.
12-17 10:38:02.717  3104  3191 D RILJ    : External OEM message, to be notified
12-17 10:38:02.717  3104  3104 D PhoneBase: EVENT_UNSOL_OEM_HOOK_RAW data=514f454d484f4f4bef0308000100000003
12-17 10:38:02.718   788  1007 W RILQ    : (0/788): RIL[0][event] qcril_qmi_util_retrieve_srv_status: completed with 0
12-17 10:38:02.718   788  1007 W RILQ    : (0/788): RIL[0][event] qcril_qmi_util_retrieve_srv_status: completed with 2
12-17 10:38:02.718   788  1007 W RILQ    : (0/788): RIL[0][event] qcril_qmi_util_retrieve_srv_status: completed with 0
12-17 10:38:02.719   788  1007 W RILQ    : (0/788): RIL[0][event] qcril_qmi_util_retrieve_srv_status: completed with 0
12-17 10:38:02.719   788  1007 W RILQ    : (0/788): RIL[0][event] qcril_qmi_util_retrieve_srv_status: completed with 2
12-17 10:38:02.719   788  1007 W RILQ    : (0/788): RIL[0][event] qcril_qmi_util_retrieve_srv_status: completed with 0
12-17 10:38:02.720   788  2063 W RILQ    : (0/788): RIL[0][qmi_cb] qcril_event_queue: RID 0 MID 0 Queued event QCRIL_EVT_QMI_NAS_HANDLE_INDICATIONS (20 bytes)(obj 0xb89bbd80)
12-17 10:38:02.721   788  1007 W RILQ    : (0/788): RIL[0][event] qcril_qmi_nas_sys_info_ind_conv_qmi2ril: ...... network_state_updated = 1, data_nw_state_changed = 1
12-17 10:38:02.721   788  1007 W RILQ    : (0/788): RIL[0][event] qcril_qmi_nas_sys_info_ind_conv_qmi2ril: ......... network_state_updated = 1, data_nw_state_changed = 1
12-17 10:38:02.721   788  1007 W RILQ    : (0/788): RIL[0][event] qcril_send_unsol_response_epilog: UI <--- RIL_UNSOL_RESPONSE_NETWORK_STATE_CHANGED (1002) --- RIL [RID 0, Len 0, (null)]
12-17 10:38:02.721  3104  3191 D RILJ    : [UNSL]< UNSOL_RESPONSE_VOICE_NETWORK_STATE_CHANGED [SUB0]
12-17 10:38:02.721  3104  3104 D RILJ    : [4603]> OPERATOR [SUB0]
12-17 10:38:02.723   788  1007 W RILQ    : (0/788): RIL[0][event] qcril_event_main: RID 0 MID 0 De-queued event QCRIL_EVT_QMI_NAS_HANDLE_INDICATIONS (655385)(obj 0xb89bbd80)
12-17 10:38:02.723   788  1007 W RILQ    : (0/788): RIL[0][event] qcril_process_event: RIL <--- QCRIL_EVT_QMI_NAS_HANDLE_INDICATIONS(655385), RID 0, MID 0 --- AMSS
12-17 10:38:02.723  3104  3104 D RILJ    : [4604]> DATA_REGISTRATION_STATE [SUB0]
12-17 10:38:02.723   788   872 W RILQ    : (0/788): RIL[0][main] onRequest: UI --- RIL_REQUEST_OPERATOR (22) ---> RIL [RID 0, token id 955, data len 0]
12-17 10:38:02.724   788  1007 W RILQ    : (0/788): RIL[0][event] qcril_qmi_nas_sys_info_ind_conv_qmi2ril: limit_sys_info=0
12-17 10:38:02.724   788  1007 W RILQ    : (0/788): RIL[0][event] qcril_qmi_get_pref_data_tech: is_current 0
12-17 10:38:02.724   788  1007 W RILQ    : (0/788): RIL[0][event] qcril_qmi_get_pref_data_tech: before translation : pref_data_tech INVALID
12-17 10:38:02.724   788  1007 W RILQ    : (0/788): RIL[0][event] qcril_qmi_get_pref_data_tech: after translation : pref_data_tech INVALID technology 0
12-17 10:38:02.724   788  1007 W RILQ    : (0/788): RIL[0][event] qcril_qmi_nas_sys_info_ind_conv_qmi2ril: ... network_state_updated = 1, data_nw_state_changed = 1
12-17 10:38:02.724   788   872 W RILQ    : (0/788): RIL[0][main] onRequest: data stream received from telephony
12-17 10:38:02.724   788   872 W RILQ    : (0/788): RIL[0][main] onRequest: android request id 22
12-17 10:38:02.724  3104  3104 D RILJ    : [4605]> VOICE_REGISTRATION_STATE [SUB0]
12-17 10:38:02.724   788   872 W RILQ    : (0/788): RIL[0][main] onRequest: handling caps 40200010 hex
12-17 10:38:02.724   788   872 W RILQ    : (0/788): RIL[0][main] qmi_ril_fw_create_android_live_params_copy: a-r-id 22, a-data 0x0, a-data-len 0
12-17 10:38:02.724   788   872 W RILQ    : (0/788): RIL[0][main] onRequest: method 3, datalen 0
12-17 10:38:02.724   788   872 W RILQ    : (0/788): RIL[0][main] onRequest: clean family 0
12-17 10:38:02.725   788   872 W RILQ    : (0/788): RIL[0][main] onRequest: already waiting for exec 0
12-17 10:38:02.725   788   872 W RILQ    : (0/788): RIL[0][main] onRequest: android_request_param_holder b8985e40 hex
12-17 10:38:02.725   788   872 W RILQ    : (0/788): RIL[0][main] onRequest: pending req kind 0x0 hex, awaitingexec req kind 0x0 hex
12-17 10:38:02.725   788   872 W RILQ    : (0/788): RIL[0][main] onRequest: token under exec 955
12-17 10:38:02.725   788   872 W RILQ    : (0/788): RIL[0][main] onRequest: pre-exec token id 955, a-r-id 22, audit 0, nrender 0
12-17 10:38:02.725   788   872 W RILQ    : (0/788): RIL[0][main] qmi_ril_fw_android_request_render_execution: rendering exec for token id 955
12-17 10:38:02.725   788   872 W RILQ    : (0/788): RIL[0][main] qmi_ril_fw_create_android_live_params_copy: a-r-id 22, a-data 0x0, a-data-len 0
12-17 10:38:02.725   788   872 W RILQ    : (0/788): RIL[0][main] qmi_ril_fw_android_request_render_execution: routed to dedicated thrd status 0
12-17 10:38:02.725   788   872 W RILQ    : (0/788): RIL[0][main] onRequest: dispatch outcome = 0
12-17 10:38:02.725  3104  3104 D RILJ    : [4606]> QUERY_NETWORK_SELECTION_MODE [SUB0]
12-17 10:38:02.725   788   872 W RILQ    : (0/788): RIL[0][main] onRequest: UI --- RIL_REQUEST_DATA_REGISTRATION_STATE (21) ---> RIL [RID 0, token id 956, data len 0]
12-17 10:38:02.725   788   872 W RILQ    : (0/788): RIL[0][main] onRequest: data stream received from telephony
12-17 10:38:02.725   788   872 W RILQ    : (0/788): RIL[0][main] onRequest: android request id 21
12-17 10:38:02.725   788   872 W RILQ    : (0/788): RIL[0][main] onRequest: handling caps 40200010 hex
