12-17 10:48:12.220   788  2063 W RILQ    : (0/788): RIL[0][qmi_cb] qmi_ril_fw_send_request_response_epilog: in protected zone
12-17 10:48:12.220   788  2063 W RILQ    : (0/788): RIL[0][qmi_cb] qmi_ril_fw_send_request_response_epilog: token under exec 1242, completion token id 1242
12-17 10:48:12.220   788  2063 W RILQ    : (0/788): RIL[0][qmi_cb] qmi_ril_fw_send_request_response_epilog: resp token-id 1242, req-id 75(75)
12-17 10:48:12.220   788  2063 W RILQ    : (0/788): RIL[0][qmi_cb] qmi_ril_fw_send_request_response_epilog: left zone 
12-17 10:48:12.220   788  2063 I RILQ    : (0/788):RIL[0][qmi_cb] qcril_qmi_nas_get_neighboring_cells_cb: completed with 0 with 1 entries
12-17 10:48:14.750   788   872 W RILQ    : (0/788): RIL[0][main] onRequest: UI --- RIL_REQUEST_GET_CELL_INFO_LIST (109) ---> RIL [RID 0, token id 1243, data len 0]
12-17 10:48:14.750   788   872 W RILQ    : (0/788): RIL[0][main] onRequest: data stream received from telephony
12-17 10:48:14.750   788   872 W RILQ    : (0/788): RIL[0][main] onRequest: android request id 109
12-17 10:48:14.750   788   872 W RILQ    : (0/788): RIL[0][main] onRequest: handling caps 40200010 hex
12-17 10:48:14.750   788   872 W RILQ    : (0/788): RIL[0][main] qmi_ril_fw_create_android_live_params_copy: a-r-id 109, a-data 0x0, a-data-len 0
12-17 10:48:14.750   788   872 W RILQ    : (0/788): RIL[0][main] onRequest: method 3, datalen 0
12-17 10:48:14.750   788   872 W RILQ    : (0/788): RIL[0][main] onRequest: clean family 0
12-17 10:48:14.750   788   872 W RILQ    : (0/788): RIL[0][main] onRequest: already waiting for exec 0
12-17 10:48:14.750   788   872 W RILQ    : (0/788): RIL[0][main] onRequest: android_request_param_holder b898e980 hex
12-17 10:48:14.750   788   872 W RILQ    : (0/788): RIL[0][main] onRequest: pending req kind 0x0 hex, awaitingexec req kind 0x0 hex
12-17 10:48:14.750   788   872 W RILQ    : (0/788): RIL[0][main] onRequest: token under exec 1243
12-17 10:48:14.750   788   872 W RILQ    : (0/788): RIL[0][main] onRequest: pre-exec token id 1243, a-r-id 109, audit 0, nrender 0
12-17 10:48:14.750   788   872 W RILQ    : (0/788): RIL[0][main] qmi_ril_fw_android_request_render_execution: rendering exec for token id 1243
12-17 10:48:14.750   788   872 W RILQ    : (0/788): RIL[0][main] qmi_ril_fw_create_android_live_params_copy: a-r-id 109, a-data 0x0, a-data-len 0
12-17 10:48:14.751   788   872 W RILQ    : (0/788): RIL[0][main] qmi_ril_fw_android_request_render_execution: routed to dedicated thrd status 0
12-17 10:48:14.751   788   872 W RILQ    : (0/788): RIL[0][main] onRequest: dispatch outcome = 0
12-17 10:48:14.755   788  3660 W RILQ    : (0/788): RIL[0][cmd-109(464)] qcril_qmi_nas_count_cell_location_info_cells: UMTS Cells found: 2
12-17 10:48:14.755   788  3660 W RILQ    : (0/788): RIL[0][cmd-109(464)] qcril_qmi_nas_count_cell_location_info_cells: UMTS - GERAN neighbor Cells found: 0
12-17 10:48:14.755   788  3660 W RILQ    : (0/788): RIL[0][cmd-109(464)] qcril_qmi_nas_count_cell_location_info_cells: Umts Cell Id valid
12-17 10:48:14.755   788  3660 W RILQ    : (0/788): RIL[0][cmd-109(464)] qcril_qmi_nas_count_cell_location_info_cells: WCDMA - LTE Neighbor Cells found: 0
12-17 10:48:14.755   788  3660 W RILQ    : (0/788): RIL[0][cmd-109(464)] qcril_qmi_nas_count_cell_location_info_cells: Total Cells found: 2
12-17 10:48:14.755   788  3660 W RILQ    : (0/788): RIL[0][cmd-109(464)] qcril_qmi_nas_convert_cell_location_to_ril_cellinfo: CellInfo slots allocated: 2. Buflen: 144
12-17 10:48:14.755   788  3660 W RILQ    : (0/788): RIL[0][cmd-109(464)] qcril_qmi_nas_convert_cell_location_to_ril_cellinfo: GERAN consumed 0 cell slots
12-17 10:48:14.755   788  3660 W RILQ    : (0/788): RIL[0][cmd-109(464)] qcril_qmi_nas_util_calculate_neighbor_cell_rssi_no_cache: cell_value: -117. radioif: 0x5
12-17 10:48:14.755   788  3660 W RILQ    : (0/788): RIL[0][cmd-109(464)] qcril_qmi_nas_util_calculate_neighbor_cell_rssi_no_cache: cell_value: -99. radioif: 0x5
12-17 10:48:14.755   788  3660 W RILQ    : (0/788): RIL[0][cmd-109(464)] qcril_qmi_nas_convert_cell_location_to_ril_cellinfo: UMTS consumed 2 cell slots
12-17 10:48:14.755   788  3660 W RILQ    : (0/788): RIL[0][cmd-109(464)] qcril_qmi_nas_convert_cell_location_to_ril_cellinfo: CDMA consumed 0 cell slots
12-17 10:48:14.756   788  3660 W RILQ    : (0/788): RIL[0][cmd-109(464)] qcril_qmi_nas_convert_cell_location_to_ril_cellinfo: LTE consumed 0 cell slots
12-17 10:48:14.756   788  3660 W RILQ    : (0/788): RIL[0][cmd-109(464)] qcril_qmi_nas_convert_cell_location_to_ril_cellinfo: Total Cells: 2. Used cells: 2
12-17 10:48:14.756   788  3660 W RILQ    : (0/788): RIL[0][cmd-109(464)] qcril_send_request_response: UI <--- RIL_REQUEST_GET_CELL_INFO_LIST (109) Complete --- RIL [RID 0, Token id 1243, Success, Len 144 ]
12-17 10:48:14.756   788  3660 W RILQ    : (0/788): RIL[0][cmd-109(464)] qmi_ril_fw_send_request_response_epilog: main trd b5c72930, cur trd b493f930
12-17 10:48:14.756   788  3660 W RILQ    : (0/788): RIL[0][cmd-109(464)] qmi_ril_fw_send_request_response_epilog: eq 0, under mn thrd 0
12-17 10:48:14.756   788  3660 W RILQ    : (0/788): RIL[0][cmd-109(464)] qmi_ril_fw_send_request_response_epilog: need protection 1 
12-17 10:48:14.756   788  3660 W RILQ    : (0/788): RIL[0][cmd-109(464)] qmi_ril_fw_send_request_response_epilog: in protected zone
12-17 10:48:14.756   788  3660 W RILQ    : (0/788): RIL[0][cmd-109(464)] qmi_ril_fw_send_request_response_epilog: token under exec 1243, completion token id 1243
12-17 10:48:14.756   788  3660 W RILQ    : (0/788): RIL[0][cmd-109(464)] qmi_ril_fw_send_request_response_epilog: resp token-id 1243, req-id 109(109)
12-17 10:48:14.759  3104  3191 D RILJ    : [4891]< RIL_REQUEST_GET_CELL_INFO_LIST [CellInfoWcdma:{mRegistered=YES mTimeStampType=oem_ril mTimeStamp=1726816227623ns CellIdentityWcdma:{ mMcc=404 mMnc=45 mLac=34204 mCid=27534831 mPsc=406} CellSignalStrengthWcdma: ss=0 ber=99}, CellInfoWcdma:{mRegistered=NO mTimeStampType=oem_ril mTimeStamp=1726816227623ns CellIdentityWcdma:{ mMcc=2147483647 mMnc=2147483647 mLac=2147483647 mCid=2147483647 mPsc=156} CellSignalStrengthWcdma: ss=7 ber=99}] [SUB0]
12-17 10:48:14.760   788  3660 W RILQ    : (0/788): RIL[0][cmd-109(464)] qmi_ril_fw_send_request_response_epilog: left zone 
12-17 10:48:14.777  3104 13106 D GsmSST  : [GsmSST] 0SST.getAllCellInfo(): X size=2 list=[CellInfoWcdma:{mRegistered=YES mTimeStampType=oem_ril mTimeStamp=1726816227623ns CellIdentityWcdma:{ mMcc=404 mMnc=45 mLac=34204 mCid=27534831 mPsc=406} CellSignalStrengthWcdma: ss=0 ber=99}, CellInfoWcdma:{mRegistered=NO mTimeStampType=oem_ril mTimeStamp=1726816227623ns CellIdentityWcdma:{ mMcc=2147483647 mMnc=2147483647 mLac=2147483647 mCid=2147483647 mPsc=156} CellSignalStrengthWcdma: ss=7 ber=99}]
12-17 10:48:14.778  3104 13106 D GsmSST  : [GsmSST] 0SST.getAllCellInfo(): return last, back to back calls
12-17 10:48:15.175  3104 13106 D GsmSST  : [GsmSST] 0SST.getAllCellInfo(): X size=2 list=[CellInfoWcdma:{mRegistered=YES mTimeStampType=oem_ril mTimeStamp=1726816227623ns CellIdentityWcdma:{ mMcc=404 mMnc=45 mLac=34204 mCid=27534831 mPsc=406} CellSignalStrengthWcdma: ss=0 ber=99}, CellInfoWcdma:{mRegistered=NO mTimeStampType=oem_ril mTimeStamp=1726816227623ns CellIdentityWcdma:{ mMcc=2147483647 mMnc=2147483647 mLac=2147483647 mCid=2147483647 mPsc=156} CellSignalStrengthWcdma: ss=7 ber=99}]
12-17 10:48:15.208  3104 13106 D RILJ    : [4892]> RIL_REQUEST_GET_CELL_INFO_LIST [SUB1]
12-17 10:48:15.661   788  2063 W RILQ    : (0/788): RIL[0][qmi_cb] qcril_event_queue: RID 0 MID 0 Queued event QCRIL_EVT_QMI_NAS_HANDLE_INDICATIONS (20 bytes)(obj 0xb89bb730)
12-17 10:48:15.661   788  1007 W RILQ    : (0/788): RIL[0][event] qcril_event_main: 1 items on queue
12-17 10:48:15.661   788  1007 W RILQ    : (0/788): RIL[0][event] qcril_event_main: RID 0 MID 0 De-queued event QCRIL_EVT_QMI_NAS_HANDLE_INDICATIONS (655385)(obj 0xb89bb730)
12-17 10:48:15.661   788  1007 W RILQ    : (0/788): RIL[0][event] qcril_process_event: RIL <--- QCRIL_EVT_QMI_NAS_HANDLE_INDICATIONS(655385), RID 0, MID 0 --- AMSS
12-17 10:48:15.662   788  1007 W RILQ    : (0/788): RIL[0][event] qcril_send_unsol_response_epilog: UI <--- RIL_UNSOL_SIGNAL_STRENGTH (1009) --- RIL [RID 0, Len 56, (null)]
12-17 10:48:15.664  3104  3104 D DefaultPhoneNotifier: notifySignalStrength: mRegistry=com.android.internal.telephony.ITelephonyRegistry$Stub$Proxy@3cee094 ss=SignalStrength: 11 0 -120 -160 -120 -1 -1 99 2147483647 2147483647 2147483647 2147483647 2147483647 gsm|lte sender=Handler (com.android.internal.telephony.gsm.GSMPhone) {68c6c93}
12-17 10:48:15.664   788  1007 W RILQ    : (0/788): RIL[0][event] qcril_event_main: Waiting...
12-17 10:48:15.813  3104  3129 D DCT     : [0]fetchDunApn: config_tether_apndata dunSetting=null
12-17 10:48:15.813  3104  3129 D DCT     : [0]hasMatchedTetherApnSetting: APN=null
12-17 10:48:15.814  3104  3131 D DCT     : [0]getTetherApnConfigured: APN=[ApnSettingV3] Airtel GPRS (40445), 940, 40445, airtelgprs.com, , , , , , -1, default | supl | agps | fota | dun, IP, IP, true, 0, 0, -1, false, 0, 0, 0, 0, , , -1, 0, 0, 0
12-17 10:48:15.881   806   891 W RILQ    : (1/806): RIL[1][main] onRequest: UI --- RIL_REQUEST_GET_CELL_INFO_LIST (109) ---> RIL [RID 1, token id 1244, data len 0]
12-17 10:48:15.881   806   891 W RILQ    : (1/806): RIL[1][main] onRequest: data stream received from telephony
12-17 10:48:15.881   806   891 W RILQ    : (1/806): RIL[1][main] onRequest: android request id 109
12-17 10:48:15.881   806   891 W RILQ    : (1/806): RIL[1][main] onRequest: handling caps 40200010 hex
12-17 10:48:15.881   806   891 W RILQ    : (1/806): RIL[1][main] qmi_ril_fw_create_android_live_params_copy: a-r-id 109, a-data 0x0, a-data-len 0
12-17 10:48:15.881   806   891 W RILQ    : (1/806): RIL[1][main] onRequest: method 3, datalen 0
12-17 10:48:15.881   806   891 W RILQ    : (1/806): RIL[1][main] onRequest: clean family 0
12-17 10:48:15.881   806   891 W RILQ    : (1/806): RIL[1][main] onRequest: already waiting for exec 0
12-17 10:48:15.881   806   891 W RILQ    : (1/806): RIL[1][main] onRequest: android_request_param_holder b7958980 hex
12-17 10:48:15.881   806   891 W RILQ    : (1/806): RIL[1][main] onRequest: pending req kind 0x0 hex, awaitingexec req kind 0x0 hex
12-17 10:48:15.881   806   891 W RILQ    : (1/806): RIL[1][main] onRequest: token under exec 1244
12-17 10:48:15.881   806   891 W RILQ    : (1/806): RIL[1][main] onRequest: pre-exec token id 1244, a-r-id 109, audit 0, nrender 0
12-17 10:48:15.881   806   891 W RILQ    : (1/806): RIL[1][main] qmi_ril_fw_android_request_render_execution: rendering exec for token id 1244
12-17 10:48:15.882   806   891 W RILQ    : (1/806): RIL[1][main] qmi_ril_fw_create_android_live_params_copy: a-r-id 109, a-data 0x0, a-data-len 0
12-17 10:48:15.915   806   891 W RILQ    : (1/806): RIL[1][main] qmi_ril_fw_android_request_render_execution: routed to dedicated thrd status 0
12-17 10:48:15.915   806   891 W RILQ    : (1/806): RIL[1][main] onRequest: dispatch outcome = 0
12-17 10:48:15.923   806  3666 W RILQ    : (1/806): RIL[1][cmd-109(784)] qcril_send_request_response: UI <--- RIL_REQUEST_GET_CELL_INFO_LIST (109) Complete --- RIL [RID 0, Token id 1244, Generic Failure, Len 0 ]
12-17 10:48:15.924   806  3666 W RILQ    : (1/806): RIL[1][cmd-109(784)] qmi_ril_fw_send_request_response_epilog: main trd b5c74930, cur trd b4b60930
12-17 10:48:15.924   806  3666 W RILQ    : (1/806): RIL[1][cmd-109(784)] qmi_ril_fw_send_request_response_epilog: eq 0, under mn thrd 0
12-17 10:48:15.924   806  3666 W RILQ    : (1/806): RIL[1][cmd-109(784)] qmi_ril_fw_send_request_response_epilog: need protection 1 
12-17 10:48:15.924   806  3666 W RILQ    : (1/806): RIL[1][cmd-109(784)] qmi_ril_fw_send_request_response_epilog: in protected zone
12-17 10:48:15.924   806  3666 W RILQ    : (1/806): RIL[1][cmd-109(784)] qmi_ril_fw_send_request_response_epilog: token under exec 1244, completion token id 1244
12-17 10:48:15.924   806  3666 W RILQ    : (1/806): RIL[1][cmd-109(784)] qmi_ril_fw_send_request_response_epilog: resp token-id 1244, req-id 109(109)
12-17 10:48:15.925  3104  3195 D RilRequest: [4892]< RIL_REQUEST_GET_CELL_INFO_LIST error: com.android.internal.telephony.CommandException: GENERIC_FAILURE ret=
12-17 10:48:15.929   806  3666 W RILQ    : (1/806): RIL[1][cmd-109(784)] qmi_ril_fw_send_request_response_epilog: left zone 
12-17 10:48:15.978  3104  3104 D GsmSST  : [GsmSST] 1EVENT_GET_CELL_INFO_LIST: error ret null, e=com.android.internal.telephony.CommandException: GENERIC_FAILURE
12-17 10:48:15.978  3104 13106 D GsmSST  : [GsmSST] 1SST.getAllCellInfo(): X size=0 list=null
12-17 10:48:16.137  3104  3783 D GsmSST  : [GsmSST] 0getCellLocation(): X good mCellLoc=[34204,27534831,406]
12-17 10:48:20.485  3104  3104 D DCT     : [0]onReceive: action=android.intent.action.SCREEN_ON
12-17 10:48:20.485  3104  3104 D DCT     : [0]stopNetStatPoll
12-17 10:48:20.500  3104  3104 D DCT     : [0]overall state is IDLE
12-17 10:48:20.517  3104  3104 D DCT     : [1]onReceive: action=android.intent.action.SCREEN_ON
12-17 10:48:20.517  3104  3104 D DCT     : [1]stopNetStatPoll
12-17 10:48:20.517  3104  3104 D SubscriptionController: [getSubId]- numSubIds == 0, return DummySubIds slotIdx=1
12-17 10:48:20.519  3104  3104 D SubscriptionController: [getPhoneId]- invalid subId return=-1
12-17 10:48:20.527  3104  3104 D DCT     : [1]overall state is IDLE
12-17 10:48:20.527  3104  3104 D SubscriptionController: [getSubId]- numSubIds == 0, return DummySubIds slotIdx=1
12-17 10:48:20.532  3104  3104 D SubscriptionController: [getPhoneId]- invalid subId return=-1
12-17 10:49:05.157  3104  3843 D SubscriptionController: [getPhoneId] asked for default subId=1
12-17 10:49:06.021  3104  3131 D SubscriptionController: [getActiveSubIdList] simInfoSet=[0=1]
12-17 10:49:06.021  3104  3131 D SubscriptionController: [getActiveSubIdList] X subIdArr.length=1
12-17 10:49:06.870  3104  3104 D SubscriptionController: [getSubId]- numSubIds == 0, return DummySubIds slotIdx=1
12-17 10:49:06.870  3104  3104 D DctController: [TNF -3]new score 60 for exisiting request NetworkRequest [ id=1, legacyType=-1, [ Capabilities: INTERNET&NOT_RESTRICTED&TRUSTED&NOT_VPN] ]
12-17 10:49:06.870  3104  3104 D SubscriptionController: [getSubId]- numSubIds == 0, return DummySubIds slotIdx=1
12-17 10:49:06.870  3104  3104 D DctController: [TNF -3]  my score=50, my filter=[ Transports: CELLULAR Capabilities: MMS&SUPL&DUN&FOTA&IMS&CBS&IA&RCS&XCAP&EIMS&INTERNET&NOT_RESTRICTED&TRUSTED&NOT_VPN Specifier: <-3>]
12-17 10:49:06.870  3104  3104 D SubscriptionController: [getSubId]- numSubIds == 0, return DummySubIds slotIdx=1
12-17 10:49:06.870  3104  3104 D DctController: [TNF -3]evalRequest
12-17 10:49:06.870  3104  3104 D SubscriptionController: [getSubId]- numSubIds == 0, return DummySubIds slotIdx=1
12-17 10:49:06.870  3104  3104 D DctController: [TNF -3]  done
12-17 10:49:06.870  3104  3104 D DctController: [TNF 1]new score 60 for exisiting request NetworkRequest [ id=1, legacyType=-1, [ Capabilities: INTERNET&NOT_RESTRICTED&TRUSTED&NOT_VPN] ]
12-17 10:49:06.871  3104  3104 D DctController: [TNF 1]  my score=50, my filter=[ Transports: CELLULAR Capabilities: MMS&SUPL&DUN&FOTA&IMS&CBS&IA&RCS&XCAP&EIMS&INTERNET&NOT_RESTRICTED&TRUSTED&NOT_VPN Specifier: <1>]
12-17 10:49:06.871  3104  3104 D DctController: [TNF 1]evalRequest
12-17 10:49:06.871  3104  3104 D DctController: [TNF 1]  done
12-17 10:49:09.897  3104  3104 D SubscriptionController: [getSubId]- numSubIds == 0, return DummySubIds slotIdx=1
12-17 10:49:09.897  3104  3104 D DctController: [TNF -3]new score 56 for exisiting request NetworkRequest [ id=1, legacyType=-1, [ Capabilities: INTERNET&NOT_RESTRICTED&TRUSTED&NOT_VPN] ]
12-17 10:49:09.897  3104  3104 D SubscriptionController: [getSubId]- numSubIds == 0, return DummySubIds slotIdx=1
12-17 10:49:09.897  3104  3104 D DctController: [TNF -3]  my score=50, my filter=[ Transports: CELLULAR Capabilities: MMS&SUPL&DUN&FOTA&IMS&CBS&IA&RCS&XCAP&EIMS&INTERNET&NOT_RESTRICTED&TRUSTED&NOT_VPN Specifier: <-3>]
12-17 10:49:09.897  3104  3104 D SubscriptionController: [getSubId]- numSubIds == 0, return DummySubIds slotIdx=1
12-17 10:49:09.897  3104  3104 D DctController: [TNF -3]evalRequest
12-17 10:49:09.897  3104  3104 D SubscriptionController: [getSubId]- numSubIds == 0, return DummySubIds slotIdx=1
12-17 10:49:09.897  3104  3104 D DctController: [TNF -3]  done
12-17 10:49:09.897  3104  3104 D DctController: [TNF 1]new score 56 for exisiting request NetworkRequest [ id=1, legacyType=-1, [ Capabilities: INTERNET&NOT_RESTRICTED&TRUSTED&NOT_VPN] ]
12-17 10:49:09.898  3104  3104 D DctController: [TNF 1]  my score=50, my filter=[ Transports: CELLULAR Capabilities: MMS&SUPL&DUN&FOTA&IMS&CBS&IA&RCS&XCAP&EIMS&INTERNET&NOT_RESTRICTED&TRUSTED&NOT_VPN Specifier: <1>]
12-17 10:49:09.898  3104  3104 D DctController: [TNF 1]evalRequest
12-17 10:49:09.898  3104  3104 D DctController: [TNF 1]  done
12-17 10:50:36.988  3104  3104 D DefaultPhoneNotifier: notifySignalStrength: mRegistry=com.android.internal.telephony.ITelephonyRegistry$Stub$Proxy@3cee094 ss=SignalStrength: 17 0 -120 -160 -120 -1 -1 99 2147483647 2147483647 2147483647 2147483647 2147483647 gsm|lte sender=Handler (com.android.internal.telephony.gsm.GSMPhone) {68c6c93}
12-17 10:50:36.994  3104  3104 D SubscriptionController: [getSubId]- numSubIds == 0, return DummySubIds slotIdx=1
12-17 10:50:36.994  3104  3104 D DctController: [TNF -3]new score 60 for exisiting request NetworkRequest [ id=1, legacyType=-1, [ Capabilities: INTERNET&NOT_RESTRICTED&TRUSTED&NOT_VPN] ]
12-17 10:50:36.994  3104  3104 D SubscriptionController: [getSubId]- numSubIds == 0, return DummySubIds slotIdx=1
12-17 10:50:36.994  3104  3104 D DctController: [TNF -3]  my score=50, my filter=[ Transports: CELLULAR Capabilities: MMS&SUPL&DUN&FOTA&IMS&CBS&IA&RCS&XCAP&EIMS&INTERNET&NOT_RESTRICTED&TRUSTED&NOT_VPN Specifier: <-3>]
12-17 10:50:36.994  3104  3104 D SubscriptionController: [getSubId]- numSubIds == 0, return DummySubIds slotIdx=1
12-17 10:50:36.994  3104  3104 D DctController: [TNF -3]evalRequest
12-17 10:50:36.994  3104  3104 D SubscriptionController: [getSubId]- numSubIds == 0, return DummySubIds slotIdx=1
12-17 10:50:36.994  3104  3104 D DctController: [TNF -3]  done
12-17 10:50:36.994  3104  3104 D DctController: [TNF 1]new score 60 for exisiting request NetworkRequest [ id=1, legacyType=-1, [ Capabilities: INTERNET&NOT_RESTRICTED&TRUSTED&NOT_VPN] ]
12-17 10:50:36.995  3104  3104 D DctController: [TNF 1]  my score=50, my filter=[ Transports: CELLULAR Capabilities: MMS&SUPL&DUN&FOTA&IMS&CBS&IA&RCS&XCAP&EIMS&INTERNET&NOT_RESTRICTED&TRUSTED&NOT_VPN Specifier: <1>]
12-17 10:50:36.995  3104  3104 D DctController: [TNF 1]evalRequest
12-17 10:50:36.995  3104  3104 D DctController: [TNF 1]  done
12-17 10:50:37.826  3104  3104 D DCT     : [0]onReceive: action=android.intent.action.SCREEN_OFF
12-17 10:50:37.826  3104  3104 D DCT     : [0]stopNetStatPoll
12-17 10:50:37.829  3104  3104 D DCT     : [0]overall state is IDLE
12-17 10:50:37.833  3104  3104 D DCT     : [1]onReceive: action=android.intent.action.SCREEN_OFF
12-17 10:50:37.833  3104  3104 D DCT     : [1]stopNetStatPoll
12-17 10:50:37.833  3104  3104 D SubscriptionController: [getSubId]- numSubIds == 0, return DummySubIds slotIdx=1
12-17 10:50:37.834  3104  3104 D SubscriptionController: [getPhoneId]- invalid subId return=-1
12-17 10:50:37.835  3104  3104 D DCT     : [1]overall state is IDLE
12-17 10:50:37.835  3104  3104 D SubscriptionController: [getSubId]- numSubIds == 0, return DummySubIds slotIdx=1
12-17 10:50:37.835  3104  3104 D SubscriptionController: [getPhoneId]- invalid subId return=-1
12-17 10:50:38.094  3104  3104 D DCT     : [0]onReceive: action=android.intent.action.SCREEN_ON
12-17 10:50:38.094  3104  3104 D DCT     : [0]stopNetStatPoll
12-17 10:50:38.096  3104  3104 D DCT     : [0]overall state is IDLE
12-17 10:50:38.105  3104  3104 D DCT     : [1]onReceive: action=android.intent.action.SCREEN_ON
12-17 10:50:38.105  3104  3104 D DCT     : [1]stopNetStatPoll
12-17 10:50:38.105  3104  3104 D SubscriptionController: [getSubId]- numSubIds == 0, return DummySubIds slotIdx=1
12-17 10:50:38.106  3104  3104 D SubscriptionController: [getPhoneId]- invalid subId return=-1
12-17 10:50:38.108  3104  3104 D DCT     : [1]overall state is IDLE
12-17 10:50:38.108  3104  3104 D SubscriptionController: [getSubId]- numSubIds == 0, return DummySubIds slotIdx=1
12-17 10:50:38.110  3104  3104 D SubscriptionController: [getPhoneId]- invalid subId return=-1
12-17 10:50:38.568  3104  3104 D DCT     : [0]onReceive: action=android.intent.action.SCREEN_OFF
12-17 10:50:38.568  3104  3104 D DCT     : [0]stopNetStatPoll
12-17 10:50:38.570  3104  3104 D DCT     : [0]overall state is IDLE
12-17 10:50:38.585  3104  3104 D DCT     : [1]onReceive: action=android.intent.action.SCREEN_OFF
12-17 10:50:38.585  3104  3104 D DCT     : [1]stopNetStatPoll
12-17 10:50:38.585  3104  3104 D SubscriptionController: [getSubId]- numSubIds == 0, return DummySubIds slotIdx=1
12-17 10:50:38.732   788   872 W RILQ    : (0/788): RIL[0][main] onRequest: UI --- RIL_REQUEST_SCREEN_STATE (61) ---> RIL [RID 0, token id 1252, data len 4]
12-17 10:50:38.732   788   872 W RILQ    : (0/788): RIL[0][main] onRequest: data stream received from telephony
12-17 10:50:38.732   788   872 W RILQ    : (0/788): RIL[0][main] onRequest: android request id 61
12-17 10:50:38.732   788   872 W RILQ    : (0/788): RIL[0][main] onRequest: handling caps 40200010 hex
12-17 10:50:38.732   788   872 W RILQ    : (0/788): RIL[0][main] qmi_ril_fw_create_android_live_params_copy: a-r-id 61, a-data 0xb5c72710, a-data-len 4
12-17 10:50:38.732   788   872 W RILQ    : (0/788): RIL[0][main] onRequest: method 2, datalen 4
12-17 10:50:38.732   788   872 W RILQ    : (0/788): RIL[0][main] onRequest: clean family 0
12-17 10:50:38.732   788   872 W RILQ    : (0/788): RIL[0][main] onRequest: already waiting for exec 0
12-17 10:50:38.732   788   872 W RILQ    : (0/788): RIL[0][main] onRequest: android_request_param_holder b898bce8 hex
12-17 10:50:38.732   788   872 W RILQ    : (0/788): RIL[0][main] onRequest: pending req kind 0x0 hex, awaitingexec req kind 0x0 hex
12-17 10:50:38.732   788   872 W RILQ    : (0/788): RIL[0][main] onRequest: token under exec 1252
12-17 10:50:38.732   788   872 W RILQ    : (0/788): RIL[0][main] onRequest: pre-exec token id 1252, a-r-id 61, audit 0, nrender 0
12-17 10:50:38.732   788   872 W RILQ    : (0/788): RIL[0][main] qmi_ril_fw_android_request_render_execution: rendering exec for token id 1252
12-17 10:50:38.733   788   872 E use-Rlog/RLOG-RIL-MOTEXT: mothook_oem: header type 0, requestCode 0x0
12-17 10:50:38.733   788   872 E use-Rlog/RLOG-RIL-MOTEXT: Write Ril Request 59
12-17 10:50:38.733   788   881 E use-Rlog/RLOG-RIL-MOTEXT: Process request 59, len=9
12-17 10:50:38.733   879   879 E use-Rlog/RLOG-RIL-MOTEXT: Read 9 bytes from pipe
12-17 10:50:38.733   879   879 E use-Rlog/RLOG-RIL-MOTEXT: msg Id is 0x5001e, type is 1. 
12-17 10:50:38.733   879   879 E use-Rlog/RLOG-RIL-MOTEXT: Received Generic Hook request 0x1e0005
12-17 10:50:38.733   879   879 D use-Rlog/RLOG-RIL-MOTEXT: handle generic request, msgID 0x5001e. msgLen 16777216, msgType 0
12-17 10:50:38.733   879   879 E use-Rlog/RLOG-RIL-MOTEXT: sys_info filter: sending motext util request
12-17 10:50:38.733   788   872 W RILQ    : (0/788): RIL[0][main] qcril_event_queue: Event [QCRIL_EVT_QMI_RIL_COMMON_IND_SUBSCRIBE_CONSIDER_ACTION, a003b] data was NULL
12-17 10:50:38.734   788  1007 W RILQ    : (0/788): RIL[0][event] qcril_event_main: 1 items on queue
12-17 10:50:40.764  3104  3129 D SubscriptionController: [getActiveSubIdList] simInfoSet=[0=1]
12-17 10:50:40.764  3104  3129 D SubscriptionController: [getActiveSubIdList] X subIdArr.length=1
12-17 10:50:41.580   788  2063 W RILQ    : (0/788): RIL[0][qmi_cb] qcril_event_queue: RID 0 MID 0 Queued event QCRIL_EVT_QMI_NAS_HANDLE_INDICATIONS (20 bytes)(obj 0xb89bb730)
12-17 10:50:41.580   788  1007 W RILQ    : (0/788): RIL[0][event] qcril_event_main: 1 items on queue
12-17 10:50:41.581   788  1007 W RILQ    : (0/788): RIL[0][event] qcril_event_main: RID 0 MID 0 De-queued event QCRIL_EVT_QMI_NAS_HANDLE_INDICATIONS (655385)(obj 0xb89bb730)
12-17 10:50:41.581   788  1007 W RILQ    : (0/788): RIL[0][event] qcril_process_event: RIL <--- QCRIL_EVT_QMI_NAS_HANDLE_INDICATIONS(655385), RID 0, MID 0 --- AMSS
12-17 10:50:41.582   788  1007 W RILQ    : (0/788): RIL[0][event] qcril_send_unsol_response_epilog: UI <--- RIL_UNSOL_SIGNAL_STRENGTH (1009) --- RIL [RID 0, Len 56, (null)]
12-17 10:50:41.582   788  1007 W RILQ    : (0/788): RIL[0][event] qcril_event_main: Waiting...
12-17 10:50:41.583  3104  3104 D DefaultPhoneNotifier: notifySignalStrength: mRegistry=com.android.internal.telephony.ITelephonyRegistry$Stub$Proxy@3cee094 ss=SignalStrength: 15 0 -120 -160 -120 -1 -1 99 2147483647 2147483647 2147483647 2147483647 2147483647 gsm|lte sender=Handler (com.android.internal.telephony.gsm.GSMPhone) {68c6c93}
