12-17 10:47:21.589  1937  1983 D DisplayPowerState: setScreenBrightness: brightness=89
12-17 10:47:21.611  1937  1983 D DisplayPowerState: setScreenBrightness: brightness=94
12-17 10:47:21.611  1937  1983 D DisplayPowerState: Screen ready
12-17 10:47:21.628  1937  1983 D DisplayPowerState: setScreenBrightness: brightness=97
12-17 10:47:21.628  1937  1983 D DisplayPowerState: Screen ready
12-17 10:47:21.644  1937  1983 D DisplayPowerState: setScreenBrightness: brightness=100
12-17 10:47:21.645  1937  1983 D DisplayPowerState: Screen ready
12-17 10:47:21.661  1937  1983 D DisplayPowerState: setScreenBrightness: brightness=104
12-17 10:47:21.663  1937  1983 D DisplayPowerState: Screen ready
12-17 10:47:21.664  1937  5512 D PowerManagerService: acquireWakeLockInternal: lock=184406314, flags=0x1, tag="RILJ", ws=null, uid=1001, pid=3104
12-17 10:47:21.664  1937  5512 D PowerManagerService: updateWakeLockSummaryLocked: mWakefulness=Awake, mWakeLockSummary=0x23
12-17 10:47:21.664  1937  5512 D PowerManagerService: updateUserActivitySummaryLocked: mWakefulness=Awake, mUserActivitySummary=0x1, nextTimeout=1694925 (in 21200 ms)
12-17 10:47:21.665  1937  5512 D DisplayPowerController: requestPowerState: policy=BRIGHT, useProximitySensor=false, screenBrightness=94, screenAutoBrightnessAdjustment=0.6611328, brightnessSetByUser=true, useAutoBrightness=true, blockScreenOn=false, lowPowerMode=false, boostScreenBrightness=false, dozeScreenBrightness=-1, dozeScreenState=UNKNOWN, buttonBrightnessOverride=-1, waitForNegativeProximity=false
12-17 10:47:21.665  1937  5512 D PowerManagerService: updateDisplayPowerStateLocked: mDisplayReady=false, policy=3, mWakefulness=1, mWakeLockSummary=0x23, mUserActivitySummary=0x1, mBootCompleted=true, mScreenBrightnessBoostInProgress=false
12-17 10:47:21.669  1937  3128 D PowerManagerService: acquireWakeLockInternal: lock=184406314, flags=0x1, tag="RILJ", ws=null, uid=1001, pid=3104
12-17 10:47:21.685  1937  5512 D DisplayPowerController: requestPowerState: policy=BRIGHT, useProximitySensor=false, screenBrightness=94, screenAutoBrightnessAdjustment=0.6611328, brightnessSetByUser=true, useAutoBrightness=true, blockScreenOn=false, lowPowerMode=false, boostScreenBrightness=false, dozeScreenBrightness=-1, dozeScreenState=UNKNOWN, buttonBrightnessOverride=-1, waitForNegativeProximity=false
12-17 10:47:21.685  1937  5512 D PowerManagerService: updateDisplayPowerStateLocked: mDisplayReady=false, policy=3, mWakefulness=1, mWakeLockSummary=0x23, mUserActivitySummary=0x1, mBootCompleted=true, mScreenBrightnessBoostInProgress=false
12-17 10:47:21.744  1937  1983 D DisplayPowerState: setScreenBrightness: brightness=104
12-17 10:47:21.745  1937  1983 D DisplayPowerState: Screen ready
12-17 10:47:21.778  1937  1983 D DisplayPowerState: setScreenBrightness: brightness=103
12-17 10:47:21.780  1937  1983 D DisplayPowerState: Screen ready
12-17 10:47:21.794  1937  1983 D DisplayPowerState: setScreenBrightness: brightness=102
12-17 10:47:21.795  1937  1983 D DisplayPowerState: Screen ready
12-17 10:47:21.828  1937  1983 D DisplayPowerState: setScreenBrightness: brightness=101
12-17 10:47:21.828  1937  1983 D DisplayPowerState: Screen ready
12-17 10:47:21.834  2492  2492 D StatusBarKeyguardViewManager: mOccluded = true and Keyguard/Bouncer are all hidden now
12-17 10:47:21.844  1937  1983 D DisplayPowerState: setScreenBrightness: brightness=100
12-17 10:47:21.845  1937  1983 D DisplayPowerState: Screen ready
12-17 10:47:21.878  1937  1983 D DisplayPowerState: setScreenBrightness: brightness=99
12-17 10:47:21.878  1937  1983 D DisplayPowerState: Screen ready
12-17 10:47:21.894  1937  1983 D DisplayPowerState: setScreenBrightness: brightness=98
12-17 10:47:21.894  1937  1983 D DisplayPowerState: Screen ready
12-17 10:47:21.895  1937  1983 D DisplayPowerController: Animating brightness: target=98, rate=40
12-17 10:47:21.944   363   946 I SFPerfTracer:      triggers: (rate: 0:2) (944 sw vsyncs) (0 skipped) (20:21485 vsyncs) (22:32172)
12-17 10:47:22.383   452  3295 E SchedPolicy: sched_setscheduler failed: tid 3295, errno=1
12-17 10:47:22.383   452  3296 E SchedPolicy: sched_setscheduler failed: tid 3296, errno=1
12-17 10:47:22.383   452  3297 E SchedPolicy: sched_setscheduler failed: tid 3297, errno=1
12-17 10:47:29.150  1937  6726 D PowerManagerService: updateWakeLockWorkSourceInternal: lock=198545764 [AudioMix], ws=WorkSource{10078}
12-17 10:47:29.293  1937  8646 I ActivityManager: Start proc 3490:com.google.android.apps.docs/u0a67 for broadcast com.google.android.apps.docs/.receivers.AppPackageAddRemoveReceiver
12-17 10:47:29.545   363   946 I SFPerfTracer:      triggers: (rate: 0:2) (944 sw vsyncs) (0 skipped) (3:21609 vsyncs) (5:32393)
12-17 10:47:29.865   363   363 I SFPerfTracer:      triggers: (rate: 33:2313) (compose: 0:50) (post: 0:59) (render: 2:212) (26:17050 frames) (27:22782)
12-17 10:47:29.865   363   363 D SFPerfTracer:        layers: (3:9) (FocusedStackFrame (0xb883faf8): 0:286)* (DimLayer (0xb8841658): 0:24)* (StatusBar (0xb8861168): 23:10333) (com.android.systemui.ImageWallpaper (0xb8882058): 0:522)* (DimLayer (0xb888fb50): 0:157)* (DimLayer (0xb87d9768): 0:28)* (com.google.android.talk/com.google.android.apps.hangouts.hangout.HangoutActivity (0xb8899e68): 8:1238) (NavigationBar (0xb886d2c0): 15:39) 
12-17 10:47:30.203  1937  2422 D BatteryService: uevent={POWER_SUPPLY_TEMP=520, POWER_SUPPLY_STATUS=Discharging, POWER_SUPPLY_CAPACITY=90, ACTION=change, DEVPATH=/devices/qpnp-charger-e4a6b600/power_supply/battery, POWER_SUPPLY_VOLTAGE_OCV=-22, POWER_SUPPLY_ONLINE=1, SUBSYSTEM=power_supply, POWER_SUPPLY_NUM_SYSTEM_TEMP_LEVELS=4, POWER_SUPPLY_INPUT_CURRENT_MAX=100000, POWER_SUPPLY_VOLTAGE_MAX_DESIGN=4350000, POWER_SUPPLY_CHARGE_FULL=2250000, POWER_SUPPLY_NAME=battery, POWER_SUPPLY_VOLTAGE_MIN_DESIGN=4300000, POWER_SUPPLY_VOLTAGE_MIN=4300000, POWER_SUPPLY_HEALTH=Overheat, POWER_SUPPLY_CYCLE_COUNT=2, POWER_SUPPLY_TECHNOLOGY=Li-ion, POWER_SUPPLY_CHARGE_TYPE=N/A, POWER_SUPPLY_PRESENT=1, POWER_SUPPLY_INPUT_CURRENT_SETTLED=0, POWER_SUPPLY_MODEL_NAME=UNKNOWN, POWER_SUPPLY_VOLTAGE_NOW=4039787, SEQNUM=7000, POWER_SUPPLY_TEMP_WARM=450, POWER_SUPPLY_TEMP_COOL=0, POWER_SUPPLY_CHARGE_FULL_DESIGN=2321000, POWER_SUPPLY_CURRENT_NOW=953927, POWER_SUPPLY_CHARGE_COUNTER=221157, POWER_SUPPLY_SYSTEM_TEMP_LEVEL=0, POWER_SUPPLY_INPUT_CURRENT_TRIM=27, POWER_SUPPLY_VOLTAGE_EMPTY=3200000, POWER_SUPPLY_CHARGE_RATE=None, POWER_SUPPLY_INPUT_VOLTAGE_REGULATION=1, POWER_SUPPLY_CHARGING_ENABLED=1}
12-17 10:47:30.300  1937  1983 D PowerManagerService: updateIsPoweredLocked: wasPowered=false, mIsPowered=false, oldPlugType=0, mPlugType=0, mBatteryLevel=90
12-17 10:47:30.315  1937  1937 I DeviceIdleController: updateChargingLocked: charging=false
12-17 10:47:30.422  1937  1983 D PowerManagerService: updateIsPoweredLocked: wasPowered=false, mIsPowered=false, oldPlugType=0, mPlugType=0, mBatteryLevel=90
12-17 10:47:30.423  1937  1937 I DeviceIdleController: updateChargingLocked: charging=false
12-17 10:47:31.811  1937  1955 D PowerManagerService: acquireWakeLockInternal: lock=75314347, flags=0x1, tag="SCREEN_FROZEN", ws=null, uid=1000, pid=1937
12-17 10:47:31.811  1937  1955 D PowerManagerService: updateWakeLockSummaryLocked: mWakefulness=Awake, mWakeLockSummary=0x23
12-17 10:47:31.812  1937  1955 D PowerManagerService: updateUserActivitySummaryLocked: mWakefulness=Awake, mUserActivitySummary=0x1, nextTimeout=1702803 (in 18931 ms)
12-17 10:47:31.814  1937  1955 D DisplayPowerController: requestPowerState: policy=BRIGHT, useProximitySensor=false, screenBrightness=94, screenAutoBrightnessAdjustment=0.6611328, brightnessSetByUser=true, useAutoBrightness=true, blockScreenOn=false, lowPowerMode=false, boostScreenBrightness=false, dozeScreenBrightness=-1, dozeScreenState=UNKNOWN, buttonBrightnessOverride=-1, waitForNegativeProximity=false
12-17 10:47:31.814  1937  1955 D PowerManagerService: updateDisplayPowerStateLocked: mDisplayReady=true, policy=3, mWakefulness=1, mWakeLockSummary=0x23, mUserActivitySummary=0x1, mBootCompleted=true, mScreenBrightnessBoostInProgress=false
12-17 10:47:31.830  1937  3110 D PowerManagerService: releaseWakeLockInternal: lock=31820722 [*net_scheduler*], flags=0x0
12-17 10:47:31.830  1937  3110 D PowerManagerService: updateWakeLockSummaryLocked: mWakefulness=Awake, mWakeLockSummary=0x23
12-17 10:47:31.830  1937  3110 D PowerManagerService: updateUserActivitySummaryLocked: mWakefulness=Awake, mUserActivitySummary=0x1, nextTimeout=1702803 (in 18912 ms)
12-17 10:47:31.831  1937  3110 D DisplayPowerController: requestPowerState: policy=BRIGHT, useProximitySensor=false, screenBrightness=94, screenAutoBrightnessAdjustment=0.6611328, brightnessSetByUser=true, useAutoBrightness=true, blockScreenOn=false, lowPowerMode=false, boostScreenBrightness=false, dozeScreenBrightness=-1, dozeScreenState=UNKNOWN, buttonBrightnessOverride=-1, waitForNegativeProximity=false
12-17 10:47:31.831  1937  3110 D PowerManagerService: updateDisplayPowerStateLocked: mDisplayReady=true, policy=3, mWakefulness=1, mWakeLockSummary=0x23, mUserActivitySummary=0x1, mBootCompleted=true, mScreenBrightnessBoostInProgress=false
12-17 10:47:31.848  1937  3096 D PowerManagerService: acquireWakeLockInternal: lock=267977517, flags=0x1, tag="*net_scheduler*", ws=WorkSource{10020 com.google.android.gms}, uid=10020, pid=3396
12-17 10:47:31.848  1937  3096 D PowerManagerService: updateWakeLockSummaryLocked: mWakefulness=Awake, mWakeLockSummary=0x23
12-17 10:47:31.848  1937  3096 D PowerManagerService: updateUserActivitySummaryLocked: mWakefulness=Awake, mUserActivitySummary=0x1, nextTimeout=1702803 (in 18894 ms)
12-17 10:47:31.848  1937  3096 D DisplayPowerController: requestPowerState: policy=BRIGHT, useProximitySensor=false, screenBrightness=94, screenAutoBrightnessAdjustment=0.6611328, brightnessSetByUser=true, useAutoBrightness=true, blockScreenOn=false, lowPowerMode=false, boostScreenBrightness=false, dozeScreenBrightness=-1, dozeScreenState=UNKNOWN, buttonBrightnessOverride=-1, waitForNegativeProximity=false
12-17 10:47:31.848  1937  3096 D PowerManagerService: updateDisplayPowerStateLocked: mDisplayReady=true, policy=3, mWakefulness=1, mWakeLockSummary=0x23, mUserActivitySummary=0x1, mBootCompleted=true, mScreenBrightnessBoostInProgress=false
12-17 10:47:31.854  1937  1937 D DeviceIdleController: updateDisplayLocked: screenOn=true
12-17 10:47:31.854  1937  1937 I DeviceIdleController: becomeActiveLocked, reason = screen
12-17 10:47:31.911  1937  1955 I ActivityManager: Config changes=480 {1.0 404mcc45mnc en_IN ldltr sw360dp w598dp h336dp 320dpi nrml land finger -keyb/v/h -nav/h s.29?spn}
12-17 10:47:32.016  1937  1953 W BroadcastQueue: Timeout of broadcast BroadcastRecord{dcc4062 u-1 android.intent.action.SCREEN_OFF} - receiver=android.app.LoadedApk$ReceiverDispatcher$InnerReceiver@7904931, started 10001ms ago
12-17 10:47:32.016  1937  1953 W BroadcastQueue: Receiver during timeout: BroadcastFilter{d139597 u0 ReceiverList{ba24816 1937 system/1000/u0 local:7904931}}
12-17 10:47:32.031  1937  6726 D PowerManagerService: releaseWakeLockInternal: lock=267977517 [*net_scheduler*], flags=0x0
12-17 10:47:32.060  1937  6726 D PowerManagerService: updateWakeLockSummaryLocked: mWakefulness=Awake, mWakeLockSummary=0x23
12-17 10:47:32.061  1937  6726 D PowerManagerService: updateUserActivitySummaryLocked: mWakefulness=Awake, mUserActivitySummary=0x1, nextTimeout=1702803 (in 18682 ms)
12-17 10:47:55.084  1937  1955 D PowerManagerService: acquireWakeLockInternal: lock=75314347, flags=0x1, tag="SCREEN_FROZEN", ws=null, uid=1000, pid=1937
12-17 10:47:55.084  1937  1955 D PowerManagerService: updateWakeLockSummaryLocked: mWakefulness=Awake, mWakeLockSummary=0x23
12-17 10:47:55.084  1937  1955 D PowerManagerService: updateUserActivitySummaryLocked: mWakefulness=Awake, mUserActivitySummary=0x2, nextTimeout=1710803 (in 3658 ms)
12-17 10:47:55.085  1937  1955 D DisplayPowerController: requestPowerState: policy=BRIGHT, useProximitySensor=false, screenBrightness=94, screenAutoBrightnessAdjustment=0.6611328, brightnessSetByUser=true, useAutoBrightness=true, blockScreenOn=false, lowPowerMode=false, boostScreenBrightness=false, dozeScreenBrightness=-1, dozeScreenState=UNKNOWN, buttonBrightnessOverride=-1, waitForNegativeProximity=false
12-17 10:47:55.085  1937  1955 D PowerManagerService: updateDisplayPowerStateLocked: mDisplayReady=true, policy=3, mWakefulness=1, mWakeLockSummary=0x23, mUserActivitySummary=0x2, mBootCompleted=true, mScreenBrightnessBoostInProgress=false
12-17 10:47:55.862  1937  1937 D DeviceIdleController: updateDisplayLocked: screenOn=true
12-17 10:47:55.867  1937  1937 I DeviceIdleController: becomeActiveLocked, reason = screen
12-17 10:48:01.523  1937  1973 W WindowManager: Window freeze timeout expired.
12-17 10:48:01.524  1937  1973 W WindowManager: Force clearing orientation change: Window{57007d2 u0 NavigationBar}
12-17 10:48:01.524  1937  1973 W WindowManager: Force clearing orientation change: Window{9d2b879 u0 StatusBar}
12-17 10:48:01.524  1937  1973 W WindowManager: Force clearing orientation change: Window{caf543b u0 com.google.android.talk/com.google.android.apps.hangouts.hangout.HangoutActivity}
12-17 10:48:01.524  1937  1973 W WindowManager: Force clearing orientation change: Window{d829343 u0 com.android.systemui.ImageWallpaper}
12-17 10:48:01.533  1937  1973 I WindowManager: Screen frozen for +6s448ms due to Window{caf543b u0 com.google.android.talk/com.google.android.apps.hangouts.hangout.HangoutActivity}
12-17 10:48:01.756  1937  1973 D PowerManagerService: releaseWakeLockInternal: lock=75314347 [SCREEN_FROZEN], flags=0x0
12-17 10:48:01.756  1937  1973 D PowerManagerService: updateWakeLockSummaryLocked: mWakefulness=Awake, mWakeLockSummary=0x23
12-17 10:48:01.756  1937  1973 D PowerManagerService: updateUserActivitySummaryLocked: mWakefulness=Awake, mUserActivitySummary=0x4, nextTimeout=-1 (1713818 ms ago)
12-17 10:48:01.762  1937  1973 D DisplayPowerController: requestPowerState: policy=BRIGHT, useProximitySensor=false, screenBrightness=94, screenAutoBrightnessAdjustment=0.6611328, brightnessSetByUser=true, useAutoBrightness=true, blockScreenOn=false, lowPowerMode=false, boostScreenBrightness=false, dozeScreenBrightness=-1, dozeScreenState=UNKNOWN, buttonBrightnessOverride=-1, waitForNegativeProximity=false
12-17 10:48:01.762  1937  1973 D PowerManagerService: updateDisplayPowerStateLocked: mDisplayReady=true, policy=3, mWakefulness=1, mWakeLockSummary=0x23, mUserActivitySummary=0x4, mBootCompleted=true, mScreenBrightnessBoostInProgress=false
12-17 10:48:02.130   363   363 I SFPerfTracer:       trigger: frame rate (-26.480%)	(44.112 fps)	(22.669 ms) 	(2 drops)	(13 frames)
12-17 10:48:02.130   363   363 I SFPerfTracer:      triggers: (rate: 34:2382) (compose: 0:58) (post: 0:68) (render: 2:232) (13:17136 frames) (14:22964)
12-17 10:48:02.130   363   363 D SFPerfTracer:        layers: (6:19) (FocusedStackFrame (0xb883faf8): 0:286)* (DimLayer (0xb8841658): 0:24)* (StatusBar (0xb8861168): 14:10432)* (com.android.systemui.ImageWallpaper (0xb8882058): 14:557)* (DimLayer (0xb888fb50): 0:157)* (DimLayer (0xb87d9768): 0:28)* (com.google.android.talk/com.google.android.apps.hangouts.hangout.HangoutActivity (0xb8899e68): 14:1345) (NavigationBar (0xb886d2c0): 14:93)* (ScreenshotSurface (0xb8879048): 0:11)- (BlackSurface (0xb88972f0): 0:10)- (BlackSurface (0xb889b388): 0:10)- (BlackSurface (0xb889c650): 0:10)- (BlackSurface (0xb8893868): 0:10)- (ScreenshotSurface (0xb8879048): 14:17) (BlackSurface (0xb88972f0): 14:15) (BlackSurface (0xb889b388): 14:15) (BlackSurface (0xb889c650): 14:15) (BlackSurface (0xb8893868): 14:15) 
12-17 10:48:02.206  1937  1973 D PowerManagerService: acquireWakeLockInternal: lock=75314347, flags=0x1, tag="SCREEN_FROZEN", ws=null, uid=1000, pid=1937
12-17 10:48:02.206  1937  1973 D PowerManagerService: updateWakeLockSummaryLocked: mWakefulness=Awake, mWakeLockSummary=0x23
12-17 10:48:02.206  1937  1973 D PowerManagerService: updateUserActivitySummaryLocked: mWakefulness=Awake, mUserActivitySummary=0x4, nextTimeout=-1 (1714268 ms ago)
12-17 10:48:02.209  1937  1973 D DisplayPowerController: requestPowerState: policy=BRIGHT, useProximitySensor=false, screenBrightness=94, screenAutoBrightnessAdjustment=0.6611328, brightnessSetByUser=true, useAutoBrightness=true, blockScreenOn=false, lowPowerMode=false, boostScreenBrightness=false, dozeScreenBrightness=-1, dozeScreenState=UNKNOWN, buttonBrightnessOverride=-1, waitForNegativeProximity=false
12-17 10:48:02.209  1937  1973 D PowerManagerService: updateDisplayPowerStateLocked: mDisplayReady=true, policy=3, mWakefulness=1, mWakeLockSummary=0x23, mUserActivitySummary=0x4, mBootCompleted=true, mScreenBrightnessBoostInProgress=false
12-17 10:48:02.264  1937  1937 D DeviceIdleController: updateDisplayLocked: screenOn=true
12-17 10:48:02.264  1937  1937 I DeviceIdleController: becomeActiveLocked, reason = screen
12-17 10:48:02.280   363   946 I SFPerfTracer:      triggers: (rate: 0:5) (944 sw vsyncs) (0 skipped) (4:21654 vsyncs) (6:32600)
12-17 10:48:06.183  1937  1955 I ActivityManager: Config changes=480 {1.0 404mcc45mnc en_IN ldltr sw360dp w360dp h568dp 320dpi nrml port finger -keyb/v/h -nav/h s.32?spn}
12-17 10:48:10.031  1937  1953 E ActivityManager: ANR in com.motorola.tools.batterytracer
12-17 10:48:10.031  1937  1953 E ActivityManager: PID: 3829
12-17 10:48:10.031  1937  1953 E ActivityManager: Reason: Broadcast of Intent { act=android.intent.action.SCREEN_OFF flg=0x50000010 }
12-17 10:48:10.031  1937  1953 E ActivityManager: Load: 32.62 / 27.76 / 18.55
12-17 10:48:10.031  1937  1953 E ActivityManager: CPU usage from 0ms to 26204ms later:
12-17 10:48:10.031  1937  1953 E ActivityManager:   64% 25065/com.google.android.talk: 57% user + 7.4% kernel / faults: 9339 minor 42 major
12-17 10:48:10.031  1937  1953 E ActivityManager:   63% 452/mm-qcamera-daemon: 53% user + 10% kernel / faults: 33914 minor
12-17 10:48:10.031  1937  1953 E ActivityManager:   18% 1937/system_server: 7.9% user + 10% kernel / faults: 11636 minor 376 major
12-17 10:48:10.031  1937  1953 E ActivityManager:   10% 390/mediaserver: 3.9% user + 6.8% kernel / faults: 124 minor 8 major
12-17 10:48:10.031  1937  1953 E ActivityManager:   0.1% 386/debuggerd: 0% user + 0.1% kernel / faults: 14651 minor 114 major
12-17 10:48:10.031  1937  1953 E ActivityManager:   5% 2492/com.android.systemui: 2.9% user + 2% kernel / faults: 2084 minor 110 major
12-17 10:48:10.031  1937  1953 E ActivityManager:   4.7% 3104/com.android.phone: 2.2% user + 2.4% kernel / faults: 2817 minor 216 major
12-17 10:48:10.031  1937  1953 E ActivityManager:   4.7% 3829/com.motorola.tools.batterytracer: 3.4% user + 1.2% kernel / faults: 2750 minor 87 major
12-17 10:48:10.031  1937  1953 E ActivityManager:   1.5% 3056/com.motorola.process.system: 0.6% user + 0.8% kernel / faults: 1738 minor 102 major
12-17 10:48:10.031  1937  1953 E ActivityManager:   2.2% 233/logd: 1.8% user + 0.4% kernel / faults: 1 minor
12-17 10:48:10.031  1937  1953 E ActivityManager:   1.7% 363/surfaceflinger: 0.8% user + 0.8% kernel / faults: 14 minor 2 major
12-17 10:48:10.031  1937  1953 E ActivityManager:   1.5% 2578/com.motorola.modemservice: 0.6% user + 0.8% kernel / faults: 1663 minor 195 major
12-17 10:48:10.031  1937  1953 E ActivityManager:   1.4% 2469/RX_Thread: 0% user + 1.4% kernel
12-17 10:48:10.031  1937  1953 E ActivityManager:   1.4% 2468/TX_Thread: 0% user + 1.4% kernel
12-17 10:48:10.031  1937  1953 E ActivityManager:   1% 94/kswapd0: 0% user + 1% kernel
12-17 10:48:10.031  1937  1953 E ActivityManager:   0.2% 3067/com.qualcomm.services.location: 0.1% user + 0.1% kernel / faults: 1213 minor 168 major
12-17 10:48:10.031  1937  1953 E ActivityManager:   0.8% 174/mmcqd/0: 0% user + 0.8% kernel
12-17 10:48:10.031  1937  1953 E ActivityManager:   0.6% 3490/com.google.android.apps.docs: 0.6% user + 0% kernel / faults: 526 minor 1 major
12-17 10:48:10.031  1937  1953 E ActivityManager:   0.6% 577/aplogd: 0.3% user + 0.2% kernel
12-17 10:48:10.031  1937  1953 E ActivityManager:   0.5% 31748/kworker/u:9: 0% user + 0.5% kernel
12-17 10:48:10.031  1937  1953 E ActivityManager:   0.5% 788/rild: 0.3% user + 0.1% kernel / faults: 5 minor
12-17 10:48:10.031  1937  1953 E ActivityManager:   0.4% 14804/kworker/u:6: 0% user + 0.4% kernel
12-17 10:48:10.031  1937  1953 E ActivityManager:   0.3% 170/kworker/u:3: 0% user + 0.3% kernel
12-17 10:48:10.031  1937  1953 E ActivityManager:   0.3% 6950/com.google.android.music:main: 0.2% user + 0% kernel / faults: 672 minor
12-17 10:48:10.031  1937  1953 E ActivityManager:   0.2% 3702/mpdecision: 0% user + 0.1% kernel
12-17 10:48:10.031  1937  1953 E ActivityManager:   0.1% 7/kworker/u:0H: 0% user + 0.1% kernel
12-17 10:48:10.031  1937  1953 E ActivityManager:   0.1% 2921/android.process.acore: 0% user + 0.1% kernel / faults: 219 minor 2 major
12-17 10:48:10.031  1937  1953 E ActivityManager:   0.1% 3450/com.android.vending: 0.1% user + 0% kernel / faults: 225 minor 13 major
12-17 10:48:10.031  1937  1953 E ActivityManager:   0.1% 2181/kworker/2:1: 0% user + 0.1% kernel
12-17 10:48:10.031  1937  1953 E ActivityManager:   0.1% 16765/kworker/u:21: 0% user + 0.1% kernel
12-17 10:48:10.031  1937  1953 E ActivityManager:   0.1% 24505/kworker/0:5: 0% user + 0.1% kernel
12-17 10:48:10.031  1937  1953 E ActivityManager:   0% 932/mdss_fb0: 0% user + 0% kernel
12-17 10:48:10.031  1937  1953 E ActivityManager:   0% 1182/kworker/0:3: 0% user + 0% kernel
12-17 10:48:10.031  1937  1953 E ActivityManager:   0% 1311/com.google.android.googlequicksearchbox:interactor: 0% user + 0% kernel / faults: 3 minor
12-17 10:48:10.031  1937  1953 E ActivityManager:   0% 5050/com.motorola.motocare: 0% user + 0% kernel / faults: 37 minor
12-17 10:48:10.031  1937  1953 E ActivityManager:   0% 3/ksoftirqd/0: 0% user + 0% kernel
12-17 10:48:10.031  1937  1953 E ActivityManager:   0% 6/kworker/u:0: 0% user + 0% kernel
12-17 10:48:10.031  1937  1953 E ActivityManager:   0% 64/system: 0% user + 0% kernel
12-17 10:48:10.031  1937  1953 E ActivityManager:   0% 183/ueventd: 0% user + 0% kernel
12-17 10:48:10.031  1937  1953 E ActivityManager:   0% 191/flush-179:0: 0% user + 0% kernel
12-17 10:48:10.031  1937  1953 E ActivityManager:   0% 256/batt_health: 0% user + 0% kernel / faults: 9 minor
12-17 10:48:10.031  1937  1953 E ActivityManager:   0% 360/healthd: 0% user + 0% kernel
12-17 10:48:10.031  1937  1953 E ActivityManager:   0% 362/servicemanager: 0% user + 0% kernel / faults: 1 minor
12-17 10:48:10.031  1937  1953 E ActivityManager:   0% 407/thermal-engine: 0% user + 0% kernel / faults: 3 minor
12-17 10:48:10.031  1937  1953 E ActivityManager:   0% 600/diag_mdlog: 0% user + 0% kernel
12-17 10:48:10.031  1937  1953 E ActivityManager:   0% 806/rild: 0% user + 0% kernel / faults: 4 minor
12-17 10:48:10.031  1937  1953 E ActivityManager:   0% 2178/ksoftirqd/2: 0% user + 0% kernel
12-17 10:48:10.031  1937  1953 E ActivityManager:   0% 2467/MC_Thread: 0% user + 0% kernel
12-17 10:48:10.031  1937  1953 E ActivityManager:   0% 3236/irq/339-synapti: 0% user + 0% kernel
12-17 10:48:10.031  1937  1953 E ActivityManager:   0% 3396/com.google.android.gms.persistent: 0% user + 0% kernel / faults: 1 minor
12-17 10:48:10.031  1937  1953 E ActivityManager:   0% 4435/com.motorola.ccc: 0% user + 0% kernel / faults: 41 minor 5 major
12-17 10:48:10.031  1937  1953 E ActivityManager:   0% 5007/com.motorola.MotGallery2: 0% user + 0% kernel / faults: 33 minor
12-17 10:48:10.031  1937  1953 E ActivityManager:   0% 5523/kworker/0:2H: 0% user + 0% kernel
12-17 10:48:10.031  1937  1953 E ActivityManager:   0% 14485/com.android.cellbroadcastreceiver: 0% user + 0% kernel / faults: 7 minor
12-17 10:48:10.031  1937  1953 E ActivityManager:   0% 30657/com.google.process.gapps: 0% user + 0% kernel / faults: 39 minor
12-17 10:48:10.031  1937  1953 E ActivityManager: 99% TOTAL: 71% user + 27% kernel + 0% iowait + 0.9% softirq
12-17 10:48:10.031  1937  1953 E ActivityManager: CPU usage from 25200ms to 25837ms later:
12-17 10:48:10.031  1937  1953 E ActivityManager:   62% 25065/com.google.android.talk: 47% user + 14% kernel / faults: 75 minor
12-17 10:48:10.031  1937  1953 E ActivityManager:     22% 2522/AudioRecordJava: 20% user + 1.4% kernel
12-17 10:48:10.031  1937  1953 E ActivityManager:     8.9% 2772/AudioTrackJavaT: 7.4% user + 1.4% kernel
12-17 10:48:10.031  1937  1953 E ActivityManager:     7.4% 2377/GLThread.vclib: 7.4% user + 0% kernel
12-17 10:48:10.031  1937  1953 E ActivityManager:     5.9% 3387/CameraDeviceGLT: 1.4% user + 4.4% kernel
12-17 10:48:10.031  1937  1953 E ActivityManager:     4.4% 2504/Thread-2678: 1.4% user + 2.9%
12-17 10:48:10.072  1937  1953 I ActivityManager: Killing 3829:com.motorola.tools.batterytracer/1000 (adj 0): bg anr
12-17 10:48:10.279  1937  1953 W BroadcastQueue: Timeout of broadcast BroadcastRecord{dcc4062 u-1 android.intent.action.SCREEN_OFF} - receiver=android.os.BinderProxy@cdf2105, started 26646ms ago
12-17 10:48:10.279  1937  1953 W BroadcastQueue: Receiver during timeout: BroadcastFilter{467a38b u0 ReceiverList{5eec55a 3829 com.motorola.tools.batterytracer/1000/u0 remote:cdf2105}}
12-17 10:48:10.289  1937  1953 I ActivityManager: Skipping duplicate ANR: ProcessRecord{cedba19 3829:com.motorola.tools.batterytracer/1000} Broadcast of Intent { act=android.intent.action.SCREEN_OFF flg=0x50000010 }
12-17 10:48:10.290  1937  1948 W ActivityManager: Scheduling restart of crashed service com.motorola.tools.batterytracer/.EnergyMonitorService in 1000ms
12-17 10:48:10.290  1937  1948 W ActivityManager: Scheduling restart of crashed service com.motorola.tools.batterytracer/.BatteryTracerService in 11000ms
12-17 10:48:10.563  1937  1983 D DisplayPowerState: Requesting new screen state: state=ON, backlight=90
12-17 10:48:10.563  1937  1983 D DisplayPowerState: Screen not ready
12-17 10:48:10.563  1937  2470 D DisplayPowerState: Updating screen state: state=ON, backlight=90, button backlight = 0
12-17 10:48:10.564  1937  1983 D DisplayPowerState: setScreenBrightness: brightness=101
12-17 10:48:10.564  1937  1983 D DisplayPowerController: Animating brightness: target=137, rate=40
12-17 10:48:10.567  1937  1983 D DisplayPowerState: Requesting new screen state: state=ON, backlight=101
12-17 10:48:10.567  1937  2470 D DisplayPowerState: Updating screen state: state=ON, backlight=101, button backlight = 0
12-17 10:48:10.567  1937  1983 D DisplayPowerState: Screen not ready
12-17 10:48:10.567  1937  1983 D DisplayPowerState: Screen ready
12-17 10:48:10.567  1937  1983 D DisplayPowerController: Animating brightness: target=137, rate=40
12-17 10:48:10.567  1937  2425 V AlarmManager: sending alarm {c6bfd44 type 3 *alarm*:android.intent.action.TIME_TICK}
12-17 10:48:10.567  1937  2422 D BatteryService: uevent={POWER_SUPPLY_TEMP=518, POWER_SUPPLY_STATUS=Discharging, POWER_SUPPLY_CAPACITY=90, ACTION=change, DEVPATH=/devices/qpnp-charger-e4a6b600/power_supply/battery, POWER_SUPPLY_VOLTAGE_OCV=-22, POWER_SUPPLY_ONLINE=1, SUBSYSTEM=power_supply, POWER_SUPPLY_NUM_SYSTEM_TEMP_LEVELS=4, POWER_SUPPLY_INPUT_CURRENT_MAX=100000, POWER_SUPPLY_VOLTAGE_MAX_DESIGN=4350000, POWER_SUPPLY_CHARGE_FULL=2250000, POWER_SUPPLY_NAME=battery, POWER_SUPPLY_VOLTAGE_MIN_DESIGN=4300000, POWER_SUPPLY_VOLTAGE_MIN=4300000, POWER_SUPPLY_HEALTH=Overheat, POWER_SUPPLY_CYCLE_COUNT=2, POWER_SUPPLY_TECHNOLOGY=Li-ion, POWER_SUPPLY_CHARGE_TYPE=N/A, POWER_SUPPLY_PRESENT=1, POWER_SUPPLY_INPUT_CURRENT_SETTLED=0, POWER_SUPPLY_MODEL_NAME=UNKNOWN, POWER_SUPPLY_VOLTAGE_NOW=4056876, SEQNUM=7002, POWER_SUPPLY_TEMP_WARM=450, POWER_SUPPLY_TEMP_COOL=0, POWER_SUPPLY_CHARGE_FULL_DESIGN=2321000, POWER_SUPPLY_CURRENT_NOW=742260, POWER_SUPPLY_CHARGE_COUNTER=225736, POWER_SUPPLY_SYSTEM_TEMP_LEVEL=0, POWER_SUPPLY_INPUT_CURRENT_TRIM=27, POWER_SUPPLY_VOLTAGE_EMPTY=3200000, POWER_SUPPLY_CHARGE_RATE=None, POWER_SUPPLY_INPUT_VOLTAGE_REGULATION=1, POWER_SUPPLY_CHARGING_ENABLED=1}
12-17 10:48:10.568  1937  2426 D PowerManagerService: userActivityNoUpdateLocked: eventTime=1701254, event=2, flags=0x0, uid=1000
12-17 10:48:10.568  1937  2426 D PowerManagerService: updateUserActivitySummaryLocked: mWakefulness=Awake, mUserActivitySummary=0x1, nextTimeout=1723254 (in 625 ms)
12-17 10:48:10.572  1937  2441 D WifiService: Client connection lost with reason: 4
12-17 10:48:10.573  1937  2426 D DisplayPowerController: requestPowerState: policy=BRIGHT, useProximitySensor=false, screenBrightness=94, screenAutoBrightnessAdjustment=0.6611328, brightnessSetByUser=true, useAutoBrightness=true, blockScreenOn=false, lowPowerMode=false, boostScreenBrightness=false, dozeScreenBrightness=-1, dozeScreenState=UNKNOWN, buttonBrightnessOverride=-1, waitForNegativeProximity=false
12-17 10:48:10.573  1937  2426 D PowerManagerService: updateDisplayPowerStateLocked: mDisplayReady=true, policy=3, mWakefulness=1, mWakeLockSummary=0x23, mUserActivitySummary=0x1, mBootCompleted=true, mScreenBrightnessBoostInProgress=false
12-17 10:48:10.585  1937  1937 D DeviceIdleController: updateDisplayLocked: screenOn=true
12-17 10:48:10.585  1937  1937 I DeviceIdleController: becomeActiveLocked, reason = screen
12-17 10:48:10.591  1937  1973 W WindowManager: Window freeze timeout expired.
12-17 10:48:10.591  1937  1973 W WindowManager: Force clearing orientation change: Window{caf543b u0 com.google.android.talk/com.google.android.apps.hangouts.hangout.HangoutActivity}
12-17 10:48:10.591  1937  1973 W WindowManager: Force clearing orientation change: Window{d829343 u0 com.android.systemui.ImageWallpaper}
12-17 10:48:10.614  1937  1983 D DisplayPowerState: setScreenBrightness: brightness=103
12-17 10:48:10.660  1937  1983 D DisplayPowerState: Requesting new screen state: state=ON, backlight=103
12-17 10:48:10.660  1937  1983 D DisplayPowerState: Screen not ready
12-17 10:48:10.660  1937  2470 D DisplayPowerState: Updating screen state: state=ON, backlight=103, button backlight = 0
12-17 10:48:10.662  1937  1983 D DisplayPowerState: Screen ready
12-17 10:48:10.666  1937  2586 D PowerManagerService: acquireWakeLockInternal: lock=256215643, flags=0x1, tag="RILJ", ws=null, uid=1001, pid=3104
12-17 10:48:10.854  1937  1937 I DeviceIdleController: updateChargingLocked: charging=false
12-17 10:48:10.855  1937  1983 D DisplayPowerState: setScreenBrightness: brightness=112
12-17 10:48:10.855  1937  2586 D PowerManagerService: updateWakeLockSummaryLocked: mWakefulness=Awake, mWakeLockSummary=0x23
12-17 10:48:10.855  1937  2586 D PowerManagerService: updateUserActivitySummaryLocked: mWakefulness=Awake, mUserActivitySummary=0x1, nextTimeout=1723254 (in 338 ms)
12-17 10:48:10.856  1937  1973 I WindowManager: Screen frozen for +8s646ms due to Window{caf543b u0 com.google.android.talk/com.google.android.apps.hangouts.hangout.HangoutActivity}
12-17 10:48:10.872  1937  2586 D DisplayPowerController: requestPowerState: policy=BRIGHT, useProximitySensor=false, screenBrightness=94, screenAutoBrightnessAdjustment=0.6611328, brightnessSetByUser=true, useAutoBrightness=true, blockScreenOn=false, lowPowerMode=false, boostScreenBrightness=false, dozeScreenBrightness=-1, dozeScreenState=UNKNOWN, buttonBrightnessOverride=-1, waitForNegativeProximity=false
12-17 10:48:10.872  1937  2586 D PowerManagerService: updateDisplayPowerStateLocked: mDisplayReady=true, policy=3, mWakefulness=1, mWakeLockSummary=0x23, mUserActivitySummary=0x1, mBootCompleted=true, mScreenBrightnessBoostInProgress=false
12-17 10:48:10.873  1937  6726 D PowerManagerService: updateWakeLockWorkSourceInternal: lock=198545764 [AudioMix], ws=null
12-17 10:48:10.875  1937  2535 D PowerManagerService: acquireWakeLockInternal: lock=256215643, flags=0x1, tag="RILJ", ws=null, uid=1001, pid=3104
12-17 10:48:10.875  1937  2535 D PowerManagerService: updateWakeLockSummaryLocked: mWakefulness=Awake, mWakeLockSummary=0x23
12-17 10:48:10.875  1937  2535 D PowerManagerService: updateUserActivitySummaryLocked: mWakefulness=Awake, mUserActivitySummary=0x1, nextTimeout=1723254 (in 318 ms)
12-17 10:48:10.877  1937  2535 D DisplayPowerController: requestPowerState: policy=BRIGHT, useProximitySensor=false, screenBrightness=94, screenAutoBrightnessAdjustment=0.6611328, brightnessSetByUser=true, useAutoBrightness=true, blockScreenOn=false, lowPowerMode=false, boostScreenBrightness=false, dozeScreenBrightness=-1, dozeScreenState=UNKNOWN, buttonBrightnessOverride=-1, waitForNegativeProximity=false
12-17 10:48:10.877  1937  2535 D PowerManagerService: updateDisplayPowerStateLocked: mDisplayReady=true, policy=3, mWakefulness=1, mWakeLockSummary=0x23, mUserActivitySummary=0x1, mBootCompleted=true, mScreenBrightnessBoostInProgress=false
12-17 10:48:10.896  1937  1983 D PowerManagerService: updateIsPoweredLocked: wasPowered=false, mIsPowered=false, oldPlugType=0, mPlugType=0, mBatteryLevel=90
12-17 10:48:10.896  1937  1983 D DisplayPowerState: setScreenBrightness: brightness=114
12-17 10:48:10.903  1937  3096 D PowerManagerService: acquireWakeLockInternal: lock=256215643, flags=0x1, tag="RILJ", ws=null, uid=1001, pid=3104
12-17 10:48:10.903  1937  3096 D PowerManagerService: updateWakeLockSummaryLocked: mWakefulness=Awake, mWakeLockSummary=0x23
12-17 10:48:10.903  1937  3096 D PowerManagerService: updateUserActivitySummaryLocked: mWakefulness=Awake, mUserActivitySummary=0x1, nextTimeout=1723254 (in 290 ms)
12-17 10:48:10.906  1937  1983 D DisplayPowerState: Requesting new screen state: state=ON, backlight=114
12-17 10:48:10.906  1937  1983 D DisplayPowerState: Screen not ready
12-17 10:48:10.906  1937  2470 D DisplayPowerState: Updating screen state: state=ON, backlight=114, button backlight = 0
12-17 10:48:10.921  1937  3096 D DisplayPowerController: requestPowerState: policy=BRIGHT, useProximitySensor=false, screenBrightness=94, screenAutoBrightnessAdjustment=0.6611328, brightnessSetByUser=true, useAutoBrightness=true, blockScreenOn=false, lowPowerMode=false, boostScreenBrightness=false, dozeScreenBrightness=-1, dozeScreenState=UNKNOWN, buttonBrightnessOverride=-1, waitForNegativeProximity=false
12-17 10:48:10.921  1937  3096 D PowerManagerService: updateDisplayPowerStateLocked: mDisplayReady=true, policy=3, mWakefulness=1, mWakeLockSummary=0x23, mUserActivitySummary=0x1, mBootCompleted=true, mScreenBrightnessBoostInProgress=false
12-17 10:48:10.922  1937  1983 D DisplayPowerState: setScreenBrightness: brightness=115
12-17 10:48:10.922  1937  1983 D DisplayPowerState: Requesting new screen state: state=ON, backlight=115
12-17 10:48:10.922  1937  1983 D DisplayPowerState: Screen not ready
12-17 10:48:10.922  1937  2470 D DisplayPowerState: Updating screen state: state=ON, backlight=115, button backlight = 0
12-17 10:48:10.922  1937  1983 D DisplayPowerState: Screen ready
12-17 10:48:10.933  1937  1983 D DisplayPowerState: setScreenBrightness: brightness=116
12-17 10:48:10.934  1937  2517 D PowerManagerService: acquireWakeLockInternal: lock=256215643, flags=0x1, tag="RILJ", ws=null, uid=1001, pid=3104
12-17 10:48:10.934  1937  2517 D PowerManagerService: updateWakeLockSummaryLocked: mWakefulness=Awake, mWakeLockSummary=0x23
12-17 10:48:10.934  1937  2517 D PowerManagerService: updateUserActivitySummaryLocked: mWakefulness=Awake, mUserActivitySummary=0x1, nextTimeout=1723254 (in 259 ms)
12-17 10:48:10.950  1937  1983 D DisplayPowerState: Requesting new screen state: state=ON, backlight=116
12-17 10:48:10.950  1937  1983 D DisplayPowerState: Screen not ready
12-17 10:48:10.951  1937  2470 D DisplayPowerState: Updating screen state: state=ON, backlight=116, button backlight = 0
12-17 10:48:10.951  1937  2517 D DisplayPowerController: requestPowerState: policy=BRIGHT, useProximitySensor=false, screenBrightness=94, screenAutoBrightnessAdjustment=0.6611328, brightnessSetByUser=true, useAutoBrightness=true, blockScreenOn=false, lowPowerMode=false, boostScreenBrightness=false, dozeScreenBrightness=-1, dozeScreenState=UNKNOWN, buttonBrightnessOverride=-1, waitForNegativeProximity=false
12-17 10:48:10.951  1937  2517 D PowerManagerService: updateDisplayPowerStateLocked: mDisplayReady=true, policy=3, mWakefulness=1, mWakeLockSummary=0x23, mUserActivitySummary=0x1, mBootCompleted=true, mScreenBrightnessBoostInProgress=false
12-17 10:48:10.955  1937  1983 D DisplayPowerState: Screen ready
12-17 10:48:10.958  1937  8646 D PowerManagerService: acquireWakeLockInternal: lock=256215643, flags=0x1, tag="RILJ", ws=null, uid=1001, pid=3104
12-17 10:48:10.958  1937  8646 D PowerManagerService: updateWakeLockSummaryLocked: mWakefulness=Awake, mWakeLockSummary=0x23
12-17 10:48:10.958  1937  8646 D PowerManagerService: updateUserActivitySummaryLocked: mWakefulness=Awake, mUserActivitySummary=0x1, nextTimeout=1723254 (in 235 ms)
12-17 10:48:10.964  1937  1983 D DisplayPowerState: setScreenBrightness: brightness=117
12-17 10:48:10.965  1937  1983 D DisplayPowerState: Requesting new screen state: state=ON, backlight=117
12-17 10:48:10.965  1937  1983 D DisplayPowerState: Screen not ready
12-17 10:48:10.965  1937  2470 D DisplayPowerState: Updating screen state: state=ON, backlight=117, button backlight = 0
12-17 10:48:10.971  1937  8646 D DisplayPowerController: requestPowerState: policy=BRIGHT, useProximitySensor=false, screenBrightness=94, screenAutoBrightnessAdjustment=0.6611328, brightnessSetByUser=true, useAutoBrightness=true, blockScreenOn=false, lowPowerMode=false, boostScreenBrightness=false, dozeScreenBrightness=-1, dozeScreenState=UNKNOWN, buttonBrightnessOverride=-1, waitForNegativeProximity=false
12-17 10:48:10.971  1937  8646 D PowerManagerService: updateDisplayPowerStateLocked: mDisplayReady=true, policy=3, mWakefulness=1, mWakeLockSummary=0x23, mUserActivitySummary=0x1, mBootCompleted=true, mScreenBrightnessBoostInProgress=false
12-17 10:48:10.972  1937  1983 D DisplayPowerState: Screen ready
12-17 10:48:10.972  1937  1973 D PowerManagerService: releaseWakeLockInternal: lock=75314347 [SCREEN_FROZEN], flags=0x0
12-17 10:48:10.972  1937  1973 D PowerManagerService: updateWakeLockSummaryLocked: mWakefulness=Awake, mWakeLockSummary=0x23
12-17 10:48:10.972  1937  1973 D PowerManagerService: updateUserActivitySummaryLocked: mWakefulness=Awake, mUserActivitySummary=0x1, nextTimeout=1723254 (in 221 ms)
12-17 10:48:10.973  1937  1973 D DisplayPowerController: requestPowerState: policy=BRIGHT, useProximitySensor=false, screenBrightness=94, screenAutoBrightnessAdjustment=0.6611328, brightnessSetByUser=true, useAutoBrightness=true, blockScreenOn=false, lowPowerMode=false, boostScreenBrightness=false, dozeScreenBrightness=-1, dozeScreenState=UNKNOWN, buttonBrightnessOverride=-1, waitForNegativeProximity=false
12-17 10:48:10.973  1937  1973 D PowerManagerService: updateDisplayPowerStateLocked: mDisplayReady=true, policy=3, mWakefulness=1, mWakeLockSummary=0x23, mUserActivitySummary=0x1, mBootCompleted=true, mScreenBrightnessBoostInProgress=false
12-17 10:48:10.975  1937  3128 D PowerManagerService: acquireWakeLockInternal: lock=256215643, flags=0x1, tag="RILJ", ws=null, uid=1001, pid=3104
12-17 10:48:10.975  1937  3128 D PowerManagerService: updateWakeLockSummaryLocked: mWakefulness=Awake, mWakeLockSummary=0x23
12-17 10:48:10.975  1937  3128 D PowerManagerService: updateUserActivitySummaryLocked: mWakefulness=Awake, mUserActivitySummary=0x1, nextTimeout=1723254 (in 218 ms)
12-17 10:48:10.979  1937  3128 D DisplayPowerController: requestPowerState: policy=BRIGHT, useProximitySensor=false, screenBrightness=94, screenAutoBrightnessAdjustment=0.6611328, brightnessSetByUser=true, useAutoBrightness=true, blockScreenOn=false, lowPowerMode=false, boostScreenBrightness=false, dozeScreenBrightness=-1, dozeScreenState=UNKNOWN, buttonBrightnessOverride=-1, waitForNegativeProximity=false
12-17 10:48:10.979  1937  3128 D PowerManagerService: updateDisplayPowerStateLocked: mDisplayReady=true, policy=3, mWakefulness=1, mWakeLockSummary=0x23, mUserActivitySummary=0x1, mBootCompleted=true, mScreenBrightnessBoostInProgress=false
12-17 10:48:10.980  1937  7042 D PowerManagerService: acquireWakeLockInternal: lock=256215643, flags=0x1, tag="RILJ", ws=null, uid=1001, pid=3104
12-17 10:48:10.980  1937  7042 D PowerManagerService: updateWakeLockSummaryLocked: mWakefulness=Awake, mWakeLockSummary=0x23
12-17 10:48:10.980  1937  7042 D PowerManagerService: updateUserActivitySummaryLocked: mWakefulness=Awake, mUserActivitySummary=0x1, nextTimeout=1723254 (in 213 ms)
12-17 10:48:10.981  1937  7042 D DisplayPowerController: requestPowerState: policy=BRIGHT, useProximitySensor=false, screenBrightness=94, screenAutoBrightnessAdjustment=0.6611328, brightnessSetByUser=true, useAutoBrightness=true, blockScreenOn=false, lowPowerMode=false, boostScreenBrightness=false, dozeScreenBrightness=-1, dozeScreenState=UNKNOWN, buttonBrightnessOverride=-1, waitForNegativeProximity=false
12-17 10:48:10.981  1937  7042 D PowerManagerService: updateDisplayPowerStateLocked: mDisplayReady=true, policy=3, mWakefulness=1, mWakeLockSummary=0x23, mUserActivitySummary=0x1, mBootCompleted=true, mScreenBrightnessBoostInProgress=false
12-17 10:48:10.983  1937  1983 D DisplayPowerState: setScreenBrightness: brightness=118
12-17 10:48:10.985  1937  1983 D DisplayPowerState: Requesting new screen state: state=ON, backlight=118
12-17 10:48:10.985  1937  1983 D DisplayPowerState: Screen not ready
12-17 10:48:10.985  1937  2470 D DisplayPowerState: Updating screen state: state=ON, backlight=118, button backlight = 0
12-17 10:48:10.985  1937  1983 D DisplayPowerState: Screen ready
12-17 10:48:10.987  1937  2944 D PowerManagerService: acquireWakeLockInternal: lock=256215643, flags=0x1, tag="RILJ", ws=null, uid=1001, pid=3104
12-17 10:48:10.987  1937  2944 D PowerManagerService: updateWakeLockSummaryLocked: mWakefulness=Awake, mWakeLockSummary=0x23
12-17 10:48:10.987  1937  2944 D PowerManagerService: updateUserActivitySummaryLocked: mWakefulness=Awake, mUserActivitySummary=0x1, nextTimeout=1723254 (in 206 ms)
12-17 10:48:10.988  1937  2944 D DisplayPowerController: requestPowerState: policy=BRIGHT, useProximitySensor=false, screenBrightness=94, screenAutoBrightnessAdjustment=0.6611328, brightnessSetByUser=true, useAutoBrightness=true, blockScreenOn=false, lowPowerMode=false, boostScreenBrightness=false, dozeScreenBrightness=-1, dozeScreenState=UNKNOWN, buttonBrightnessOverride=-1, waitForNegativeProximity=false
12-17 10:48:10.988  1937  2944 D PowerManagerService: updateDisplayPowerStateLocked: mDisplayReady=true, policy=3, mWakefulness=1, mWakeLockSummary=0x23, mUserActivitySummary=0x1, mBootCompleted=true, mScreenBrightnessBoostInProgress=false
12-17 10:48:11.014  1937  1983 D DisplayPowerState: setScreenBrightness: brightness=119
12-17 10:48:11.015  1937  1983 D DisplayPowerState: Requesting new screen state: state=ON, backlight=119
12-17 10:48:11.015  1937  1983 D DisplayPowerState: Screen not ready
12-17 10:48:11.015  1937  2470 D DisplayPowerState: Updating screen state: state=ON, backlight=119, button backlight = 0
12-17 10:48:11.016  1937  1983 D DisplayPowerState: Screen ready
12-17 10:48:11.030  1937  1983 D DisplayPowerState: setScreenBrightness: brightness=120
12-17 10:48:11.031  1937  1983 D DisplayPowerState: Requesting new screen state: state=ON, backlight=120
12-17 10:48:11.031  1937  1983 D DisplayPowerState: Screen not ready
12-17 10:48:11.031  1937  2470 D DisplayPowerState: Updating screen state: state=ON, backlight=120, button backlight = 0
12-17 10:48:11.032  1937  1983 D DisplayPowerState: Screen ready
12-17 10:48:11.065  1937  1983 D DisplayPowerState: setScreenBrightness: brightness=121
12-17 10:48:11.065  1937  1983 D DisplayPowerState: Requesting new screen state: state=ON, backlight=121
12-17 10:48:11.794  1937  1948 D PowerManagerService: releaseWakeLockInternal: lock=256215643 [RILJ], flags=0x0
12-17 10:48:11.794  1937  1948 D PowerManagerService: updateWakeLockSummaryLocked: mWakefulness=Awake, mWakeLockSummary=0x23
12-17 10:48:11.794  1937  1948 D PowerManagerService: updateUserActivitySummaryLocked: mWakefulness=Awake, mUserActivitySummary=0x9, nextTimeout=1725254 (in 1399 ms)
12-17 10:48:11.811  1937  1948 D DisplayPowerController: requestPowerState: policy=BRIGHT, useProximitySensor=false, screenBrightness=94, screenAutoBrightnessAdjustment=0.6611328, brightnessSetByUser=true, useAutoBrightness=true, blockScreenOn=false, lowPowerMode=false, boostScreenBrightness=false, dozeScreenBrightness=-1, dozeScreenState=UNKNOWN, buttonBrightnessOverride=-1, waitForNegativeProximity=false
12-17 10:48:11.811  1937  1948 D PowerManagerService: updateDisplayPowerStateLocked: mDisplayReady=true, policy=3, mWakefulness=1, mWakeLockSummary=0x23, mUserActivitySummary=0x9, mBootCompleted=true, mScreenBrightnessBoostInProgress=false
12-17 10:48:12.188  1937  7042 D PowerManagerService: acquireWakeLockInternal: lock=256215643, flags=0x1, tag="RILJ", ws=null, uid=1001, pid=3104
12-17 10:48:12.188  1937  7042 D PowerManagerService: updateWakeLockSummaryLocked: mWakefulness=Awake, mWakeLockSummary=0x23
12-17 10:48:12.188  1937  7042 D PowerManagerService: updateUserActivitySummaryLocked: mWakefulness=Awake, mUserActivitySummary=0x9, nextTimeout=1725254 (in 1005 ms)
12-17 10:48:12.213  1937  7042 D DisplayPowerController: requestPowerState: policy=BRIGHT, useProximitySensor=false, screenBrightness=94, screenAutoBrightnessAdjustment=0.6611328, brightnessSetByUser=true, useAutoBrightness=true, blockScreenOn=false, lowPowerMode=false, boostScreenBrightness=false, dozeScreenBrightness=-1, dozeScreenState=UNKNOWN, buttonBrightnessOverride=-1, waitForNegativeProximity=false
12-17 10:48:12.213  1937  7042 D PowerManagerService: updateDisplayPowerStateLocked: mDisplayReady=true, policy=3, mWakefulness=1, mWakeLockSummary=0x23, mUserActivitySummary=0x9, mBootCompleted=true, mScreenBrightnessBoostInProgress=false
12-17 10:48:14.817  1937  1973 I WindowManager: Screen frozen for +2s101ms due to Window{caf543b u0 com.google.android.talk/com.google.android.apps.hangouts.hangout.HangoutActivity}
12-17 10:48:14.843  1937  1973 D PowerManagerService: releaseWakeLockInternal: lock=75314347 [SCREEN_FROZEN], flags=0x0
12-17 10:48:14.844  1937  1973 D PowerManagerService: updateWakeLockSummaryLocked: mWakefulness=Awake, mWakeLockSummary=0x23
12-17 10:48:14.844  1937  1973 D PowerManagerService: updateUserActivitySummaryLocked: mWakefulness=Awake, mUserActivitySummary=0x2, nextTimeout=1731254 (in 4349 ms)
12-17 10:48:14.855  1937  1973 D DisplayPowerController: requestPowerState: policy=BRIGHT, useProximitySensor=false, screenBrightness=94, screenAutoBrightnessAdjustment=0.6611328, brightnessSetByUser=true, useAutoBrightness=true, blockScreenOn=false, lowPowerMode=false, boostScreenBrightness=false, dozeScreenBrightness=-1, dozeScreenState=UNKNOWN, buttonBrightnessOverride=-1, waitForNegativeProximity=false
12-17 10:48:14.855  1937  1973 D PowerManagerService: updateDisplayPowerStateLocked: mDisplayReady=true, policy=3, mWakefulness=1, mWakeLockSummary=0x23, mUserActivitySummary=0x2, mBootCompleted=true, mScreenBrightnessBoostInProgress=false
12-17 10:48:15.109  1937  2944 D PowerManagerService: releaseWakeLockInternal: lock=256215643 [RILJ], flags=0x0
12-17 10:48:15.110  1937  2944 D PowerManagerService: updateWakeLockSummaryLocked: mWakefulness=Awake, mWakeLockSummary=0x23
12-17 10:48:15.110  1937  2944 D PowerManagerService: updateUserActivitySummaryLocked: mWakefulness=Awake, mUserActivitySummary=0x2, nextTimeout=1731254 (in 4083 ms)
12-17 10:48:15.112  1937  2944 D DisplayPowerController: requestPowerState: policy=BRIGHT, useProximitySensor=false, screenBrightness=94, screenAutoBrightnessAdjustment=0.6611328, brightnessSetByUser=true, useAutoBrightness=true, blockScreenOn=false, lowPowerMode=false, boostScreenBrightness=false, dozeScreenBrightness=-1, dozeScreenState=UNKNOWN, buttonBrightnessOverride=-1, waitForNegativeProximity=false
12-17 10:48:15.112  1937  2944 D PowerManagerService: updateDisplayPowerStateLocked: mDisplayReady=true, policy=3, mWakefulness=1, mWakeLockSummary=0x23, mUserActivitySummary=0x2, mBootCompleted=true, mScreenBrightnessBoostInProgress=false
12-17 10:48:15.217   363   363 I SFPerfTracer:      triggers: (rate: 35:2389) (compose: 0:60) (post: 0:69) (render: 2:236) (14:17181 frames) (15:23054)
12-17 10:48:15.218   363   363 D SFPerfTracer:        layers: (6:19) (FocusedStackFrame (0xb883faf8): 0:286)* (DimLayer (0xb8841658): 0:24)* (StatusBar (0xb8861168): 15:10499)* (com.android.systemui.ImageWallpaper (0xb8882058): 15:592)* (DimLayer (0xb888fb50): 0:157)* (DimLayer (0xb87d9768): 0:28)* (com.google.android.talk/com.google.android.apps.hangouts.hangout.HangoutActivity (0xb8899e68): 15:1385) (NavigationBar (0xb886d2c0): 15:136)* (ScreenshotSurface (0xb8875940): 0:20)- (BlackSurface (0xb8893868): 0:18)- (BlackSurface (0xb8879048): 0:18)- (BlackSurface (0xb88972f0): 0:18)- (BlackSurface (0xb889b388): 0:18)- (ScreenshotSurface (0xb8879048): 15:18) (BlackSurface (0xb88972f0): 15:17) (BlackSurface (0xb889b388): 15:17) (BlackSurface (0xb889c650): 15:17) (BlackSurface (0xb8893f58): 15:17) 
12-17 10:48:15.715  1937  3128 D PowerManagerService: acquireWakeLockInternal: lock=63522256, flags=0x1, tag="RILJ", ws=null, uid=1001, pid=3104
12-17 10:48:15.715  1937  3128 D PowerManagerService: updateWakeLockSummaryLocked: mWakefulness=Awake, mWakeLockSummary=0x23
12-17 10:48:15.715  1937  3128 D PowerManagerService: updateUserActivitySummaryLocked: mWakefulness=Awake, mUserActivitySummary=0x2, nextTimeout=1731254 (in 3478 ms)
12-17 10:48:15.720  1937  3128 D DisplayPowerController: requestPowerState: policy=BRIGHT, useProximitySensor=false, screenBrightness=94, screenAutoBrightnessAdjustment=0.6611328, brightnessSetByUser=true, useAutoBrightness=true, blockScreenOn=false, lowPowerMode=false, boostScreenBrightness=false, dozeScreenBrightness=-1, dozeScreenState=UNKNOWN, buttonBrightnessOverride=-1, waitForNegativeProximity=false
