12-17 10:38:03.052   788  1007 W RILQ    : (0/788): RIL[0][event] qcril_event_main: RID 0 MID 0 De-queued event DATA_EVENT_CALLBACK (327682)(obj 0xb89cf848)
12-17 10:38:03.052   788  1007 W RILQ    : (0/788): RIL[0][event] qcril_process_event: RIL <--- DATA_EVENT_CALLBACK(327682), RID 0, MID 0 --- AMSS
12-17 10:38:03.052   788  1007 W RILQ    : (0/788): RIL[0][event] qcril_data_event_hdlr: qcril_data_event_hdlr: ENTRY
12-17 10:38:03.052   788  1007 W RILQ    : (0/788): RIL[0][event] qcril_data_event_hdlr: >>>Mem debug>>> event obj [0xb89cf7c0]
12-17 10:38:03.052   788  1007 W RILQ    : (0/788): RIL[0][event] qcril_data_event_hdlr: >>>Mem debug>>> info_tbl [0xb6c86650]
12-17 10:38:03.052   788  1007 W RILQ    : (0/788): RIL[0][event] qcril_data_event_hdlr: Req list entry found for RIL Token [954]
12-17 10:38:03.052   788  1007 W RILQ    : (0/788): RIL[0][event] qcril_data_event_hdlr: >>>Mem debug>>> info_tbl [0xb6c86650]
12-17 10:38:03.052   788  1007 W RILQ    : (0/788): RIL[0][event] qcril_data_event_hdlr: dsi_get_call_end_reason returned [2000],  reason type [3] cid = [0]
12-17 10:38:03.052   788  1007 W RILQ    : (0/788): RIL[0][event] qcril_data_get_ril_ce_code: unsupported CallManager call end reason rcvd [2000]
12-17 10:38:03.053   788  1007 W RILQ    : (0/788): RIL[0][event] qcril_setup_timed_callback: Set timer with ID 377
12-17 10:38:03.053   788  1007 W RILQ    : (0/788): RIL[0][event] qcril_setup_timed_callback_ex_params_adv: Set timer with ID 378
12-17 10:38:03.053   788  1007 W RILQ    : (0/788): RIL[0][event] qcril_setup_timed_callback: Set timer with ID 379
12-17 10:38:03.053   788  1007 E use-Rlog/RLOG-RIL-MOTEXT: qcrilUpdDataState, called , state =0
12-17 10:38:03.053   788  1007 E use-Rlog/RLOG-RIL-MOTEXT: Inside UpdDataState, data =0
12-17 10:38:03.055   788  1007 W RILQ    : (0/788): RIL[0][event] qcril_data_response_success: qcril_data_response_success: ENTRY
12-17 10:38:03.055   788  1007 W RILQ    : (0/788): RIL[0][event] qcril_reqlist_print_all: [RID 0] ReqList entries : Empty
12-17 10:38:03.055   788  1007 W RILQ    : (0/788): RIL[0][event] qcril_send_request_response: UI <--- RIL_REQUEST_DEACTIVATE_DATA_CALL (41) Complete --- RIL [RID 0, Token id 954, Success, Len 0 ]
12-17 10:38:03.055   788  1007 W RILQ    : (0/788): RIL[0][event] qmi_ril_fw_send_request_response_epilog: main trd b5c72930, cur trd b534f930
12-17 10:38:03.055   788  1007 W RILQ    : (0/788): RIL[0][event] qmi_ril_fw_send_request_response_epilog: eq 0, under mn thrd 0
12-17 10:38:03.055   788  1007 W RILQ    : (0/788): RIL[0][event] qmi_ril_fw_send_request_response_epilog: need protection 1 
12-17 10:38:03.055   788  1007 W RILQ    : (0/788): RIL[0][event] qmi_ril_fw_send_request_response_epilog: in protected zone
12-17 10:38:03.055   788  1007 W RILQ    : (0/788): RIL[0][event] qmi_ril_fw_send_request_response_epilog: resp token-id 954, req-id 41(41)
12-17 10:38:03.055   788  1007 W RILQ    : (0/788): RIL[0][event] qmi_ril_fw_send_request_response_epilog: left zone 
12-17 10:38:03.055   788  1007 W RILQ    : (0/788): RIL[0][event] qcril_data_response_success: qcril_data_response_success: EXIT
12-17 10:38:03.056   788  1007 W RILQ    : (0/788): RIL[0][event] qcril_data_unsol_call_list_changed: qcril_data_unsol_call_list_changed: ENTRY
12-17 10:38:03.056   788  1007 W RILQ    : (0/788): RIL[0][event] qcril_data_unsol_call_list_changed: sending RIL_UNSOL_DATA_CALL_LIST_CHANGED
12-17 10:38:03.056   788  1007 W RILQ    : (0/788): RIL[0][event] qcril_data_get_active_call_list: active call table size:[0] start from: [0x0]
12-17 10:38:03.056   788  1007 W RILQ    : (0/788): RIL[0][event] qcril_data_get_active_call_list: EXIT with failure
12-17 10:38:03.056   788  1007 W RILQ    : (0/788): RIL[0][event] qcril_send_unsol_response_epilog: UI <--- RIL_UNSOL_DATA_CALL_LIST_CHANGED (1010) --- RIL [RID 0, Len 0, (null)]
12-17 10:38:03.056   788  1007 W RILQ    : (0/788): RIL[0][event] qcril_data_unsol_call_list_changed: qcril_data_unsol_call_list_changed: EXIT with succ
12-17 10:38:03.056   788  1007 W RILQ    : (0/788): RIL[0][event] qcril_data_clear_dsi_cb_tbl_entry: cleaning up entry [0xb6c8b968]
12-17 10:38:03.056   788  1007 W RILQ    : (0/788): RIL[0][event] qcril_data_util_stop_timer: invalid timer_id
12-17 10:38:03.056   788  1007 W RILQ    : (0/788): RIL[0][event] qcril_data_util_stop_timer: invalid timer_id
12-17 10:38:03.056   788  1007 W RILQ    : (0/788): RIL[0][event] qcril_data_cleanup_call_state: clean up local info tbl, index [0], cid [0]
12-17 10:38:03.057   788  1007 W RILQ    : (0/788): RIL[0][event] qcril_data_cleanup_call_state: releasing dsi_hndl [0xb89cbef8]
12-17 10:38:03.057   788  1007 W RILQ    : (0/788): RIL[0][event] qcril_data_cleanup_call_state: releasing qmi_wds_hndl [0x350100]
12-17 10:38:03.057  3104  3191 D RILJ    : [4602]< DEACTIVATE_DATA_CALL  [SUB0]
12-17 10:38:03.057  3104  3204 D DC-2    : DcDisconnectingState msg.what=EVENT_DEACTIVATE_DONE RefCount=0
12-17 10:38:03.058   788  1007 W RILQ    : (0/788): RIL[0][event] qcril_data_cleanup_call_state: releasing QDP profile id [3]
12-17 10:38:03.058   788  1007 W RILQ    : (0/788): RIL[0][event] qcril_data_cleanup_call_state: releasing QDP profile id [51]
12-17 10:38:03.058  3104  3191 D RILJ    : responseDataCallList ver=11 num=0 [SUB0]
12-17 10:38:03.059  3104  3191 D RILJ    : [UNSL]< UNSOL_DATA_CALL_LIST_CHANGED [] [SUB0]
12-17 10:38:03.059  3104  3104 D DCT     : [0]handleMessage msg={ when=-1ms what=270340 obj=android.os.AsyncResult@917787a target=com.android.internal.telephony.dataconnection.DcTracker }
12-17 10:38:03.059  3104  3104 E DATA    : Unidentified event msg={ when=-1ms what=270340 obj=android.os.AsyncResult@917787a target=com.android.internal.telephony.dataconnection.DcTracker }
12-17 10:38:03.060  3104  3204 D DC-2    : DcInactiveState: setEnterNoticationParams dp
12-17 10:38:03.060  3104  3204 D DC-2    : DcInactiveState: enter() mTag=5
12-17 10:38:03.060  3104  3204 D DC-2    : DcInactiveState: enter notifyDisconnectCompleted +ALL failCause=NONE
12-17 10:38:03.060  3104  3204 D DC-2    : NotifyDisconnectCompleted
12-17 10:38:03.060  3104  3204 D DCT     : [ApnContext:default] set reason as connected,current state CONNECTED
12-17 10:38:03.061  3104  3204 D DC-2    : msg={ when=-18m35s121ms what=270351 obj={mApnType=default mState=CONNECTED mWaitingApns={[[ApnSettingV3] Airtel GPRS (40445), 940, 40445, airtelgprs.com, , , , , , -1, default | supl | agps | fota | dun, IP, IP, true, 0, 0, -1, false, 0, 0, 0, 0, , , -1, 0, 0, 0]} mWaitingApnsPermanentFailureCountDown=1 mApnSetting={[ApnSettingV3] Airtel GPRS (40445), 940, 40445, airtelgprs.com, , , , , , -1, default | supl | agps | fota | dun, IP, IP, true, 0, 0, -1, false, 0, 0, 0, 0, , , -1, 0, 0, 0} mReason=connected mDataEnabled=false mDependencyMet=true} target=com.android.internal.telephony.dataconnection.DcTracker } msg.obj=<no-reason>
12-17 10:38:03.061  3104  3204 D DC-2    : NotifyDisconnectCompleted DisconnectParams={mTag=4 mApnContext={mApnType=default mState=CONNECTED mWaitingApns={[[ApnSettingV3] Airtel GPRS (40445), 940, 40445, airtelgprs.com, , , , , , -1, default | supl | agps | fota | dun, IP, IP, true, 0, 0, -1, false, 0, 0, 0, 0, , , -1, 0, 0, 0]} mWaitingApnsPermanentFailureCountDown=1 mApnSetting={[ApnSettingV3] Airtel GPRS (40445), 940, 40445, airtelgprs.com, , , , , , -1, default | supl | agps | fota | dun, IP, IP, true, 0, 0, -1, false, 0, 0, 0, 0, , , -1, 0, 0, 0} mReason=connected mDataEnabled=false mDependencyMet=true} mReason=connected mOnCompletedMsg=null}
12-17 10:38:03.061  3104  3204 D DC-2    : clearSettings
12-17 10:38:03.061  3104  3204 D Dcc     : onDataStateChanged: dcsList=[] mDcListActiveByCid={}
12-17 10:38:03.062  3104  3204 D Dcc     : onDataStateChanged: mDcListAll=[{DC-1: State=DcInactiveState mApnSetting=null RefCount=0 mCid=-1 mCreateTime=-1 mLastastFailTime=-1 mLastFailCause=NONE mTag=3 mRetryManager=RetryManager: { forever=false maxRetry=6 curMaxRetry=6 retry=0 config={default_randomization=2000,max_retries=infinite,1000,1000,80000,125000,485000,905000} retryArray={1000:2000 1000:2000 80000:2000 125000:2000 485000:2000 905000:2000 }} mLinkProperties={LinkAddresses: []  Routes: [] DnsAddresses: [] Domains: null MTU: 0 TcpBufferSizes: 131072,262144,2441216,4096,16384,399360} linkCapabilities=[ Transports: CELLULAR Capabilities: NOT_RESTRICTED&TRUSTED&NOT_VPN LinkUpBandwidth>=11264Kbps LinkDnBandwidth>=43008Kbps Specifier: <1>] mApnContexts=[]}, {DC-2: State=DcInactiveState mApnSetting=null RefCount=0 mCid=-1 mCreateTime=-1 mLastastFailTime=-1 mLastFailCause=NONE mTag=5 mRetryManager=RetryManager: { forever=false maxRetry=6 curMaxRetry=6 retry=0 config={default_randomization=2000,max_retries=infinite,1000,1000,80000,125000,485000,905000} retryArray={1000:2000 1000:2000 80000:2000 125000:2000 485000:2000 905000:2000 }} mLinkProperties={LinkAddresses: []  Routes: [] DnsAddresses: [] Domains: null MTU: 0} linkCapabilities=[ Transports: CELLULAR Capabilities: NOT_RESTRICTED&TRUSTED&NOT_VPN LinkUpBandwidth>=11264Kbps LinkDnBandwidth>=43008Kbps Specifier: <1>] mApnContexts=[]}]
12-17 10:38:03.062  3104  3204 D Dcc     : onDataStateChanged: dcsToRetry=[]
12-17 10:38:03.062  3104  3204 D Dcc     : onDataStateChanged: Data Activity updated to NONE. isAnyDataCallActive = false isAnyDataCallDormant = false
12-17 10:38:03.062  3104  3204 D Dcc     : onDataStateChanged: dcsToRetry=[] apnsToCleanup=[]
12-17 10:38:03.062  3104  3204 D Dcc     : onDataStateChanged: X
12-17 10:38:03.062   788  1007 W RILQ    : (0/788): RIL[0][event] qcril_data_cleanup_call_state: EXIT with succ
12-17 10:38:03.062   788  1007 W RILQ    : (0/788): RIL[0][event] qcril_data_event_hdlr: qcril_data_event_hdlr: EXIT with suc
12-17 10:38:03.062  3104  3104 D DCT     : [0]handleMessage msg={ when=-2ms what=270351 obj=android.os.AsyncResult@e0fa82b target=com.android.internal.telephony.dataconnection.DcTracker }
12-17 10:38:03.062   788  1007 W RILQ    : (0/788): RIL[0][event] qcril_event_main: Waiting...
12-17 10:38:03.062  3104  3104 D DCT     : [0]DataConnectionTracker.handleMessage: EVENT_DISCONNECT_DONE msg={ when=-2ms what=270351 obj=android.os.AsyncResult@e0fa82b target=com.android.internal.telephony.dataconnection.DcTracker }
12-17 10:38:03.063   788   872 W RILQ    : (0/788): RIL[0][main] qcril_cancel_timed_callback: Cancel timer with ID 376
12-17 10:38:03.063  3104  3104 D DCT     : [0]onDisconnectDone: EVENT_DISCONNECT_DONE apnContext={mApnType=default mState=CONNECTED mWaitingApns={[[ApnSettingV3] Airtel GPRS (40445), 940, 40445, airtelgprs.com, , , , , , -1, default | supl | agps | fota | dun, IP, IP, true, 0, 0, -1, false, 0, 0, 0, 0, , , -1, 0, 0, 0]} mWaitingApnsPermanentFailureCountDown=1 mApnSetting={[ApnSettingV3] Airtel GPRS (40445), 940, 40445, airtelgprs.com, , , , , , -1, default | supl | agps | fota | dun, IP, IP, true, 0, 0, -1, false, 0, 0, 0, 0, , , -1, 0, 0, 0} mReason=connected mDataEnabled=false mDependencyMet=true}
12-17 10:38:03.063  3104  3104 D DCT     : [ApnContext:default] setState: IDLE, previous state:CONNECTED
12-17 10:38:03.063   788   872 W RILQ    : (0/788): RIL[0][main] qcril_send_unsol_response_epilog: UI <--- RIL_UNSOL_RESPONSE_NETWORK_STATE_CHANGED (1002) --- RIL [RID 0, Len 0, (null)]
12-17 10:38:03.063   788   872 W RILQ    : (0/788): RIL[0][main] qcril_qmi_nas_fetch_mode_pref: mode preference 28
12-17 10:38:03.063   788   872 W RILQ    : (0/788): RIL[0][main] qcril_qmi_get_pref_data_tech: is_current 0
12-17 10:38:03.063   788   872 W RILQ    : (0/788): RIL[0][main] qcril_qmi_get_pref_data_tech: before translation : pref_data_tech INVALID
12-17 10:38:03.063   788   872 W RILQ    : (0/788): RIL[0][main] qcril_qmi_get_pref_data_tech: after translation : pref_data_tech INVALID technology 0
12-17 10:38:03.063   788   872 W RILQ    : (0/788): RIL[0][main] qcril_qmi_convert_rte_to_radio_technology: radio technlogy 3 for rte 3
12-17 10:38:03.064  3104  3191 D RILJ    : [UNSL]< UNSOL_RESPONSE_VOICE_NETWORK_STATE_CHANGED [SUB0]
12-17 10:38:03.064  3104  3104 D DCT     : [0]isDataPossible(default): possible=true isDataAllowed=true apnTypePossible=true apnContextisEnabled=false apnContextState()=IDLE
12-17 10:38:03.064  3104  3104 D DCT     : [0]get active apn string for type:default
12-17 10:38:03.064  3104  3104 D DCT     : [ApnContext:default] getApnSetting: apnSetting=[ApnSettingV3] Airtel GPRS (40445), 940, 40445, airtelgprs.com, , , , , , -1, default | supl | agps | fota | dun, IP, IP, true, 0, 0, -1, false, 0, 0, 0, 0, , , -1, 0, 0, 0
12-17 10:38:03.069  3104  3104 D DCT     : [ApnContext:default] setApnSetting: apnSetting=null
12-17 10:38:03.069  3104  3104 D DCT     : [ApnContext:default] setDataConnectionAc: old dcac=DC-2 new dcac=null this={mApnType=default mState=IDLE mWaitingApns={[[ApnSettingV3] Airtel GPRS (40445), 940, 40445, airtelgprs.com, , , , , , -1, default | supl | agps | fota | dun, IP, IP, true, 0, 0, -1, false, 0, 0, 0, 0, , , -1, 0, 0, 0]} mWaitingApnsPermanentFailureCountDown=1 mApnSetting={null} mReason=connected mDataEnabled=false mDependencyMet=true}
12-17 10:38:03.069  3104  3104 D DCT     : [0]isOnlySingleDcAllowed(15): false
12-17 10:38:03.069  3104  3104 D DCT     : [0]onDisconnectDone: not retrying
12-17 10:38:03.069  3104  3104 D DCT     : [0]notifyDataDisconnectComplete
12-17 10:38:03.069  3104  3104 D RILJ    : [4611]> OPERATOR [SUB0]
12-17 10:38:03.071  3104  3104 D RILJ    : [4612]> DATA_REGISTRATION_STATE [SUB0]
12-17 10:38:03.071   788   872 W RILQ    : (0/788): RIL[0][main] onRequest: UI --- RIL_REQUEST_OPERATOR (22) ---> RIL [RID 0, token id 963, data len 0]
12-17 10:38:03.071   788   872 W RILQ    : (0/788): RIL[0][main] onRequest: data stream received from telephony
12-17 10:38:03.071   788   872 W RILQ    : (0/788): RIL[0][main] onRequest: android request id 22
12-17 10:38:03.071   788   872 W RILQ    : (0/788): RIL[0][main] onRequest: handling caps 40200010 hex
12-17 10:38:03.072   788   872 W RILQ    : (0/788): RIL[0][main] qmi_ril_fw_create_android_live_params_copy: a-r-id 22, a-data 0x0, a-data-len 0
12-17 10:38:03.072   788   872 W RILQ    : (0/788): RIL[0][main] onRequest: method 3, datalen 0
12-17 10:38:03.072   788   872 W RILQ    : (0/788): RIL[0][main] onRequest: clean family 0
12-17 10:38:03.072   788   872 W RILQ    : (0/788): RIL[0][main] onRequest: already waiting for exec 0
12-17 10:38:03.072   788   872 W RILQ    : (0/788): RIL[0][main] onRequest: android_request_param_holder b8985e40 hex
12-17 10:38:03.072   788   872 W RILQ    : (0/788): RIL[0][main] onRequest: pending req kind 0x0 hex, awaitingexec req kind 0x0 hex
12-17 10:38:03.072   788   872 W RILQ    : (0/788): RIL[0][main] onRequest: token under exec 963
12-17 10:38:03.072   788   872 W RILQ    : (0/788): RIL[0][main] onRequest: pre-exec token id 963, a-r-id 22, audit 0, nrender 0
12-17 10:38:03.072   788   872 W RILQ    : (0/788): RIL[0][main] qmi_ril_fw_android_request_render_execution: rendering exec for token id 963
12-17 10:38:03.072   788   872 W RILQ    : (0/788): RIL[0][main] qmi_ril_fw_create_android_live_params_copy: a-r-id 22, a-data 0x0, a-data-len 0
12-17 10:38:03.073   788   872 W RILQ    : (0/788): RIL[0][main] qmi_ril_fw_android_request_render_execution: routed to dedicated thrd status 0
12-17 10:38:03.073   788   872 W RILQ    : (0/788): RIL[0][main] onRequest: dispatch outcome = 0
12-17 10:38:03.073  3104  3104 D RILJ    : [4613]> VOICE_REGISTRATION_STATE [SUB0]
12-17 10:38:03.073   788   872 W RILQ    : (0/788): RIL[0][main] onRequest: UI --- RIL_REQUEST_DATA_REGISTRATION_STATE (21) ---> RIL [RID 0, token id 964, data len 0]
12-17 10:38:03.073   788   872 W RILQ    : (0/788): RIL[0][main] onRequest: data stream received from telephony
12-17 10:38:03.073   788   872 W RILQ    : (0/788): RIL[0][main] onRequest: android request id 21
12-17 10:38:03.073   788   872 W RILQ    : (0/788): RIL[0][main] onRequest: handling caps 40200010 hex
12-17 10:38:03.073   788   872 W RILQ    : (0/788): RIL[0][main] qmi_ril_fw_create_android_live_params_copy: a-r-id 21, a-data 0x0, a-data-len 0
12-17 10:38:03.074   788   872 W RILQ    : (0/788): RIL[0][main] onRequest: method 3, datalen 0
12-17 10:38:03.074   788   872 W RILQ    : (0/788): RIL[0][main] onRequest: clean family 0
12-17 10:38:03.074   788   872 W RILQ    : (0/788): RIL[0][main] onRequest: already waiting for exec 0
12-17 10:38:03.074   788   872 W RILQ    : (0/788): RIL[0][main] onRequest: android_request_param_holder b8985d38 hex
12-17 10:38:03.074   788   872 W RILQ    : (0/788): RIL[0][main] onRequest: pending req kind 0x0 hex, awaitingexec req kind 0x0 hex
12-17 10:38:03.074   788   872 W RILQ    : (0/788): RIL[0][main] onRequest: token under exec 964
12-17 10:38:03.074   788   872 W RILQ    : (0/788): RIL[0][main] onRequest: pre-exec token id 964, a-r-id 21, audit 0, nrender 0
12-17 10:38:03.074   788   872 W RILQ    : (0/788): RIL[0][main] qmi_ril_fw_android_request_render_execution: rendering exec for token id 964
12-17 10:38:03.074  3104  3104 D RILJ    : [4614]> QUERY_NETWORK_SELECTION_MODE [SUB0]
12-17 10:38:03.074   788   872 W RILQ    : (0/788): RIL[0][main] qmi_ril_fw_create_android_live_params_copy: a-r-id 21, a-data 0x0, a-data-len 0
12-17 10:38:03.074   788   872 W RILQ    : (0/788): RIL[0][main] qmi_ril_fw_android_request_render_execution: routed to dedicated thrd status 0
12-17 10:38:03.074   788   872 W RILQ    : (0/788): RIL[0][main] onRequest: dispatch outcome = 0
12-17 10:38:03.075   788 29760 W RILQ    : (0/788): RIL[0][cmd-21(168)] qcril_qmi_get_pref_data_tech: is_current 0
12-17 10:38:03.075   788   872 W RILQ    : (0/788): RIL[0][main] onRequest: UI --- RIL_REQUEST_REGISTRATION_STATE (20) ---> RIL [RID 0, token id 965, data len 0]
12-17 10:38:03.075   788   872 W RILQ    : (0/788): RIL[0][main] onRequest: data stream received from telephony
12-17 10:38:03.075   788   872 W RILQ    : (0/788): RIL[0][main] onRequest: android request id 20
12-17 10:38:03.075   788   872 W RILQ    : (0/788): RIL[0][main] onRequest: handling caps 40200010 hex
12-17 10:38:03.075   788   872 W RILQ    : (0/788): RIL[0][main] qmi_ril_fw_create_android_live_params_copy: a-r-id 20, a-data 0x0, a-data-len 0
12-17 10:38:03.075   788   872 W RILQ    : (0/788): RIL[0][main] onRequest: method 3, datalen 0
12-17 10:38:03.075   788   872 W RILQ    : (0/788): RIL[0][main] onRequest: clean family 0
12-17 10:38:03.075   788   872 W RILQ    : (0/788): RIL[0][main] onRequest: already waiting for exec 0
12-17 10:38:03.075   788   872 W RILQ    : (0/788): RIL[0][main] onRequest: android_request_param_holder b8985c30 hex
12-17 10:38:03.075   788   872 W RILQ    : (0/788): RIL[0][main] onRequest: pending req kind 0x0 hex, awaitingexec req kind 0x0 hex
12-17 10:38:03.076   788   872 W RILQ    : (0/788): RIL[0][main] onRequest: token under exec 965
12-17 10:38:03.076   788   872 W RILQ    : (0/788): RIL[0][main] onRequest: pre-exec token id 965, a-r-id 20, audit 0, nrender 0
12-17 10:38:03.077   788   872 W RILQ    : (0/788): RIL[0][main] qmi_ril_fw_android_request_render_execution: rendering exec for token id 965
12-17 10:38:03.077   788   872 W RILQ    : (0/788): RIL[0][main] qmi_ril_fw_create_android_live_params_copy: a-r-id 20, a-data 0x0, a-data-len 0
12-17 10:38:03.077   788   872 W RILQ    : (0/788): RIL[0][main] qmi_ril_fw_android_request_render_execution: routed to dedicated thrd status 0
12-17 10:38:03.078   788   872 W RILQ    : (0/788): RIL[0][main] onRequest: dispatch outcome = 0
12-17 10:38:03.078   788 29760 W RILQ    : (0/788): RIL[0][cmd-21(168)] qcril_qmi_get_pref_data_tech: before translation : pref_data_tech INVALID
12-17 10:38:03.078   788 29760 W RILQ    : (0/788): RIL[0][cmd-21(168)] qcril_qmi_get_pref_data_tech: after translation : pref_data_tech INVALID technology 0
12-17 10:38:03.079   788   872 W RILQ    : (0/788): RIL[0][main] onRequest: UI --- RIL_REQUEST_QUERY_NETWORK_SELECTION_MODE (45) ---> RIL [RID 0, token id 966, data len 0]
12-17 10:38:03.083   788   872 W RILQ    : (0/788): RIL[0][main] onRequest: data stream received from telephony
12-17 10:38:03.083   788   872 W RILQ    : (0/788): RIL[0][main] onRequest: android request id 45
12-17 10:38:03.083   788   872 W RILQ    : (0/788): RIL[0][main] onRequest: handling caps 40200010 hex
12-17 10:38:03.083   788   872 W RILQ    : (0/788): RIL[0][main] qmi_ril_fw_create_android_live_params_copy: a-r-id 45, a-data 0x0, a-data-len 0
12-17 10:38:03.083   788   872 W RILQ    : (0/788): RIL[0][main] onRequest: method 3, datalen 0
12-17 10:38:03.083   788   872 W RILQ    : (0/788): RIL[0][main] onRequest: clean family 0
12-17 10:38:03.083   788   872 W RILQ    : (0/788): RIL[0][main] onRequest: already waiting for exec 0
12-17 10:38:03.083   788   872 W RILQ    : (0/788): RIL[0][main] onRequest: android_request_param_holder b898aaa8 hex
12-17 10:38:03.083   788   872 W RILQ    : (0/788): RIL[0][main] onRequest: pending req kind 0x0 hex, awaitingexec req kind 0x0 hex
12-17 10:38:03.083   788   872 W RILQ    : (0/788): RIL[0][main] onRequest: token under exec 966
12-17 10:38:03.084   788   872 W RILQ    : (0/788): RIL[0][main] onRequest: pre-exec token id 966, a-r-id 45, audit 0, nrender 0
12-17 10:38:03.084   788   872 W RILQ    : (0/788): RIL[0][main] qmi_ril_fw_android_request_render_execution: rendering exec for token id 966
12-17 10:38:03.084   788   872 W RILQ    : (0/788): RIL[0][main] qmi_ril_fw_create_android_live_params_copy: a-r-id 45, a-data 0x0, a-data-len 0
12-17 10:38:03.084   788   872 W RILQ    : (0/788): RIL[0][main] qmi_ril_fw_android_request_render_execution: routed to dedicated thrd status 0
12-17 10:38:03.084   788   872 W RILQ    : (0/788): RIL[0][main] onRequest: dispatch outcome = 0
12-17 10:38:03.084   788 29760 W RILQ    : (0/788): RIL[0][cmd-21(168)] qcril_qmi_util_retrieve_srv_status: completed with 0
12-17 10:38:03.084   788 29760 W RILQ    : (0/788): RIL[0][cmd-21(168)] qcril_qmi_util_retrieve_srv_status: completed with 2
12-17 10:38:03.085   788 29760 W RILQ    : (0/788): RIL[0][cmd-21(168)] qcril_qmi_util_retrieve_srv_status: completed with 0
12-17 10:38:03.085   788 29760 W RILQ    : (0/788): RIL[0][cmd-21(168)] qcril_qmi_nas_request_data_registration_state: pref_data.is_current = 0
12-17 10:38:03.085   788 29760 W RILQ    : (0/788): RIL[0][cmd-21(168)] qcril_setup_timed_callback: Set timer with ID 380
12-17 10:38:03.086   788 29760 W RILQ    : (0/788): RIL[0][cmd-21(168)] qcril_send_request_response: UI <--- RIL_REQUEST_DATA_REGISTRATION_STATE (21) Complete --- RIL [RID 0, Token id 964, Success, Len 44 ]
12-17 10:38:03.086   788 29760 W RILQ    : (0/788): RIL[0][cmd-21(168)] qmi_ril_fw_send_request_response_epilog: main trd b5c72930, cur trd b4317930
12-17 10:38:03.086   788 29760 W RILQ    : (0/788): RIL[0][cmd-21(168)] qmi_ril_fw_send_request_response_epilog: eq 0, under mn thrd 0
12-17 10:38:03.086   788 29760 W RILQ    : (0/788): RIL[0][cmd-21(168)] qmi_ril_fw_send_request_response_epilog: need protection 1 
12-17 10:38:03.086   788 29760 W RILQ    : (0/788): RIL[0][cmd-21(168)] qmi_ril_fw_send_request_response_epilog: in protected zone
12-17 10:38:03.086   788 29760 W RILQ    : (0/788): RIL[0][cmd-21(168)] qmi_ril_fw_send_request_response_epilog: token under exec 964, completion token id 964
12-17 10:38:03.086   788 29760 W RILQ    : (0/788): RIL[0][cmd-21(168)] qmi_ril_fw_send_request_response_epilog: resp token-id 964, req-id 21(21)
12-17 10:38:03.087  3104  3191 D RILJ    : [4612]< DATA_REGISTRATION_STATE {1, 859c, 01a425ef, 11, null, 20, null, null, null, null, null} [SUB0]
12-17 10:38:03.087  3104  3104 D PHONE   : [ServiceState] setDataRegState=0
12-17 10:38:03.087  3104  3104 D PHONE   : [ServiceState] setDataRadioTechnology=11
12-17 10:38:03.087  3104  3104 D GsmSST  : [GsmSST] 0handlPollStateResultMessage: GsmSST setDataRegState=0 regState=1 dataRadioTechnology=11
12-17 10:38:03.087   788 29760 W RILQ    : (0/788): RIL[0][cmd-21(168)] qmi_ril_fw_send_request_response_epilog: left zone 
12-17 10:38:03.095   788 29759 E use-Rlog/RLOG-RIL-MOTEXT: mothook_oem_ex: header type 0, requestCode 0x0
12-17 10:38:03.095   788 29759 E use-Rlog/RLOG-RIL-MOTEXT: processOemRequestEx >>
12-17 10:38:03.095   788 29759 E use-Rlog/RLOG-RIL-MOTEXT: processOemRequestEx write to rilrequest
12-17 10:38:03.096   788   881 E use-Rlog/RLOG-RIL-MOTEXT: Process request 59, len=8
12-17 10:38:03.096   879   879 E use-Rlog/RLOG-RIL-MOTEXT: Read 8 bytes from pipe
12-17 10:38:03.096   879   879 E use-Rlog/RLOG-RIL-MOTEXT: msg Id is 0x60001, type is 1. 
12-17 10:38:03.096   879   879 E use-Rlog/RLOG-RIL-MOTEXT: Received Generic Hook request 0x10006
12-17 10:38:03.096   879   879 D use-Rlog/RLOG-RIL-MOTEXT: handle generic request, msgID 0x60001. msgLen 0, msgType 0
12-17 10:38:03.096   788 29762 W RILQ    : (0/788): RIL[0][cmd-20(688)] qcril_qmi_util_retrieve_srv_status: completed with 2
12-17 10:38:03.096   788 29759 W RILQ    : (0/788): RIL[0][cmd-22(464)] qcril_send_request_response: UI <--- RIL_REQUEST_OPERATOR (22) Complete --- RIL [RID 0, Token id 963, Success, Len 24 ]
12-17 10:38:03.096   879   879 E use-Rlog/RLOG-RIL-MOTEXT: Dumping modem response for QMI_DATA_PLMN_REQ_V01...
12-17 10:38:03.097   788 29759 W RILQ    : (0/788): RIL[0][cmd-22(464)] qmi_ril_fw_send_request_response_epilog: main trd b5c72930, cur trd b493f930
12-17 10:38:03.097   788 29759 W RILQ    : (0/788): RIL[0][cmd-22(464)] qmi_ril_fw_send_request_response_epilog: eq 0, under mn thrd 0
12-17 10:38:03.097   788 29759 W RILQ    : (0/788): RIL[0][cmd-22(464)] qmi_ril_fw_send_request_response_epilog: need protection 1 
12-17 10:38:03.097   788 29759 W RILQ    : (0/788): RIL[0][cmd-22(464)] qmi_ril_fw_send_request_response_epilog: in protected zone
12-17 10:38:03.097   788 29759 W RILQ    : (0/788): RIL[0][cmd-22(464)] qmi_ril_fw_send_request_response_epilog: token under exec 963, completion token id 963
12-17 10:38:03.097   788 29759 W RILQ    : (0/788): RIL[0][cmd-22(464)] qmi_ril_fw_send_request_response_epilog: resp token-id 963, req-id 22(22)
12-17 10:38:03.097   788 29762 W RILQ    : (0/788): RIL[0][cmd-20(688)] qcril_qmi_nas_request_registration_state: simul_voice_and_data_capability valid 1, value 3
12-17 10:38:03.097   788 29762 W RILQ    : (0/788): RIL[0][cmd-20(688)] qcril_qmi_nas_request_registration_state: reported data technology 11
12-17 10:38:03.097   879   879 E use-Rlog/RLOG-RIL-MOTEXT: HexDump: Data 0000000000000000000000000000000000000000000000000000000000000000000000000000000000000000000000000000000000000000000000000000000000000000000000000000000000000000000000000000000000000000000000000000000000000000000000000000000000000000000000000000000000000000000000000000000000000000000000000000000000000000000000000000000000000000000000000000000000000000000000000000000000000000000000000000000000000000000000000000000000000000000000000000000000000000000000000000000000000000000000000000000000000000000000000000000000000000000000000000000000000000000000000000000000000000000000000000000000000000000000000000000000000000000000000000000000000000000000000000000000000000000000000000000000000000000000000000000000000000000000000000000000000000000000000000000000000000000000000000000000000000000000000000000000000000000000000000000000000000000000000000000000000000000000000000000000000000000000000000000000000000000000000000000000000000000000000000000000000000000000000000000000000000000000000000000000000000000000000
12-17 10:38:03.097   879   879 E use-Rlog/RLOG-RIL-MOTEXT: Child process waiting for data
12-17 10:38:03.097   788 29762 W RILQ    : (0/788): RIL[0][cmd-20(688)] qcril_send_request_response: UI <--- RIL_REQUEST_REGISTRATION_STATE (20) Complete --- RIL [RID 0, Token id 965, Success, Len 60 ]
12-17 10:38:03.097  3104  3191 D RILJ    : [4611]< OPERATOR {airtel, airtel, 40445, , , } [SUB0]
12-17 10:38:03.098   788 29762 W RILQ    : (0/788): RIL[0][cmd-20(688)] qmi_ril_fw_send_request_response_epilog: main trd b5c72930, cur trd b4218930
12-17 10:38:03.098   788 29762 W RILQ    : (0/788): RIL[0][cmd-20(688)] qmi_ril_fw_send_request_response_epilog: eq 0, under mn thrd 0
12-17 10:38:03.098   788 29762 W RILQ    : (0/788): RIL[0][cmd-20(688)] qmi_ril_fw_send_request_response_epilog: need protection 1 
12-17 10:38:03.099   788   881 E use-Rlog/RLOG-RIL-MOTEXT: CommThread Waiting for ril request
12-17 10:38:03.099   788 29759 W RILQ    : (0/788): RIL[0][cmd-22(464)] qmi_ril_fw_send_request_response_epilog: left zone 
12-17 10:38:03.099   788 29762 W RILQ    : (0/788): RIL[0][cmd-20(688)] qmi_ril_fw_send_request_response_epilog: in protected zone
12-17 10:38:03.099   788 29762 W RILQ    : (0/788): RIL[0][cmd-20(688)] qmi_ril_fw_send_request_response_epilog: token under exec 965, completion token id 965
12-17 10:38:03.099   788 29762 W RILQ    : (0/788): RIL[0][cmd-20(688)] qmi_ril_fw_send_request_response_epilog: resp token-id 965, req-id 20(20)
12-17 10:38:03.100  3104  3191 D RILJ    : [4613]< VOICE_REGISTRATION_STATE {1, 859c, 01a425ef, 3, null, null, null, 0, null, null, 1, null, null, 0, 196} [SUB0]
12-17 10:38:03.100  3104  3104 D PHONE   : [ServiceState] setVoiceRilRegState=1
12-17 10:38:03.100  3104  3104 D PHONE   : [ServiceState] setVoiceRegState=0
12-17 10:38:03.100  3104  3104 E PHONE   : [ServiceState] setState deprecated use setVoiceRegState()
12-17 10:38:03.100   788 29763 W RILQ    : (0/788): RIL[0][cmd-45(208)] qcril_send_request_response: UI <--- RIL_REQUEST_QUERY_NETWORK_SELECTION_MODE (45) Complete --- RIL [RID 0, Token id 966, Success, Len 4 ]
12-17 10:38:03.100   788 29763 W RILQ    : (0/788): RIL[0][cmd-45(208)] qmi_ril_fw_send_request_response_epilog: main trd b5c72930, cur trd b4119930
12-17 10:38:03.100   788 29763 W RILQ    : (0/788): RIL[0][cmd-45(208)] qmi_ril_fw_send_request_response_epilog: eq 0, under mn thrd 0
12-17 10:38:03.100   788 29763 W RILQ    : (0/788): RIL[0][cmd-45(208)] qmi_ril_fw_send_request_response_epilog: need protection 1 
12-17 10:38:03.100   788 29762 W RILQ    : (0/788): RIL[0][cmd-20(688)] qmi_ril_fw_send_request_response_epilog: left zone 
12-17 10:38:03.100   788 29763 W RILQ    : (0/788): RIL[0][cmd-45(208)] qmi_ril_fw_send_request_response_epilog: in protected zone
12-17 10:38:03.100   788 29763 W RILQ    : (0/788): RIL[0][cmd-45(208)] qmi_ril_fw_send_request_response_epilog: token under exec 966, completion token id 966
12-17 10:38:03.101   788 29763 W RILQ    : (0/788): RIL[0][cmd-45(208)] qmi_ril_fw_send_request_response_epilog: resp token-id 966, req-id 45(45)
12-17 10:38:03.101  3104  3191 D RILJ    : [4614]< QUERY_NETWORK_SELECTION_MODE {0} [SUB0]
12-17 10:38:03.101   788 29763 W RILQ    : (0/788): RIL[0][cmd-45(208)] qmi_ril_fw_send_request_response_epilog: left zone 
12-17 10:38:03.103  3104  3104 D GsmSST  : [GsmSST] 0handleSIB5LackIssue: no cell location change and config is 'on'
12-17 10:38:03.103  3104  3104 D GsmSST  : [GsmSST] 0handleSIB5LackIssue: use mRilRadioTechnology(15) to replace mNewRilRadioTechnology(11)
12-17 10:38:03.103  3104  3104 D PHONE   : [ServiceState] setDataRadioTechnology=15
12-17 10:38:03.103  3104  3104 D GsmSST  : [GsmSST] 0Poll ServiceState done:  oldSS=[0 0 voice home data home airtel airtel 40445 airtel airtel 40445  UMTS HSPAP CSS not supported -1 -1 RoamInd=-1 DefRoamInd=-1 EmergOnly=false IsDataRoamingFromRegistration=false] newSS=[0 0 voice home data home airtel airtel 40445 airtel airtel 40445  UMTS HSPAP CSS not supported -1 -1 RoamInd=-1 DefRoamInd=-1 EmergOnly=false IsDataRoamingFromRegistration=false] oldMaxDataCalls=20 mNewMaxDataCalls=20 oldReasonDataDenied=-1 realOldType=HSPA realNewType=HSPA mNewReasonDataDenied=-1
12-17 10:38:03.103  3104  3104 D PHONE   : [ServiceState] setNullState=1
12-17 10:38:03.786   788  2063 W RILQ    : (0/788): RIL[0][qmi_cb] qcril_event_queue: RID 0 MID 0 Queued event QCRIL_EVT_QMI_NAS_HANDLE_INDICATIONS (20 bytes)(obj 0xb89cf9f8)
12-17 10:38:03.786   788  1007 W RILQ    : (0/788): RIL[0][event] qcril_event_main: 1 items on queue
12-17 10:38:03.786   788  1007 W RILQ    : (0/788): RIL[0][event] qcril_event_main: RID 0 MID 0 De-queued event QCRIL_EVT_QMI_NAS_HANDLE_INDICATIONS (655385)(obj 0xb89cf9f8)
12-17 10:38:03.786   788  1007 W RILQ    : (0/788): RIL[0][event] qcril_process_event: RIL <--- QCRIL_EVT_QMI_NAS_HANDLE_INDICATIONS(655385), RID 0, MID 0 --- AMSS
12-17 10:38:03.788   788  1007 W RILQ    : (0/788): RIL[0][event] qcril_send_unsol_response_epilog: UI <--- RIL_UNSOL_SIGNAL_STRENGTH (1009) --- RIL [RID 0, Len 56, (null)]
12-17 10:38:03.788   788  1007 W RILQ    : (0/788): RIL[0][event] qcril_event_main: Waiting...
12-17 10:38:03.788  3104  3104 D DefaultPhoneNotifier: notifySignalStrength: mRegistry=com.android.internal.telephony.ITelephonyRegistry$Stub$Proxy@3cee094 ss=SignalStrength: 20 0 -120 -160 -120 -1 -1 99 2147483647 2147483647 2147483647 2147483647 2147483647 gsm|lte sender=Handler (com.android.internal.telephony.gsm.GSMPhone) {68c6c93}
12-17 10:38:04.275  3104  3126 D SubscriptionController: [getSubId]- numSubIds == 0, return DummySubIds slotIdx=1
12-17 10:38:04.275  3104  3126 D SubscriptionController: [getPhoneId]- invalid subId return=-1
12-17 10:38:04.352  3104 14573 D SubscriptionController: [getSubId]- numSubIds == 0, return DummySubIds slotIdx=1
12-17 10:38:04.352  3104 14573 D SubscriptionController: [getPhoneId]- invalid subId return=-1
12-17 10:38:05.128   788  2063 W RILQ    : (0/788): RIL[0][qmi_cb] qcril_event_queue: RID 0 MID 0 Queued event QCRIL_EVT_QMI_NAS_HANDLE_INDICATIONS (20 bytes)(obj 0xb89cfa78)
12-17 10:38:05.128   788  1007 W RILQ    : (0/788): RIL[0][event] qcril_event_main: 1 items on queue
12-17 10:38:05.128   788  1007 W RILQ    : (0/788): RIL[0][event] qcril_event_main: RID 0 MID 0 De-queued event QCRIL_EVT_QMI_NAS_HANDLE_INDICATIONS (655385)(obj 0xb89cfa78)
12-17 10:38:05.128   788  1007 W RILQ    : (0/788): RIL[0][event] qcril_process_event: RIL <--- QCRIL_EVT_QMI_NAS_HANDLE_INDICATIONS(655385), RID 0, MID 0 --- AMSS
12-17 10:38:05.129   788  1007 W RILQ    : (0/788): RIL[0][event] qcril_qmi_nas_sys_info_ind_conv_qmi2ril: limit_sys_info=0
12-17 10:38:05.129   788  1007 W RILQ    : (0/788): RIL[0][event] qcril_qmi_get_pref_data_tech: is_current 0
12-17 10:38:05.129   788  1007 W RILQ    : (0/788): RIL[0][event] qcril_qmi_get_pref_data_tech: before translation : pref_data_tech INVALID
12-17 10:38:05.129   788  1007 W RILQ    : (0/788): RIL[0][event] qcril_qmi_get_pref_data_tech: after translation : pref_data_tech INVALID technology 0
12-17 10:38:05.129   788  1007 W RILQ    : (0/788): RIL[0][event] qcril_qmi_nas_sys_info_ind_conv_qmi2ril: ... network_state_updated = 1, data_nw_state_changed = 1
12-17 10:38:05.129   788  1007 W RILQ    : (0/788): RIL[0][event] qcril_qmi_util_retrieve_srv_status: completed with 0
12-17 10:38:05.129   788  1007 W RILQ    : (0/788): RIL[0][event] qcril_qmi_util_retrieve_srv_status: completed with 2
12-17 10:38:05.130   788  1007 W RILQ    : (0/788): RIL[0][event] qcril_qmi_util_retrieve_srv_status: completed with 0
12-17 10:38:05.130   788  1007 W RILQ    : (0/788): RIL[0][event] qcril_qmi_get_pref_data_tech: is_current 0
12-17 10:38:05.130   788  1007 W RILQ    : (0/788): RIL[0][event] qcril_qmi_get_pref_data_tech: before translation : pref_data_tech INVALID
12-17 10:38:05.130   788  1007 W RILQ    : (0/788): RIL[0][event] qcril_qmi_get_pref_data_tech: after translation : pref_data_tech INVALID technology 0
12-17 10:38:05.130   788  1007 W RILQ    : (0/788): RIL[0][event] qcril_qmi_util_retrieve_srv_status: completed with 0
12-17 10:38:05.131   788  1007 W RILQ    : (0/788): RIL[0][event] qcril_qmi_util_retrieve_srv_status: completed with 2
12-17 10:38:05.131   788  1007 W RILQ    : (0/788): RIL[0][event] qcril_qmi_util_retrieve_srv_status: completed with 0
12-17 10:38:05.131   788  1007 W RILQ    : (0/788): RIL[0][event] qcril_qmi_nas_update_data_rte: completed, new drte 3 with confidence 1
12-17 10:38:05.131   788  1007 W RILQ    : (0/788): RIL[0][event] qcril_qmi_util_retrieve_srv_status: completed with 0
12-17 10:38:05.131   788  1007 W RILQ    : (0/788): RIL[0][event] qcril_qmi_util_retrieve_srv_status: completed with 2
12-17 10:38:05.132   788  1007 W RILQ    : (0/788): RIL[0][event] qcril_qmi_util_retrieve_srv_status: completed with 0
12-17 10:38:05.132   788  1007 W RILQ    : (0/788): RIL[0][event] qcril_qmi_util_retrieve_srv_status: completed with 0
12-17 10:38:05.132   788  1007 W RILQ    : (0/788): RIL[0][event] qcril_qmi_util_retrieve_srv_status: completed with 2
12-17 10:38:05.133   788  1007 W RILQ    : (0/788): RIL[0][event] qcril_qmi_util_retrieve_srv_status: completed with 0
12-17 10:38:05.133   788  1007 W RILQ    : (0/788): RIL[0][event] qcril_send_unsol_response_epilog: UI <--- RIL_UNSOL_OEM_HOOK_RAW (1028) --- RIL [RID 0, Len 17, (null)]
12-17 10:38:05.134  3104  3191 V RILJ    : [UNSL]< UNSOL_OEM_HOOK_RAW 514f454d484f4f4bef0308000100000003 [SUB0]
12-17 10:38:05.134  3104  3191 D RILJ    : Oem ID in RIL_UNSOL_OEM_HOOK_RAW is QOEMHOOK
12-17 10:38:05.134  3104  3191 D RILJ    : OEM ID check Passed
12-17 10:38:05.135  3104  3191 D RILJ    : Response ID in RIL_UNSOL_OEM_HOOK_RAW is 525295
12-17 10:38:05.135  3104  3191 D RILJ    : Response ID 525295 is not served in this process.
12-17 10:38:05.135  3104  3191 D RILJ    : External OEM message, to be notified
12-17 10:38:05.135  3104  3104 D PhoneBase: EVENT_UNSOL_OEM_HOOK_RAW data=514f454d484f4f4bef0308000100000003
12-17 10:38:05.135   788  1007 W RILQ    : (0/788): RIL[0][event] qcril_qmi_util_retrieve_srv_status: completed with 0
12-17 10:38:05.135   788  1007 W RILQ    : (0/788): RIL[0][event] qcril_qmi_util_retrieve_srv_status: completed with 2
12-17 10:38:05.136   788  1007 W RILQ    : (0/788): RIL[0][event] qcril_qmi_util_retrieve_srv_status: completed with 0
12-17 10:38:05.136   788  1007 W RILQ    : (0/788): RIL[0][event] qcril_qmi_util_retrieve_srv_status: completed with 0
12-17 10:38:05.136   788  1007 W RILQ    : (0/788): RIL[0][event] qcril_qmi_util_retrieve_srv_status: completed with 2
12-17 10:38:05.137   788  1007 W RILQ    : (0/788): RIL[0][event] qcril_qmi_util_retrieve_srv_status: completed with 0
12-17 10:38:05.137   788  1007 W RILQ    : (0/788): RIL[0][event] qcril_qmi_nas_sys_info_ind_conv_qmi2ril: ...... network_state_updated = 1, data_nw_state_changed = 1
12-17 10:38:05.138   788  1007 W RILQ    : (0/788): RIL[0][event] qcril_qmi_nas_sys_info_ind_conv_qmi2ril: ......... network_state_updated = 1, data_nw_state_changed = 1
12-17 10:38:05.138   788  1007 W RILQ    : (0/788): RIL[0][event] qcril_send_unsol_response_epilog: UI <--- RIL_UNSOL_RESPONSE_NETWORK_STATE_CHANGED (1002) --- RIL [RID 0, Len 0, (null)]
12-17 10:38:05.138  3104  3191 D RILJ    : [UNSL]< UNSOL_RESPONSE_VOICE_NETWORK_STATE_CHANGED [SUB0]
12-17 10:38:05.138  3104  3104 D RILJ    : [4615]> OPERATOR [SUB0]
12-17 10:38:05.139   788  1007 W RILQ    : (0/788): RIL[0][event] qcril_event_main: Waiting...
12-17 10:38:05.140  3104  3104 D RILJ    : [4616]> DATA_REGISTRATION_STATE [SUB0]
12-17 10:38:05.140   788   872 W RILQ    : (0/788): RIL[0][main] onRequest: UI --- RIL_REQUEST_OPERATOR (22) ---> RIL [RID 0, token id 967, data len 0]
12-17 10:38:05.140   788   872 W RILQ    : (0/788): RIL[0][main] onRequest: data stream received from telephony
12-17 10:38:05.141   788   872 W RILQ    : (0/788): RIL[0][main] onRequest: android request id 22
12-17 10:38:05.141   788   872 W RILQ    : (0/788): RIL[0][main] onRequest: handling caps 40200010 hex
12-17 10:38:05.141   788   872 W RILQ    : (0/788): RIL[0][main] qmi_ril_fw_create_android_live_params_copy: a-r-id 22, a-data 0x0, a-data-len 0
12-17 10:38:05.141   788   872 W RILQ    : (0/788): RIL[0][main] onRequest: method 3, datalen 0
12-17 10:38:05.141   788   872 W RILQ    : (0/788): RIL[0][main] onRequest: clean family 0
12-17 10:38:05.141   788   872 W RILQ    : (0/788): RIL[0][main] onRequest: already waiting for exec 0
12-17 10:38:05.141   788   872 W RILQ    : (0/788): RIL[0][main] onRequest: android_request_param_holder b8985e40 hex
12-17 10:38:05.141   788   872 W RILQ    : (0/788): RIL[0][main] onRequest: pending req kind 0x0 hex, awaitingexec req kind 0x0 hex
12-17 10:38:05.141   788   872 W RILQ    : (0/788): RIL[0][main] onRequest: token under exec 967
12-17 10:38:05.141   788   872 W RILQ    : (0/788): RIL[0][main] onRequest: pre-exec token id 967, a-r-id 22, audit 0, nrender 0
12-17 10:38:05.141   788   872 W RILQ    : (0/788): RIL[0][main] qmi_ril_fw_android_request_render_execution: rendering exec for token id 967
12-17 10:38:05.141   788   872 W RILQ    : (0/788): RIL[0][main] qmi_ril_fw_create_android_live_params_copy: a-r-id 22, a-data 0x0, a-data-len 0
12-17 10:38:05.141  3104  3104 D RILJ    : [4617]> VOICE_REGISTRATION_STATE [SUB0]
12-17 10:38:05.142   788   872 W RILQ    : (0/788): RIL[0][main] qmi_ril_fw_android_request_render_execution: routed to dedicated thrd status 0
12-17 10:38:05.142   788   872 W RILQ    : (0/788): RIL[0][main] onRequest: dispatch outcome = 0
12-17 10:38:05.142   788   872 W RILQ    : (0/788): RIL[0][main] onRequest: UI --- RIL_REQUEST_DATA_REGISTRATION_STATE (21) ---> RIL [RID 0, token id 968, data len 0]
12-17 10:38:05.142   788   872 W RILQ    : (0/788): RIL[0][main] onRequest: data stream received from telephony
12-17 10:38:05.142   788   872 W RILQ    : (0/788): RIL[0][main] onRequest: android request id 21
12-17 10:38:05.142   788   872 W RILQ    : (0/788): RIL[0][main] onRequest: handling caps 40200010 hex
12-17 10:38:05.142   788   872 W RILQ    : (0/788): RIL[0][main] qmi_ril_fw_create_android_live_params_copy: a-r-id 21, a-data 0x0, a-data-len 0
12-17 10:38:05.142   788   872 W RILQ    : (0/788): RIL[0][main] onRequest: method 3, datalen 0
12-17 10:38:05.142   788   872 W RILQ    : (0/788): RIL[0][main] onRequest: clean family 0
12-17 10:38:05.143  3104  3104 D RILJ    : [4618]> QUERY_NETWORK_SELECTION_MODE [SUB0]
12-17 10:38:05.143   788   872 W RILQ    : (0/788): RIL[0][main] onRequest: already waiting for exec 0
12-17 10:38:05.143   788   872 W RILQ    : (0/788): RIL[0][main] onRequest: android_request_param_holder b8985d38 hex
12-17 10:38:05.143   788   872 W RILQ    : (0/788): RIL[0][main] onRequest: pending req kind 0x0 hex, awaitingexec req kind 0x0 hex
12-17 10:38:05.143   788   872 W RILQ    : (0/788): RIL[0][main] onRequest: token under exec 968
12-17 10:38:05.143   788   872 W RILQ    : (0/788): RIL[0][main] onRequest: pre-exec token id 968, a-r-id 21, audit 0, nrender 0
12-17 10:38:05.143   788   872 W RILQ    : (0/788): RIL[0][main] qmi_ril_fw_android_request_render_execution: rendering exec for token id 968
12-17 10:38:05.143   788   872 W RILQ    : (0/788): RIL[0][main] qmi_ril_fw_create_android_live_params_copy: a-r-id 21, a-data 0x0, a-data-len 0
12-17 10:38:05.143   788   872 W RILQ    : (0/788): RIL[0][main] qmi_ril_fw_android_request_render_execution: routed to dedicated thrd status 0
12-17 10:38:05.143   788   872 W RILQ    : (0/788): RIL[0][main] onRequest: dispatch outcome = 0
12-17 10:38:05.143   788   872 W RILQ    : (0/788): RIL[0][main] onRequest: UI --- RIL_REQUEST_REGISTRATION_STATE (20) ---> RIL [RID 0, token id 969, data len 0]
12-17 10:38:05.144   788   872 W RILQ    : (0/788): RIL[0][main] onRequest: data stream received from telephony
12-17 10:38:05.144   788   872 W RILQ    : (0/788): RIL[0][main] onRequest: android request id 20
12-17 10:38:05.144   788   872 W RILQ    : (0/788): RIL[0][main] onRequest: handling caps 40200010 hex
12-17 10:38:05.144   788   872 W RILQ    : (0/788): RIL[0][main] qmi_ril_fw_create_android_live_params_copy: a-r-id 20, a-data 0x0, a-data-len 0
12-17 10:38:05.144   788 29871 W RILQ    : (0/788): RIL[0][cmd-22(464)] qcril_qmi_util_retrieve_srv_status: completed with 0
12-17 10:38:05.144   788 29871 W RILQ    : (0/788): RIL[0][cmd-22(464)] qcril_qmi_util_retrieve_srv_status: completed with 2
12-17 10:38:05.145   788 29871 W RILQ    : (0/788): RIL[0][cmd-22(464)] qcril_qmi_util_retrieve_srv_status: completed with 0
12-17 10:38:05.145   788 29871 W RILQ    : (0/788): RIL[0][cmd-22(464)] qcril_qmi_util_retrieve_srv_status: completed with 0
12-17 10:38:05.145   788 29871 W RILQ    : (0/788): RIL[0][cmd-22(464)] qcril_qmi_util_retrieve_srv_status: completed with 2
12-17 10:38:05.146   788 29871 W RILQ    : (0/788): RIL[0][cmd-22(464)] qcril_qmi_util_retrieve_srv_status: completed with 0
12-17 10:38:05.146   788   872 W RILQ    : (0/788): RIL[0][main] onRequest: method 3, datalen 0
12-17 10:38:05.147   788   872 W RILQ    : (0/788): RIL[0][main] onRequest: clean family 0
12-17 10:38:05.147   788   872 W RILQ    : (0/788): RIL[0][main] onRequest: already waiting for exec 0
12-17 10:38:05.147   788   872 W RILQ    : (0/788): RIL[0][main] onRequest: android_request_param_holder b8985c30 hex
12-17 10:38:05.147   788   872 W RILQ    : (0/788): RIL[0][main] onRequest: pending req kind 0x0 hex, awaitingexec req kind 0x0 hex
12-17 10:38:05.147   788   872 W RILQ    : (0/788): RIL[0][main] onRequest: token under exec 969
12-17 10:38:05.147   788   872 W RILQ    : (0/788): RIL[0][main] onRequest: pre-exec token id 969, a-r-id 20, audit 0, nrender 0
12-17 10:38:05.147   788   872 W RILQ    : (0/788): RIL[0][main] qmi_ril_fw_android_request_render_execution: rendering exec for token id 969
12-17 10:38:05.147   788   872 W RILQ    : (0/788): RIL[0][main] qmi_ril_fw_create_android_live_params_copy: a-r-id 20, a-data 0x0, a-data-len 0
12-17 10:38:05.149   788   872 W RILQ    : (0/788): RIL[0][main] qmi_ril_fw_android_request_render_execution: routed to dedicated thrd status 0
12-17 10:38:05.149   788   872 W RILQ    : (0/788): RIL[0][main] onRequest: dispatch outcome = 0
12-17 10:38:05.149   788   872 W RILQ    : (0/788): RIL[0][main] onRequest: UI --- RIL_REQUEST_QUERY_NETWORK_SELECTION_MODE (45) ---> RIL [RID 0, token id 970, data len 0]
12-17 10:38:05.149   788   872 W RILQ    : (0/788): RIL[0][main] onRequest: data stream received from telephony
12-17 10:38:05.149   788   872 W RILQ    : (0/788): RIL[0][main] onRequest: android request id 45
12-17 10:38:05.149   788   872 W RILQ    : (0/788): RIL[0][main] onRequest: handling caps 40200010 hex
12-17 10:38:05.149   788   872 W RILQ    : (0/788): RIL[0][main] qmi_ril_fw_create_android_live_params_copy: a-r-id 45, a-data 0x0, a-data-len 0
12-17 10:38:05.149   788   872 W RILQ    : (0/788): RIL[0][main] onRequest: method 3, datalen 0
12-17 10:38:05.149   788   872 W RILQ    : (0/788): RIL[0][main] onRequest: clean family 0
12-17 10:38:05.149   788   872 W RILQ    : (0/788): RIL[0][main] onRequest: already waiting for exec 0
12-17 10:38:05.149   788   872 W RILQ    : (0/788): RIL[0][main] onRequest: android_request_param_holder b898aaa8 hex
12-17 10:38:05.150   788   872 W RILQ    : (0/788): RIL[0][main] onRequest: pending req kind 0x0 hex, awaitingexec req kind 0x0 hex
12-17 10:38:05.150   788   872 W RILQ    : (0/788): RIL[0][main] onRequest: token under exec 970
12-17 10:38:05.150   788   872 W RILQ    : (0/788): RIL[0][main] onRequest: pre-exec token id 970, a-r-id 45, audit 0, nrender 0
12-17 10:38:05.150   788   872 W RILQ    : (0/788): RIL[0][main] qmi_ril_fw_android_request_render_execution: rendering exec for token id 970
12-17 10:38:05.150   788   872 W RILQ    : (0/788): RIL[0][main] qmi_ril_fw_create_android_live_params_copy: a-r-id 45, a-data 0x0, a-data-len 0
12-17 10:38:05.150   788   872 W RILQ    : (0/788): RIL[0][main] qmi_ril_fw_android_request_render_execution: routed to dedicated thrd status 0
12-17 10:38:05.151   788   872 W RILQ    : (0/788): RIL[0][main] onRequest: dispatch outcome = 0
12-17 10:38:05.160   788 29871 E use-Rlog/RLOG-RIL-MOTEXT: mothook_oem_ex: header type 0, requestCode 0x0
12-17 10:38:05.160   788 29871 E use-Rlog/RLOG-RIL-MOTEXT: processOemRequestEx >>
12-17 10:38:05.160   788 29871 E use-Rlog/RLOG-RIL-MOTEXT: processOemRequestEx write to rilrequest
12-17 10:38:05.160   788 29871 W RILQ    : (0/788): RIL[0][cmd-22(464)] qcril_send_request_response: UI <--- RIL_REQUEST_OPERATOR (22) Complete --- RIL [RID 0, Token id 967, Success, Len 24 ]
12-17 10:38:05.160   788 29871 W RILQ    : (0/788): RIL[0][cmd-22(464)] qmi_ril_fw_send_request_response_epilog: main trd b5c72930, cur trd b493f930
12-17 10:38:05.160   788 29871 W RILQ    : (0/788): RIL[0][cmd-22(464)] qmi_ril_fw_send_request_response_epilog: eq 0, under mn thrd 0
12-17 10:38:05.160   788 29871 W RILQ    : (0/788): RIL[0][cmd-22(464)] qmi_ril_fw_send_request_response_epilog: need protection 1 
12-17 10:38:05.160   788 29871 W RILQ    : (0/788): RIL[0][cmd-22(464)] qmi_ril_fw_send_request_response_epilog: in protected zone
12-17 10:38:05.160   788 29871 W RILQ    : (0/788): RIL[0][cmd-22(464)] qmi_ril_fw_send_request_response_epilog: token under exec 967, completion token id 967
12-17 10:38:05.160   788 29871 W RILQ    : (0/788): RIL[0][cmd-22(464)] qmi_ril_fw_send_request_response_epilog: resp token-id 967, req-id 22(22)
12-17 10:38:05.161   788 29871 W RILQ    : (0/788): RIL[0][cmd-22(464)] qmi_ril_fw_send_request_response_epilog: left zone 
12-17 10:38:05.161  3104  3191 D RILJ    : [4615]< OPERATOR {airtel, airtel, 40445, , , } [SUB0]
12-17 10:38:05.161   788   881 E use-Rlog/RLOG-RIL-MOTEXT: Process request 59, len=8
12-17 10:38:05.161   788 29872 W RILQ    : (0/788): RIL[0][cmd-21(168)] qcril_qmi_get_pref_data_tech: is_current 0
12-17 10:38:05.161   879   879 E use-Rlog/RLOG-RIL-MOTEXT: Read 8 bytes from pipe
12-17 10:38:05.161   788 29872 W RILQ    : (0/788): RIL[0][cmd-21(168)] qcril_qmi_get_pref_data_tech: before translation : pref_data_tech INVALID
12-17 10:38:05.161   879   879 E use-Rlog/RLOG-RIL-MOTEXT: msg Id is 0x60001, type is 1. 
12-17 10:38:05.161   879   879 E use-Rlog/RLOG-RIL-MOTEXT: Received Generic Hook request 0x10006
12-17 10:38:05.161   788 29872 W RILQ    : (0/788): RIL[0][cmd-21(168)] qcril_qmi_get_pref_data_tech: after translation : pref_data_tech INVALID technology 0
