12-17 10:39:48.464  1937  1937 I chatty  : uid=1000 system_server expire 37 lines
12-17 10:39:49.889  1937  3241 I chatty  : uid=1000(system) Binder_B expire 23 lines
12-17 10:39:50.047  1937  2517 I chatty  : uid=1000(system) Binder_3 expire 46 lines
12-17 10:39:50.095  1937  2442 I chatty  : uid=1000(system) ConnectivitySer expire 12 lines
12-17 10:39:50.153  1937  8646 I chatty  : uid=1000(system) Binder_10 expire 48 lines
12-17 10:39:50.170  1937  3110 I chatty  : uid=1000(system) Binder_9 expire 20 lines
12-17 10:39:50.390  1937  1949 I chatty  : uid=1000(system) Binder_2 expire 36 lines
12-17 10:39:50.803  1937  3093 I chatty  : uid=1000(system) Binder_7 expire 39 lines
12-17 10:39:51.162  1937  1948 I chatty  : uid=1000(system) Binder_1 expire 25 lines
12-17 10:39:51.550  1937  2434 I chatty  : uid=1000(system) NetworkStats expire 30 lines
12-17 10:39:51.970  1937  2470 I chatty  : uid=1000(system) PhotonicModulat expire 164 lines
12-17 10:39:52.946  1937  2425 I chatty  : uid=1000(system) AlarmManager expire 19 lines
12-17 10:39:53.819  1937  2586 I chatty  : uid=1000(system) Binder_5 expire 27 lines
12-17 10:39:55.684  1937  1951 I chatty  : uid=1000(system) android.bg expire 11 lines
12-17 10:39:55.788  1937  3263 I chatty  : uid=1000(system) Binder_C expire 33 lines
12-17 10:40:03.933  1937  2944 I chatty  : uid=1000(system) Binder_6 expire 33 lines
12-17 10:40:03.984  1937  2426 I chatty  : uid=1000(system) InputDispatcher expire 84 lines
12-17 10:40:17.752  1937 31739 I chatty  : uid=1000 system_server expire 5 lines
12-17 10:40:28.773   788   883 E NetlinkListener: recvmsg failed (No buffer space available)
12-17 10:40:28.773  1937  3093 I chatty  : uid=1000(system) Binder_7 expire 63 lines
12-17 10:40:28.986  1937  2434 I chatty  : uid=1000(system) NetworkStats expire 40 lines
12-17 10:40:29.545  1937  2426 I chatty  : uid=1000(system) InputDispatcher expire 88 lines
12-17 10:40:30.765  1937  2535 I chatty  : uid=1000(system) Binder_4 expire 42 lines
12-17 10:40:30.801  1937  3241 I chatty  : uid=1000(system) Binder_B expire 30 lines
12-17 10:40:32.117   363   946 I chatty  : uid=1000(system) EventThread expire 10 lines
12-17 10:40:32.547  1937  2517 I chatty  : uid=1000(system) Binder_3 expire 46 lines
12-17 10:40:32.558  1937  3128 I chatty  : uid=1000(system) Binder_A expire 36 lines
12-17 10:40:32.561  1937  5512 I chatty  : uid=1000(system) Binder_D expire 36 lines
12-17 10:40:32.580  1937  3263 I chatty  : uid=1000(system) Binder_C expire 32 lines
12-17 10:40:33.655   363   363 I chatty  : uid=1000(system) /system/bin/surfaceflinger expire 11 lines
12-17 10:40:34.088  2492  2492 V DeadZone: consuming errant click: (321.0,4.0)
12-17 10:40:36.086  1937  7042 I chatty  : uid=1000(system) Binder_F expire 32 lines
12-17 10:40:36.095  1937  6726 I chatty  : uid=1000(system) Binder_E expire 27 lines
12-17 10:40:36.350  1937  3110 I chatty  : uid=1000(system) Binder_9 expire 46 lines
12-17 10:40:36.392  1937  2586 I chatty  : uid=1000(system) Binder_5 expire 41 lines
12-17 10:40:36.906  1937  1949 I chatty  : uid=1000(system) Binder_2 expire 28 lines
12-17 10:40:36.923  1937  3096 I chatty  : uid=1000(system) Binder_8 expire 25 lines
12-17 10:40:36.930  1937  8646 I chatty  : uid=1000(system) Binder_10 expire 30 lines
12-17 10:40:38.063  1937  1948 I chatty  : uid=1000(system) Binder_1 expire 23 lines
12-17 10:40:38.290  1937  2944 I chatty  : uid=1000(system) Binder_6 expire 16 lines
12-17 10:40:39.619  1937  1983 I chatty  : uid=1000(system) PowerManagerSer expire 242 lines
12-17 10:40:39.636  1937  2470 I chatty  : uid=1000(system) PhotonicModulat expire 59 lines
12-17 10:40:42.666  1937  1973 I chatty  : uid=1000(system) android.display expire 38 lines
12-17 10:40:43.384  1937  1937 I chatty  : uid=1000 system_server expire 16 lines
12-17 10:40:48.129  1937  1951 I chatty  : uid=1000(system) android.bg expire 38 lines
12-17 10:40:55.633   806   908 E NetlinkListener: recvmsg failed (No buffer space available)
12-17 10:40:55.731  1937  6726 I chatty  : uid=1000(system) Binder_E expire 129 lines
12-17 10:40:55.774  1937  5512 I chatty  : uid=1000(system) Binder_D expire 100 lines
12-17 10:40:56.824  1937  2426 I chatty  : uid=1000(system) InputDispatcher expire 240 lines
12-17 10:40:56.848  1937  8646 I chatty  : uid=1000(system) Binder_10 expire 147 lines
12-17 10:40:57.104  1937  2944 I chatty  : uid=1000(system) Binder_6 expire 152 lines
12-17 10:40:57.159  1937  3128 I chatty  : uid=1000(system) Binder_A expire 162 lines
12-17 10:40:57.384  1937  1948 I chatty  : uid=1000(system) Binder_1 expire 110 lines
12-17 10:40:57.637  1937  2517 I chatty  : uid=1000(system) Binder_3 expire 117 lines
12-17 10:40:57.684  1937  7042 I chatty  : uid=1000(system) Binder_F expire 129 lines
12-17 10:40:57.966  1937  1983 I chatty  : uid=1000(system) PowerManagerSer expire 2350 lines
12-17 10:40:57.985  1937  2470 I chatty  : uid=1000(system) PhotonicModulat expire 527 lines
12-17 10:40:58.406  1937  3093 I chatty  : uid=1000(system) Binder_7 expire 130 lines
12-17 10:40:58.461  1937  2586 I chatty  : uid=1000(system) Binder_5 expire 169 lines
12-17 10:40:58.827  1937  2535 I chatty  : uid=1000(system) Binder_4 expire 132 lines
12-17 10:40:58.952  1937  3263 I chatty  : uid=1000(system) Binder_C expire 147 lines
12-17 10:40:59.103  1937  3110 I chatty  : uid=1000(system) Binder_9 expire 149 lines
12-17 10:40:59.455   363   363 I chatty  : uid=1000(system) /system/bin/surfaceflinger expire 45 lines
12-17 10:40:59.726  1937  1949 I chatty  : uid=1000(system) Binder_2 expire 148 lines
12-17 10:41:00.000  1937  2425 I chatty  : uid=1000(system) AlarmManager expire 33 lines
12-17 10:41:00.381  1937  3096 I chatty  : uid=1000(system) Binder_8 expire 116 lines
12-17 10:41:01.647  1937  2434 I chatty  : uid=1000(system) NetworkStats expire 70 lines
12-17 10:41:08.046  1937  3241 I chatty  : uid=1000(system) Binder_B expire 104 lines
12-17 10:41:10.885   363   946 I chatty  : uid=1000(system) EventThread expire 23 lines
12-17 10:41:28.235  1937  1937 I chatty  : uid=1000 system_server expire 51 lines
12-17 10:42:04.873  1937  2068 I chatty  : uid=1000(system) PackageManager expire 25 lines
12-17 10:42:42.289  1937  2437 I chatty  : uid=1000(system) WifiStateMachin expire 10 lines
12-17 10:42:42.700  1937  2427 I chatty  : uid=1000(system) InputReader expire 19 lines
12-17 10:42:48.195  1937  2422 I chatty  : uid=1000(system) UEventObserver expire 8 lines
12-17 10:42:48.760  1311  1311 W KeyphraseEnrollmentInfo: Enrollment application doesn't support keyphrases
12-17 10:42:48.914  1937  7042 I chatty  : uid=1000(system) Binder_F expire 52 lines
12-17 10:42:48.922  1937  5512 I chatty  : uid=1000(system) Binder_D expire 53 lines
12-17 10:42:49.044  1937  2426 I chatty  : uid=1000(system) InputDispatcher expire 48 lines
12-17 10:42:49.052  1937  3110 I chatty  : uid=1000(system) Binder_9 expire 80 lines
12-17 10:42:49.348  1937  2535 I chatty  : uid=1000(system) Binder_4 expire 66 lines
12-17 10:42:49.380  1937  2517 I chatty  : uid=1000(system) Binder_3 expire 83 lines
12-17 10:42:49.557  1937  8646 I chatty  : uid=1000(system) Binder_10 expire 82 lines
12-17 10:42:49.590   363   946 I chatty  : uid=1000(system) EventThread expire 11 lines
12-17 10:42:49.955  1937  3093 I chatty  : uid=1000(system) Binder_7 expire 50 lines
12-17 10:42:49.966  1937  1948 I chatty  : uid=1000(system) Binder_1 expire 82 lines
12-17 10:42:49.973  1937  3096 I chatty  : uid=1000(system) Binder_8 expire 88 lines
12-17 10:42:50.017  1937  3241 I chatty  : uid=1000(system) Binder_B expire 85 lines
12-17 10:42:50.018  1937  1949 I chatty  : uid=1000(system) Binder_2 expire 46 lines
12-17 10:42:50.679  1937  6726 I chatty  : uid=1000(system) Binder_E expire 73 lines
12-17 10:42:50.833  1937  3263 I chatty  : uid=1000(system) Binder_C expire 39 lines
12-17 10:42:50.872  1937  1937 I chatty  : uid=1000 system_server expire 74 lines
12-17 10:42:50.882  1937  2944 I chatty  : uid=1000(system) Binder_6 expire 66 lines
12-17 10:42:51.685   363   363 I chatty  : uid=1000(system) /system/bin/surfaceflinger expire 19 lines
12-17 10:42:53.813  1937  1983 I chatty  : uid=1000(system) PowerManagerSer expire 831 lines
12-17 10:42:53.820  1937  2586 I chatty  : uid=1000(system) Binder_5 expire 56 lines
12-17 10:42:53.843  1937  2470 I chatty  : uid=1000(system) PhotonicModulat expire 196 lines
12-17 10:42:54.029  1937  3128 I chatty  : uid=1000(system) Binder_A expire 56 lines
12-17 10:42:54.786  1937  2442 I chatty  : uid=1000(system) ConnectivitySer expire 30 lines
12-17 10:43:00.000  1937  2425 I chatty  : uid=1000(system) AlarmManager expire 31 lines
12-17 10:43:00.007  1937  1951 I chatty  : uid=1000(system) android.bg expire 29 lines
12-17 10:43:04.852  1937  1955 I chatty  : uid=1000(system) android.ui expire 48 lines
12-17 10:43:06.645  1937  1973 I chatty  : uid=1000(system) android.display expire 50 lines
12-17 10:43:12.920  1937  2434 I chatty  : uid=1000(system) NetworkStats expire 30 lines
12-17 10:43:23.564  1937  1953 I chatty  : uid=1000(system) ActivityManager expire 6 lines
12-17 10:43:32.767   452  2218 E SchedPolicy: sched_setscheduler failed: tid 2218, errno=1
12-17 10:43:32.767   452  2219 E SchedPolicy: sched_setscheduler failed: tid 2219, errno=1
12-17 10:43:32.767   452  2220 E SchedPolicy: sched_setscheduler failed: tid 2220, errno=1
12-17 10:43:32.769   452  2221 E SchedPolicy: sched_setscheduler failed: tid 2221, errno=1
12-17 10:43:32.806  1937  5512 I chatty  : uid=1000(system) Binder_D expire 35 lines
12-17 10:43:32.852  1937  1948 I chatty  : uid=1000(system) Binder_1 expire 76 lines
12-17 10:43:33.268  1937  2517 I chatty  : uid=1000(system) Binder_3 expire 46 lines
12-17 10:43:33.369  1937  2586 I chatty  : uid=1000(system) Binder_5 expire 28 lines
12-17 10:43:33.995  1937  3096 I chatty  : uid=1000(system) Binder_8 expire 23 lines
12-17 10:43:34.620  1937  2535 I chatty  : uid=1000(system) Binder_4 expire 51 lines
12-17 10:43:34.629   363   363 I chatty  : uid=1000(system) /system/bin/surfaceflinger expire 29 lines
12-17 10:43:35.218  1937  3110 I chatty  : uid=1000(system) Binder_9 expire 48 lines
12-17 10:43:35.301  1937  3128 I chatty  : uid=1000(system) Binder_A expire 47 lines
12-17 10:43:35.318  1937  6726 I chatty  : uid=1000(system) Binder_E expire 31 lines
12-17 10:43:35.328  1937  7042 I chatty  : uid=1000(system) Binder_F expire 41 lines
12-17 10:43:35.443   363   946 I chatty  : uid=1000(system) EventThread expire 14 lines
12-17 10:43:36.059  1937  8646 I chatty  : uid=1000(system) Binder_10 expire 16 lines
12-17 10:43:36.224  1937  2944 I chatty  : uid=1000(system) Binder_6 expire 36 lines
12-17 10:43:36.325  1937  3093 I chatty  : uid=1000(system) Binder_7 expire 43 lines
12-17 10:43:39.922  1937  2442 I chatty  : uid=1000(system) ConnectivitySer expire 25 lines
12-17 10:43:41.347  1937  1949 I chatty  : uid=1000(system) Binder_2 expire 20 lines
12-17 10:43:44.976  1937  1983 I chatty  : uid=1000(system) PowerManagerSer expire 641 lines
12-17 10:43:45.010  1937  2470 I chatty  : uid=1000(system) PhotonicModulat expire 145 lines
12-17 10:43:45.714  1937  2068 I chatty  : uid=1000(system) PackageManager expire 6 lines
12-17 10:43:47.815  1937  1955 I chatty  : uid=1000(system) android.ui expire 6 lines
12-17 10:43:47.926  1937  1937 I chatty  : uid=1000 system_server expire 42 lines
12-17 10:43:48.705  1937  1973 I chatty  : uid=1000(system) android.display expire 6 lines
12-17 10:43:57.532  1937  3263 I chatty  : uid=1000(system) Binder_C expire 34 lines
12-17 10:44:00.002  1937  2425 I chatty  : uid=1000(system) AlarmManager expire 26 lines
12-17 10:44:06.268  1937  2434 I chatty  : uid=1000(system) NetworkStats expire 20 lines
12-17 10:44:09.143  1937  3241 I chatty  : uid=1000(system) Binder_B expire 56 lines
12-17 10:44:16.274  1937  2426 I chatty  : uid=1000(system) InputDispatcher expire 8 lines
12-17 10:45:07.489  1937  2442 D ConnectivityService: rematching NetworkAgentInfo [WIFI () - 103]
12-17 10:45:07.489  1937  2442 D ConnectivityService:  network has: [ Transports: WIFI Capabilities: INTERNET&NOT_RESTRICTED&TRUSTED&NOT_VPN&VALIDATED LinkUpBandwidth>=1048576Kbps LinkDnBandwidth>=1048576Kbps]
12-17 10:45:07.490  1937  2442 D ConnectivityService:   checking if request is satisfied: NetworkRequest [ id=3, legacyType=-1, [] ]
12-17 10:45:07.490  1937  2442 D ConnectivityService: Network NetworkAgentInfo [WIFI () - 103] was already satisfying request 1. No change.
12-17 10:45:07.490  1937  2442 D ConnectivityService: sending new Min Network Score(56): NetworkRequest [ id=1, legacyType=-1, [ Capabilities: INTERNET&NOT_RESTRICTED&TRUSTED&NOT_VPN] ], transprot: 1
12-17 10:45:08.398  1937  2422 D BatteryService: uevent={POWER_SUPPLY_TEMP=520, POWER_SUPPLY_STATUS=Discharging, POWER_SUPPLY_CAPACITY=92, ACTION=change, DEVPATH=/devices/qpnp-charger-e4a6b600/power_supply/battery, POWER_SUPPLY_VOLTAGE_OCV=-22, POWER_SUPPLY_ONLINE=1, SUBSYSTEM=power_supply, POWER_SUPPLY_NUM_SYSTEM_TEMP_LEVELS=4, POWER_SUPPLY_INPUT_CURRENT_MAX=100000, POWER_SUPPLY_VOLTAGE_MAX_DESIGN=4350000, POWER_SUPPLY_CHARGE_FULL=2250000, POWER_SUPPLY_NAME=battery, POWER_SUPPLY_VOLTAGE_MIN_DESIGN=4300000, POWER_SUPPLY_VOLTAGE_MIN=4300000, POWER_SUPPLY_HEALTH=Overheat, POWER_SUPPLY_CYCLE_COUNT=2, POWER_SUPPLY_TECHNOLOGY=Li-ion, POWER_SUPPLY_CHARGE_TYPE=N/A, POWER_SUPPLY_PRESENT=1, POWER_SUPPLY_INPUT_CURRENT_SETTLED=0, POWER_SUPPLY_MODEL_NAME=UNKNOWN, POWER_SUPPLY_VOLTAGE_NOW=4034484, SEQNUM=6983, POWER_SUPPLY_TEMP_WARM=450, POWER_SUPPLY_TEMP_COOL=0, POWER_SUPPLY_CHARGE_FULL_DESIGN=2321000, POWER_SUPPLY_CURRENT_NOW=767731, POWER_SUPPLY_CHARGE_COUNTER=189367, POWER_SUPPLY_SYSTEM_TEMP_LEVEL=0, POWER_SUPPLY_INPUT_CURRENT_TRIM=27, POWER_SUPPLY_VOLTAGE_EMPTY=3200000, POWER_SUPPLY_CHARGE_RATE=None, POWER_SUPPLY_INPUT_VOLTAGE_REGULATION=1, POWER_SUPPLY_CHARGING_ENABLED=1}
12-17 10:45:08.724  1937  1983 D PowerManagerService: updateIsPoweredLocked: wasPowered=false, mIsPowered=false, oldPlugType=0, mPlugType=0, mBatteryLevel=92
12-17 10:45:08.724  1937  1937 I DeviceIdleController: updateChargingLocked: charging=false
12-17 10:45:09.090  1937  1983 D PowerManagerService: updateIsPoweredLocked: wasPowered=false, mIsPowered=false, oldPlugType=0, mPlugType=0, mBatteryLevel=92
12-17 10:45:09.101  1937  1937 I DeviceIdleController: updateChargingLocked: charging=false
12-17 10:45:19.548   363   946 I SFPerfTracer:      triggers: (rate: 0:1) (907 sw vsyncs) (0 skipped) (0:20928 vsyncs) (2:30186)
12-17 10:45:19.551  1937  2442 D ConnectivityService: updateNetworkScore for NetworkAgentInfo [WIFI () - 103] to 56
12-17 10:45:19.551  1937  2442 D ConnectivityService: rematching NetworkAgentInfo [WIFI () - 103]
12-17 10:45:19.551  1937  2442 D ConnectivityService:  network has: [ Transports: WIFI Capabilities: INTERNET&NOT_RESTRICTED&TRUSTED&NOT_VPN&VALIDATED LinkUpBandwidth>=1048576Kbps LinkDnBandwidth>=1048576Kbps]
12-17 10:45:19.551  1937  2442 D ConnectivityService:   checking if request is satisfied: NetworkRequest [ id=3, legacyType=-1, [] ]
12-17 10:45:19.551  1937  2442 D ConnectivityService: Network NetworkAgentInfo [WIFI () - 103] was already satisfying request 1. No change.
12-17 10:45:19.552  1937  2442 D ConnectivityService: sending new Min Network Score(56): NetworkRequest [ id=1, legacyType=-1, [ Capabilities: INTERNET&NOT_RESTRICTED&TRUSTED&NOT_VPN] ], transprot: 1
12-17 10:45:19.589  1937  1937 V AlarmManager: done {64fee, *alarm*:com.android.deskclock.ON_QUARTER_HOUR} [18589ms]
12-17 10:45:19.590  1937  1937 D PowerManagerService: releaseWakeLockInternal: lock=123513551 [*alarm*], flags=0x0
12-17 10:45:19.590  1937  1937 D PowerManagerService: updateWakeLockSummaryLocked: mWakefulness=Awake, mWakeLockSummary=0x23
12-17 10:45:19.590  1937  1937 D PowerManagerService: updateUserActivitySummaryLocked: mWakefulness=Awake, mUserActivitySummary=0x4, nextTimeout=-1 (1551652 ms ago)
12-17 10:45:19.591  1937  1937 D DisplayPowerController: requestPowerState: policy=BRIGHT, useProximitySensor=false, screenBrightness=94, screenAutoBrightnessAdjustment=0.6611328, brightnessSetByUser=true, useAutoBrightness=true, blockScreenOn=false, lowPowerMode=false, boostScreenBrightness=false, dozeScreenBrightness=-1, dozeScreenState=UNKNOWN, buttonBrightnessOverride=-1, waitForNegativeProximity=false
12-17 10:45:19.591  1937  1937 D PowerManagerService: updateDisplayPowerStateLocked: mDisplayReady=true, policy=3, mWakefulness=1, mWakeLockSummary=0x23, mUserActivitySummary=0x4, mBootCompleted=true, mScreenBrightnessBoostInProgress=false
12-17 10:45:19.591  1937  3241 I ActivityManager: Killing 2546:com.motorola.genie/u0a25 (adj 15): empty #7
12-17 10:45:21.344   363   363 I SFPerfTracer:      triggers: (rate: 25:1940) (compose: 0:10) (post: 0:35) (render: 2:116) (3:16214 frames) (4:21270)
12-17 10:45:21.344   363   363 D SFPerfTracer:        layers: (1:9) (FocusedStackFrame (0xb883faf8): 0:286)* (DimLayer (0xb8841658): 0:24)* (StatusBar (0xb8861168): 1:9586)* (com.android.systemui.ImageWallpaper (0xb8882058): 0:357)* (NavigationBar (0xb886d2c0): 0:845)* (DimLayer (0xb888fb50): 0:157)* (DimLayer (0xb87d9768): 0:28)* (com.google.android.talk/com.google.android.apps.hangouts.hangout.HangoutActivity (0xb8899e68): 3:374) 
12-17 10:45:21.526  1937  1983 D DisplayPowerController: Animating brightness: target=88, rate=40
12-17 10:45:21.529  1937  1983 D DisplayPowerController: Unfinished business...
12-17 10:45:21.549  1937  1983 D DisplayPowerState: setScreenBrightness: brightness=92
12-17 10:45:21.571  1937  1983 D DisplayPowerState: Requesting new screen state: state=ON, backlight=92
12-17 10:45:21.571  1937  1983 D DisplayPowerState: Screen not ready
12-17 10:45:21.571  1937  2470 D DisplayPowerState: Updating screen state: state=ON, backlight=92, button backlight = 0
12-17 10:45:21.574  1937  1983 D DisplayPowerState: Screen ready
12-17 10:45:21.581  1937  1983 D DisplayPowerState: setScreenBrightness: brightness=91
12-17 10:45:21.582  1937  1983 D DisplayPowerState: Requesting new screen state: state=ON, backlight=91
12-17 10:45:21.582  1937  1983 D DisplayPowerState: Screen not ready
12-17 10:45:21.583  1937  2470 D DisplayPowerState: Updating screen state: state=ON, backlight=91, button backlight = 0
12-17 10:45:21.584  1937  1983 D DisplayPowerState: Screen ready
12-17 10:45:21.598  1937  1983 D DisplayPowerState: setScreenBrightness: brightness=90
12-17 10:45:21.598  1937  1983 D DisplayPowerState: Requesting new screen state: state=ON, backlight=90
12-17 10:45:21.599  1937  1983 D DisplayPowerState: Screen not ready
12-17 10:45:21.603  1937  2470 D DisplayPowerState: Updating screen state: state=ON, backlight=90, button backlight = 0
12-17 10:45:21.608  1937  1983 D DisplayPowerState: Screen ready
12-17 10:45:21.615  1937  1983 D DisplayPowerState: setScreenBrightness: brightness=89
12-17 10:45:21.615  1937  1983 D DisplayPowerState: Requesting new screen state: state=ON, backlight=89
12-17 10:45:21.615  1937  1983 D DisplayPowerState: Screen not ready
12-17 10:45:21.615  1937  2470 D DisplayPowerState: Updating screen state: state=ON, backlight=89, button backlight = 0
12-17 10:45:21.616  1937  1983 D DisplayPowerState: Screen ready
12-17 10:45:21.649  1937  1983 D DisplayPowerState: setScreenBrightness: brightness=88
12-17 10:45:21.649  1937  1983 D DisplayPowerState: Requesting new screen state: state=ON, backlight=88
12-17 10:45:21.649  1937  1983 D DisplayPowerState: Screen not ready
12-17 10:45:21.649  1937  1983 D DisplayPowerController: Animating brightness: target=88, rate=40
12-17 10:45:21.650  1937  2470 D DisplayPowerState: Updating screen state: state=ON, backlight=88, button backlight = 0
12-17 10:45:21.651  1937  1983 D DisplayPowerState: Screen ready
12-17 10:45:21.651  1937  1983 D DisplayPowerController: Animating brightness: target=88, rate=40
12-17 10:45:21.651  1937  1983 D DisplayPowerController: Finished business...
12-17 10:45:24.548   363   946 I SFPerfTracer:      triggers: (rate: 0:1) (907 sw vsyncs) (0 skipped) (0:20936 vsyncs) (1:30287)
12-17 10:45:24.678  1937  7042 D PowerManagerService: acquireWakeLockInternal: lock=202288526, flags=0x1, tag="hangouts_rtcs", ws=null, uid=10078, pid=25065
12-17 10:45:24.678  1937  7042 D PowerManagerService: updateWakeLockSummaryLocked: mWakefulness=Awake, mWakeLockSummary=0x23
12-17 10:45:24.678  1937  7042 D PowerManagerService: updateUserActivitySummaryLocked: mWakefulness=Awake, mUserActivitySummary=0x4, nextTimeout=-1 (1556740 ms ago)
12-17 10:45:24.681  1937  7042 D DisplayPowerController: requestPowerState: policy=BRIGHT, useProximitySensor=false, screenBrightness=94, screenAutoBrightnessAdjustment=0.6611328, brightnessSetByUser=true, useAutoBrightness=true, blockScreenOn=false, lowPowerMode=false, boostScreenBrightness=false, dozeScreenBrightness=-1, dozeScreenState=UNKNOWN, buttonBrightnessOverride=-1, waitForNegativeProximity=false
12-17 10:45:24.685  1937  7042 D PowerManagerService: updateDisplayPowerStateLocked: mDisplayReady=true, policy=3, mWakefulness=1, mWakeLockSummary=0x23, mUserActivitySummary=0x4, mBootCompleted=true, mScreenBrightnessBoostInProgress=false
12-17 10:45:24.687  1937  1983 D DisplayPowerController: Animating brightness: target=105, rate=40
12-17 10:45:24.687  1937  1983 D DisplayPowerController: Unfinished business...
12-17 10:45:24.719  1937  1983 D DisplayPowerState: setScreenBrightness: brightness=89
12-17 10:45:24.719  1937  1983 D DisplayPowerState: Requesting new screen state: state=ON, backlight=89
12-17 10:45:24.719  1937  1983 D DisplayPowerState: Screen not ready
12-17 10:45:24.720  1937  2470 D DisplayPowerState: Updating screen state: state=ON, backlight=89, button backlight = 0
12-17 10:45:24.720  1937  1983 D DisplayPowerState: Screen ready
12-17 10:45:24.732  1937  1983 D DisplayPowerState: setScreenBrightness: brightness=90
12-17 10:45:24.732  1937  1983 D DisplayPowerState: Requesting new screen state: state=ON, backlight=90
12-17 10:45:24.732  1937  1983 D DisplayPowerState: Screen not ready
12-17 10:45:24.733  1937  2470 D DisplayPowerState: Updating screen state: state=ON, backlight=90, button backlight = 0
12-17 10:45:24.734  1937  1983 D DisplayPowerState: Screen ready
12-17 10:46:19.610  1937  3110 I ActivityManager: Killing 2636:com.android.chrome/u0a61 (adj 15): empty #7
12-17 10:46:19.617  1937  7042 D PowerManagerService: acquireWakeLockInternal: lock=82347639, flags=0x1, tag="RILJ", ws=null, uid=1001, pid=3104
12-17 10:46:19.617  1937  7042 D PowerManagerService: updateWakeLockSummaryLocked: mWakefulness=Awake, mWakeLockSummary=0x23
12-17 10:46:19.617  1937  7042 D PowerManagerService: updateUserActivitySummaryLocked: mWakefulness=Awake, mUserActivitySummary=0x4, nextTimeout=-1 (1611679 ms ago)
12-17 10:46:19.621  1937  7042 D DisplayPowerController: requestPowerState: policy=BRIGHT, useProximitySensor=false, screenBrightness=94, screenAutoBrightnessAdjustment=0.6611328, brightnessSetByUser=true, useAutoBrightness=true, blockScreenOn=false, lowPowerMode=false, boostScreenBrightness=false, dozeScreenBrightness=-1, dozeScreenState=UNKNOWN, buttonBrightnessOverride=-1, waitForNegativeProximity=false
12-17 10:46:19.621  1937  7042 D PowerManagerService: updateDisplayPowerStateLocked: mDisplayReady=true, policy=3, mWakefulness=1, mWakeLockSummary=0x23, mUserActivitySummary=0x4, mBootCompleted=true, mScreenBrightnessBoostInProgress=false
12-17 10:46:19.650  1937  8646 D PowerManagerService: releaseWakeLockInternal: lock=82347639 [RILJ], flags=0x0
12-17 10:46:19.650  1937  8646 D PowerManagerService: updateWakeLockSummaryLocked: mWakefulness=Awake, mWakeLockSummary=0x23
12-17 10:46:19.650  1937  8646 D PowerManagerService: updateUserActivitySummaryLocked: mWakefulness=Awake, mUserActivitySummary=0x4, nextTimeout=-1 (1611712 ms ago)
12-17 10:46:19.667  1937  8646 D DisplayPowerController: requestPowerState: policy=BRIGHT, useProximitySensor=false, screenBrightness=94, screenAutoBrightnessAdjustment=0.6611328, brightnessSetByUser=true, useAutoBrightness=true, blockScreenOn=false, lowPowerMode=false, boostScreenBrightness=false, dozeScreenBrightness=-1, dozeScreenState=UNKNOWN, buttonBrightnessOverride=-1, waitForNegativeProximity=false
12-17 10:46:19.667  1937  8646 D PowerManagerService: updateDisplayPowerStateLocked: mDisplayReady=true, policy=3, mWakefulness=1, mWakeLockSummary=0x23, mUserActivitySummary=0x4, mBootCompleted=true, mScreenBrightnessBoostInProgress=false
12-17 10:46:19.933  1937  3128 D PowerManagerService: acquireWakeLockInternal: lock=82347639, flags=0x1, tag="RILJ", ws=null, uid=1001, pid=3104
12-17 10:46:19.933  1937  3128 D PowerManagerService: updateWakeLockSummaryLocked: mWakefulness=Awake, mWakeLockSummary=0x23
12-17 10:46:19.933  1937  3128 D PowerManagerService: updateUserActivitySummaryLocked: mWakefulness=Awake, mUserActivitySummary=0x4, nextTimeout=-1 (1611995 ms ago)
12-17 10:46:19.934  1937  3128 D DisplayPowerController: requestPowerState: policy=BRIGHT, useProximitySensor=false, screenBrightness=94, screenAutoBrightnessAdjustment=0.6611328, brightnessSetByUser=true, useAutoBrightness=true, blockScreenOn=false, lowPowerMode=false, boostScreenBrightness=false, dozeScreenBrightness=-1, dozeScreenState=UNKNOWN, buttonBrightnessOverride=-1, waitForNegativeProximity=false
12-17 10:46:19.934  1937  3128 D PowerManagerService: updateDisplayPowerStateLocked: mDisplayReady=true, policy=3, mWakefulness=1, mWakeLockSummary=0x23, mUserActivitySummary=0x4, mBootCompleted=true, mScreenBrightnessBoostInProgress=false
12-17 10:46:19.953  1937  5512 D PowerManagerService: releaseWakeLockInternal: lock=82347639 [RILJ], flags=0x0
12-17 10:46:19.954  1937  5512 D PowerManagerService: updateWakeLockSummaryLocked: mWakefulness=Awake, mWakeLockSummary=0x23
12-17 10:46:19.954  1937  5512 D PowerManagerService: updateUserActivitySummaryLocked: mWakefulness=Awake, mUserActivitySummary=0x4, nextTimeout=-1 (1612016 ms ago)
12-17 10:46:19.954  1937  5512 D DisplayPowerController: requestPowerState: policy=BRIGHT, useProximitySensor=false, screenBrightness=94, screenAutoBrightnessAdjustment=0.6611328, brightnessSetByUser=true, useAutoBrightness=true, blockScreenOn=false, lowPowerMode=false, boostScreenBrightness=false, dozeScreenBrightness=-1, dozeScreenState=UNKNOWN, buttonBrightnessOverride=-1, waitForNegativeProximity=false
12-17 10:46:19.954  1937  5512 D PowerManagerService: updateDisplayPowerStateLocked: mDisplayReady=true, policy=3, mWakefulness=1, mWakeLockSummary=0x23, mUserActivitySummary=0x4, mBootCompleted=true, mScreenBrightnessBoostInProgress=false
12-17 10:46:20.023  1937  1949 D PowerManagerService: acquireWakeLockInternal: lock=85578123, flags=0x1, tag="RILJ", ws=null, uid=1001, pid=3104
12-17 10:46:20.047  1937  1949 D PowerManagerService: updateWakeLockSummaryLocked: mWakefulness=Awake, mWakeLockSummary=0x23
12-17 10:46:20.047  1937  1949 D PowerManagerService: updateUserActivitySummaryLocked: mWakefulness=Awake, mUserActivitySummary=0x4, nextTimeout=-1 (1612109 ms ago)
12-17 10:46:20.049  1937  1949 D DisplayPowerController: requestPowerState: policy=BRIGHT, useProximitySensor=false, screenBrightness=94, screenAutoBrightnessAdjustment=0.6611328, brightnessSetByUser=true, useAutoBrightness=true, blockScreenOn=false, lowPowerMode=false, boostScreenBrightness=false, dozeScreenBrightness=-1, dozeScreenState=UNKNOWN, buttonBrightnessOverride=-1, waitForNegativeProximity=false
12-17 10:46:20.049  1937  1949 D PowerManagerService: updateDisplayPowerStateLocked: mDisplayReady=true, policy=3, mWakefulness=1, mWakeLockSummary=0x23, mUserActivitySummary=0x4, mBootCompleted=true, mScreenBrightnessBoostInProgress=false
12-17 10:46:20.074  1937  2535 D PowerManagerService: releaseWakeLockInternal: lock=85578123 [RILJ], flags=0x0
12-17 10:46:20.075  1937  2535 D PowerManagerService: updateWakeLockSummaryLocked: mWakefulness=Awake, mWakeLockSummary=0x23
12-17 10:46:20.075  1937  2535 D PowerManagerService: updateUserActivitySummaryLocked: mWakefulness=Awake, mUserActivitySummary=0x4, nextTimeout=-1 (1612137 ms ago)
12-17 10:46:20.076  1937  2535 D DisplayPowerController: requestPowerState: policy=BRIGHT, useProximitySensor=false, screenBrightness=94, screenAutoBrightnessAdjustment=0.6611328, brightnessSetByUser=true, useAutoBrightness=true, blockScreenOn=false, lowPowerMode=false, boostScreenBrightness=false, dozeScreenBrightness=-1, dozeScreenState=UNKNOWN, buttonBrightnessOverride=-1, waitForNegativeProximity=false
12-17 10:46:20.076  1937  2535 D PowerManagerService: updateDisplayPowerStateLocked: mDisplayReady=true, policy=3, mWakefulness=1, mWakeLockSummary=0x23, mUserActivitySummary=0x4, mBootCompleted=true, mScreenBrightnessBoostInProgress=false
12-17 10:46:20.294  1937  1948 D PowerManagerService: acquireWakeLockInternal: lock=106480232, flags=0x1, tag="NlpCollectorWakeLock", ws=null, uid=10020, pid=3396
12-17 10:46:20.294  1937  1948 D PowerManagerService: updateWakeLockSummaryLocked: mWakefulness=Awake, mWakeLockSummary=0x23
12-17 10:46:20.294  1937  1948 D PowerManagerService: updateUserActivitySummaryLocked: mWakefulness=Awake, mUserActivitySummary=0x4, nextTimeout=-1 (1612356 ms ago)
12-17 10:46:20.295  1937  1948 D DisplayPowerController: requestPowerState: policy=BRIGHT, useProximitySensor=false, screenBrightness=94, screenAutoBrightnessAdjustment=0.6611328, brightnessSetByUser=true, useAutoBrightness=true, blockScreenOn=false, lowPowerMode=false, boostScreenBrightness=false, dozeScreenBrightness=-1, dozeScreenState=UNKNOWN, buttonBrightnessOverride=-1, waitForNegativeProximity=false
12-17 10:46:20.295  1937  1948 D PowerManagerService: updateDisplayPowerStateLocked: mDisplayReady=true, policy=3, mWakefulness=1, mWakeLockSummary=0x23, mUserActivitySummary=0x4, mBootCompleted=true, mScreenBrightnessBoostInProgress=false
12-17 10:46:20.337  1937  2586 D WifiService: acquireWifiLockLocked: WifiLock{NlpWifiLock type=2 binder=android.os.BinderProxy@376a681}
12-17 10:46:20.382  1937  2535 D PowerManagerService: acquireWakeLockInternal: lock=151413542, flags=0x1, tag="NlpWakeLock", ws=null, uid=10020, pid=3396
12-17 10:46:20.383  1937  2535 D PowerManagerService: updateWakeLockSummaryLocked: mWakefulness=Awake, mWakeLockSummary=0x23
12-17 10:46:20.383  1937  2535 D PowerManagerService: updateUserActivitySummaryLocked: mWakefulness=Awake, mUserActivitySummary=0x4, nextTimeout=-1 (1612445 ms ago)
12-17 10:46:20.385  1937  2535 D DisplayPowerController: requestPowerState: policy=BRIGHT, useProximitySensor=false, screenBrightness=94, screenAutoBrightnessAdjustment=0.6611328, brightnessSetByUser=true, useAutoBrightness=true, blockScreenOn=false, lowPowerMode=false, boostScreenBrightness=false, dozeScreenBrightness=-1, dozeScreenState=UNKNOWN, buttonBrightnessOverride=-1, waitForNegativeProximity=false
12-17 10:46:20.385  1937  2535 D PowerManagerService: updateDisplayPowerStateLocked: mDisplayReady=true, policy=3, mWakefulness=1, mWakeLockSummary=0x23, mUserActivitySummary=0x4, mBootCompleted=true, mScreenBrightnessBoostInProgress=false
12-17 10:46:20.715  1937  5512 D PowerManagerService: acquireWakeLockInternal: lock=48638397, flags=0x1, tag="*net_scheduler*", ws=WorkSource{10020 com.google.android.gms}, uid=10020, pid=3396
12-17 10:46:20.720  1937  5512 D PowerManagerService: updateWakeLockSummaryLocked: mWakefulness=Awake, mWakeLockSummary=0x23
12-17 10:46:20.720  1937  5512 D PowerManagerService: updateUserActivitySummaryLocked: mWakefulness=Awake, mUserActivitySummary=0x4, nextTimeout=-1 (1612782 ms ago)
12-17 10:46:20.722  1937  5512 D DisplayPowerController: requestPowerState: policy=BRIGHT, useProximitySensor=false, screenBrightness=94, screenAutoBrightnessAdjustment=0.6611328, brightnessSetByUser=true, useAutoBrightness=true, blockScreenOn=false, lowPowerMode=false, boostScreenBrightness=false, dozeScreenBrightness=-1, dozeScreenState=UNKNOWN, buttonBrightnessOverride=-1, waitForNegativeProximity=false
12-17 10:46:20.722  1937  5512 D PowerManagerService: updateDisplayPowerStateLocked: mDisplayReady=true, policy=3, mWakefulness=1, mWakeLockSummary=0x23, mUserActivitySummary=0x4, mBootCompleted=true, mScreenBrightnessBoostInProgress=false
12-17 10:46:20.807  1937  3241 D PowerManagerService: releaseWakeLockInternal: lock=151413542 [NlpWakeLock], flags=0x0
12-17 10:46:20.808  1937  3241 D PowerManagerService: updateWakeLockSummaryLocked: mWakefulness=Awake, mWakeLockSummary=0x23
12-17 10:46:20.808  1937  3241 D PowerManagerService: updateUserActivitySummaryLocked: mWakefulness=Awake, mUserActivitySummary=0x4, nextTimeout=-1 (1612870 ms ago)
12-17 10:46:20.818  1937  3241 D DisplayPowerController: requestPowerState: policy=BRIGHT, useProximitySensor=false, screenBrightness=94, screenAutoBrightnessAdjustment=0.6611328, brightnessSetByUser=true, useAutoBrightness=true, blockScreenOn=false, lowPowerMode=false, boostScreenBrightness=false, dozeScreenBrightness=-1, dozeScreenState=UNKNOWN, buttonBrightnessOverride=-1, waitForNegativeProximity=false
12-17 10:46:20.818  1937  3241 D PowerManagerService: updateDisplayPowerStateLocked: mDisplayReady=true, policy=3, mWakefulness=1, mWakeLockSummary=0x23, mUserActivitySummary=0x4, mBootCompleted=true, mScreenBrightnessBoostInProgress=false
12-17 10:46:20.940  1937  3096 D PowerManagerService: acquireWakeLockInternal: lock=31820722, flags=0x1, tag="*net_scheduler*", ws=WorkSource{10020 com.google.android.gms}, uid=10020, pid=3396
12-17 10:46:20.940  1937  3096 D PowerManagerService: updateWakeLockSummaryLocked: mWakefulness=Awake, mWakeLockSummary=0x23
12-17 10:46:20.940  1937  3096 D PowerManagerService: updateUserActivitySummaryLocked: mWakefulness=Awake, mUserActivitySummary=0x4, nextTimeout=-1 (1613002 ms ago)
12-17 10:46:20.942  1937  3096 D DisplayPowerController: requestPowerState: policy=BRIGHT, useProximitySensor=false, screenBrightness=94, screenAutoBrightnessAdjustment=0.6611328, brightnessSetByUser=true, useAutoBrightness=true, blockScreenOn=false, lowPowerMode=false, boostScreenBrightness=false, dozeScreenBrightness=-1, dozeScreenState=UNKNOWN, buttonBrightnessOverride=-1, waitForNegativeProximity=false
12-17 10:46:20.942  1937  3096 D PowerManagerService: updateDisplayPowerStateLocked: mDisplayReady=true, policy=3, mWakefulness=1, mWakeLockSummary=0x23, mUserActivitySummary=0x4, mBootCompleted=true, mScreenBrightnessBoostInProgress=false
12-17 10:46:20.943  1937  2944 D PowerManagerService: acquireWakeLockInternal: lock=217638659, flags=0x1, tag="RILJ", ws=null, uid=1001, pid=3104
12-17 10:46:20.943  1937  2944 D PowerManagerService: updateWakeLockSummaryLocked: mWakefulness=Awake, mWakeLockSummary=0x23
12-17 10:46:20.943  1937  2944 D PowerManagerService: updateUserActivitySummaryLocked: mWakefulness=Awake, mUserActivitySummary=0x4, nextTimeout=-1 (1613005 ms ago)
12-17 10:46:20.946  1937  2944 D DisplayPowerController: requestPowerState: policy=BRIGHT, useProximitySensor=false, screenBrightness=94, screenAutoBrightnessAdjustment=0.6611328, brightnessSetByUser=true, useAutoBrightness=true, blockScreenOn=false, lowPowerMode=false, boostScreenBrightness=false, dozeScreenBrightness=-1, dozeScreenState=UNKNOWN, buttonBrightnessOverride=-1, waitForNegativeProximity=false
12-17 10:46:20.946  1937  2944 D PowerManagerService: updateDisplayPowerStateLocked: mDisplayReady=true, policy=3, mWakefulness=1, mWakeLockSummary=0x23, mUserActivitySummary=0x4, mBootCompleted=true, mScreenBrightnessBoostInProgress=false
12-17 10:46:20.971  1937  3110 D PowerManagerService: releaseWakeLockInternal: lock=217638659 [RILJ], flags=0x0
12-17 10:46:20.971  1937  3110 D PowerManagerService: updateWakeLockSummaryLocked: mWakefulness=Awake, mWakeLockSummary=0x23
12-17 10:46:20.971  1937  3110 D PowerManagerService: updateUserActivitySummaryLocked: mWakefulness=Awake, mUserActivitySummary=0x4, nextTimeout=-1 (1613033 ms ago)
12-17 10:46:20.972  1937  3110 D DisplayPowerController: requestPowerState: policy=BRIGHT, useProximitySensor=false, screenBrightness=94, screenAutoBrightnessAdjustment=0.6611328, brightnessSetByUser=true, useAutoBrightness=true, blockScreenOn=false, lowPowerMode=false, boostScreenBrightness=false, dozeScreenBrightness=-1, dozeScreenState=UNKNOWN, buttonBrightnessOverride=-1, waitForNegativeProximity=false
12-17 10:46:20.972  1937  3110 D PowerManagerService: updateDisplayPowerStateLocked: mDisplayReady=true, policy=3, mWakefulness=1, mWakeLockSummary=0x23, mUserActivitySummary=0x4, mBootCompleted=true, mScreenBrightnessBoostInProgress=false
12-17 10:46:21.018   363   946 I SFPerfTracer:      triggers: (rate: 0:1) (908 sw vsyncs) (0 skipped) (10:21232 vsyncs) (12:30942)
12-17 10:46:21.115  1937  2944 D PowerManagerService: releaseWakeLockInternal: lock=48638397 [*net_scheduler*], flags=0x0
12-17 10:46:21.115  1937  2944 D PowerManagerService: updateWakeLockSummaryLocked: mWakefulness=Awake, mWakeLockSummary=0x23
12-17 10:46:21.116  1937  2944 D PowerManagerService: updateUserActivitySummaryLocked: mWakefulness=Awake, mUserActivitySummary=0x4, nextTimeout=-1 (1613177 ms ago)
12-17 10:46:21.116  1937  2944 D DisplayPowerController: requestPowerState: policy=BRIGHT, useProximitySensor=false, screenBrightness=94, screenAutoBrightnessAdjustment=0.6611328, brightnessSetByUser=true, useAutoBrightness=true, blockScreenOn=false, lowPowerMode=false, boostScreenBrightness=false, dozeScreenBrightness=-1, dozeScreenState=UNKNOWN, buttonBrightnessOverride=-1, waitForNegativeProximity=false
12-17 10:46:21.116  1937  2944 D PowerManagerService: updateDisplayPowerStateLocked: mDisplayReady=true, policy=3, mWakefulness=1, mWakeLockSummary=0x23, mUserActivitySummary=0x4, mBootCompleted=true, mScreenBrightnessBoostInProgress=false
12-17 10:46:21.119   363   363 I SFPerfTracer:      triggers: (rate: 25:2049) (compose: 0:32) (post: 0:48) (render: 2:152) (13:16384 frames) (14:21645)
12-17 10:46:21.120   363   363 D SFPerfTracer:        layers: (2:15) (FocusedStackFrame (0xb883faf8): 0:286)* (DimLayer (0xb8841658): 0:24)* (StatusBar (0xb8861168): 2:9786)* (com.android.systemui.ImageWallpaper (0xb8882058): 0:395)* (NavigationBar (0xb886d2c0): 0:913)* (DimLayer (0xb888fb50): 0:157)* (DimLayer (0xb87d9768): 0:28)* (com.google.android.talk/com.google.android.apps.hangouts.hangout.HangoutActivity (0xb8899e68): 5:537) (ScreenshotAnimation (0xb8879048): 10:91) (ScreenshotSurface (0xb8897328): 0:18)- (BlackSurface (0xb8893cc0): 0:17)- (BlackSurface (0xb8894f88): 0:17)- (BlackSurface (0xb8875cf0): 0:17)- (BlackSurface (0xb889b678): 0:17)- 
12-17 10:46:31.168  1937  1955 D PowerManagerService: acquireWakeLockInternal: lock=75314347, flags=0x1, tag="SCREEN_FROZEN", ws=null, uid=1000, pid=1937
12-17 10:46:31.168  1937  1955 D PowerManagerService: updateWakeLockSummaryLocked: mWakefulness=Awake, mWakeLockSummary=0x23
12-17 10:46:31.168  1937  1955 D PowerManagerService: updateUserActivitySummaryLocked: mWakefulness=Awake, mUserActivitySummary=0x4, nextTimeout=-1 (1623230 ms ago)
12-17 10:46:31.168  1937  1955 D DisplayPowerController: requestPowerState: policy=BRIGHT, useProximitySensor=false, screenBrightness=94, screenAutoBrightnessAdjustment=0.6611328, brightnessSetByUser=true, useAutoBrightness=true, blockScreenOn=false, lowPowerMode=false, boostScreenBrightness=false, dozeScreenBrightness=-1, dozeScreenState=UNKNOWN, buttonBrightnessOverride=-1, waitForNegativeProximity=false
12-17 10:46:31.169  1937  1955 D PowerManagerService: updateDisplayPowerStateLocked: mDisplayReady=true, policy=3, mWakefulness=1, mWakeLockSummary=0x23, mUserActivitySummary=0x4, mBootCompleted=true, mScreenBrightnessBoostInProgress=false
12-17 10:46:31.220  1937  1937 D DeviceIdleController: updateDisplayLocked: screenOn=true
12-17 10:46:31.220  1937  1937 I DeviceIdleController: becomeActiveLocked, reason = screen
12-17 10:46:31.269  1937  1973 I WindowManager: Screen frozen for +100ms due to Window{caf543b u0 com.google.android.talk/com.google.android.apps.hangouts.hangout.HangoutActivity}
12-17 10:46:31.275  1937  1973 D PowerManagerService: releaseWakeLockInternal: lock=75314347 [SCREEN_FROZEN], flags=0x0
12-17 10:46:31.275  1937  1973 D PowerManagerService: updateWakeLockSummaryLocked: mWakefulness=Awake, mWakeLockSummary=0x23
12-17 10:46:31.276  1937  1973 D PowerManagerService: updateUserActivitySummaryLocked: mWakefulness=Awake, mUserActivitySummary=0x4, nextTimeout=-1 (1623337 ms ago)
12-17 10:46:31.276  1937  1973 D DisplayPowerController: requestPowerState: policy=BRIGHT, useProximitySensor=false, screenBrightness=94, screenAutoBrightnessAdjustment=0.6611328, brightnessSetByUser=true, useAutoBrightness=true, blockScreenOn=false, lowPowerMode=false, boostScreenBrightness=false, dozeScreenBrightness=-1, dozeScreenState=UNKNOWN, buttonBrightnessOverride=-1, waitForNegativeProximity=false
12-17 10:46:31.276  1937  1973 D PowerManagerService: updateDisplayPowerStateLocked: mDisplayReady=true, policy=3, mWakefulness=1, mWakeLockSummary=0x23, mUserActivitySummary=0x4, mBootCompleted=true, mScreenBrightnessBoostInProgress=false
12-17 10:46:32.213  1937  3128 D PowerManagerService: releaseWakeLockInternal: lock=99393544 [Event Log Service], flags=0x0
12-17 10:46:32.213  1937  3128 D PowerManagerService: updateWakeLockSummaryLocked: mWakefulness=Awake, mWakeLockSummary=0x23
12-17 10:46:32.213  1937  3128 D PowerManagerService: updateUserActivitySummaryLocked: mWakefulness=Awake, mUserActivitySummary=0x4, nextTimeout=-1 (1624275 ms ago)
12-17 10:46:32.214  1937  3128 D DisplayPowerController: requestPowerState: policy=BRIGHT, useProximitySensor=false, screenBrightness=94, screenAutoBrightnessAdjustment=0.6611328, brightnessSetByUser=true, useAutoBrightness=true, blockScreenOn=false, lowPowerMode=false, boostScreenBrightness=false, dozeScreenBrightness=-1, dozeScreenState=UNKNOWN, buttonBrightnessOverride=-1, waitForNegativeProximity=false
12-17 10:46:32.214  1937  3128 D PowerManagerService: updateDisplayPowerStateLocked: mDisplayReady=true, policy=3, mWakefulness=1, mWakeLockSummary=0x23, mUserActivitySummary=0x4, mBootCompleted=true, mScreenBrightnessBoostInProgress=false
12-17 10:46:32.868  1937  2425 V AlarmManager: sending alarm {d5d8ad3 type 0 *walarm*:com.google.android.gms/com.google.android.libraries.social.mediamonitor.MediaMonitorIntentService}
12-17 10:46:32.897  1937  2425 D PowerManagerService: acquireWakeLockInternal: lock=123513551, flags=0x1, tag="*alarm*", ws=WorkSource{10020}, uid=1000, pid=1937
12-17 10:46:32.897  1937  2425 D PowerManagerService: updateWakeLockSummaryLocked: mWakefulness=Awake, mWakeLockSummary=0x23
12-17 10:46:32.897  1937  2425 D PowerManagerService: updateUserActivitySummaryLocked: mWakefulness=Awake, mUserActivitySummary=0x4, nextTimeout=-1 (1624959 ms ago)
12-17 10:46:32.923  1937  2425 D DisplayPowerController: requestPowerState: policy=BRIGHT, useProximitySensor=false, screenBrightness=94, screenAutoBrightnessAdjustment=0.6611328, brightnessSetByUser=true, useAutoBrightness=true, blockScreenOn=false, lowPowerMode=false, boostScreenBrightness=false, dozeScreenBrightness=-1, dozeScreenState=UNKNOWN, buttonBrightnessOverride=-1, waitForNegativeProximity=false
12-17 10:46:32.923  1937  2425 D PowerManagerService: updateDisplayPowerStateLocked: mDisplayReady=true, policy=3, mWakefulness=1, mWakeLockSummary=0x23, mUserActivitySummary=0x4, mBootCompleted=true, mScreenBrightnessBoostInProgress=false
12-17 10:46:32.924  1937  1937 V AlarmManager: done {d5d8ad3, *walarm*:com.google.android.gms/com.google.android.libraries.social.mediamonitor.MediaMonitorIntentService} [56ms]
12-17 10:46:32.924  1937  1937 D PowerManagerService: releaseWakeLockInternal: lock=123513551 [*alarm*], flags=0x0
12-17 10:46:32.924  1937  1937 D PowerManagerService: updateWakeLockSummaryLocked: mWakefulness=Awake, mWakeLockSummary=0x23
12-17 10:46:32.925  1937  1937 D PowerManagerService: updateUserActivitySummaryLocked: mWakefulness=Awake, mUserActivitySummary=0x4, nextTimeout=-1 (1624986 ms ago)
12-17 10:46:32.925  1937  1937 D DisplayPowerController: requestPowerState: policy=BRIGHT, useProximitySensor=false, screenBrightness=94, screenAutoBrightnessAdjustment=0.6611328, brightnessSetByUser=true, useAutoBrightness=true, blockScreenOn=false, lowPowerMode=false, boostScreenBrightness=false, dozeScreenBrightness=-1, dozeScreenState=UNKNOWN, buttonBrightnessOverride=-1, waitForNegativeProximity=false
12-17 10:46:32.925  1937  1937 D PowerManagerService: updateDisplayPowerStateLocked: mDisplayReady=true, policy=3, mWakefulness=1, mWakeLockSummary=0x23, mUserActivitySummary=0x4, mBootCompleted=true, mScreenBrightnessBoostInProgress=false
12-17 10:46:33.051  1937  1955 D PowerManagerService: acquireWakeLockInternal: lock=75314347, flags=0x1, tag="SCREEN_FROZEN", ws=null, uid=1000, pid=1937
12-17 10:46:33.051  1937  1955 D PowerManagerService: updateWakeLockSummaryLocked: mWakefulness=Awake, mWakeLockSummary=0x23
12-17 10:46:33.051  1937  1955 D PowerManagerService: updateUserActivitySummaryLocked: mWakefulness=Awake, mUserActivitySummary=0x4, nextTimeout=-1 (1625113 ms ago)
12-17 10:46:33.052  1937  1955 D DisplayPowerController: requestPowerState: policy=BRIGHT, useProximitySensor=false, screenBrightness=94, screenAutoBrightnessAdjustment=0.6611328, brightnessSetByUser=true, useAutoBrightness=true, blockScreenOn=false, lowPowerMode=false, boostScreenBrightness=false, dozeScreenBrightness=-1, dozeScreenState=UNKNOWN, buttonBrightnessOverride=-1, waitForNegativeProximity=false
12-17 10:46:33.052  1937  1955 D PowerManagerService: updateDisplayPowerStateLocked: mDisplayReady=true, policy=3, mWakefulness=1, mWakeLockSummary=0x23, mUserActivitySummary=0x4, mBootCompleted=true, mScreenBrightnessBoostInProgress=false
12-17 10:46:33.172  1937  1973 I WindowManager: Screen frozen for +119ms due to Window{caf543b u0 com.google.android.talk/com.google.android.apps.hangouts.hangout.HangoutActivity}
12-17 10:46:33.242   363   363 I SFPerfTracer:      triggers: (rate: 26:2105) (compose: 0:40) (post: 0:50) (render: 2:178) (0:16500 frames) (1:21874)
12-17 10:46:33.242   363   363 D SFPerfTracer:        layers: (2:27) (FocusedStackFrame (0xb883faf8): 0:286)* (DimLayer (0xb8841658): 0:24)* (StatusBar (0xb8861168): 0:9904)* (com.android.systemui.ImageWallpaper (0xb8882058): 0:454)* (NavigationBar (0xb886d2c0): 0:980)* (DimLayer (0xb888fb50): 0:157)* (DimLayer (0xb87d9768): 0:28)* (com.google.android.talk/com.google.android.apps.hangouts.hangout.HangoutActivity (0xb8899e68): 0:696) (ScreenshotSurface (0xb8879048): 0:17)- (BlackSurface (0xb8897328): 0:16)- (BlackSurface (0xb8894ff0): 0:16)- (BlackSurface (0xb8875600): 0:16)- (BlackSurface (0xb88768c8): 0:16)- (ScreenshotSurface (0xb8879048): 0:18)- (BlackSurface (0xb8897328): 0:17)- (BlackSurface (0xb8894438): 0:17)- (BlackSurface (0xb8895700): 0:17)- (BlackSurface (0xb889b388): 0:17)- (ScreenshotSurface (0xb8879048): 0:17)- (BlackSurface (0xb8897328): 0:16)- (BlackSurface (0xb889b388): 0:16)- (BlackSurface (0xb889c650): 0:16)- (BlackSurface (0xb8894b28): 0:16)- (ScreenshotSurface (0xb8879048): 0:3) 
12-17 10:46:33.251  1937  1973 D PowerManagerService: releaseWakeLockInternal: lock=75314347 [SCREEN_FROZEN], flags=0x0
12-17 10:46:33.251  1937  1973 D PowerManagerService: updateWakeLockSummaryLocked: mWakefulness=Awake, mWakeLockSummary=0x23
12-17 10:46:33.251  1937  1973 D PowerManagerService: updateUserActivitySummaryLocked: mWakefulness=Awake, mUserActivitySummary=0x4, nextTimeout=-1 (1625313 ms ago)
12-17 10:46:33.290  1937  1973 D DisplayPowerController: requestPowerState: policy=BRIGHT, useProximitySensor=false, screenBrightness=94, screenAutoBrightnessAdjustment=0.6611328, brightnessSetByUser=true, useAutoBrightness=true, blockScreenOn=false, lowPowerMode=false, boostScreenBrightness=false, dozeScreenBrightness=-1, dozeScreenState=UNKNOWN, buttonBrightnessOverride=-1, waitForNegativeProximity=false
12-17 10:46:33.290  1937  1973 D PowerManagerService: updateDisplayPowerStateLocked: mDisplayReady=true, policy=3, mWakefulness=1, mWakeLockSummary=0x23, mUserActivitySummary=0x4, mBootCompleted=true, mScreenBrightnessBoostInProgress=false
12-17 10:46:33.535  1937  1937 D DeviceIdleController: updateDisplayLocked: screenOn=true
12-17 10:46:33.535  1937  1937 I DeviceIdleController: becomeActiveLocked, reason = screen
12-17 10:46:33.705   363   363 I SFPerfTracer:      triggers: (rate: 26:2105) (compose: 0:41) (post: 0:50) (render: 2:181) (11:16512 frames) (12:21893)
12-17 10:46:33.705   363   363 D SFPerfTracer:        layers: (6:14) (FocusedStackFrame (0xb883faf8): 0:286)* (DimLayer (0xb8841658): 0:24)* (StatusBar (0xb8861168): 12:9921)* (com.android.systemui.ImageWallpaper (0xb8882058): 12:470)* (NavigationBar (0xb886d2c0): 12:996)* (DimLayer (0xb888fb50): 0:157)* (DimLayer (0xb87d9768): 0:28)* (com.google.android.talk/com.google.android.apps.hangouts.hangout.HangoutActivity (0xb8899e68): 12:713) (ScreenshotSurface (0xb8879048): 12:19) (BlackSurface (0xb8897328): 12:17) (BlackSurface (0xb8875600): 12:17) (BlackSurface (0xb88768c8): 12:17) (BlackSurface (0xb889b388): 12:17) 
12-17 10:46:33.766  1937  1973 D PowerManagerService: acquireWakeLockInternal: lock=75314347, flags=0x1, tag="SCREEN_FROZEN", ws=null, uid=1000, pid=1937
12-17 10:46:33.766  1937  1973 D PowerManagerService: updateWakeLockSummaryLocked: mWakefulness=Awake, mWakeLockSummary=0x23
12-17 10:46:33.766  1937  1973 D PowerManagerService: updateUserActivitySummaryLocked: mWakefulness=Awake, mUserActivitySummary=0x4, nextTimeout=-1 (1625828 ms ago)
12-17 10:46:33.768  1937  1973 D DisplayPowerController: requestPowerState: policy=BRIGHT, useProximitySensor=false, screenBrightness=94, screenAutoBrightnessAdjustment=0.6611328, brightnessSetByUser=true, useAutoBrightness=true, blockScreenOn=false, lowPowerMode=false, boostScreenBrightness=false, dozeScreenBrightness=-1, dozeScreenState=UNKNOWN, buttonBrightnessOverride=-1, waitForNegativeProximity=false
