12-17 10:48:09.378   407   631 I ThermalEngine: ACTION: CPU - Setting CPU[1] to 1190400
12-17 10:48:09.378   407   631 I ThermalEngine: Mitigation:CPU[1]:1190400 Khz
12-17 10:48:09.378   407   631 I ThermalEngine: ACTION: CPU - Setting CPU[2] to 1190400
12-17 10:48:09.378   407   631 I ThermalEngine: Mitigation:CPU[2]:1190400 Khz
12-17 10:48:09.378   407   631 I ThermalEngine: ACTION: CPU - Setting CPU[3] to 1190400
12-17 10:48:09.378   407   631 I ThermalEngine: Mitigation:CPU[3]:1190400 Khz
12-17 10:48:09.675 25065 25070 I art     : Thread[2,tid=25070,WaitingInMainSignalCatcherLoop,Thread*=0xb88c0268,peer=0x22c070a0,"Signal Catcher"]: reacting to signal 3
12-17 10:48:09.981   390  2520 W AudioFlinger: RecordThread: buffer overflow
12-17 10:48:10.289   390   991 I AudioFlinger: BUFFER TIMEOUT: remove(4103) from active list on thread 0xb435b008
12-17 10:48:10.447   390  1957 D audio_hw_primary: adev_set_parameters: enter: screen_state=on
12-17 10:48:10.448   390  1957 D audio_hw_fm: audio_extn_fm_set_parameters: Inside
12-17 10:48:10.448   390  1957 V audio_hw_fm: audio_extn_fm_set_parameters: enter
12-17 10:48:10.448   390  1957 V audio_hw_fm: audio_extn_fm_set_parameters: exit
12-17 10:48:10.448   390  1957 E bt_a2dp_hw: adev_set_parameters: ERROR: set param called even when stream out is null
12-17 10:48:10.463 25065  2507 E libjingle: [507:109] webrtc: (process_thread_impl.cc:31): TimeUntilNextProcess returned an invalid value -2
12-17 10:48:10.589 25065  2504 W libjingle: [507:236] webrtc: (neteq_impl.cc:632): InsertPacketInternal: Packet buffer flushed
12-17 10:48:10.592  1937  2427 I chatty  : uid=1000(system) InputReader expire 2 lines
12-17 10:48:10.596  1937  2455 I chatty  : uid=1000(system) WifiWatchdogSta expire 17 lines
12-17 10:48:10.652  1937  2974 I chatty  : uid=1000(system) LocationBackgro expire 12 lines
12-17 10:48:10.673  1937  1942 I chatty  : uid=1000(system) Signal Catcher expire 1 line
12-17 10:48:10.674 25065 25076 W art     : Long monitor contention event with owner method=android.view.DisplayInfo android.hardware.display.DisplayManagerGlobal.getDisplayInfo(int) from DisplayManagerGlobal.java:110 waiters=0 for 14.789s
12-17 10:48:10.785  6950  7113 W art     : Long monitor contention event with owner method=boolean android.os.BinderProxy.transactNative(int, android.os.Parcel, android.os.Parcel, int) from Binder.java:4294967294 waiters=0 for 8.518s
12-17 10:48:10.805  2965  2983 W art     : Long monitor contention event with owner method=android.view.DisplayInfo android.hardware.display.DisplayManagerGlobal.getDisplayInfo(int) from DisplayManagerGlobal.java:110 waiters=0 for 8.541s
12-17 10:48:10.836 24622 24639 W art     : Long monitor contention event with owner method=android.view.DisplayInfo android.hardware.display.DisplayManagerGlobal.getDisplayInfo(int) from DisplayManagerGlobal.java:110 waiters=0 for 8.569s
12-17 10:48:10.937  2492  2848 D MotoNetwCtrlr: onReceive: intent=Intent { act=android.net.wifi.RSSI_CHANGED flg=0x4000010 (has extras) }
12-17 10:48:10.953  2578  2578 I chatty  : uid=1000(system) com.motorola.modemservice expire 16 lines
12-17 10:48:11.929  2451  2451 I chatty  : uid=1000(system) /system/bin/ptt_socket_app expire 4 lines
12-17 10:48:11.955  2492  2848 I NetworkController.MotorolaMobileSignalController(1): MotorolaMobilePhoneStateListener.onSignalStrengthsChanged: Entered: signalStrength=SignalStrength: 12 0 -120 -160 -120 -1 -1 99 2147483647 2147483647 2147483647 2147483647 2147483647 gsm|lte level=4
12-17 10:48:12.007  3615  3615 I chatty  : uid=1000(system) com.motorola.tools.batterytracer expire 11 lines
12-17 10:48:12.053   397   397 I installd: free_cache(10527910) avail 1712963584
12-17 10:48:12.149  6950  6950 D MusicLifecycle: com.google.android.music.playback.MusicPlaybackService$3 generated event: Broadcast received with context com.google.android.music.playback.MusicPlaybackService@88877a5 and intent Intent { act=android.intent.action.CONFIGURATION_CHANGED flg=0x70000010 }
12-17 10:48:12.168  2492  2848 I NetworkController.MotorolaMobileSignalController(1): MotorolaMobilePhoneStateListener.onSignalStrengthsChanged: Entered: signalStrength=SignalStrength: 8 0 -120 -160 -120 -1 -1 99 2147483647 2147483647 2147483647 2147483647 2147483647 gsm|lte level=3
12-17 10:48:12.169  2492  2848 I NetworkController.MotorolaMobileSignalController(1): MotorolaMobilePhoneStateListener.onSignalStrengthsChanged: Entered: signalStrength=SignalStrength: 8 0 -120 -160 -120 -1 -1 99 2147483647 2147483647 2147483647 2147483647 2147483647 gsm|lte level=3
12-17 10:48:14.726  6950  6977 V MusicPlaybackService: Updating notification + media session metadata due to timeout of 1000ms
12-17 10:48:14.749  3104  3190 W art     : Long monitor contention event with owner method=boolean android.os.MessageQueue.enqueueMessage(android.os.Message, long) from MessageQueue.java:541 waiters=0 for 469ms
12-17 10:48:14.753   452  3421 I chatty  : uid=1006(camera) mm-qcamera-daem expire 110 lines
12-17 10:48:14.889 25065  2504 W libjingle: [511:536] webrtc: (neteq_impl.cc:632): InsertPacketInternal: Packet buffer flushed
12-17 10:48:15.110  1937  6726 I chatty  : uid=1000(system) Binder_E expire 1 line
12-17 10:48:15.309  6950  6977 V MusicPlaybackService: Updating notification + media session metadata due to completed art request: ArtRequest{mState=30, mDescriptor=ContentProviderArtDescriptor{contentUri=content://com.google.android.music.MusicContent/album/2630811244column=album_art}, mItems={com.google.android.music.art.ArtRequest$NeededItem@86c45c0f=true}}
12-17 10:48:15.395  3490  3506 W GAv4    : AnalyticsReceiver is not registered or is disabled. Register the receiver for reliable dispatching on non-Google Play devices. See http://goo.gl/8Rd3yj for instructions.
12-17 10:48:15.803  2492  2492 I Choreographer: Skipped 61 frames!  The application may be doing too much work on its main thread.
12-17 10:48:15.804  2492  2492 V QSTileView: setDual true
12-17 10:48:15.804  2492  2492 V QSTileView: setDual true
12-17 10:48:15.804  2492  2492 V QSTileView: setDual false
12-17 10:48:15.804  2492  2492 V QSTileView: setDual false
12-17 10:48:15.811  2492  2492 V QSTileView: setDual false
12-17 10:48:15.811  2492  2492 V QSTileView: setDual false
12-17 10:48:15.811  2492  2492 V QSTileView: setDual false
12-17 10:48:15.812  2492  2492 V QSTileView: setDual false
12-17 10:48:15.812  2492  2492 V QSTileView: setDual false
12-17 10:48:15.812  2492  2492 V QSTileView: setDual false
12-17 10:48:15.812  2492  2492 V QSTileView: setDual false
12-17 10:48:15.812  2492  2492 V QSTileView: setDual false
12-17 10:48:15.840  2492  2848 I NetworkController.MotorolaMobileSignalController(1): MotorolaMobilePhoneStateListener.onSignalStrengthsChanged: Entered: signalStrength=SignalStrength: 11 0 -120 -160 -120 -1 -1 99 2147483647 2147483647 2147483647 2147483647 2147483647 gsm|lte level=3
12-17 10:48:15.842  3450  3474 D Finsky  : [2128] 7.run: Enqueued com.google.android.apps.magazines as content://downloads/my_downloads/38
12-17 10:48:15.843  3450  3450 D Finsky  : [1] DownloadImpl.setState: com.google.android.apps.magazines from QUEUED to DOWNLOADING.
12-17 10:48:15.847  3450  3450 D Finsky  : [1] DownloadQueueImpl.onStart: com.google.android.apps.magazines: onStart
12-17 10:48:15.866 25065  2504 W libjingle: [512:512] webrtc: (neteq_impl.cc:632): InsertPacketInternal: Packet buffer flushed
12-17 10:48:15.959  1937  1947 I chatty  : uid=1000(system) HeapTaskDaemon expire 1 line
12-17 10:48:16.020  3490  3506 W GAv4    : CampaignTrackingReceiver is not registered, not exported or is disabled. Installation campaign tracking is not possible. See http://goo.gl/8Rd3yj for instructions.
12-17 10:48:16.104  2492  2492 V QSTileView: setDual true
12-17 10:48:16.104  2492  2492 V QSTileView: setDual true
12-17 10:48:16.104  2492  2492 V QSTileView: setDual false
12-17 10:48:16.104  2492  2492 V QSTileView: setDual false
12-17 10:48:16.104  2492  2492 V QSTileView: setDual false
12-17 10:48:16.104  2492  2492 V QSTileView: setDual false
12-17 10:48:16.104  2492  2492 V QSTileView: setDual false
12-17 10:48:16.104  2492  2492 V QSTileView: setDual false
12-17 10:48:16.105  2492  2492 V QSTileView: setDual false
12-17 10:48:16.108  3450  3450 D Finsky  : [1] DownloadQueueImpl.notifyProgress: com.google.android.apps.magazines: onProgress 0/-1 Status: 190.
12-17 10:48:16.111  2492  2492 V QSTileView: setDual false
12-17 10:48:16.111  2492  2492 V QSTileView: setDual false
12-17 10:48:16.111  2492  2492 V QSTileView: setDual false
12-17 10:48:16.309   256   256 D BHD     : Got a battery uevent,log details
12-17 10:48:16.524   256   256 D BHD     : Got a battery uevent,log details
12-17 10:48:16.551 25065  2504 W libjingle: [513:198] webrtc: (neteq_impl.cc:632): InsertPacketInternal: Packet buffer flushed
12-17 10:48:16.638  3490  3506 W AnalyticsTrackerProxyImpl: Analytics setup for ID UA-21125203-2, app name Drive, version 2.3.327.07.34
12-17 10:48:16.951 25065  2507 E libjingle: [513:598] webrtc: (process_thread_impl.cc:31): TimeUntilNextProcess returned an invalid value -1
12-17 10:48:16.981  3490  3500 W art     : Suspending all threads took: 10.247ms
12-17 10:48:17.037   390  3429 D mm-camera-intf: mm_stream_read_msm_frame: Stoping poll on stream 0xb78bc8c0 type: 1
12-17 10:48:17.037   390  3429 D mm-camera-intf: mm_stream_read_msm_frame: Stopped poll on stream 0xb78bc8c0 type: 1
12-17 10:48:17.075   452  3371 I chatty  : uid=1006(camera) mm-qcamera-daem expire 26 lines
12-17 10:48:17.097   390  3432 D mm-camera-intf: mm_stream_qbuf: Starting poll on stream 0xb78bc8c0 type: 1
12-17 10:48:17.097   390  3432 D mm-camera-intf: mm_stream_qbuf: Started poll on stream 0xb78bc8c0 type: 1
12-17 10:48:17.113  3490  3670 W GAv4    : AnalyticsService not registered in the app manifest. Hits might not be delivered reliably. See http://goo.gl/8Rd3yj for instructions.
12-17 10:48:17.280 25065  2508 I vclib   : Encoder bitrate changing to 130150 for resolution: (217x354)
12-17 10:48:17.293 25065  2772 W AudioTrack: releaseBuffer() track 0xb9159d68 disabled due to previous underrun, restarting
12-17 10:48:17.347 25065 25065 I Babel_calls: SelfParticipantView: Creating renderer
12-17 10:48:17.348 25065 25065 I Babel_calls: SelfParticipantView: Creating renderer
12-17 10:48:17.382 25065 25070 I art     : Wrote stack traces to '/data/anr/traces.txt'
12-17 10:48:17.386   390   991 D audio_hw_primary: out_set_parameters: enter: usecase(1: low-latency-playback) kvpairs: routing=2
12-17 10:48:17.386   390   991 D audio_hw_fm: audio_extn_fm_set_parameters: Inside
12-17 10:48:17.386   390   991 V audio_hw_fm: audio_extn_fm_set_parameters: enter
12-17 10:48:17.386   390   991 V audio_hw_fm: audio_extn_fm_set_parameters: exit
12-17 10:48:17.439   390   990 D audio_hw_primary: select_devices: out_snd_device(2: speaker) in_snd_device(0: none)
12-17 10:48:17.439   390   990 D msm8974_platform: platform_send_audio_calibration: sending audio calibration for snd_device(2) acdb_id(15)
12-17 10:48:17.439   390   990 D ACDB-LOADER: ACDB -> send_audio_cal, acdb_id = 15, path =  0
12-17 10:48:17.439   390   990 D ACDB-LOADER: ACDB -> send_adm_topology
12-17 10:48:17.439   390   990 D ACDB-LOADER: ACDB -> ACDB_CMD_GET_AUDPROC_COMMON_TOPOLOGY_ID
12-17 10:48:17.439   390   990 D ACDB-LOADER: ACDB -> send_audtable
12-17 10:48:17.439   390   990 D ACDB-LOADER: ACDB -> ACDB_CMD_GET_AUDPROC_COMMON_TABLE
12-17 10:48:17.439   390   990 D ACDB-LOADER: ACDB -> AUDIO_SET_AUDPROC_CAL
12-17 10:48:17.439   390   990 D ACDB-LOADER: ACDB -> send_audvoltable
12-17 10:48:17.439   390   990 D ACDB-LOADER: ACDB -> ACDB_CMD_GET_AUDPROC_GAIN_DEP_STEP_TABLE
12-17 10:48:17.439   390   990 D ACDB-LOADER: ACDB -> AUDIO_SET_AUDPROC_VOL_CAL
12-17 10:48:17.439   390   990 D ACDB-LOADER: ACDB -> send_afe_cal
12-17 10:48:17.439   390   990 D ACDB-LOADER: ACDB -> ACDB_CMD_GET_AFE_COMMON_TABLE
12-17 10:48:17.439   390   990 D         : Failed to fetch the lookup information of the device 0000000F 
12-17 10:48:17.439   390   990 D ACDB-LOADER: ACDB -> AUDIO_SET_AFE_CAL
12-17 10:48:17.439   390   990 D audio_hw_primary: enable_snd_device: snd_device(2: speaker)
12-17 10:48:17.449   390   990 D audio_hw_primary: enable_audio_route: apply and update mixer path: low-latency-playback speaker
12-17 10:48:17.463 25065  2508 W vclib   : Encoder setup(resolution) has changed. Resetting.
12-17 10:48:17.476 25065  2504 W libjingle: [514:123] webrtc: (neteq_impl.cc:632): InsertPacketInternal: Packet buffer flushed
12-17 10:48:17.513   390   390 W GraphicBufferSource: Dropped back down to Loaded without Executing
12-17 10:48:17.519 25065  2746 W libjingle: [514:166] webrtc: (generic_decoder.cc:62): Too many frames backed up in the decoder, dropping this one.
12-17 10:48:17.520 25065  2746 W libjingle: [514:167] webrtc: (generic_decoder.cc:62): Too many frames backed up in the decoder, dropping this one.
12-17 10:48:17.520 25065  2746 W libjingle: [514:167] webrtc: (generic_decoder.cc:62): Too many frames backed up in the decoder, dropping this one.
12-17 10:48:17.575 25065  2746 W libjingle: [514:222] webrtc: (generic_decoder.cc:62): Too many frames backed up in the decoder, dropping this one.
12-17 10:48:17.590   390   991 D AudioFlinger: mixer(0xb435b008) throttle end: throttle time(14)
12-17 10:48:17.639 25065  2746 W libjingle: [514:286] webrtc: (generic_decoder.cc:62): Too many frames backed up in the decoder, dropping this one.
12-17 10:48:17.640 25065  2746 W libjingle: [514:287] webrtc: (generic_decoder.cc:62): Too many frames backed up in the decoder, dropping this one.
12-17 10:48:17.653  2492  2848 D MotoNetwCtrlr: onReceive: intent=Intent { act=android.net.wifi.RSSI_CHANGED flg=0x4000010 (has extras) }
12-17 10:48:17.653  2492  2848 I MotoNetwCtrlr.MotoWifiSignalCtrlr: handleBroadcast: Entered: Intent=Intent { act=android.net.wifi.RSSI_CHANGED flg=0x4000010 (has extras) } Action=android.net.wifi.RSSI_CHANGED
12-17 10:48:17.657 25065  3384 W art     : Long monitor contention event with owner method=boolean android.os.MessageQueue.enqueueMessage(android.os.Message, long) from MessageQueue.java:541 waiters=0 for 316ms
12-17 10:48:17.658 25065  2746 W libjingle: [514:305] webrtc: (generic_decoder.cc:62): Too many frames backed up in the decoder, dropping this one.
12-17 10:48:17.658 25065  2746 W libjingle: [514:305] webrtc: (generic_decoder.cc:62): Too many frames backed up in the decoder, dropping this one.
12-17 10:48:17.701 25065  2508 I MediaCodec: name=video/avc isType=true encoder=true
12-17 10:48:17.722  3450  3450 D Finsky  : [1] DownloadQueueImpl.notifyProgress: com.google.android.apps.magazines: onProgress 0/-1 Status: 192.
12-17 10:48:17.732 24506  3674 D DownloadManager: [38] Starting
12-17 10:48:17.775 25065  3690 I OMXClient: Using client-side OMX mux.
12-17 10:48:17.788 25065  2746 W libjingle: [514:435] webrtc: (generic_decoder.cc:62): Too many frames backed up in the decoder, dropping this one.
12-17 10:48:17.815 25065  2504 W libjingle: [514:462] webrtc: (send_side_bandwidth_estimation.cc:167): REMB estimate changed more than 100Kbps from 141941 to 30000
12-17 10:48:17.874 25065  3687 I MediaCodec: MediaCodec will operate in async mode
12-17 10:48:17.875   390  1957 E OMX-VENC-720p: set_parameter: metamode is valid for input port only
12-17 10:48:17.875   390  1957 W OMXNodeInstance: [3c:qcom.encoder.avc] component does not support metadata mode; using fallback
12-17 10:48:17.876 25065  3690 E ACodec  : [OMX.qcom.video.encoder.avc] storeMetaDataInBuffers (output) failed w/ err -1010
12-17 10:48:17.876 25065  3690 W ACodec  : do not know color format 0x7fa30c04 = 2141391876
12-17 10:48:17.877 25065  3690 W ACodec  : do not know color format 0x7f000789 = 2130708361
12-17 10:48:17.878   390  2975 E OMX-VENC-720p: WARNING: Unsupported Color format [2130708361]
12-17 10:48:17.878   390  2975 E OMX-VENC-720p: C2D init is successful
12-17 10:48:17.909   390  3054 E OMX-VENC-720p: WARNING: Unsupported Color format [2130708361]
12-17 10:48:17.926 25065  3690 I ACodec  : setupVideoEncoder succeeded
12-17 10:48:17.939 25065  3690 W ACodec  : do not know color format 0x7f000789 = 2130708361
12-17 10:48:17.957   390  1957 E OMXNodeInstance: getParameter(3c:qcom.encoder.avc, ParamConsumerUsageBits(0x6f800004)) ERROR: UnsupportedIndex(0x8000101a)
12-17 10:48:17.984 25065  2507 W libjingle: [514:631] webrtc: (rtp_rtcp_impl.cc:156): Process: Timeout: No RTCP RR received.
12-17 10:48:18.172 25065  2508 I vclib   : Encoder bitrate changing to 28500 for resolution: (351x219)
12-17 10:48:18.204 19373  3697 D PackageBroadcastService: Received broadcast action=android.intent.action.PACKAGE_ADDED and uri=com.google.android.deskclock
12-17 10:48:18.290 24506  3674 V ConnectivityManager: isActiveNetworkMetered() returns:false
12-17 10:48:18.326 19373 19373 D ChimeraCfgMgr: Loading module com.google.android.gms.games from APK com.google.android.play.games
12-17 10:48:18.326 19373 19373 D ChimeraModuleLdr: Module APK com.google.android.play.games already loaded
12-17 10:48:18.330   390  3692 E OMX-VENC-720p: open Color conv for RGBA888 W: 336, H: 208
12-17 10:48:18.538 19373 19373 D ChimeraCfgMgr: Loading module com.google.android.gms.games from APK com.google.android.play.games
12-17 10:48:18.538 19373 19373 D ChimeraModuleLdr: Module APK com.google.android.play.games already loaded
12-17 10:48:18.714 19373 19373 D ChimeraCfgMgr: Loading module com.google.android.gms.gass from APK com.google.android.gms
12-17 10:48:18.733 19373 19373 D AsyncTaskServiceImpl: Submit a task: k
12-17 10:48:18.766 19373 19373 D ChimeraCfgMgr: Loading module com.google.android.gms.gass from APK com.google.android.gms
12-17 10:48:18.776 19373  3709 D k       : Processing package: com.google.android.deskclock
12-17 10:48:18.778 19373 19373 D ChimeraCfgMgr: Loading module com.google.android.gms.vision from APK com.google.android.gms
12-17 10:48:18.805 19373  3709 D b       : Look up (com.google.android.deskclock:42102710) returned no result
12-17 10:48:18.806 19373  3709 D k       : Starting Hash for package com.google.android.deskclock:4.2.1 (2383161)
12-17 10:48:18.817 25065  2507 E libjingle: [515:464] webrtc: (process_thread_impl.cc:31): TimeUntilNextProcess returned an invalid value -88
12-17 10:48:18.834   390   991 D AudioFlinger: mixer(0xb435b008) throttle end: throttle time(10)
12-17 10:48:18.853   407   589 I ThermalEngine: Sensor:batt_therm:56200 mC
12-17 10:48:18.860   407   590 I ThermalEngine: Sensor:xo_therm_pu2:55000 mC
12-17 10:48:18.914   390  2975 E OMX-VENC-720p: VIDIOC_REQBUFS CAPTURE_MPLANE Failed
12-17 10:48:18.940 25065  2505 E libjingle: [515:587] webrtc: (process_thread_impl.cc:31): TimeUntilNextProcess returned an invalid value -85
12-17 10:48:19.175   390  3429 D mm-camera-intf: mm_stream_read_msm_frame: Stoping poll on stream 0xb78bc8c0 type: 1
12-17 10:48:19.175   390  3429 D mm-camera-intf: mm_stream_read_msm_frame: Stopped poll on stream 0xb78bc8c0 type: 1
12-17 10:48:19.213   390  3432 D mm-camera-intf: mm_stream_qbuf: Starting poll on stream 0xb78bc8c0 type: 1
12-17 10:48:19.213   390  3432 D mm-camera-intf: mm_stream_qbuf: Started poll on stream 0xb78bc8c0 type: 1
12-17 10:48:19.387   407   631 I ThermalEngine: Sensor:xo_therm_pu2:55000 mC
12-17 10:48:19.481  3639  3650 W art     : Suspending all threads took: 142.014ms
12-17 10:48:19.616  1937  2455 D WifiWatchdogStateMachine: Fetch RSSI succeed, rssi=-66 mrssi=-69 txbad=293 txgood=37005
12-17 10:48:19.616  1937  2455 D WifiWatchdogStateMachine: Incremental loss=0/67 Current loss=0.43% volume=58.18
12-17 10:48:19.617  1937  2455 D WifiWatchdogStateMachine: Cache updated: loss[-69]=0.7% volume=63.75
12-17 10:48:19.639  3615  3713 I BTerEnergyMonitorService: enter internalGatherEnergyInfo with trigger 64
12-17 10:48:19.697  2578  2578 D ModemStats: [ModemStatsUtils] updateWifiRssi, rssi:-66
12-17 10:48:19.697  1937  2455 D WifiWatchdogStateMachine: RSSI current: 2 new: -66, 3
12-17 10:48:19.743  2492  2848 D MotoNetwCtrlr: onReceive: intent=Intent { act=android.net.wifi.RSSI_CHANGED flg=0x4000010 (has extras) }
12-17 10:48:19.743  2492  2848 I MotoNetwCtrlr.MotoWifiSignalCtrlr: handleBroadcast: Entered: Intent=Intent { act=android.net.wifi.RSSI_CHANGED flg=0x4000010 (has extras) } Action=android.net.wifi.RSSI_CHANGED
12-17 10:48:19.809  3715  3715 I KPI-6PA-ZY-6: 1731869 enter ActivityThread.main()
12-17 10:48:19.886 19373  3709 D k       : Package com.google.android.deskclock's hash: 6dc999e058ee7f65dbb6580046aeb2b161c465464b5b3c5bacb0e5b4fd4240e1
12-17 10:48:19.898 19373  3709 D b       : Look up (com.google.android.deskclock:42102710) returned no result
12-17 10:48:19.950 19373  3709 D k       : Saved the app info in cache for package:com.google.android.deskclock.
12-17 10:48:20.135   390   991 D AudioFlinger: mixer(0xb435b008) throttle end: throttle time(11)
12-17 10:48:20.292  3731  3731 I KPI-6PA-ZY-6: 1732353 enter ActivityThread.main()
12-17 10:48:20.299   390  3429 D mm-camera-intf: mm_stream_read_msm_frame: Stoping poll on stream 0xb78bc8c0 type: 1
12-17 10:48:20.299   390  3429 D mm-camera-intf: mm_stream_read_msm_frame: Stopped poll on stream 0xb78bc8c0 type: 1
12-17 10:48:20.395   390  3432 D mm-camera-intf: mm_stream_qbuf: Starting poll on stream 0xb78bc8c0 type: 1
12-17 10:48:20.395   390  3432 D mm-camera-intf: mm_stream_qbuf: Started poll on stream 0xb78bc8c0 type: 1
12-17 10:48:20.326  3615  3737 I BatteryTracerUtil: Property debug.wakelocks=1 is already set
12-17 10:48:20.500  2578  2578 D ModemStats: [MSimPhoneStateListener] onDataActivity, mSubId: 1, direction is: 0
12-17 10:48:20.518  2578  2578 D ModemStats: [MSimPhoneStateListener] onDataActivity, mSubId: 1, direction is: 0
12-17 10:48:20.518  2492  2848 I NetworkController.MotorolaMobileSignalController(1): MotorolaMobilePhoneStateListener.onDataActivity: Entered: direction=0
12-17 10:48:20.518  2492  2848 I NetworkController.MotorolaMobileSignalController(1): MotorolaMobilePhoneStateListener.onDataActivity: Entered: direction=0
12-17 10:48:20.522  2578  2578 D ModemStats: [MSimPhoneStateListener] onDataActivity, mSubId: 1, direction is: 0
12-17 10:48:20.524  2492  2848 I NetworkController.MotorolaMobileSignalController(1): MotorolaMobilePhoneStateListener.onDataActivity: Entered: direction=0
12-17 10:48:20.529  3615  3737 I BatteryTracerUtil: Property misc.debug=1 is already set
12-17 10:48:20.530 24506  3674 V ConnectivityManager: isActiveNetworkMetered() returns:false
12-17 10:48:20.533  2578  2578 D ModemStats: [MSimPhoneStateListener] onDataActivity, mSubId: 1, direction is: 0
12-17 10:48:20.543  3615  3737 I BatteryTracerUtil: Property log.debug_level=1 is already set
12-17 10:48:20.563  3731  3731 W System  : ClassLoader referenced unknown path: /system/app/BT_SD_support/lib/arm
12-17 10:48:20.567  3731  3731 D BTSDCardService: onCreate().  DEBUG = false
12-17 10:48:20.600  2492  2848 I NetworkController.MotorolaMobileSignalController(1): MotorolaMobilePhoneStateListener.onDataActivity: Entered: direction=0
12-17 10:48:20.638 25065  2504 E libjingle: [517:285] Received keyframe request for encoder (1152x720)
12-17 10:48:20.640  1937  2455 D WifiWatchdogStateMachine: Fetch RSSI succeed, rssi=-65 mrssi=-65 txbad=293 txgood=37087
12-17 10:48:20.641  1937  2455 D WifiWatchdogStateMachine: Incremental loss=0/82 Current loss=0.18% volume=70.09
12-17 10:48:20.642  1937  2455 D WifiWatchdogStateMachine: Cache updated: loss[-65]=0.37% volume=61.83
12-17 10:49:03.530  6950  6977 V MusicPlaybackService: Updating notification + media session metadata due to completed art request: ArtRequest{mState=30, mDescriptor=ContentProviderArtDescriptor{contentUri=content://com.google.android.music.MusicContent/album/2630811244column=album_art}, mItems={com.google.android.music.art.ArtRequest$NeededItem@86c45c0f=true}}
12-17 10:49:03.540   452  3421 I chatty  : uid=1006(camera) mm-qcamera-daem expire 206 lines
12-17 10:49:03.592  1937  1955 W art     : Long monitor contention event with owner method=void com.android.server.am.ActivityManagerService.serviceDoneExecuting(android.os.IBinder, int, int, int) from ActivityManagerService.java:16235 waiters=0 for 277ms
12-17 10:49:03.593  1937  7042 W art     : Long monitor contention event with owner method=void com.android.server.am.ActivityManagerService.serviceDoneExecuting(android.os.IBinder, int, int, int) from ActivityManagerService.java:16235 waiters=1 for 206ms
12-17 10:49:03.853 19373 19877 I Icing   : Indexing 383FB0B097AD1DC040A5E470466D08C92D5281A7 from com.google.android.gms
12-17 10:49:04.088  3993  3993 I KPI-6PA-ZY-6: 1776148 enter ActivityThread.main()
12-17 10:49:04.196  1937  2455 D WifiWatchdogStateMachine: Fetch RSSI succeed, rssi=-74 mrssi=-74 txbad=311 txgood=40345
12-17 10:49:04.196  1937  2455 D WifiWatchdogStateMachine: Incremental loss=0/121 Current loss=0.06% volume=109.63
12-17 10:49:04.196  1937  2455 D WifiWatchdogStateMachine: Cache updated: loss[-74]=0.4% volume=66.1
12-17 10:49:04.313  3993  3993 W System  : ClassLoader referenced unknown path: /data/app/com.google.android.deskclock-1/lib/arm
12-17 10:49:04.448   407   631 I ThermalEngine: Sensor:xo_therm_pu2:55000 mC
12-17 10:49:04.449   407   631 I ThermalEngine: ACTION: CPU - Setting CPU[0] to 1094400
12-17 10:49:04.449   407   631 I ThermalEngine: Mitigation:CPU[0]:1094400 Khz
12-17 10:49:04.449   407   631 I ThermalEngine: ACTION: CPU - Setting CPU[1] to 1094400
12-17 10:49:04.449   407   631 I ThermalEngine: Mitigation:CPU[1]:1094400 Khz
12-17 10:49:04.449   407   631 I ThermalEngine: ACTION: CPU - Setting CPU[2] to 1094400
12-17 10:49:04.449   407   631 I ThermalEngine: Mitigation:CPU[2]:1094400 Khz
12-17 10:49:04.449   407   631 I ThermalEngine: ACTION: CPU - Setting CPU[3] to 1094400
12-17 10:49:04.449   407   631 I ThermalEngine: Mitigation:CPU[3]:1094400 Khz
12-17 10:49:04.712  1937  1947 I art     : Background partial concurrent mark sweep GC freed 10314(761KB) AllocSpace objects, 0(0B) LOS objects, 33% free, 21MB/32MB, paused 2.830ms total 338.957ms
12-17 10:49:04.887  3639  4010 D ExtendedUtils: extended extractor not needed, return default
12-17 10:49:04.904  3639  4013 I OMXClient: Using client-side OMX mux.
12-17 10:49:04.912  3639  4013 E OMXMaster: A component of name 'OMX.qcom.audio.decoder.aac' already exists, ignoring this one.
12-17 10:49:04.918 25065  2508 I vclib   : Encoder bitrate changing to 46550 for resolution: (217x354)
12-17 10:49:04.973 25065  3384 W art     : Long monitor contention event with owner method=boolean android.os.MessageQueue.enqueueMessage(android.os.Message, long) from MessageQueue.java:541 waiters=0 for 112ms
12-17 10:49:05.191  2451  2451 V WLAN_PSA: NL MSG, len[4073], NL type[0x1C] WNI type[0x5900] len[53519]
12-17 10:49:05.198  1937  2455 D WifiWatchdogStateMachine: Fetch RSSI succeed, rssi=-71 mrssi=-72 txbad=311 txgood=40468
12-17 10:49:05.199  1937  2455 D WifiWatchdogStateMachine: Incremental loss=0/123 Current loss=0.03% volume=116.31
12-17 10:49:05.200  1937  2455 D WifiWatchdogStateMachine: Cache updated: loss[-72]=1.05% volume=60.72
12-17 10:49:05.318 19373 19877 I Icing   : Indexing done 383FB0B097AD1DC040A5E470466D08C92D5281A7
12-17 10:49:05.332  3993  3993 I GAv4    : Google Analytics 7.8.95 is starting up. To enable debug logging on a device run:
12-17 10:49:05.332  3993  3993 I GAv4    :   adb shell setprop log.tag.GAv4 DEBUG
12-17 10:49:05.332  3993  3993 I GAv4    :   adb logcat -s GAv4
12-17 10:49:05.486  3993  3993 W GAv4    : AnalyticsReceiver is not registered or is disabled. Register the receiver for reliable dispatching on non-Google Play devices. See http://goo.gl/8Rd3yj for instructions.
12-17 10:49:05.598  3993  3993 W GAv4    : CampaignTrackingReceiver is not registered, not exported or is disabled. Installation campaign tracking is not possible. See http://goo.gl/8Rd3yj for instructions.
12-17 10:49:05.657  3993  3993 V AlarmClock: AlarmInitReceiver android.intent.action.MY_PACKAGE_REPLACED
12-17 10:49:05.713  3731  3795 I BTSDCardService: createSqliteDB for /storage/emulated/0/batterytracer/databases/current/BT10_404450941147460_20151217_104826.btd
12-17 10:49:05.720  3993  4023 W GAv4    : AnalyticsService not registered in the app manifest. Hits might not be delivered reliably. See http://goo.gl/8Rd3yj for instructions.
12-17 10:49:06.142  3639  3639 W art     : Verification of com.google.android.apps.gsa.search.shared.actions.errors.SearchError com.google.android.apps.gsa.extradex.searchgraph.av.a(com.google.android.apps.gsa.shared.search.Query, java.lang.Throwable) took 106.460ms
12-17 10:49:06.198  1937  2455 D WifiWatchdogStateMachine: Fetch RSSI succeed, rssi=-70 mrssi=-70 txbad=311 txgood=40559
12-17 10:49:06.199  1937  2455 D WifiWatchdogStateMachine: Incremental loss=0/91 Current loss=0.02% volume=103.66
12-17 10:49:06.199  1937  2455 D WifiWatchdogStateMachine: Cache updated: loss[-70]=0.82% volume=64.1
12-17 10:49:06.201  3639  3650 W art     : Suspending all threads took: 22.029ms
12-17 10:49:06.214  3731  3795 E BTSDCardService: Thermal Sensors Info table does not exist.
12-17 10:49:06.398  3993  4026 V AlarmClock: AlarmInitReceiver finished
12-17 10:49:06.455  3639  3639 W art     : Verification of void com.google.android.apps.gsa.extradex.attemptedsearchhistory.c.ut() took 114.178ms
12-17 10:49:06.680  4029  4029 I KPI-6PA-ZY-6: 1778741 enter ActivityThread.main()
12-17 10:49:06.772  1937  3096 W art     : Long monitor contention event with owner method=void com.android.server.am.BroadcastQueue.processNextBroadcast(boolean) from BroadcastQueue.java:639 waiters=1 for 332ms
12-17 10:49:06.772  1937  1955 W art     : Long monitor contention event with owner method=void com.android.server.am.ActivityManagerService.trimApplications() from ActivityManagerService.java:19673 waiters=1 for 291ms
12-17 10:49:06.869  1937  2461 D Ethernet: new score 60 for exisiting request NetworkRequest [ id=1, legacyType=-1, [ Capabilities: INTERNET&NOT_RESTRICTED&TRUSTED&NOT_VPN] ]
12-17 10:49:06.869  1937  2461 D Ethernet:   my score=-1, my filter=[ Transports: ETHERNET Capabilities: INTERNET&NOT_RESTRICTED&TRUSTED&NOT_VPN LinkUpBandwidth>=100000Kbps LinkDnBandwidth>=100000Kbps]
12-17 10:49:06.869  1937  2461 D Ethernet: evalRequest
12-17 10:49:06.869  1937  2461 D Ethernet:   done
12-17 10:49:06.872  1937  2437 D WIFI_UT : new score 60 for exisiting request NetworkRequest [ id=1, legacyType=-1, [ Capabilities: INTERNET&NOT_RESTRICTED&TRUSTED&NOT_VPN] ]
12-17 10:49:06.872  1937  2437 D WIFI_UT :   my score=2147483647, my filter=[ Transports: WIFI Capabilities: INTERNET&NOT_RESTRICTED&TRUSTED&NOT_VPN LinkUpBandwidth>=1048576Kbps LinkDnBandwidth>=1048576Kbps]
12-17 10:49:06.872  1937  2437 D WIFI_UT : evalRequest
12-17 10:49:06.872  1937  2437 D WIFI_UT :   done
12-17 10:49:06.873  1937  2437 D WIFI    : new score 60 for exisiting request NetworkRequest [ id=1, legacyType=-1, [ Capabilities: INTERNET&NOT_RESTRICTED&TRUSTED&NOT_VPN] ]
12-17 10:49:06.873  1937  2437 D WIFI    :   my score=60, my filter=[ Transports: WIFI Capabilities: INTERNET&NOT_RESTRICTED&TRUSTED&NOT_VPN LinkUpBandwidth>=1048576Kbps LinkDnBandwidth>=1048576Kbps]
12-17 10:49:06.873  1937  2437 D WIFI    : evalRequest
12-17 10:49:06.873  1937  2437 D WIFI    :   done
12-17 10:49:06.933 25065  2508 I vclib   : Encoder bitrate changing to 47500 for resolution: (217x354)
12-17 10:49:07.039  2451  2451 V WLAN_PSA: NL MSG, len[048], NL type[0x11] WNI type[0x5050] len[028]
12-17 10:49:07.090  3639  3639 I MicroDetectionWrkImpl: Micro detection mode: 1.
12-17 10:49:07.101  4029  4029 W System  : ClassLoader referenced unknown path: /system/priv-app/Phonesky/lib/arm
12-17 10:49:07.200  1937  2455 D WifiWatchdogStateMachine: Fetch RSSI succeed, rssi=-67 mrssi=-68 txbad=311 txgood=40646
12-17 10:49:07.200  1937  2455 D WifiWatchdogStateMachine: Incremental loss=0/87 Current loss=0.01% volume=95.33
12-17 10:49:07.201  1937  2455 D WifiWatchdogStateMachine: Cache updated: loss[-68]=0.53% volume=65.96
12-17 10:49:07.354  3639  4006 I GrammarCompilationSvcCt: Grammar compilation alarm set for interval 604800000
12-17 10:49:07.559  1937  1955 W art     : Long monitor contention event with owner method=void com.android.server.am.ActivityManagerService.serviceDoneExecuting(android.os.IBinder, int, int, int) from ActivityManagerService.java:16235 waiters=0 for 178ms
12-17 10:49:07.718  1937  3128 I AccountManagerService: getTypesVisibleToCaller: isPermitted? true
12-17 10:49:07.942 25065  2508 I vclib   : Encoder bitrate changing to 49400 for resolution: (217x354)
12-17 10:49:08.126  4029  4029 D Finsky  : [1] FinskyApp.onCreate: Initializing network with DFE https://android.clients.google.com/fdfe/
12-17 10:49:08.195  2451  2451 V WLAN_PSA: NL MSG, len[4074], NL type[0x1C] WNI type[0x5900] len[53775]
12-17 10:49:08.197  1937  2455 D WifiWatchdogStateMachine: RSSI current: 2 new: -64, 3
12-17 10:49:08.198  2578  2578 D ModemStats: [ModemStatsUtils] updateWifiRssi, rssi:-64
12-17 10:49:08.199  2492  2848 D MotoNetwCtrlr: onReceive: intent=Intent { act=android.net.wifi.RSSI_CHANGED flg=0x4000010 (has extras) }
12-17 10:49:08.220  1937  2455 D WifiWatchdogStateMachine: Fetch RSSI succeed, rssi=-64 mrssi=-65 txbad=311 txgood=40748
12-17 10:49:08.221  1937  2455 D WifiWatchdogStateMachine: Incremental loss=0/102 Current loss=0% volume=98.66
12-17 10:49:08.221  1937  2455 D WifiWatchdogStateMachine: Cache updated: loss[-65]=0.49% volume=66.28
12-17 10:49:08.247  2492  2848 I MotoNetwCtrlr.MotoWifiSignalCtrlr: handleBroadcast: Entered: Intent=Intent { act=android.net.wifi.RSSI_CHANGED flg=0x4000010 (has extras) } Action=android.net.wifi.RSSI_CHANGED
12-17 10:49:08.490   390   991 D AudioFlinger: mixer(0xb435b008) throttle end: throttle time(11)
12-17 10:49:08.637  4029  4029 D Finsky  : [1] DailyHygiene.goMakeHygieneIfDirty: No need to run daily hygiene.
12-17 10:49:08.739  1937  3110 I AccountManagerService: getTypesVisibleToCaller: isPermitted? true
12-17 10:49:08.755  4029  4029 W Settings: Setting download_manager_max_bytes_over_mobile has moved from android.provider.Settings.Secure to android.provider.Settings.Global.
12-17 10:49:08.759  4029  4029 W Settings: Setting download_manager_recommended_max_bytes_over_mobile has moved from android.provider.Settings.Secure to android.provider.Settings.Global.
12-17 10:49:08.863  1937  6726 I AccountManagerService: getTypesVisibleToCaller: isPermitted? true
12-17 10:49:08.868  1937  7042 I AccountManagerService: getTypesVisibleToCaller: isPermitted? true
12-17 10:49:08.873  1937  3110 I AccountManagerService: getTypesVisibleToCaller: isPermitted? true
12-17 10:49:08.877   407   589 I ThermalEngine: Sensor:batt_therm:56800 mC
12-17 10:49:08.885   407   590 I ThermalEngine: Sensor:xo_therm_pu2:56000 mC
12-17 10:49:08.957 25065  2508 I vclib   : Encoder bitrate changing to 52250 for resolution: (217x354)
12-17 10:49:09.334  1937  2437 W art     : Long monitor contention event with owner method=void com.android.server.am.BroadcastQueue.processNextBroadcast(boolean) from BroadcastQueue.java:639 waiters=1 for 138ms
12-17 10:49:09.337  2578  2578 D ModemStats: [ModemStatsUtils] updateWifiRssi, rssi:-69
12-17 10:49:09.337  1937  2455 D WifiWatchdogStateMachine: RSSI current: 3 new: -69, 2
12-17 10:49:09.347  1937  2455 D WifiWatchdogStateMachine: Fetch RSSI succeed, rssi=-69 mrssi=-66 txbad=311 txgood=40871
12-17 10:49:09.347  1937  2455 D WifiWatchdogStateMachine: Incremental loss=0/123 Current loss=0% volume=110.83
12-17 10:49:09.348  1937  2455 D WifiWatchdogStateMachine: Cache updated: loss[-66]=0.6% volume=76.28
12-17 10:49:09.367  2492  2848 D MotoNetwCtrlr: onReceive: intent=Intent { act=android.net.wifi.RSSI_CHANGED flg=0x4000010 (has extras) }
12-17 10:49:09.368  2492  2848 I MotoNetwCtrlr.MotoWifiSignalCtrlr: handleBroadcast: Entered: Intent=Intent { act=android.net.wifi.RSSI_CHANGED flg=0x4000010 (has extras) } Action=android.net.wifi.RSSI_CHANGED
12-17 10:49:09.372 19373  4074 D PackageBroadcastService: Received broadcast action=android.intent.action.PACKAGE_CHANGED and uri=com.google.android.talk
12-17 10:49:09.454   407   631 I ThermalEngine: Sensor:xo_therm_pu2:56000 mC
12-17 10:49:09.454   407   631 I ThermalEngine: ACTION: CPU - Setting CPU[0] to 998400
12-17 10:49:09.454   407   631 I ThermalEngine: Mitigation:CPU[0]:998400 Khz
12-17 10:49:09.454   407   631 I ThermalEngine: ACTION: CPU - Setting CPU[1] to 998400
12-17 10:49:09.454   407   631 I ThermalEngine: Mitigation:CPU[1]:998400 Khz
12-17 10:49:09.454   407   631 I ThermalEngine: ACTION: CPU - Setting CPU[2] to 998400
12-17 10:49:09.454   407   631 I ThermalEngine: Mitigation:CPU[2]:998400 Khz
12-17 10:49:09.454   407   631 I ThermalEngine: ACTION: CPU - Setting CPU[3] to 998400
12-17 10:49:09.454   407   631 I ThermalEngine: Mitigation:CPU[3]:998400 Khz
12-17 10:49:09.639  1937  3128 I AccountManagerService: getTypesVisibleToCaller: isPermitted? true
12-17 10:49:09.720  4075  4075 I KPI-6PA-ZY-6: 1781781 enter ActivityThread.main()
12-17 10:49:09.896  1937  2461 D Ethernet: new score 56 for exisiting request NetworkRequest [ id=1, legacyType=-1, [ Capabilities: INTERNET&NOT_RESTRICTED&TRUSTED&NOT_VPN] ]
12-17 10:49:09.896  1937  2461 D Ethernet:   my score=-1, my filter=[ Transports: ETHERNET Capabilities: INTERNET&NOT_RESTRICTED&TRUSTED&NOT_VPN LinkUpBandwidth>=100000Kbps LinkDnBandwidth>=100000Kbps]
12-17 10:49:09.896  1937  2461 D Ethernet: evalRequest
12-17 10:49:09.896  1937  2461 D Ethernet:   done
12-17 10:49:09.901  1937  2437 D WIFI_UT : new score 56 for exisiting request NetworkRequest [ id=1, legacyType=-1, [ Capabilities: INTERNET&NOT_RESTRICTED&TRUSTED&NOT_VPN] ]
12-17 10:49:09.901  1937  2437 D WIFI_UT :   my score=2147483647, my filter=[ Transports: WIFI Capabilities: INTERNET&NOT_RESTRICTED&TRUSTED&NOT_VPN LinkUpBandwidth>=1048576Kbps LinkDnBandwidth>=1048576Kbps]
12-17 10:49:09.901  1937  2437 D WIFI_UT : evalRequest
12-17 10:49:09.901  1937  2437 D WIFI_UT :   done
12-17 10:49:09.901  1937  2437 D WIFI    : new score 56 for exisiting request NetworkRequest [ id=1, legacyType=-1, [ Capabilities: INTERNET&NOT_RESTRICTED&TRUSTED&NOT_VPN] ]
12-17 10:49:09.902  1937  2437 D WIFI    :   my score=60, my filter=[ Transports: WIFI Capabilities: INTERNET&NOT_RESTRICTED&TRUSTED&NOT_VPN LinkUpBandwidth>=1048576Kbps LinkDnBandwidth>=1048576Kbps]
12-17 10:49:09.907  1937  2437 D WIFI    : evalRequest
12-17 10:49:09.907  1937  2437 D WIFI    :   done
12-17 10:49:10.201  1937  2455 D WifiWatchdogStateMachine: Fetch RSSI succeed, rssi=-70 mrssi=-69 txbad=311 txgood=40934
12-17 10:49:10.202  1937  2455 D WifiWatchdogStateMachine: Incremental loss=0/63 Current loss=0% volume=86.92
12-17 10:49:10.202  1937  2455 D WifiWatchdogStateMachine: Cache updated: loss[-69]=0.57% volume=63.16
12-17 10:49:10.369  4029  4039 W art     : Suspending all threads took: 5.328ms
12-17 10:49:10.540  4029  4096 D Ads     : Skipping gmscore version check
12-17 10:49:10.633 24506 25032 E DatabaseUtils: Writing exception to parcel
12-17 10:49:10.633 24506 25032 E DatabaseUtils: java.lang.SecurityException: Permission Denial: reading com.android.providers.media.MediaProvider uri content://media/external/fs_id from pid=4075, uid=10097 requires android.permission.READ_EXTERNAL_STORAGE, or grantUriPermission()
12-17 10:49:10.633 24506 25032 E DatabaseUtils: 	at android.content.ContentProvider.enforceReadPermissionInner(ContentProvider.java:605)
12-17 10:49:10.633 24506 25032 E DatabaseUtils: 	at android.content.ContentProvider$Transport.enforceReadPermission(ContentProvider.java:480)
12-17 10:49:10.633 24506 25032 E DatabaseUtils: 	at android.content.ContentProvider$Transport.query(ContentProvider.java:211)
12-17 10:49:10.633 24506 25032 E DatabaseUtils: 	at android.content.ContentProviderNative.onTransact(ContentProviderNative.java:112)
12-17 10:49:10.633 24506 25032 E DatabaseUtils: 	at android.os.Binder.execTransact(Binder.java:453)
12-17 10:49:10.648  4029  4029 D Finsky  : [1] InstallerImpl.access$500: Attempt recovery of content://downloads/my_downloads/38 192
12-17 10:49:10.652  4029  4029 D Finsky  : [1] InstallerImpl.recoverDownload: Recovering download for running com.google.android.apps.magazines
12-17 10:49:10.661  4029  4029 D Finsky  : [1] InstallerImpl.recoverDownload: Recovery of com.google.android.apps.magazines (com.google.android.apps.magazines) into downloading APK state
12-17 10:49:10.675  4029  4029 D Finsky  : [1] DownloadImpl.setState: com.google.android.apps.magazines from null to UNQUEUED.
12-17 10:49:10.676  4029  4029 D Finsky  : [1] DownloadQueueImpl.addRecoveredDownload: Download queue recovering download com.google.android.apps.magazines.
12-17 10:49:10.676  4029  4029 D Finsky  : [1] DownloadImpl.setState: com.google.android.apps.magazines from UNQUEUED to DOWNLOADING.
12-17 10:49:10.705  4029  4029 D Finsky  : [1] GmsCoreHelper.cleanupNlp: result=false type=4
12-17 10:49:10.752  1937  2974 I LocationManagerService: Running, passive, android, mInterval: 0, mFastestInterval: 0, mSmallestDisplacement: 0.0, mNumUpdates: 2147483647, Receiver: Reciever[f71f433 listener UpdateRecord[passive android(1000) Request[POWER_NONE passive fastest=0]]]
12-17 10:49:10.752  1937  2974 I LocationManagerService: Lat: 12.9795054, Long: 77.6587778, Bearing: 0.0, Accuracy: 34.5
12-17 10:49:10.752  1937  2974 I LocationManagerService: Running, passive, android, mInterval: 0, mFastestInterval: 0, mSmallestDisplacement: 0.0, mNumUpdates: 2147483647, Receiver: Reciever[174c698 listener UpdateRecord[passive android(1000) Request[POWER_NONE passive fastest=0]]]
12-17 10:49:10.752  1937  2974 I LocationManagerService: Lat: 12.9795054, Long: 77.6587778, Bearing: 0.0, Accuracy: 34.5
12-17 10:49:10.752  1937  2974 I LocationManagerService: Running, passive, android, mInterval: 0, mFastestInterval: 0, mSmallestDisplacement: 20000.0, mNumUpdates: 2147483647, Receiver: Reciever[18ea4a4 listener UpdateRecord[passive android(1000) Request[POWER_NONE passive fastest=0]]]
12-17 10:49:10.752  1937  2974 I LocationManagerService: Lat: 12.979258, Long: 77.6582339, Bearing: 0.0, Accuracy: 805.0
12-17 10:49:10.753  1937  2974 I LocationManagerService: Running, passive, com.google.android.gms, mInterval: 0, mFastestInterval: 0, mSmallestDisplacement: 0.0, mNumUpdates: 2147483647, Receiver: Reciever[b27b233 listener UpdateRecord[passive com.google.android.gms(10020) Request[POWER_NONE passive fastest=0]]]
12-17 10:49:10.753  1937  2974 I LocationManagerService: Lat: 12.9795054, Long: 77.6587778, Bearing: 0.0, Accuracy: 34.5
12-17 10:49:10.761  1937  2974 I LocationManagerService: Running, passive, com.google.android.gms, mInterval: 0, mFastestInterval: 0, mSmallestDisplacement: 0.0, mNumUpdates: 2147483647, Receiver: Reciever[ab9c1c3 listener UpdateRecord[passive com.google.android.gms(10020) Request[POWER_NONE passive fastest=0]]]
12-17 10:49:10.761  1937  2974 I LocationManagerService: Lat: 12.9795054, Long: 77.6587778, Bearing: 0.0, Accuracy: 34.5
12-17 10:49:10.761  1937  2974 I LocationManagerService: Running, passive, com.motorola.tools.batterytracer, mInterval: 0, mFastestInterval: 0, mSmallestDisplacement: 0.0, mNumUpdates: 2147483647, Receiver: Reciever[c7c1ca2 listener UpdateRecord[passive com.motorola.tools.batterytracer(1000) Request[POWER_NONE passive fastest=0]]]
12-17 10:49:10.761  1937  2974 I LocationManagerService: Lat: 12.9795054, Long: 77.6587778, Bearing: 0.0, Accuracy: 34.5
12-17 10:49:10.761  1937  2974 I LocationManagerService: Running, network, android, mInterval: 86400000, mFastestInterval: 86400000, mSmallestDisplacement: 0.0, mNumUpdates: 2147483647, Receiver: Reciever[5f6d9d1 listener UpdateRecord[network android(1000) Request[POWER_LOW network requested=+24h0m0s0ms fastest=+24h0m0s0ms]]]
12-17 10:49:10.761  1937  2974 I LocationManagerService: Lat: 12.979258, Long: 77.6582339, Bearing: 0.0, Accuracy: 805.0
12-17 10:49:10.835  1937  6726 I AccountManagerService: getTypesVisibleToCaller: isPermitted? true
12-17 10:49:10.839  1937  7042 I AccountManagerService: getTypesVisibleToCaller: isPermitted? true
12-17 10:49:10.845  4029  4029 D Finsky  : [1] DownloadQueueImpl.onStart: com.google.android.apps.magazines: onStart
12-17 10:49:10.909  1937  3110 I AccountManagerService: getTypesVisibleToCaller: isPermitted? true
12-17 10:49:10.938  4029  4029 D Finsky  : [1] 2.run: Loaded library for account: [b3vOuaUB4HdXehf3jrSv0TMLz5U]
12-17 10:49:10.939  4029  4029 D Finsky  : [1] 2.run: Finished loading 1 libraries.
12-17 10:49:10.966  4029  4029 D Finsky  : [1] RestoreTracker.stopServiceIfDone: Restore complete with 0 success and 0 failed.
12-17 10:49:10.970 25065  2508 I vclib   : Encoder bitrate changing to 53200 for resolution: (217x354)
12-17 10:49:11.065  4029  4029 D Finsky  : [1] DownloadQueueImpl.notifyProgress: com.google.android.apps.magazines: onProgress 3100656/10527910 Status: 192.
12-17 10:49:11.068 25065  2507 E libjingle: [567:715] webrtc: (process_thread_impl.cc:31): TimeUntilNextProcess returned an invalid value -2
12-17 10:49:11.112   390   991 D AudioFlinger: mixer(0xb435b008) throttle end: throttle time(10)
12-17 10:49:11.200  2451  2451 V WLAN_PSA: NL MSG, len[4032], NL type[0x1C] WNI type[0x5900] len[43023]
12-17 10:49:11.208   256   256 D BHD     : Got a battery uevent,log details
12-17 10:49:11.208  2578  2578 D ModemStats: [ModemStatsUtils] updateWifiRssi, rssi:-65
12-17 10:49:11.209  1937  2455 D WifiWatchdogStateMachine: RSSI current: 2 new: -65, 3
12-17 10:49:11.220  1937  2455 D WifiWatchdogStateMachine: Fetch RSSI succeed, rssi=-65 mrssi=-67 txbad=311 txgood=41046
12-17 10:49:11.221  1937  2455 D WifiWatchdogStateMachine: Incremental loss=0/112 Current loss=0% volume=99.46
12-17 10:49:11.227  1937  2455 D WifiWatchdogStateMachine: Cache updated: loss[-67]=0.38% volume=68.98
12-17 10:49:11.229  2492  2848 D MotoNetwCtrlr: onReceive: intent=Intent { act=android.net.wifi.RSSI_CHANGED flg=0x4000010 (has extras) }
12-17 10:49:11.229  2492  2848 I MotoNetwCtrlr.MotoWifiSignalCtrlr: handleBroadcast: Entered: Intent=Intent { act=android.net.wifi.RSSI_CHANGED flg=0x4000010 (has extras) } Action=android.net.wifi.RSSI_CHANGED
12-17 10:49:11.297 19373 19877 I Icing   : Indexing 383FB0B097AD1DC040A5E470466D08C92D5281A7 from com.google.android.gms
12-17 10:49:11.342  2578  2578 D ModemStats: [ModemStatsUtils] Intent.ACTION_BATTERY_CHANGED: level 89, mBattScale:100
12-17 10:49:11.357  1937  1951 D GpsLocationProvider: receive broadcast intent, action: android.intent.action.BATTERY_CHANGED
12-17 10:49:11.357  3615  3615 D BTerEnergyMonitorService: BroadcastReceiver action=android.intent.action.BATTERY_CHANGED
12-17 10:49:11.358  3615  3615 D BatteryTracerSvc: ACTION_BATTERY_CHANGED received.  BATT: 89 status: 3, plugged: 0, volt: 4044, oldvolt: 4031
12-17 10:49:11.418  2578  2578 D ModemStats: [ModemStatsUtils] Intent.ACTION_BATTERY_CHANGED: level 89, mBattScale:100
12-17 10:49:11.428  1937  1951 D GpsLocationProvider: receive broadcast intent, action: android.intent.action.BATTERY_CHANGED
12-17 10:49:11.428  3615  3615 D BTerEnergyMonitorService: BroadcastReceiver action=android.intent.action.BATTERY_CHANGED
12-17 10:49:11.428  3615  3615 D BatteryTracerSvc: ACTION_BATTERY_CHANGED received.  BATT: 89 status: 3, plugged: 0, volt: 4045, oldvolt: 4031
12-17 10:49:11.691  1937 29340 D NetlinkSocketObserver: NeighborEvent{elapsedMs=3955643, 10.0.1.1, [98FC11625602], RTM_NEWNEIGH, NUD_STALE}
12-17 10:49:11.705 25065  2508 E vclib   : The encoder for resolution: (217x354) produced extra frames, recovering.
12-17 10:49:11.832  4029  4039 W art     : Suspending all threads took: 7.296ms
12-17 10:49:11.872  3615  3615 D BatteryTracerCPU: Backlight intensity:  97
12-17 10:49:11.973 25065  2508 I vclib   : Encoder bitrate changing to 57950 for resolution: (217x354)
12-17 10:49:12.053  2451  2451 V WLAN_PSA: NL MSG, len[048], NL type[0x11] WNI type[0x5050] len[028]
12-17 10:49:12.207  1937  2455 D WifiWatchdogStateMachine: Fetch RSSI succeed, rssi=-60 mrssi=-62 txbad=311 txgood=41140
12-17 10:49:12.208  1937  2455 D WifiWatchdogStateMachine: Incremental loss=0/94 Current loss=0% volume=96.73
12-17 10:49:12.208  1937  2455 D WifiWatchdogStateMachine: Cache updated: loss[-62]=0.77% volume=63.3
12-17 10:49:12.398  1937  2427 I InputReader: Reconfiguring input devices.  changes=0x00000010
12-17 10:49:12.398  1937  2427 W EventHub: Error reading absolute controller 24 for device bma_interrupt fd 108, errno=22
12-17 10:49:12.441  3615  3615 D BatteryTracerCPU: CPU Freq: 998400 CPU0: 65.6/34.3% CPU2: 65.9/34.0%
12-17 10:49:12.510  1937  1948 W art     : Long monitor contention event with owner method=android.content.ComponentName com.android.server.am.ActivityManagerService.startService(android.app.IApplicationThread, android.content.Intent, java.lang.String, java.lang.String, int) from ActivityManagerService.java:15962 waiters=2 for 102ms
12-17 10:49:27.636  1937  5512 W art     : Long monitor contention event with owner method=int com.android.server.am.ActivityManagerService.bindService(android.app.IApplicationThread, android.os.IBinder, android.content.Intent, java.lang.String, android.app.IServiceConnection, int, java.lang.String, int) from ActivityManagerService.java:16197 waiters=3 for 400ms
12-17 10:49:27.636  1937  1948 W art     : Long monitor contention event with owner method=int com.android.server.am.ActivityManagerService.bindService(android.app.IApplicationThread, android.os.IBinder, android.content.Intent, java.lang.String, android.app.IServiceConnection, int, java.lang.String, int) from ActivityManagerService.java:16197 waiters=4 for 356ms
