12-17 10:35:45.550  1937  2535 I notification_cancel_all: [10016,24506,com.android.providers.downloads,0,0,64,9,NULL]
12-17 10:35:45.927  3104  3191 I dvm_lock_sample: [com.android.phone,0,RILReceiver0,25080,read,LocalSocketImpl.java,103,,,0,150]
12-17 10:35:48.376  5050  5158 I dvm_lock_sample: [com.motorola.motocare,0,ThermalThread,9996,read,LocalSocketImpl.java,103,,,0,150]
12-17 10:35:48.376  5050  5158 I dvm_lock_sample: [com.motorola.motocare,0,ThermalThread,9996,read,InputStreamReader.java,272,,,0,150]
12-17 10:35:48.376  5050  5158 I dvm_lock_sample: [com.motorola.motocare,0,ThermalThread,9996,readLine,BufferedReader.java,409,,,0,150]
12-17 10:35:49.799  1937  2433 I dvm_lock_sample: [system_server,0,NetdConnector,21926,read,LocalSocketImpl.java,103,,,0,150]
12-17 10:35:49.826  1937  2434 I netstats_mobile_sample: [490710,1229,312440,1335,490710,1229,312440,1335,490710,1229,291514,1335,1450328750387]
12-17 10:35:49.826  1937  2434 I netstats_wifi_sample: [70653132,49993,4873066,26015,70653132,49993,4873066,26015,70567809,49611,4508528,26005,1450328750387]
12-17 10:35:54.725  1937  2433 I dvm_lock_sample: [system_server,0,NetdConnector,4887,read,LocalSocketImpl.java,103,,,0,150]
12-17 10:35:54.742  1937  2434 I netstats_mobile_sample: [490710,1229,312440,1335,490710,1229,312440,1335,490710,1229,291514,1335,1450328755303]
12-17 10:35:54.743  1937  2434 I netstats_wifi_sample: [72721632,51372,4932387,26862,72721632,51372,4932387,26862,72636309,50990,4556043,26853,1450328755303]
12-17 10:35:57.027  1937  1951 I am_pss  : [24506,10016,android.process.media,8574976,6660096]
12-17 10:35:58.051  1937  1937 I free_storage_changed: 1827287040
12-17 10:35:58.381  5050  5158 I dvm_lock_sample: [com.motorola.motocare,0,ThermalThread,9995,read,LocalSocketImpl.java,103,,,0,150]
12-17 10:35:58.381  5050  5158 I dvm_lock_sample: [com.motorola.motocare,0,ThermalThread,9996,read,InputStreamReader.java,272,,,0,150]
12-17 10:35:58.381  5050  5158 I dvm_lock_sample: [com.motorola.motocare,0,ThermalThread,9996,readLine,BufferedReader.java,409,,,0,150]
12-17 10:36:00.086  1937  1951 I am_pss  : [19373,10020,com.google.android.gms,23998464,21172224]
12-17 10:36:00.119  1937  2433 I dvm_lock_sample: [system_server,0,NetdConnector,5370,read,LocalSocketImpl.java,103,,,0,150]
12-17 10:36:00.140  1937  2434 I netstats_mobile_sample: [490710,1229,312440,1335,490710,1229,312440,1335,490710,1229,291514,1335,1450328760701]
12-17 10:36:00.140  1937  2434 I netstats_wifi_sample: [74790285,52767,4979779,27568,74790285,52767,4979779,27568,74706456,52386,4593551,27559,1450328760701]
12-17 10:36:01.098  1937  1937 I notification_enqueue: [1007,24622,com.motorola.bug2go,2,NULL,0,Notification(pri=0 contentView=com.motorola.bug2go/0x7f030005 vibrate=null sound=null defaults=0x0 flags=0x2 color=0x00000000 vis=PRIVATE),1]
12-17 10:36:01.107  1937  1937 I notification_enqueue: [1007,24622,com.motorola.bug2go,2,NULL,0,Notification(pri=0 contentView=com.motorola.bug2go/0x7f030005 vibrate=null sound=null defaults=0x0 flags=0x2 color=0x00000000 vis=PRIVATE),1]
12-17 10:36:01.115  1937  1937 I notification_enqueue: [1007,24622,com.motorola.bug2go,2,NULL,0,Notification(pri=0 contentView=com.motorola.bug2go/0x7f030005 vibrate=null sound=null defaults=0x0 flags=0x2 color=0x00000000 vis=PRIVATE),1]
12-17 10:36:01.131  1937  1937 I notification_enqueue: [1007,24622,com.motorola.bug2go,2,NULL,0,Notification(pri=0 contentView=com.motorola.bug2go/0x7f030005 vibrate=null sound=null defaults=0x0 flags=0x2 color=0x00000000 vis=PRIVATE),1]
12-17 10:36:04.966  1937  1983 I power_sleep_requested: 0
12-17 10:36:05.437  1937  1983 I am_pause_activity: [0,97956882,com.google.android.googlequicksearchbox/com.google.android.launcher.GEL]
12-17 10:36:05.442  3113  3113 I am_on_paused_called: [0,com.google.android.launcher.GEL]
12-17 10:36:05.481  1937  1953 I am_focused_activity: [0,com.google.android.googlequicksearchbox/com.google.android.launcher.GEL]
12-17 10:36:05.830  1937  1937 I power_screen_state: [0,3,0,0]
12-17 10:36:05.830  1937  1937 I screen_toggled: 0
12-17 10:36:05.830  1937  1937 I sysui_histogram: [screen_timeout,30]
12-17 10:36:05.830  1937  1937 I power_screen_broadcast_send: 1
12-17 10:36:05.831  1937  3241 I notification_visibility: [0|com.android.mms|123|null|10029,0,3112422,3112422,0,0]
12-17 10:36:05.832  1937  3128 I notification_panel_hidden: []
12-17 10:36:05.914  1937  1937 I power_screen_broadcast_done: [0,84,1]
12-17 10:36:08.385  5050  5158 I dvm_lock_sample: [com.motorola.motocare,0,ThermalThread,9996,read,LocalSocketImpl.java,103,,,0,150]
12-17 10:36:08.385  5050  5158 I dvm_lock_sample: [com.motorola.motocare,0,ThermalThread,9996,read,InputStreamReader.java,272,,,0,150]
12-17 10:36:08.385  5050  5158 I dvm_lock_sample: [com.motorola.motocare,0,ThermalThread,9996,readLine,BufferedReader.java,409,,,0,150]
12-17 10:36:10.028  2492  2492 I sysui_view_visibility: [111,0]
12-17 10:36:10.038  1937  8646 I notification_expansion: [0|com.android.mms|123|null|10029,0,0,3116629,3116629,46580]
12-17 10:36:10.052  2492  2492 I sysui_status_bar_state: [1,1,0,0,1,0]
12-17 10:36:11.897  1937  1937 I notification_enqueue: [1007,24622,com.motorola.bug2go,2,NULL,0,Notification(pri=0 contentView=com.motorola.bug2go/0x7f030005 vibrate=null sound=null defaults=0x0 flags=0x2 color=0x00000000 vis=PRIVATE),1]
12-17 10:36:11.936  1937  1937 I notification_enqueue: [1007,24622,com.motorola.bug2go,2,NULL,0,Notification(pri=0 contentView=com.motorola.bug2go/0x7f030005 vibrate=null sound=null defaults=0x0 flags=0x2 color=0x00000000 vis=PRIVATE),1]
12-17 10:36:12.005  1937  2433 I dvm_lock_sample: [system_server,0,NetdConnector,11862,read,LocalSocketImpl.java,103,,,0,150]
12-17 10:36:12.033  1937  2434 I netstats_mobile_sample: [490710,1229,312440,1335,490710,1229,312440,1335,490710,1229,291514,1335,1450328772593]
12-17 10:36:12.033  1937  2434 I netstats_wifi_sample: [76768197,54120,5120518,28508,76768197,54120,5120518,28508,76687368,53741,4721182,28500,1450328772593]
12-17 10:36:13.104  1937  1937 I notification_enqueue: [1000,3829,com.motorola.tools.batterytracer,2131165197,NULL,0,Notification(pri=0 contentView=com.motorola.tools.batterytracer/0x1090085 vibrate=null sound=null defaults=0x0 flags=0x62 color=0x00000000 vis=PRIVATE),1]
12-17 10:36:15.445  1937  1951 I am_pss  : [27821,10024,com.google.android.partnersetup,3729408,2170880]
12-17 10:36:15.477  1937  1951 I am_pss  : [27534,10097,com.google.android.apps.plus,12425216,9949184]
12-17 10:36:15.513  1937  1951 I am_pss  : [27729,10037,com.android.vending,12347392,9326592]
12-17 10:36:15.544  1937  1951 I am_pss  : [27742,10020,com.google.process.gapps,5433344,3616768]
12-17 10:36:15.576  1937  1951 I am_pss  : [27696,10006,android.process.acore,6728704,4890624]
12-17 10:36:17.459  1937  1951 I am_pss  : [27783,10047,com.google.android.googlequicksearchbox:search,13507584,10379264]
12-17 10:36:18.390  5050  5158 I dvm_lock_sample: [com.motorola.motocare,0,ThermalThread,9996,read,LocalSocketImpl.java,103,,,0,150]
12-17 10:36:18.390  5050  5158 I dvm_lock_sample: [com.motorola.motocare,0,ThermalThread,9996,read,InputStreamReader.java,272,,,0,150]
12-17 10:36:18.390  5050  5158 I dvm_lock_sample: [com.motorola.motocare,0,ThermalThread,9996,readLine,BufferedReader.java,409,,,0,150]
12-17 10:36:19.771  1937  3096 I force_gc: Binder
12-17 10:36:20.419  2578  2578 I force_gc: mem
12-17 10:36:25.420  2939  2939 I sqlite_mem_released: 0
12-17 10:36:25.422  2939  2939 I force_gc: mem
12-17 10:36:27.565  1937  1951 I am_pss  : [3396,10020,com.google.android.gms.persistent,24174592,21356544]
12-17 10:36:27.610  1937  1951 I am_pss  : [19373,10020,com.google.android.gms,23999488,21176320]
12-17 10:36:27.644  1937  1951 I am_pss  : [3829,1000,com.motorola.tools.batterytracer,12895232,11599872]
12-17 10:36:28.395  5050  5158 I dvm_lock_sample: [com.motorola.motocare,0,ThermalThread,9995,read,LocalSocketImpl.java,103,,,0,150]
12-17 10:36:28.395  5050  5158 I dvm_lock_sample: [com.motorola.motocare,0,ThermalThread,9996,read,InputStreamReader.java,272,,,0,150]
12-17 10:36:28.395  5050  5158 I dvm_lock_sample: [com.motorola.motocare,0,ThermalThread,9996,readLine,BufferedReader.java,409,,,0,150]
12-17 10:36:29.134  1937  1937 I notification_enqueue: [1007,24622,com.motorola.bug2go,2,NULL,0,Notification(pri=0 contentView=com.motorola.bug2go/0x7f030005 vibrate=null sound=null defaults=0x0 flags=0x2 color=0x00000000 vis=PRIVATE),1]
12-17 10:36:34.125  3067  3067 I force_gc: mem
12-17 10:36:35.923  3396 17120 I c2dm    : [-8,com.google.android.gsf.gtalkservice:,4,9]
12-17 10:36:36.249  1937  2433 I dvm_lock_sample: [system_server,0,NetdConnector,24209,read,LocalSocketImpl.java,103,,,0,150]
12-17 10:36:36.273  1937  2434 I netstats_mobile_sample: [490710,1229,312440,1335,490710,1229,312440,1335,490710,1229,291514,1335,1450328796834]
12-17 10:36:36.273  1937  2434 I netstats_wifi_sample: [78731541,55472,5277908,29588,78731541,55472,5277908,29588,78647712,55091,4863324,29578,1450328796834]
12-17 10:36:38.399  5050  5158 I dvm_lock_sample: [com.motorola.motocare,0,ThermalThread,9995,read,LocalSocketImpl.java,103,,,0,150]
12-17 10:36:38.400  5050  5158 I dvm_lock_sample: [com.motorola.motocare,0,ThermalThread,9995,read,InputStreamReader.java,272,,,0,150]
12-17 10:36:38.400  5050  5158 I dvm_lock_sample: [com.motorola.motocare,0,ThermalThread,9996,readLine,BufferedReader.java,409,,,0,150]
12-17 10:36:40.908  1937  3096 I battery_status: [2,2,1,0,Li-ion]
12-17 10:36:40.975  3104  3191 I dvm_lock_sample: [com.android.phone,0,RILReceiver0,55048,read,LocalSocketImpl.java,103,,,0,150]
12-17 10:36:40.994  3104  3195 I dvm_lock_sample: [com.android.phone,0,RILReceiver1,84994,read,LocalSocketImpl.java,103,,,0,150]
12-17 10:36:41.025  1937  1953 I am_proc_start: [0,28122,10025,com.motorola.genie,broadcast,com.motorola.genie/.prefetch.PowerStatusReceiver]
12-17 10:36:41.026  1937  2944 I dvm_lock_sample: [system_server,1,Binder_6,31,releaseWakeLockInternal,PowerManagerService.java,898,releaseWakeLockInternal,-,898,6]
12-17 10:36:41.026  1937  1937 I power_screen_state: [1,0,0,0]
12-17 10:36:41.026  1937  1937 I screen_toggled: 1
12-17 10:36:41.026  1937  1937 I power_screen_broadcast_send: 1
12-17 10:36:41.048  2492  2492 I sysui_histogram: [note_load,10]
12-17 10:36:41.048  1937  3263 I notification_panel_revealed: 10
12-17 10:36:41.050  1937  1948 I notification_visibility: [0|com.android.providers.downloads|0|1:com.android.vending|10016,1,55455,2482,0,2]
12-17 10:36:41.050  1937  1948 I notification_visibility: [0|com.android.mms|123|null|10029,1,3147641,3147641,0,0]
12-17 10:36:41.050  1937  1948 I notification_visibility: [0|com.motorola.tools.batterytracer|2131165197|null|1000,1,3162170,27946,0,1]
12-17 10:36:41.090  1937  2586 I am_proc_bound: [0,28122,com.motorola.genie]
12-17 10:36:41.231  1937  5512 I battery_status: [2,2,1,2,Li-ion]
12-17 10:36:41.272   363   363 I sf_frame_dur: [NavigationBar,38,3,0,0,1,0,2]
12-17 10:36:41.299  1937  2586 I am_proc_start: [0,28167,10061,com.android.chrome,broadcast,com.android.chrome/org.chromium.chrome.browser.precache.PrecacheServiceLauncher]
12-17 10:36:41.315  1937  2517 I am_kill : [0,27696,android.process.acore,15,empty #7]
12-17 10:36:41.389  1937  2535 I am_proc_bound: [0,28167,com.android.chrome]
12-17 10:36:41.390  1937  3241 I dvm_lock_sample: [system_server,1,Binder_B,57,binderDied,ActivityManagerService.java,1330,serviceDoneExecuting,-,16235,11]
12-17 10:36:41.397  1937  1937 I power_screen_broadcast_done: [1,371,1]
12-17 10:36:41.399  1937  3241 I am_proc_died: [0,27696,android.process.acore]
12-17 10:36:41.561  1937  1948 I am_proc_start: [0,28182,10095,com.google.android.apps.photos,broadcast,com.google.android.apps.photos/.scheduler.PowerReceiver]
12-17 10:36:41.562  1937  1948 I am_kill : [0,27742,com.google.process.gapps,15,empty #7]
12-17 10:36:41.642  1937  1955 I dvm_lock_sample: [system_server,1,android.ui,98,dispatchUidsChanged,ActivityManagerService.java,3867,processNextBroadcast,BroadcastQueue.java,639,19]
12-17 10:36:41.643  1937  7042 I dvm_lock_sample: [system_server,1,Binder_F,81,broadcastIntent,ActivityManagerService.java,17217,trimApplications,-,19673,16]
12-17 10:36:41.644  1937  2535 I am_proc_bound: [0,28182,com.google.android.apps.photos]
12-17 10:36:41.647  1937  3128 I am_proc_died: [0,27742,com.google.process.gapps]
12-17 10:36:41.741  3829 28165 I dvm_lock_sample: [com.motorola.tools.batterytracer,0,Thread-192,445,internalGatherEnergyInfo,EnergyMonitorService.java,-1,internalGatherEnergyInfo,-,-1,89]
12-17 10:36:42.034  1937  2586 I am_kill : [0,27729,com.android.vending,15,empty #7]
12-17 10:36:42.080  1937  3128 I am_proc_died: [0,27729,com.android.vending]
12-17 10:36:42.405  1937  3241 I am_proc_start: [0,28219,10082,com.google.android.inputmethod.latin,broadcast,com.google.android.inputmethod.latin/com.android.inputmethod.latin.PowerConnectionBroadcastReceiver]
12-17 10:36:42.584  1937  5512 I am_proc_bound: [0,28219,com.google.android.inputmethod.latin]
12-17 10:36:46.385  1937  1937 I notification_enqueue: [1007,24622,com.motorola.bug2go,2,NULL,0,Notification(pri=0 contentView=com.motorola.bug2go/0x7f030005 vibrate=null sound=null defaults=0x0 flags=0x2 color=0x00000000 vis=PRIVATE),1]
12-17 10:36:46.432  1937  1937 I notification_enqueue: [1007,24622,com.motorola.bug2go,2,NULL,0,Notification(pri=0 contentView=com.motorola.bug2go/0x7f030005 vibrate=null sound=null defaults=0x0 flags=0x2 color=0x00000000 vis=PRIVATE),1]
12-17 10:36:47.351  1937  2944 I am_kill : [0,27783,com.google.android.googlequicksearchbox:search,15,empty #7]
12-17 10:36:47.389  1937  1949 I am_proc_died: [0,27783,com.google.android.googlequicksearchbox:search]
12-17 10:36:48.194  1937  2535 I force_gc: Binder
12-17 10:36:48.404  5050  5158 I dvm_lock_sample: [com.motorola.motocare,0,ThermalThread,9996,read,LocalSocketImpl.java,103,,,0,150]
12-17 10:36:48.404  5050  5158 I dvm_lock_sample: [com.motorola.motocare,0,ThermalThread,9996,read,InputStreamReader.java,272,,,0,150]
12-17 10:36:48.404  5050  5158 I dvm_lock_sample: [com.motorola.motocare,0,ThermalThread,9996,readLine,BufferedReader.java,409,,,0,150]
12-17 10:36:51.234  1937  1983 I power_sleep_requested: 0
12-17 10:36:52.005  1937  1937 I power_screen_state: [0,3,0,0]
12-17 10:36:52.005  1937  1937 I screen_toggled: 0
12-17 10:36:52.005  1937  1937 I sysui_histogram: [screen_timeout,30]
12-17 10:36:52.005  1937  1937 I power_screen_broadcast_send: 1
12-17 10:36:52.007  1937  1948 I notification_visibility: [0|com.android.providers.downloads|0|1:com.android.vending|10016,0,66411,1773,0,2]
12-17 10:36:52.007  1937  1948 I notification_visibility: [0|com.android.mms|123|null|10029,0,3158598,3158598,0,0]
12-17 10:36:52.007  1937  1948 I notification_visibility: [0|com.motorola.tools.batterytracer|2131165197|null|1000,0,3173127,38903,0,1]
12-17 10:36:52.010  1937  3128 I notification_panel_hidden: []
12-17 10:36:52.123  1937  1937 I power_screen_broadcast_done: [0,118,1]
12-17 10:36:52.305  1937  1953 I am_proc_start: [0,28370,10006,android.process.acore,broadcast,com.android.providers.contacts/.PackageIntentReceiver]
12-17 10:36:52.393  1937  3096 I am_proc_bound: [0,28370,android.process.acore]
12-17 10:36:52.495  1937  3093 I am_proc_start: [0,28398,10037,com.android.vending,broadcast,com.android.vending/com.google.android.finsky.receivers.PackageMonitorReceiver$RegisteredReceiver]
12-17 10:36:52.496  1937  3093 I am_kill : [0,27821,com.google.android.partnersetup,15,empty #7]
12-17 10:36:52.549  1937  5512 I dvm_lock_sample: [system_server,1,Binder_D,30,binderDied,ActivityManagerService.java,1330,trimApplications,-,19673,6]
12-17 10:36:52.549  1937  5512 I am_proc_died: [0,27821,com.google.android.partnersetup]
12-17 10:36:52.550  1937  6726 I am_proc_bound: [0,28398,com.android.vending]
12-17 10:36:52.603  1937  3128 I am_proc_start: [0,28411,10020,com.google.process.gapps,content provider,com.google.android.gsf/.gservices.GservicesProvider]
12-17 10:36:52.640  1937  2517 I am_proc_bound: [0,28411,com.google.process.gapps]
12-17 10:36:52.920  1937  3093 I am_kill : [0,28122,com.motorola.genie,15,empty #7]
12-17 10:36:52.952  1937  2944 I am_proc_died: [0,28122,com.motorola.genie]
12-17 10:36:52.976  1937  3110 I am_proc_start: [0,28453,10047,com.google.android.googlequicksearchbox:search,broadcast,com.google.android.googlequicksearchbox/com.google.android.search.core.icingsync.IcingCorporaChangedReceiver]
12-17 10:36:52.978  1937  3110 I am_kill : [0,28167,com.android.chrome,15,empty #7]
12-17 10:36:53.019  1937  2535 I am_proc_died: [0,28167,com.android.chrome]
12-17 10:36:53.021  1937  3263 I am_proc_bound: [0,28453,com.google.android.googlequicksearchbox:search]
12-17 10:36:53.294  1937  3096 I am_proc_start: [0,28497,10024,com.google.android.partnersetup,content provider,com.google.android.partnersetup/.RlzAppProvider]
12-17 10:36:53.352  1937  2944 I am_proc_bound: [0,28497,com.google.android.partnersetup]
12-17 10:36:53.390  1937  6726 I am_kill : [0,28182,com.google.android.apps.photos,15,empty #7]
12-17 10:36:53.488  1937  3128 I dvm_lock_sample: [system_server,0,Binder_A,79,binderDied,ActivityManagerService.java,1330,removeContentProvider,-,9963,15]
12-17 10:36:53.488  1937  3128 I am_proc_died: [0,28182,com.google.android.apps.photos]
12-17 10:36:53.521  1937  8646 I am_kill : [0,28219,com.google.android.inputmethod.latin,15,empty #7]
12-17 10:36:53.570  1937  5512 I am_proc_died: [0,28219,com.google.android.inputmethod.latin]
12-17 10:36:54.166  1937  2433 I dvm_lock_sample: [system_server,0,NetdConnector,17887,read,LocalSocketImpl.java,103,,,0,150]
12-17 10:36:54.191  1937  2434 I netstats_mobile_sample: [490710,1229,312440,1335,490710,1229,312440,1335,490710,1229,291514,1335,1450328814752]
12-17 10:36:54.191  1937  2434 I netstats_wifi_sample: [80697315,56842,5427641,30482,80697315,56842,5427641,30482,80614980,56462,5000617,30473,1450328814752]
12-17 10:36:58.053  1937  1937 I free_storage_changed: 1836261376
12-17 10:36:58.409  5050  5158 I dvm_lock_sample: [com.motorola.motocare,0,ThermalThread,9995,read,LocalSocketImpl.java,103,,,0,150]
12-17 10:36:58.409  5050  5158 I dvm_lock_sample: [com.motorola.motocare,0,ThermalThread,9996,read,InputStreamReader.java,272,,,0,150]
12-17 10:36:58.409  5050  5158 I dvm_lock_sample: [com.motorola.motocare,0,ThermalThread,9996,readLine,BufferedReader.java,409,,,0,150]
12-17 10:36:59.250  3104  3104 I sqlite_mem_released: 425200
12-17 10:36:59.252  3104  3104 I force_gc: mem
12-17 10:37:00.447  1937  1937 I power_screen_state: [1,0,0,0]
12-17 10:37:00.447  1937  1937 I screen_toggled: 1
12-17 10:37:00.447  1937  1937 I power_screen_broadcast_send: 1
12-17 10:37:00.450  2492  2492 I sysui_histogram: [note_load,10]
12-17 10:37:00.450  1937  3096 I notification_panel_revealed: 10
12-17 10:37:00.452  1937  7042 I notification_visibility: [0|com.android.providers.downloads|0|1:com.android.vending|10016,1,74857,1543,0,2]
12-17 10:37:00.452  1937  7042 I notification_visibility: [0|com.android.mms|123|null|10029,1,3167043,3167043,0,0]
12-17 10:37:00.452  1937  7042 I notification_visibility: [0|com.motorola.tools.batterytracer|2131165197|null|1000,1,3181572,47348,0,1]
12-17 10:37:00.627  1937  1937 I power_screen_broadcast_done: [1,180,1]
12-17 10:37:01.620  2492  2492 I sysui_lockscreen_gesture: [1,235,3079]
12-17 10:37:01.620  2492  2492 I sysui_status_bar_state: [1,1,0,1,1,0]
12-17 10:37:01.746  1937  2944 I notification_visibility: [0|com.android.providers.downloads|0|1:com.android.vending|10016,0,76150,484,0,2]
12-17 10:37:01.746  1937  2944 I notification_visibility: [0|com.android.mms|123|null|10029,0,3168337,3168337,0,0]
12-17 10:37:01.746  1937  2944 I notification_visibility: [0|com.motorola.tools.batterytracer|2131165197|null|1000,0,3182866,48642,0,1]
12-17 10:37:01.746  1937  8646 I notification_panel_hidden: []
12-17 10:37:02.651  2492  2492 I screen_toggled: 2
12-17 10:37:02.785  1937  1951 I am_pss  : [24506,10016,android.process.media,8905728,6156288]
12-17 10:37:02.895  1937  5512 I am_resume_activity: [0,97956882,57,com.google.android.googlequicksearchbox/com.google.android.launcher.GEL]
12-17 10:37:02.921  1937  5512 I notification_expansion: [0|com.android.mms|123|null|10029,0,1,3169512,3169512,2469]
12-17 10:37:02.942  3113  3113 I am_on_resume_called: [0,com.google.android.launcher.GEL]
12-17 10:37:02.949  2492  2492 I sysui_status_bar_state: [0,0,0,0,1,0]
12-17 10:37:02.978  3396 17120 I c2dm    : [-8,com.google.android.gsf.gtalkservice:,4,10]
12-17 10:37:03.065  1937  7042 I dvm_lock_sample: [system_server,1,Binder_F,10,getCurrentAnimatorScale,WindowManagerService.java,5651,doFrame,WindowAnimator.java,121,2]
12-17 10:37:03.847  1937  2586 I force_gc: Binder
12-17 10:37:03.902  2492  2492 I sysui_panelholder_touch: [0,641,31]
12-17 10:37:03.902  2492  2492 I sysui_count: [panel_open,1]
12-17 10:37:03.906  2492  2492 I sysui_histogram: [note_load,10]
12-17 10:37:03.919  1937  5512 I notification_panel_revealed: 10
12-17 10:37:03.921  1937  1948 I notification_visibility: [0|com.android.mms|123|null|10029,1,3170512,3170512,0,0]
12-17 10:37:04.016 19373 22160 I force_gc: Binder
12-17 10:37:04.427  1937  5512 I notification_visibility: [0|com.android.providers.downloads|0|1:com.android.vending|10016,1,78832,1057,0,2]
12-17 10:37:04.427  1937  5512 I notification_visibility: [0|com.motorola.bug2go|2|null|1007,1,228744,17995,0,3]
12-17 10:37:04.427  1937  5512 I notification_visibility: [0|com.motorola.tools.batterytracer|2131165197|null|1000,1,3185547,51323,0,1]
12-17 10:37:04.427  1937  5512 I notification_visibility: [0|com.android.systemui|2131755032|null|10045,1,313629,312568,0,4]
12-17 10:37:04.427  1937  5512 I notification_visibility: [0|com.google.android.gms|2131689521|null|10020,1,557122,557122,0,5]
12-17 10:37:04.427  1937  5512 I notification_visibility: [0|com.motorola.bug2go|2130903051|null|1007,1,3166701,3166701,0,6]
12-17 10:37:04.946  3104  3191 I dvm_lock_sample: [com.android.phone,0,RILReceiver0,23756,read,LocalSocketImpl.java,103,,,0,150]
12-17 10:37:08.413  5050  5158 I dvm_lock_sample: [com.motorola.motocare,0,ThermalThread,9996,read,LocalSocketImpl.java,103,,,0,150]
12-17 10:37:08.413  5050  5158 I dvm_lock_sample: [com.motorola.motocare,0,ThermalThread,9996,read,InputStreamReader.java,272,,,0,150]
12-17 10:37:08.413  5050  5158 I dvm_lock_sample: [com.motorola.motocare,0,ThermalThread,9996,readLine,BufferedReader.java,409,,,0,150]
12-17 10:37:09.644  1937  2586 I notification_visibility: [0|com.motorola.tools.batterytracer|2131165197|null|1000,0,3190764,56540,0,1]
12-17 10:37:10.143  1937  5512 I notification_visibility: [0|com.android.vending|874755343|null|10037,1,347173,330428,0,8]
12-17 10:37:10.143  1937  5512 I notification_visibility: [-1|android|17040350|null|1000,1,216721,216721,0,7]
12-17 10:37:10.143  1937  5512 I notification_visibility: [-1|android|17040344|null|1000,1,216728,216728,0,9]
12-17 10:37:10.143  1937  5512 I notification_visibility: [0|com.android.providers.downloads|0|1:com.android.vending|10016,0,84548,96,0,2]
12-17 10:37:10.143  1937  5512 I notification_visibility: [0|com.motorola.bug2go|2|null|1007,0,234460,23711,0,3]
12-17 10:37:10.143  1937  5512 I notification_visibility: [0|com.android.systemui|2131755032|null|10045,0,319345,318284,0,4]
12-17 10:37:10.143  1937  5512 I notification_visibility: [0|com.google.android.gms|2131689521|null|10020,0,562838,562838,0,5]
12-17 10:37:10.649  1937  1948 I notification_visibility: [0|com.android.vending|874755343|null|10037,0,347679,330934,0,8]
12-17 10:37:10.649  1937  1948 I notification_visibility: [-1|android|17040350|null|1000,0,217227,217227,0,7]
12-17 10:37:10.649  1937  1948 I notification_visibility: [0|com.motorola.bug2go|2130903051|null|1007,0,3172923,3172923,0,6]
12-17 10:37:10.649  1937  1948 I notification_visibility: [-1|android|17040344|null|1000,0,217234,217234,0,9]
12-17 10:37:10.654  1937  2944 I notification_visibility: [0|com.android.mms|123|null|10029,0,3177245,3177245,0,0]
12-17 10:37:10.654  1937  1949 I notification_panel_hidden: []
12-17 10:37:10.859  3104  3191 I dvm_lock_sample: [com.android.phone,0,RILReceiver0,5913,read,LocalSocketImpl.java,103,,,0,150]
12-17 10:37:10.889  3104  3195 I dvm_lock_sample: [com.android.phone,0,RILReceiver1,29808,read,LocalSocketImpl.java,103,,,0,150]
12-17 10:37:11.820  1937  2433 I dvm_lock_sample: [system_server,0,NetdConnector,17624,read,LocalSocketImpl.java,103,,,0,150]
12-17 10:37:12.844  1937  5512 I wm_stack_created: [12,0,0,0,0]
12-17 10:37:12.853  1937  5512 I am_home_stack_moved: [0,0,12,12,startingNewTask]
12-17 10:37:12.853  1937  5512 I am_create_task: [0,71]
12-17 10:37:12.853  1937  5512 I am_create_activity: [0,202048527,71,com.motorola.bug2go/.ui.Launcher,android.intent.action.MAIN,NULL,NULL,270532608]
12-17 10:37:12.856  1937  5512 I wm_task_created: [71,12]
12-17 10:37:12.856  1937  5512 I wm_task_moved: [71,1,0]
12-17 10:37:12.856  1937  5512 I am_pause_activity: [0,97956882,com.google.android.googlequicksearchbox/com.google.android.launcher.GEL]
12-17 10:37:12.866  1937  5512 I am_home_stack_moved: [0,0,12,12,startedActivity setFocusedActivity]
12-17 10:37:12.866  1937  5512 I wm_task_moved: [71,1,0]
12-17 10:37:12.871  1937  5512 I am_focused_activity: [0,com.motorola.bug2go/.ui.Launcher]
12-17 10:37:12.895  3113  3113 I am_on_paused_called: [0,com.google.android.launcher.GEL]
12-17 10:37:12.899  1937  7042 I am_restart_activity: [0,202048527,71,com.motorola.bug2go/.ui.Launcher]
12-17 10:37:13.088  1937  1951 I am_pss  : [3396,10020,com.google.android.gms.persistent,29389824,26185728]
12-17 10:37:13.116 24622 24622 I am_on_resume_called: [0,com.motorola.bug2go.ui.Launcher]
12-17 10:37:13.424  1937  1973 I am_activity_launch_time: [0,202048527,com.motorola.bug2go/.ui.Launcher,529,529]
12-17 10:37:13.425   363   363 I sf_frame_dur: [com.google.android.googlequicksearchbox/com.google.android.launcher.GEL,116,7,2,1,3,1,4]
12-17 10:37:14.189  1937  3128 I am_home_stack_moved: [0,0,12,12,sourceStackToFront]
12-17 10:37:14.189  1937  3128 I wm_task_moved: [71,1,0]
12-17 10:37:14.192  1937  3128 I am_create_activity: [0,146260491,71,com.motorola.bug2go/.ui.ReportList,NULL,NULL,NULL,0]
12-17 10:37:14.193  1937  3128 I am_pause_activity: [0,202048527,com.motorola.bug2go/.ui.Launcher]
12-17 10:37:14.196  1937  3128 I am_home_stack_moved: [0,0,12,12,startedActivity setFocusedActivity]
12-17 10:37:14.196  1937  3128 I wm_task_moved: [71,1,0]
12-17 10:37:14.199  1937  3128 I am_focused_activity: [0,com.motorola.bug2go/.ui.ReportList]
12-17 10:37:14.206 24622 24622 I am_on_paused_called: [0,com.motorola.bug2go.ui.Launcher]
12-17 10:37:14.212  1937  6726 I am_restart_activity: [0,146260491,71,com.motorola.bug2go/.ui.ReportList]
12-17 10:37:14.271 24622 24622 I am_on_resume_called: [0,com.motorola.bug2go.ui.ReportList]
12-17 10:37:14.341  1937  1973 I am_activity_launch_time: [0,146260491,com.motorola.bug2go/.ui.ReportList,134,134]
12-17 10:37:14.707   363   363 I sf_frame_dur: [com.motorola.bug2go/com.motorola.bug2go.ui.Launcher,47,2,1,0,0,0,0]
12-17 10:37:14.929  1937  2535 I am_proc_start: [0,28809,1000,com.motorola.tools.batterytracersdcard,service,com.motorola.tools.batterytracersdcard/.SdCardTransfer]
12-17 10:37:14.964  1937  3263 I am_proc_bound: [0,28809,com.motorola.tools.batterytracersdcard]
12-17 10:37:15.824  1937  1948 I force_gc: Binder
12-17 10:37:18.418  5050  5158 I dvm_lock_sample: [com.motorola.motocare,0,ThermalThread,9996,read,LocalSocketImpl.java,103,,,0,150]
12-17 10:37:18.418  5050  5158 I dvm_lock_sample: [com.motorola.motocare,0,ThermalThread,9996,read,InputStreamReader.java,272,,,0,150]
12-17 10:37:18.418  5050  5158 I dvm_lock_sample: [com.motorola.motocare,0,ThermalThread,9996,readLine,BufferedReader.java,409,,,0,150]
12-17 10:37:19.215  1937  1937 I notification_enqueue: [1007,24622,com.motorola.bug2go,2,NULL,0,Notification(pri=0 contentView=com.motorola.bug2go/0x7f030005 vibrate=null sound=null defaults=0x0 flags=0x10 color=0x00000000 vis=PRIVATE),1]
12-17 10:37:19.974  1937  1937 I notification_enqueue: [1007,24622,com.motorola.bug2go,2,NULL,0,Notification(pri=0 contentView=com.motorola.bug2go/0x7f030005 vibrate=null sound=null defaults=0x0 flags=0x2 color=0x00000000 vis=PRIVATE),1]
12-17 10:37:20.013  1937  1937 I notification_enqueue: [1007,24622,com.motorola.bug2go,2,NULL,0,Notification(pri=0 contentView=com.motorola.bug2go/0x7f030005 vibrate=null sound=null defaults=0x0 flags=0x2 color=0x00000000 vis=PRIVATE),1]
12-17 10:37:21.715  3396  9673 I force_gc: Binder
12-17 10:37:21.729  1937  1951 I am_pss  : [3829,1000,com.motorola.tools.batterytracer,16576512,15298560]
12-17 10:37:22.984  1937  1951 I am_pss  : [24622,1007,com.motorola.bug2go,39465984,35061760]
12-17 10:37:24.414  2492  2492 I sysui_panelholder_touch: [0,614,32]
12-17 10:37:24.414  2492  2492 I sysui_count: [panel_open,1]
12-17 10:37:24.419  2492  2492 I sysui_histogram: [note_load,10]
12-17 10:37:24.419  1937  3128 I notification_panel_revealed: 10
12-17 10:37:24.421  1937  8646 I notification_visibility: [0|com.android.mms|123|null|10029,1,3191012,3191012,0,0]
12-17 10:37:24.929  1937  3128 I notification_visibility: [0|com.android.providers.downloads|0|1:com.android.vending|10016,1,99334,2007,0,3]
12-17 10:37:24.930  1937  3128 I notification_visibility: [0|com.motorola.bug2go|2|null|1007,1,249247,4917,0,1]
12-17 10:37:24.930  1937  3128 I notification_visibility: [0|com.motorola.tools.batterytracer|2131165197|null|1000,1,3206050,71826,0,2]
12-17 10:37:24.930  1937  3128 I notification_visibility: [0|com.android.systemui|2131755032|null|10045,1,334132,333071,0,4]
12-17 10:37:24.930  1937  3128 I notification_visibility: [0|com.google.android.gms|2131689521|null|10020,1,577625,577625,0,5]
12-17 10:37:24.930  1937  3128 I notification_visibility: [0|com.motorola.bug2go|2130903051|null|1007,1,3187204,3187204,0,6]
12-17 10:37:25.187  1937  1951 I am_pss  : [28497,10024,com.google.android.partnersetup,3068928,2068480]
12-17 10:37:25.195  2492  2492 I sysui_view_visibility: [111,100]
12-17 10:37:25.195  2492  2492 I sysui_view_visibility: [126,100]
12-17 10:37:25.195  2492  2492 I sysui_view_visibility: [113,100]
12-17 10:37:25.195  2492  2492 I sysui_view_visibility: [118,100]
12-17 10:37:25.195  2492  2492 I sysui_view_visibility: [115,100]
12-17 10:37:25.195  2492  2492 I sysui_view_visibility: [115,100]
12-17 10:37:25.195  2492  2492 I sysui_view_visibility: [112,100]
12-17 10:37:25.195  2492  2492 I sysui_view_visibility: [123,100]
12-17 10:37:25.195  2492  2492 I sysui_view_visibility: [119,100]
12-17 10:37:25.195  2492  2492 I sysui_view_visibility: [122,100]
12-17 10:37:25.195  2492  2492 I sysui_view_visibility: [114,100]
12-17 10:37:25.228  1937  1951 I am_pss  : [27534,10097,com.google.android.apps.plus,13743104,11730944]
12-17 10:37:25.272  1937  1951 I am_pss  : [28398,10037,com.android.vending,11075584,9535488]
12-17 10:37:25.447  1937  2944 I notification_visibility: [0|com.google.android.gms|2131689521|null|10020,0,578142,578142,0,5]
12-17 10:37:25.447  1937  2944 I notification_visibility: [0|com.motorola.bug2go|2130903051|null|1007,0,3187721,3187721,0,6]
12-17 10:37:26.231  2492  2492 I sysui_view_visibility: [111,0]
12-17 10:37:26.477  1937  2517 I notification_visibility: [0|com.google.android.gms|2131689521|null|10020,1,579172,579172,0,5]
12-17 10:37:26.477  1937  2517 I notification_visibility: [0|com.motorola.bug2go|2130903051|null|1007,1,3188751,3188751,0,6]
12-17 10:37:27.944  1937  8646 I notification_visibility: [-1|android|17040350|null|1000,1,234522,234522,0,7]
12-17 10:37:27.944  1937  8646 I notification_visibility: [0|com.motorola.bug2go|2|null|1007,0,252261,7931,0,1]
12-17 10:37:28.287  1937  5512 I battery_level: [93,4162,430]
12-17 10:37:28.442  5050  5158 I dvm_lock_sample: [com.motorola.motocare,0,ThermalThread,10015,read,LocalSocketImpl.java,103,,,0,150]
12-17 10:37:28.442  5050  5158 I dvm_lock_sample: [com.motorola.motocare,0,ThermalThread,10015,read,InputStreamReader.java,272,,,0,150]
12-17 10:37:28.443  5050  5158 I dvm_lock_sample: [com.motorola.motocare,0,ThermalThread,10015,readLine,BufferedReader.java,409,,,0,150]
12-17 10:37:29.506  1937  8646 I notification_visibility: [0|com.android.vending|874755343|null|10037,1,366536,349791,0,8]
12-17 10:37:29.506  1937  8646 I notification_visibility: [-1|android|17040344|null|1000,1,236091,236091,0,9]
12-17 10:37:29.506  1937  8646 I notification_visibility: [0|com.android.providers.downloads|0|1:com.android.vending|10016,0,103911,2084,0,3]
12-17 10:37:29.507  1937  8646 I notification_visibility: [0|com.motorola.tools.batterytracer|2131165197|null|1000,0,3210626,76402,0,2]
12-17 10:37:29.507  1937  8646 I notification_visibility: [0|com.android.systemui|2131755032|null|10045,0,338709,337648,0,4]
12-17 10:37:29.507  1937  8646 I notification_visibility: [0|com.google.android.gms|2131689521|null|10020,0,582202,582202,0,5]
12-17 10:37:30.299  1937  3093 I notification_visibility: [0|com.android.vending|874755343|null|10037,0,367329,350584,0,8]
12-17 10:37:30.299  1937  3093 I notification_visibility: [0|com.android.mms|123|null|10029,0,3196890,3196890,0,0]
12-17 10:37:30.299  1937  3093 I notification_visibility: [-1|android|17040350|null|1000,0,236877,236877,0,7]
12-17 10:37:30.300  1937  3093 I notification_visibility: [0|com.motorola.bug2go|2130903051|null|1007,0,3192573,3192573,0,6]
12-17 10:37:30.300  1937  3093 I notification_visibility: [-1|android|17040344|null|1000,0,236885,236885,0,9]
12-17 10:37:30.300  1937  3110 I notification_panel_hidden: []
12-17 10:37:31.714  2492  2492 I sysui_panelholder_touch: [0,628,5]
12-17 10:37:31.714  2492  2492 I sysui_count: [panel_open,1]
12-17 10:37:31.719  2492  2492 I sysui_histogram: [note_load,10]
12-17 10:37:31.720  1937  3128 I notification_panel_revealed: 10
12-17 10:37:31.722  1937  3096 I notification_visibility: [0|com.android.mms|123|null|10029,1,3198313,3198313,0,0]
12-17 10:37:32.237  1937  2517 I notification_visibility: [0|com.android.providers.downloads|0|1:com.android.vending|10016,1,106641,368,0,3]
12-17 10:37:32.237  1937  2517 I notification_visibility: [0|com.motorola.bug2go|2|null|1007,1,256554,12224,0,1]
12-17 10:37:32.237  1937  2517 I notification_visibility: [0|com.motorola.tools.batterytracer|2131165197|null|1000,1,3213357,79133,0,2]
12-17 10:37:32.237  1937  2517 I notification_visibility: [0|com.android.systemui|2131755032|null|10045,1,341439,340378,0,4]
12-17 10:37:32.237  1937  2517 I notification_visibility: [0|com.google.android.gms|2131689521|null|10020,1,584932,584932,0,5]
12-17 10:37:32.237  1937  2517 I notification_visibility: [0|com.motorola.bug2go|2130903051|null|1007,1,3194511,3194511,0,6]
12-17 10:37:33.690  3056  3056 I force_gc: mem
12-17 10:37:34.456  1937  1951 I am_pss  : [3396,10020,com.google.android.gms.persistent,23768064,20975616]
12-17 10:37:34.520  1937  1951 I am_pss  : [3113,10047,com.google.android.googlequicksearchbox,34252800,30420992]
12-17 10:37:34.578  1937  1951 I am_pss  : [19373,10020,com.google.android.gms,23001088,20475904]
12-17 10:37:35.587  1937  1937 I notification_enqueue: [1000,3829,com.motorola.tools.batterytracer,2131165197,NULL,0,Notification(pri=0 contentView=com.motorola.tools.batterytracer/0x1090085 vibrate=null sound=null defaults=0x0 flags=0x62 color=0x00000000 vis=PRIVATE),1]
12-17 10:37:38.447  5050  5158 I dvm_lock_sample: [com.motorola.motocare,0,ThermalThread,9995,read,LocalSocketImpl.java,103,,,0,150]
12-17 10:37:38.447  5050  5158 I dvm_lock_sample: [com.motorola.motocare,0,ThermalThread,9995,read,InputStreamReader.java,272,,,0,150]
12-17 10:37:38.447  5050  5158 I dvm_lock_sample: [com.motorola.motocare,0,ThermalThread,9995,readLine,BufferedReader.java,409,,,0,150]
12-17 10:37:39.765  1937  1937 I sysui_histogram: [note_dismiss_longevity,1280]
12-17 10:37:39.765  1937  1937 I notification_canceled: [0|com.android.mms|123|null|10029,2,3206356,3206356,8043]
12-17 10:37:39.798  1937  1948 I notification_expansion: [0|com.motorola.tools.batterytracer|2131165197|null|1000,0,1,3220918,4211,7561]
12-17 10:37:40.246  1937  8646 I notification_visibility: [-1|android|17040350|null|1000,1,246824,246824,0,6]
12-17 10:37:40.579  3829  3829 I force_gc: mem
12-17 10:37:41.924  1937  1948 I am_kill : [0,28398,com.android.vending,15,empty #7]
12-17 10:37:41.999  1937  2944 I am_proc_died: [0,28398,com.android.vending]
12-17 10:37:42.195  1937  1937 I sysui_histogram: [note_dismiss_longevity,5]
12-17 10:37:42.195  1937  1937 I notification_canceled: [0|com.android.systemui|2131755032|null|10045,2,351397,350336,9958]
12-17 10:37:42.679  1937  3096 I notification_visibility: [0|com.android.vending|874755343|null|10037,1,379709,362964,0,6]
12-17 10:37:44.381  1937  6726 I am_home_stack_moved: [0,0,12,12,intentActivityFound]
12-17 10:37:44.381  1937  6726 I wm_task_moved: [71,1,0]
12-17 10:37:44.381  1937  3093 I notification_visibility: [0|com.android.vending|874755343|null|10037,0,381411,364666,0,6]
12-17 10:37:44.382  1937  3093 I notification_visibility: [0|com.android.providers.downloads|0|1:com.android.vending|10016,0,118787,2502,0,2]
12-17 10:37:44.382  1937  3093 I notification_visibility: [0|com.motorola.bug2go|2|null|1007,0,268699,24369,0,1]
12-17 10:37:44.382  1937  3093 I notification_visibility: [0|com.motorola.tools.batterytracer|2131165197|null|1000,0,3225502,8795,0,0]
12-17 10:37:44.382  1937  3093 I notification_visibility: [-1|android|17040350|null|1000,0,250960,250960,0,5]
12-17 10:37:44.382  1937  3093 I notification_visibility: [0|com.google.android.gms|2131689521|null|10020,0,597077,597077,0,3]
12-17 10:37:44.382  1937  3093 I notification_visibility: [0|com.motorola.bug2go|2130903051|null|1007,0,3206656,3206656,0,4]
12-17 10:37:44.382  1937  8646 I notification_panel_hidden: []
12-17 10:37:44.383  1937  6726 I am_home_stack_moved: [0,0,12,12,sourceStackToFront]
12-17 10:37:44.383  1937  6726 I wm_task_moved: [71,1,0]
12-17 10:37:44.385  1937  6726 I am_create_activity: [0,118835197,71,com.motorola.bug2go/.ui.ReportList,NULL,NULL,NULL,268435456]
12-17 10:37:44.389  1937  6726 I am_pause_activity: [0,146260491,com.motorola.bug2go/.ui.ReportList]
12-17 10:37:44.395  1937  6726 I am_home_stack_moved: [0,0,12,12,startedActivity setFocusedActivity]
12-17 10:37:44.395 24622 24622 I am_on_paused_called: [0,com.motorola.bug2go.ui.ReportList]
12-17 10:37:44.395  1937  6726 I wm_task_moved: [71,1,0]
12-17 10:37:44.401  1937  6726 I am_focused_activity: [0,com.motorola.bug2go/.ui.ReportList]
12-17 10:37:44.402  1937  3110 I am_restart_activity: [0,118835197,71,com.motorola.bug2go/.ui.ReportList]
12-17 10:37:44.404  1937  2944 I notification_clicked: [0|com.motorola.bug2go|2130903051|null|1007,3206678,3206678,12167]
12-17 10:37:44.404  1937  1937 I sysui_histogram: [note_click_longevity,53]
12-17 10:37:44.404  1937  1937 I notification_canceled: [0|com.motorola.bug2go|2130903051|null|1007,1,3206678,3206678,12167]
12-17 10:37:44.461 24622 24622 I am_on_resume_called: [0,com.motorola.bug2go.ui.ReportList]
12-17 10:37:44.540  1937  1973 I am_activity_launch_time: [0,118835197,com.motorola.bug2go/.ui.ReportList,139,139]
12-17 10:37:44.927   363   363 I sf_frame_dur: [com.motorola.bug2go/com.motorola.bug2go.ui.ReportList,76,4,3,0,4,3,0]
12-17 10:37:48.452  5050  5158 I dvm_lock_sample: [com.motorola.motocare,0,ThermalThread,9995,read,LocalSocketImpl.java,103,,,0,150]
12-17 10:37:48.452  5050  5158 I dvm_lock_sample: [com.motorola.motocare,0,ThermalThread,9996,read,InputStreamReader.java,272,,,0,150]
12-17 10:37:48.452  5050  5158 I dvm_lock_sample: [com.motorola.motocare,0,ThermalThread,9996,readLine,BufferedReader.java,409,,,0,150]
12-17 10:37:50.080  1937  2433 I dvm_lock_sample: [system_server,0,NetdConnector,38259,read,LocalSocketImpl.java,103,,,0,150]
12-17 10:37:50.102  1937  2434 I netstats_mobile_sample: [490710,1229,312440,1335,490710,1229,312440,1335,490710,1229,291514,1335,1450328870663]
12-17 10:37:50.103  1937  2434 I netstats_wifi_sample: [82724122,58241,5516653,31495,82724122,58241,5516653,31495,82639956,57855,5075180,31479,1450328870663]
12-17 10:37:55.503  1937  2433 I dvm_lock_sample: [system_server,0,NetdConnector,5393,read,LocalSocketImpl.java,103,,,0,150]
12-17 10:37:55.550  1937  2434 I netstats_mobile_sample: [490710,1229,312440,1335,490710,1229,312440,1335,490710,1229,291514,1335,1450328876111]
12-17 10:37:55.551  1937  2434 I netstats_wifi_sample: [82966895,58421,5525899,31631,82966895,58421,5525899,31631,82885444,58033,5082363,31611,1450328876111]
12-17 10:37:55.637  1937  1937 I notification_enqueue: [1007,24622,com.motorola.bug2go,2,NULL,0,Notification(pri=0 contentView=com.motorola.bug2go/0x7f030004 vibrate=null sound=null defaults=0x0 flags=0x10 color=0x00000000 vis=PRIVATE),1]
12-17 10:37:55.673  1937  1953 I am_proc_start: [0,29140,10010,com.motorola.context,broadcast,com.motorola.context/.publisher.location.LocationReceiver]
12-17 10:37:55.673  1937  2437 I dvm_lock_sample: [system_server,0,WifiStateMachine,21,broadcastIntent,ActivityManagerService.java,17217,processNextBroadcast,BroadcastQueue.java,639,4]
12-17 10:37:55.674  1937  1955 I dvm_lock_sample: [system_server,1,android.ui,20,dispatchUidsChanged,ActivityManagerService.java,3867,processNextBroadcast,BroadcastQueue.java,639,4]
12-17 10:37:55.678  3396 17161 I dvm_lock_sample: [com.google.android.gms.persisten,0,GCMReader,186291,read,SourceFile,716,,,0,150]
12-17 10:37:55.745  1937  2944 I am_proc_bound: [0,29140,com.motorola.context]
12-17 10:37:55.755  3396 17161 I gtalk_conn_close: [-236,674]
12-17 10:37:55.775  1937  1951 I am_pss  : [28809,1000,com.motorola.tools.batterytracersdcard,3634176,2482176]
12-17 10:37:55.812  1937  1951 I am_pss  : [28411,10020,com.google.process.gapps,4860928,3579904]
12-17 10:37:56.041  3104  3191 I dvm_lock_sample: [com.android.phone,0,RILReceiver0,45164,read,LocalSocketImpl.java,103,,,0,150]
12-17 10:37:56.054  1937  1937 I force_gc: Binder
12-17 10:37:56.172  3104  3195 I dvm_lock_sample: [com.android.phone,0,RILReceiver1,45277,read,LocalSocketImpl.java,103,,,0,150]
12-17 10:37:56.455  1937  3263 I liblog  : 3
12-17 10:37:56.455  1937  3263 I dvm_lock_sample: [system_server,0,Binder_C,74,binderDied,ActivityManagerService.java,1330,serviceDoneExecuting,-,16235,14]
12-17 10:37:56.460  1937  1955 I dvm_lock_sample: [system_server,1,android.ui,139,dispatchProcessesChanged,ActivityManagerService.java,3804,serviceDoneExecuting,-,16235,27]
12-17 10:37:56.491  1937  8646 I am_proc_start: [0,29201,10029,com.android.mms,broadcast,com.android.mms/.transaction.MmsSystemEventReceiver]
12-17 10:37:56.492  1937  3263 I am_proc_died: [0,27534,com.google.android.apps.plus]
12-17 10:37:56.528  3104  3104 I liblog  : 8
12-17 10:37:56.539  1937  2442 I netstats_mobile_sample: [490710,1229,312440,1335,490710,1229,312440,1335,490710,1229,291514,1335,1450328877099]
12-17 10:37:56.539  1937  2442 I netstats_wifi_sample: [82966895,58421,5525899,31631,82966895,58421,5525899,31631,82885444,58033,5082363,31611,1450328877099]
12-17 10:37:56.554  1937  1937 I notification_canceled: [0|com.android.providers.downloads|0|1:com.android.vending|10016,8,130959,266,24318]
12-17 10:37:56.566  6950  6977 I liblog  : 2
12-17 10:37:56.590  1937  2944 I am_proc_bound: [0,29201,com.android.mms]
12-17 10:37:56.652  3829 29213 I dvm_lock_sample: [com.motorola.tools.batterytracer,0,Thread-198,99,internalGatherEnergyInfo,EnergyMonitorService.java,-1,internalGatherEnergyInfo,-,-1,19]
12-17 10:37:56.867  1937  3128 I am_proc_start: [0,29228,10046,com.motorola.android.providers.userpreferredsim,broadcast,com.motorola.android.providers.userpreferredsim/com.motorola.smartsim.bestcost.SmartSimConnectivityReceiver]
12-17 10:37:56.902  1937  2535 I am_proc_bound: [0,29228,com.motorola.android.providers.userpreferredsim]
12-17 10:37:56.969  1937  2944 I am_kill : [0,28497,com.google.android.partnersetup,13,empty #7]
12-17 10:37:57.000  1937  7042 I am_proc_died: [0,28497,com.google.android.partnersetup]
12-17 10:37:57.017  1937  3128 I am_proc_start: [0,29245,10061,com.android.chrome,broadcast,com.android.chrome/org.chromium.chrome.browser.precache.PrecacheServiceLauncher]
12-17 10:37:57.085  1937  1949 I am_proc_bound: [0,29245,com.android.chrome]
12-17 10:37:57.177  1937  1949 I am_proc_start: [0,29260,10090,com.google.android.apps.magazines,broadcast,com.google.android.apps.magazines/com.google.apps.dots.android.newsstand.appwidget.NewsWidgetProvider]
12-17 10:37:57.178  1937  1949 I am_kill : [0,28411,com.google.process.gapps,15,empty #7]
12-17 10:37:57.209  1937  3263 I am_proc_died: [0,28411,com.google.process.gapps]
12-17 10:37:57.210  1937  2535 I am_proc_bound: [0,29260,com.google.android.apps.magazines]
12-17 10:37:57.243  1937  2434 I netstats_mobile_sample: [490710,1229,312440,1335,490710,1229,312440,1335,490710,1229,291514,1335,1450328877803]
12-17 10:37:57.243  1937  2434 I netstats_wifi_sample: [82966895,58421,5525899,31631,82966895,58421,5525899,31631,82885444,58033,5082363,31611,1450328877803]
12-17 10:37:57.697  1937  2535 I am_proc_start: [0,29288,10020,com.google.process.gapps,content provider,com.google.android.gsf/.gservices.GservicesProvider]
12-17 10:37:57.748  1937  3093 I am_proc_bound: [0,29288,com.google.process.gapps]
12-17 10:37:58.185  1937  2433 I dvm_lock_sample: [system_server,0,NetdConnector,947,read,LocalSocketImpl.java,103,,,0,150]
12-17 10:37:58.455  3396  3655 I liblog  : 32
12-17 10:37:58.456  5050  5158 I dvm_lock_sample: [com.motorola.motocare,0,ThermalThread,9994,read,LocalSocketImpl.java,103,,,0,150]
12-17 10:37:58.457  5050  5158 I dvm_lock_sample: [com.motorola.motocare,0,ThermalThread,9994,read,InputStreamReader.java,272,,,0,150]
12-17 10:37:58.457  5050  5158 I dvm_lock_sample: [com.motorola.motocare,0,ThermalThread,9995,readLine,BufferedReader.java,409,,,0,150]
12-17 10:37:58.705  1937  6726 I am_proc_start: [0,29341,10095,com.google.android.apps.photos,broadcast,com.google.android.apps.photos/.actionqueue.SystemReceiver]
12-17 10:37:58.706  1937  6726 I am_kill : [0,28370,android.process.acore,15,empty #7]
12-17 10:37:58.749  1937  6726 I am_kill : [0,28453,com.google.android.googlequicksearchbox:search,15,empty #8]
12-17 10:37:58.810  1937  3241 I am_proc_died: [0,28370,android.process.acore]
12-17 10:37:58.811  1937  3128 I am_proc_died: [0,28453,com.google.android.googlequicksearchbox:search]
12-17 10:37:58.813  1937  5512 I am_proc_bound: [0,29341,com.google.android.apps.photos]
12-17 10:37:58.818  1937  2433 I dvm_lock_sample: [system_server,0,NetdConnector,633,read,LocalSocketImpl.java,103,,,0,150]
12-17 10:37:59.107  2492  2492 I sysui_panelholder_touch: [0,606,1]
12-17 10:37:59.107  2492  2492 I sysui_count: [panel_open,1]
12-17 10:37:59.110  2492  2492 I sysui_histogram: [note_load,6]
12-17 10:37:59.110  1937  3128 I notification_panel_revealed: 6
12-17 10:37:59.112  1937  1948 I notification_visibility: [0|com.motorola.tools.batterytracer|2131165197|null|1000,1,3240232,23525,0,0]
12-17 10:37:59.155  1937  1949 I am_kill : [0,29140,com.motorola.context,15,empty #7]
12-17 10:37:59.211  1937  6726 I am_proc_died: [0,29140,com.motorola.context]
12-17 10:37:59.292  1937  3093 I am_proc_start: [0,29373,10097,com.google.android.apps.plus,broadcast,com.google.android.apps.plus/com.google.android.libraries.social.autobackup.AutoBackupEnvironment$ConnectivityReceiver]
12-17 10:37:59.323  1937  5512 I am_proc_bound: [0,29373,com.google.android.apps.plus]
12-17 10:37:59.355   788  2063 I liblog  : 10
12-17 10:37:59.361  3104  3191 I dvm_lock_sample: [com.android.phone,0,RILReceiver0,3046,read,LocalSocketImpl.java,103,,,0,150]
12-17 10:37:59.611  1937  6726 I notification_visibility: [0|com.android.vending|874755343|null|10037,1,396641,379896,0,4]
12-17 10:37:59.611  1937  6726 I notification_visibility: [0|com.motorola.bug2go|2|null|1007,1,283928,3974,0,1]
12-17 10:37:59.611  1937  6726 I notification_visibility: [-1|android|17040350|null|1000,1,266189,266189,0,3]
12-17 10:37:59.612  1937  6726 I notification_visibility: [0|com.google.android.gms|2131689521|null|10020,1,612306,612306,0,2]
12-17 10:37:59.612  1937  6726 I notification_visibility: [-1|android|17040344|null|1000,1,266197,266197,0,5]
12-17 10:37:59.820  1937  2433 I dvm_lock_sample: [system_server,0,NetdConnector,999,read,LocalSocketImpl.java,103,,,0,150]
12-17 10:37:59.930  2492  2492 I sysui_view_visibility: [111,100]
12-17 10:37:59.930  2492  2492 I sysui_view_visibility: [126,100]
12-17 10:37:59.930  2492  2492 I sysui_view_visibility: [113,100]
12-17 10:37:59.930  2492  2492 I sysui_view_visibility: [118,100]
12-17 10:37:59.930  2492  2492 I sysui_view_visibility: [115,100]
12-17 10:37:59.930  2492  2492 I sysui_view_visibility: [115,100]
12-17 10:37:59.930  2492  2492 I sysui_view_visibility: [112,100]
12-17 10:37:59.930  2492  2492 I sysui_view_visibility: [123,100]
12-17 10:37:59.930  2492  2492 I sysui_view_visibility: [119,100]
12-17 10:37:59.930  2492  2492 I sysui_view_visibility: [122,100]
12-17 10:37:59.930  2492  2492 I sysui_view_visibility: [114,100]
12-17 10:37:59.972  1937  3093 I am_proc_start: [0,29406,10104,com.gaana,broadcast,com.gaana/com.services.NetworkChangeBroadcastReceiver]
12-17 10:37:59.973  1937  3093 I am_kill : [0,29201,com.android.mms,15,empty #7]
12-17 10:38:00.060  1937  5512 I dvm_lock_sample: [system_server,1,Binder_D,90,removeContentProvider,ActivityManagerService.java,9963,processNextBroadcast,BroadcastQueue.java,639,18]
12-17 10:38:00.064  1937  8646 I am_proc_bound: [0,29406,com.gaana]
12-17 10:38:00.068  1937  3241 I am_proc_died: [0,29201,com.android.mms]
12-17 10:38:00.130  1937  1949 I notification_visibility: [0|com.android.vending|874755343|null|10037,0,397159,380414,0,4]
12-17 10:38:00.130  1937  1949 I notification_visibility: [0|com.motorola.bug2go|2|null|1007,0,284447,4493,0,1]
