12-17 10:44:36.424  2714  2714 W art     : Long monitor contention event with owner method=void has.e(android.content.Context, mbb) from PG:6020 waiters=0 for 1.054s
12-17 10:44:36.495  2714  2737 E GooglePlusContactsSync: Failed to clear out contacts
12-17 10:44:36.495  2714  2737 E GooglePlusContactsSync: java.lang.SecurityException: Permission Denial: opening provider com.android.providers.contacts.ContactsProvider2 from ProcessRecord{61d91c4 2714:com.google.android.apps.plus/u0a97} (pid=2714, uid=10097) requires android.permission.READ_CONTACTS or android.permission.WRITE_CONTACTS
12-17 10:44:36.495  2714  2737 E GooglePlusContactsSync: 	at android.os.Parcel.readException(Parcel.java:1620)
12-17 10:44:36.495  2714  2737 E GooglePlusContactsSync: 	at android.os.Parcel.readException(Parcel.java:1573)
12-17 10:44:36.495  2714  2737 E GooglePlusContactsSync: 	at android.app.ActivityManagerProxy.getContentProvider(ActivityManagerNative.java:3594)
12-17 10:44:36.495  2714  2737 E GooglePlusContactsSync: 	at android.app.ActivityThread.acquireProvider(ActivityThread.java:4799)
12-17 10:44:36.495  2714  2737 E GooglePlusContactsSync: 	at android.app.ContextImpl$ApplicationContentResolver.acquireUnstableProvider(ContextImpl.java:2018)
12-17 10:44:36.495  2714  2737 E GooglePlusContactsSync: 	at android.content.ContentResolver.acquireUnstableProvider(ContentResolver.java:1466)
12-17 10:44:36.495  2714  2737 E GooglePlusContactsSync: 	at android.content.ContentResolver.query(ContentResolver.java:475)
12-17 10:44:36.495  2714  2737 E GooglePlusContactsSync: 	at android.content.ContentResolver.query(ContentResolver.java:434)
12-17 10:44:36.495  2714  2737 E GooglePlusContactsSync: 	at dkh.a(PG:464)
12-17 10:44:36.495  2714  2737 E GooglePlusContactsSync: 	at dkh.b(PG:1413)
12-17 10:44:36.495  2714  2737 E GooglePlusContactsSync: 	at dki.run(PG:350)
12-17 10:44:36.495  2714  2737 E GooglePlusContactsSync: 	at java.lang.Thread.run(Thread.java:818)
12-17 10:44:36.604  2714  2714 V ConnectivityManager: isActiveNetworkMetered() returns:false
12-17 10:44:36.614  2714  2738 W art     : Long monitor contention event with owner method=java.lang.Object mbb.f(java.lang.Class) from PG:399 waiters=0 for 126ms
12-17 10:44:36.928  1937  3241 I chatty  : uid=1000(system) Binder_B expire 8 lines
12-17 10:44:37.150 14485 14485 D CellBroadcastReceiver: subscriptionId = 1
12-17 10:44:37.220  4435  4435 I CCE     : App motocare requested CCE to send settings
12-17 10:44:37.333  1937  2461 I chatty  : uid=1000(system) EthernetService expire 13 lines
12-17 10:44:37.333  1937  2437 I chatty  : uid=1000(system) WifiStateMachin expire 11 lines
12-17 10:44:37.521  4435  2741 I CCE     : sending CCE_SEND_SETTINGS_RESPONSE for app = motocare
12-17 10:44:37.638  3056  3087 I chatty  : uid=1000(system) HeapTaskDaemon expire 1 line
12-17 10:44:37.926  2714  2724 W art     : Suspending all threads took: 692.560ms
12-17 10:44:38.473  5050  5062 I art     : Background sticky concurrent mark sweep GC freed 17445(3MB) AllocSpace objects, 22(440KB) LOS objects, 34% free, 7MB/12MB, paused 2.123ms total 122.976ms
12-17 10:44:38.703   407   589 I ThermalEngine: Sensor:batt_therm:56200 mC
12-17 10:44:38.707   407   590 I ThermalEngine: Sensor:xo_therm_pu2:55000 mC
12-17 10:44:39.059   407   631 I ThermalEngine: Sensor:xo_therm_pu2:55000 mC
12-17 10:44:39.187 25065  2418 W art     : Long monitor contention event with owner method=boolean android.os.MessageQueue.enqueueMessage(android.os.Message, long) from MessageQueue.java:541 waiters=0 for 1.112s
12-17 10:44:41.557   452  2465 I chatty  : uid=1006(camera) mm-qcamera-daem expire 222 lines
12-17 10:44:43.374 25065  2507 E libjingle: [300:020] webrtc: (process_thread_impl.cc:31): TimeUntilNextProcess returned an invalid value -9
12-17 10:44:43.391 25065  2507 E libjingle: [300:038] webrtc: (process_thread_impl.cc:31): TimeUntilNextProcess returned an invalid value -12
12-17 10:44:43.421 25065  2507 E libjingle: [300:068] webrtc: (process_thread_impl.cc:31): TimeUntilNextProcess returned an invalid value -7
12-17 10:44:43.604 25065  2418 W art     : Long monitor contention event with owner method=boolean android.os.MessageQueue.enqueueMessage(android.os.Message, long) from MessageQueue.java:541 waiters=0 for 328ms
12-17 10:44:43.692  2305  2309 I chatty  : uid=39999(/system/bin/dex2oat) expire 5 lines
12-17 10:44:43.925  2305  2308 I chatty  : uid=39999(/system/bin/dex2oat) expire 6 lines
12-17 10:44:44.065   407   631 I ThermalEngine: Sensor:xo_therm_pu2:55000 mC
12-17 10:44:45.671  2305  2308 W dex2oat : Compilation of void android.support.v7.widget.StaggeredGridLayoutManager.onItemsChanged(android.support.v7.widget.RecyclerView) took 196.534ms
12-17 10:44:45.674 25065 25075 I art     : Background sticky concurrent mark sweep GC freed 209078(11MB) AllocSpace objects, 92(1836KB) LOS objects, 35% free, 27MB/41MB, paused 29.912ms total 378.795ms
12-17 10:44:45.823  2305  2308 W dex2oat : Compilation of void android.support.v7.widget.StaggeredGridLayoutManager.onItemsMoved(android.support.v7.widget.RecyclerView, int, int, int) took 152.123ms
12-17 10:44:45.825  2305  2307 W dex2oat : Compilation of void android.support.v7.widget.Toolbar$LayoutParams.<init>(android.support.v7.widget.Toolbar$LayoutParams) took 155.746ms
12-17 10:44:45.840  2305  2309 W dex2oat : Compilation of android.content.Intent android.support.v7.widget.SearchView.createVoiceAppSearchIntent(android.content.Intent, android.app.SearchableInfo) took 742.832ms
12-17 10:44:45.989  2305  2305 W dex2oat : Compilation of void android.support.v7.widget.SwitchCompat.setSwitchTypeface(android.graphics.Typeface, int) took 114.019ms
12-17 10:44:46.201  2305  2309 W dex2oat : Compilation of void android.support.v7.widget.SearchView.onVoiceClicked() took 122.109ms
12-17 10:44:46.202  2305  2308 W dex2oat : Compilation of void android.support.v7.widget.StaggeredGridLayoutManager.onLayoutChildren(android.support.v7.widget.RecyclerView$Recycler, android.support.v7.widget.RecyclerView$State) took 336.188ms
12-17 10:44:46.247  2305  2305 W dex2oat : Compilation of void android.support.v7.widget.Toolbar.addCustomViewsWithGravity(java.util.List, int) took 122.403ms
12-17 10:44:46.266  2305  2307 W dex2oat : Compilation of void com.android.alarmclock.DigitalAppWidgetProvider.a(android.content.Context, android.appwidget.AppWidgetManager, int, float) took 140.984ms
12-17 10:44:46.466  2305  2305 W dex2oat : Compilation of void android.support.v7.widget.Toolbar.ensureMenu() took 122.043ms
12-17 10:44:46.492  2305  2309 W dex2oat : Compilation of void android.support.v7.widget.SearchView.updateSearchAutoComplete() took 125.134ms
12-17 10:44:46.515  2305  2307 W dex2oat : Compilation of void com.android.alarmclock.DigitalAppWidgetProvider.onReceive(android.content.Context, android.content.Intent) took 126.185ms
12-17 10:44:46.677  2305  2308 W dex2oat : Compilation of boolean android.support.v7.widget.StaggeredGridLayoutManager.updateAnchorFromPendingData(android.support.v7.widget.RecyclerView$State, android.support.v7.widget.StaggeredGridLayoutManager$AnchorInfo) took 105.579ms
12-17 10:44:46.781  2305  2309 W dex2oat : Compilation of void android.support.v7.widget.SearchView.setQuery(java.lang.CharSequence, boolean) took 139.825ms
12-17 10:44:47.042  2305  2307 W dex2oat : Compilation of int com.android.alarmclock.a.getCount() took 270.014ms
12-17 10:44:47.047  2305  2308 W dex2oat : Compilation of void com.android.alarmclock.c.<init>() took 283.138ms
12-17 10:44:47.063  2305  2309 W dex2oat : Compilation of void android.support.v7.widget.SearchView.setQueryHint(java.lang.CharSequence) took 281.796ms
12-17 10:44:47.227  2305  2309 W dex2oat : Compilation of void android.support.v7.widget.SearchView.setSearchableInfo(android.app.SearchableInfo) took 112.449ms
12-17 10:44:47.322  2305  2305 W dex2oat : Compilation of void android.support.v7.widget.Toolbar.setNavigationContentDescription(int) took 144.843ms
12-17 10:44:47.364  2305  2308 W dex2oat : Compilation of void com.android.datetimepicker.AccessibleLinearLayout.onInitializeAccessibilityNodeInfo(android.view.accessibility.AccessibilityNodeInfo) took 105.687ms
12-17 10:44:47.465  2305  2309 W dex2oat : Compilation of void android.support.v7.widget.SearchView.setSubmitButtonEnabled(boolean) took 237.485ms
12-17 10:44:47.728  2305  2305 W dex2oat : Compilation of void android.support.v7.widget.Toolbar.setTitleTextAppearance(android.content.Context, int) took 119.534ms
12-17 10:44:47.776  2305  2309 W dex2oat : Compilation of void com.android.datetimepicker.time.f.onDraw(android.graphics.Canvas) took 158.436ms
12-17 10:44:47.825  2305  2308 W dex2oat : Compilation of void com.android.datetimepicker.time.a.a(android.content.Context, int) took 350.878ms
12-17 10:44:47.876  2305  2307 W dex2oat : Compilation of void com.android.datetimepicker.time.RadialPickerLayout.a(int, boolean) took 358.294ms
12-17 10:44:48.173  2305  2309 W dex2oat : Compilation of void com.android.datetimepicker.time.i.a(android.content.res.Resources, java.lang.String[], java.lang.String[], boolean, boolean) took 197.744ms
12-17 10:44:48.205  2305  2305 W dex2oat : Compilation of int[] com.android.datetimepicker.time.l.a(java.lang.Boolean[]) took 230.799ms
12-17 10:44:48.227  2305  2307 W dex2oat : Compilation of void com.android.datetimepicker.time.RadialPickerLayout.a(android.content.Context, com.android.datetimepicker.a, int, int, boolean) took 350.523ms
12-17 10:44:48.328  2305  2309 W dex2oat : Compilation of void com.android.datetimepicker.time.i.onDraw(android.graphics.Canvas) took 104.197ms
12-17 10:44:48.454  2305  2308 W dex2oat : Compilation of void com.android.datetimepicker.time.q.<init>(com.android.datetimepicker.time.l) took 128.324ms
12-17 10:44:48.455  2305  2305 W dex2oat : Compilation of void com.android.datetimepicker.time.l.c(int) took 116.763ms
12-17 10:44:48.708   407   589 I ThermalEngine: Sensor:batt_therm:56500 mC
12-17 10:44:48.713   407   590 I ThermalEngine: Sensor:xo_therm_pu2:56000 mC
12-17 10:44:48.766  2305  2307 W dex2oat : Compilation of void com.android.deskclock.CircleTimerView.reset() took 111.317ms
12-17 10:44:48.768  2305  2309 W dex2oat : Compilation of void com.android.deskclock.u.onPause() took 102.643ms
12-17 10:44:48.772  2305  2305 W dex2oat : Compilation of void com.android.datetimepicker.time.l.d(boolean) took 299.367ms
12-17 10:44:48.829  2305  2308 W dex2oat : Compilation of void com.android.deskclock.AnalogClock.onAttachedToWindow() took 156.277ms
12-17 10:44:48.974  2305  2309 W dex2oat : Compilation of void com.android.deskclock.DeskClock.<init>() took 145.136ms
12-17 10:44:49.027  2305  2305 W dex2oat : Compilation of boolean com.android.datetimepicker.time.l.d(int) took 254.836ms
12-17 10:44:49.061  2451  2451 I chatty  : uid=1000(system) /system/bin/ptt_socket_app expire 10 lines
12-17 10:44:49.069   407   631 I ThermalEngine: Sensor:xo_therm_pu2:56000 mC
12-17 10:44:49.070   407   631 I ThermalEngine: ACTION: CPU - Setting CPU[0] to 1094400
12-17 10:44:49.070   407   631 I ThermalEngine: Mitigation:CPU[0]:1094400 Khz
12-17 10:44:49.070   407   631 I ThermalEngine: ACTION: CPU - Setting CPU[1] to 1094400
12-17 10:44:49.070   407   631 I ThermalEngine: Mitigation:CPU[1]:1094400 Khz
12-17 10:44:49.070   407   631 I ThermalEngine: ACTION: CPU - Setting CPU[2] to 1094400
12-17 10:44:49.070   407   631 I ThermalEngine: Mitigation:CPU[2]:1094400 Khz
12-17 10:44:49.070   407   631 I ThermalEngine: ACTION: CPU - Setting CPU[3] to 1094400
12-17 10:44:49.070   407   631 I ThermalEngine: Mitigation:CPU[3]:1094400 Khz
12-17 10:44:49.158  2305  2309 W dex2oat : Compilation of void com.android.deskclock.DeskClock.D() took 184.023ms
12-17 10:44:49.174  2305  2307 W dex2oat : Compilation of void com.android.deskclock.DeskClockBackupAgent.onRestoreFile(android.os.ParcelFileDescriptor, long, java.io.File, int, long, long) took 151.505ms
12-17 10:44:49.226  2305  2305 W dex2oat : Compilation of boolean com.android.datetimepicker.time.l.f() took 161.754ms
12-17 10:44:49.346  2305  2308 W dex2oat : Compilation of void com.android.deskclock.HandleApiCalls.a(android.content.Intent) took 322.764ms
12-17 10:44:49.373  1937  2437 I chatty  : uid=1000(system) WifiStateMachin expire 11 lines
12-17 10:44:49.425  2305  2305 W dex2oat : Compilation of boolean com.android.datetimepicker.time.l.f(int) took 199.469ms
12-17 10:44:49.455  2305  2307 W dex2oat : Compilation of void com.android.deskclock.Screensaver.T() took 147.697ms
12-17 10:44:49.461  2305  2309 W dex2oat : Compilation of void com.android.deskclock.DeskClock.F() took 302.685ms
12-17 10:44:49.654  2305  2308 W dex2oat : Compilation of void com.android.deskclock.HandleApiCalls.a(com.android.deskclock.provider.b, boolean) took 130.837ms
12-17 10:44:49.656  2305  2307 W dex2oat : Compilation of void com.android.deskclock.Screensaver.U() took 201.397ms
12-17 10:44:49.662  2305  2309 W dex2oat : Compilation of void com.android.deskclock.DeskClock.onCreate(android.os.Bundle) took 148.265ms
12-17 10:44:49.824  2305  2308 W dex2oat : Compilation of void com.android.deskclock.HandleApiCalls.b(android.content.Intent) took 169.992ms
12-17 10:44:49.831  2305  2307 W dex2oat : Compilation of void com.android.deskclock.Screensaver.onAttachedToWindow() took 112.264ms
12-17 10:44:50.067  2305  2308 W dex2oat : Compilation of void com.android.deskclock.WearableMessageListenerService.b(long, int) took 136.623ms
12-17 10:44:50.229  2305  2309 W dex2oat : Compilation of void com.android.deskclock.TimerSetupView.onFinishInflate() took 155.662ms
12-17 10:44:50.249  2305  2308 W dex2oat : Compilation of void com.android.deskclock.WearableMessageListenerService.b(android.content.Context, long, com.android.deskclock.provider.b, int) took 181.304ms
12-17 10:44:50.376  2305  2308 W dex2oat : Compilation of void com.android.deskclock.WearableMessageListenerService.c(long, int) took 115.220ms
12-17 10:44:50.407  2305  2305 W dex2oat : Compilation of void com.android.deskclock.WearableSyncService.onHandleIntent(android.content.Intent) took 145.158ms
12-17 10:44:50.433  2305  2307 W dex2oat : Compilation of android.animation.Animator com.android.deskclock.alarms.AlarmActivity.a(android.view.View, int, java.lang.String, java.lang.String, int, int) took 169.564ms
12-17 10:44:50.466  2305  2309 W dex2oat : Compilation of void com.android.deskclock.alarms.AlarmStateManager.a(android.content.Context, android.content.Intent) took 114.629ms
12-17 10:44:50.732  2305  2307 W dex2oat : Compilation of boolean com.android.deskclock.alarms.AlarmActivity.dispatchKeyEvent(android.view.KeyEvent) took 158.194ms
12-17 10:44:50.916  2305  2308 W dex2oat : Compilation of void com.android.deskclock.WearableMessageListenerService.onMessageReceived(com.google.android.gms.wearable.MessageEvent) took 334.762ms
12-17 10:44:50.964  2305  2307 W dex2oat : Compilation of void com.android.deskclock.alarms.AlarmActivity.onClick(android.view.View) took 213.183ms
12-17 10:44:51.050  2305  2305 W dex2oat : Compilation of void com.android.deskclock.alarms.i.a(android.app.Service, com.android.deskclock.provider.b) took 125.782ms
12-17 10:44:51.110  2305  2308 W dex2oat : Compilation of void com.android.deskclock.alarms.k.onReceive(android.content.Context, android.content.Intent) took 134.534ms
12-17 10:44:51.234  2305  2307 W dex2oat : Compilation of boolean com.android.deskclock.alarms.AlarmActivity.onTouch(android.view.View, android.view.MotionEvent) took 190.374ms
12-17 10:44:51.309  2305  2309 W dex2oat : Compilation of void com.android.deskclock.alarms.AlarmStateManager.c(android.content.Context, com.android.deskclock.provider.b, boolean) took 675.695ms
12-17 10:44:51.323  2305  2305 W dex2oat : Compilation of void com.android.deskclock.alarms.i.d(android.content.Context, com.android.deskclock.provider.b) took 144.996ms
12-17 10:44:51.470  2305  2305 W dex2oat : Compilation of void com.android.deskclock.alarms.i.g(android.content.Context, com.android.deskclock.provider.b) took 112.571ms
12-17 10:44:51.511  2305  2308 W dex2oat : Compilation of void com.android.deskclock.alarms.q.c(com.android.deskclock.provider.Alarm, boolean) took 186.391ms
12-17 10:44:51.518  2305  2309 W dex2oat : Compilation of void com.android.deskclock.alarms.AlarmStateManager.o(android.content.Context, com.android.deskclock.provider.b) took 156.282ms
12-17 10:44:51.660  2305  2305 W dex2oat : Compilation of java.lang.Boolean com.android.deskclock.alarms.u.c(java.lang.Void[]) took 144.653ms
12-17 10:44:51.705   452  2465 I chatty  : uid=1006(camera) mm-qcamera-daem expire 133 lines
12-17 10:44:51.781  2305  2309 W dex2oat : Compilation of void com.android.deskclock.alarms.AlarmStateManager.s(android.content.Context, com.android.deskclock.provider.b) took 103.753ms
12-17 10:44:51.923  2305  2307 W dex2oat : Compilation of java.lang.Void com.android.deskclock.aq.a(java.lang.Void[]) took 171.141ms
12-17 10:44:52.090  2305  2305 W dex2oat : Compilation of java.lang.Void com.android.deskclock.ar.a(java.lang.Void[]) took 307.934ms
12-17 10:44:52.138 25065  2505 E libjingle: [308:785] webrtc: (process_thread_impl.cc:31): TimeUntilNextProcess returned an invalid value -10
12-17 10:44:52.259  2305  2308 W dex2oat : Compilation of void com.android.deskclock.az.e(java.lang.String, java.lang.Object[]) took 125.845ms
12-17 10:44:52.261  2305  2307 W dex2oat : Compilation of android.view.View com.android.deskclock.b.onCreateView(android.view.LayoutInflater, android.view.ViewGroup, android.os.Bundle) took 134.227ms
12-17 10:44:52.372  2305  2309 W dex2oat : Compilation of void com.android.deskclock.alarms.AlarmStateManager.a(android.content.Context, com.android.deskclock.provider.b, int) took 487.143ms
12-17 10:44:52.545 25065  2376 E libjingle: [309:192] UPDATING H264 CODECS. State is: is_offer: 0, participant count: 2
12-17 10:44:52.589  3396 29826 I GCM     : GCM message com.google.android.talk 0:1450329292658102%5a539273f9fd7ecd:dr:com.google.android.talk:dr:2615154502@google.com:dr:0:1450329292658102%5a539273f9fd7ecd
12-17 10:44:52.662  2305  2305 W dex2oat : Compilation of void com.android.deskclock.bn.a(android.content.Context, android.view.View) took 176.675ms
12-17 10:44:52.736 25065  2504 W libjingle: [309:383] webrtc: (rtp_packet_history.cc:43): Purging packet history in order to re-set status.
12-17 10:44:52.782 25065  2504 E libjingle: [309:429] webrtc: unable to set thread priority
12-17 10:44:52.782 25065  2507 E libjingle: [309:429] webrtc: (process_thread_impl.cc:31): TimeUntilNextProcess returned an invalid value -6
12-17 10:44:52.791 25065  2504 E libjingle: [309:438] Received keyframe request for encoder (640x400)
12-17 10:44:52.793 25065  2504 E libjingle: [309:440] webrtc: unable to set thread priority
12-17 10:44:52.795 25065  2504 W libjingle: [309:442] webrtc: (rtp_packet_history.cc:235): No match for getting seqNum 24065
12-17 10:44:52.801 25065  2376 E libjingle: [309:448] Receiving push on GCM channel
12-17 10:44:52.804 25065  2504 W libjingle: [309:451] webrtc: (rtp_packet_history.cc:235): No match for getting seqNum 24065
12-17 10:44:52.842  2305  2309 W dex2oat : Compilation of android.net.Uri com.android.deskclock.data.DataModel.aT() took 245.540ms
12-17 10:44:52.851  2305  2307 W dex2oat : Compilation of int com.android.deskclock.data.g.a(com.android.deskclock.data.d, com.android.deskclock.data.d) took 395.478ms
12-17 10:44:52.882 25065  2508 I MediaCodec: name=video/avc isType=true encoder=true
12-17 10:44:52.894 25065  2748 I OMXClient: Using client-side OMX mux.
12-17 10:44:52.944 25065  2504 W libjingle: [309:591] webrtc: (rtp_packet_history.cc:235): No match for getting seqNum 24065
12-17 10:44:52.958 25065  2504 W libjingle: [309:605] webrtc: (rtp_packet_history.cc:235): No match for getting seqNum 24065
12-17 10:44:52.970  2305  2308 W dex2oat : Compilation of void com.android.deskclock.data.i.a(android.content.Context, java.util.Collection) took 395.399ms
12-17 10:44:52.973  2305  2309 W dex2oat : Compilation of boolean com.android.deskclock.data.DataModel.aU() took 130.725ms
12-17 10:44:52.994  2305  2307 W dex2oat : Compilation of int com.android.deskclock.data.g.compare(java.lang.Object, java.lang.Object) took 142.601ms
12-17 10:44:53.046   390  2657 I chatty  : uid=1013(media) /system/bin/mediaserver expire 1 line
12-17 10:44:53.052   390  2752 I chatty  : uid=1013(media) /system/bin/mediaserver expire 1 line
12-17 10:44:53.074   390  2751 I chatty  : uid=1013(media) /system/bin/mediaserver expire 5 lines
12-17 10:44:53.074 25065 25065 D MediaPlayer: setSubtitleAnchor in MediaPlayer
12-17 10:44:53.234 25065 25065 I vclib   : No ssrc for renderer; not sending ViewRequest
12-17 10:44:53.251  2305  2307 W dex2oat : Compilation of void com.android.deskclock.e.<init>(android.content.Context, com.android.deskclock.provider.Alarm, android.app.Activity) took 257.195ms
12-17 10:44:53.253  2305  2305 W dex2oat : Compilation of boolean com.android.deskclock.data.p.aU() took 279.871ms
12-17 10:44:53.256  2305  2308 W dex2oat : Compilation of void com.android.deskclock.data.r.onSharedPreferenceChanged(android.content.SharedPreferences, java.lang.String) took 283.872ms
12-17 10:44:53.289  2305  2309 W dex2oat : Compilation of java.lang.String com.android.deskclock.data.DataModel.aW() took 267.356ms
12-17 10:44:53.364   390  2758 I chatty  : uid=1013(media) /system/bin/mediaserver expire 3 lines
12-17 10:44:53.365 25065  2747 I MediaCodec: MediaCodec will operate in async mode
12-17 10:44:53.370   390   991 I chatty  : uid=1013(media) AudioOut_2 expire 8 lines
12-17 10:44:53.374 25065  2748 E ACodec  : [OMX.qcom.video.encoder.avc] storeMetaDataInBuffers (output) failed w/ err -1010
12-17 10:44:53.378 25065  2748 W ACodec  : do not know color format 0x7fa30c04 = 2141391876
12-17 10:44:53.380 25065  2748 W ACodec  : do not know color format 0x7f000789 = 2130708361
12-17 10:44:53.380   390  2975 I chatty  : uid=1013(media) Binder_4 expire 2 lines
12-17 10:44:53.423 25065  2748 I ACodec  : setupVideoEncoder succeeded
12-17 10:44:53.454 25065  2748 W ACodec  : do not know color format 0x7f000789 = 2130708361
12-17 10:44:53.538  3396 29826 I GCM     : GCM message com.google.android.talk 0:1450329293558882%5a539273f9fd7ecd:dr:com.google.android.talk:dr:2615154502@google.com:dr:0:1450329293558882%5a539273f9fd7ecd
12-17 10:44:53.585  2305  2307 W dex2oat : Compilation of void com.android.deskclock.g.onReceive(android.content.Context, android.content.Intent) took 284.010ms
12-17 10:44:53.739  2305  2309 W dex2oat : Compilation of com.android.deskclock.data.DataModel$ClockStyle com.android.deskclock.data.DataModel.aY() took 407.788ms
12-17 10:44:53.740  3396 29826 I GCM     : GCM message com.google.android.talk 0:1450329293725251%5a539273f9fd7ecd:dr:com.google.android.talk:dr:2615154502@google.com:dr:0:1450329293725251%5a539273f9fd7ecd
12-17 10:44:53.741  2305  2308 W dex2oat : Compilation of java.lang.String com.android.deskclock.f.a(android.content.Context, long) took 485.032ms
12-17 10:44:53.857  2305  2305 W dex2oat : Compilation of java.lang.String com.android.deskclock.data.p.aW() took 532.930ms
12-17 10:44:53.887 25065  2376 E libjingle: [310:534] Receiving push on GCM channel
12-17 10:44:53.893  3396 29826 I GCM     : GCM message com.google.android.talk 0:1450329293745779%5a539273f9fd7ecd:dr:com.google.android.talk:dr:2615154502@google.com:dr:0:1450329293745779%5a539273f9fd7ecd
12-17 10:44:53.894 25065  2376 E libjingle: [310:541] Receiving push on GCM channel
12-17 10:44:53.942  2305  2309 W dex2oat : Compilation of void com.android.deskclock.data.DataModel.b(android.net.Uri) took 189.980ms
12-17 10:44:53.976 25065  2376 E libjingle: [310:623] Receiving push on GCM channel
12-17 10:44:54.005  2305  2307 W dex2oat : Compilation of float com.android.deskclock.o.a(long, long, long) took 133.739ms
12-17 10:44:54.026  2305  2305 W dex2oat : Compilation of void com.android.deskclock.p.<init>(com.android.deskclock.o, android.os.Looper) took 169.176ms
12-17 10:44:54.053  2305  2308 W dex2oat : Compilation of java.lang.String com.android.deskclock.f.a(android.content.Context, com.android.deskclock.provider.b, boolean) took 311.893ms
12-17 10:44:54.074   407   631 I ThermalEngine: Sensor:xo_therm_pu2:56000 mC
12-17 10:44:54.075   407   631 I ThermalEngine: ACTION: CPU - Setting CPU[0] to 998400
12-17 10:44:54.075   407   631 I ThermalEngine: Mitigation:CPU[0]:998400 Khz
12-17 10:44:54.075   407   631 I ThermalEngine: ACTION: CPU - Setting CPU[1] to 998400
12-17 10:44:54.075   407   631 I ThermalEngine: Mitigation:CPU[1]:998400 Khz
12-17 10:44:54.075   407   631 I ThermalEngine: ACTION: CPU - Setting CPU[2] to 998400
12-17 10:44:54.075   407   631 I ThermalEngine: Mitigation:CPU[2]:998400 Khz
12-17 10:44:54.075   407   631 I ThermalEngine: ACTION: CPU - Setting CPU[3] to 998400
12-17 10:44:54.075   407   631 I ThermalEngine: Mitigation:CPU[3]:998400 Khz
12-17 10:44:54.088  1937  2455 I chatty  : uid=1000(system) WifiWatchdogSta expire 12 lines
12-17 10:44:54.106  2305  2309 W dex2oat : Compilation of void com.android.deskclock.data.DataModel.b(java.util.Collection) took 143.196ms
12-17 10:44:54.151   390  2761 I chatty  : uid=1013(media) /system/bin/mediaserver expire 1 line
12-17 10:44:54.271  2305  2309 W dex2oat : Compilation of java.lang.String com.android.deskclock.data.DataModel.c(android.net.Uri) took 163.274ms
12-17 10:44:54.283  2305  2308 W dex2oat : Compilation of void com.android.deskclock.f.b(android.content.Context, long) took 135.521ms
12-17 10:44:54.291  2305  2307 W dex2oat : Compilation of float com.android.deskclock.o.b(long, long, long) took 233.607ms
12-17 10:44:54.342  2305  2305 W dex2oat : Compilation of void com.android.deskclock.p.handleMessage(android.os.Message) took 289.856ms
12-17 10:44:54.442   390  2757 I chatty  : uid=1013(media) /system/bin/mediaserver expire 1 line
12-17 10:44:54.503 25065  2504 D AudioTrackJni: StopPlayout@[tid=2504]
12-17 10:44:54.526 25065  2504 D AudioManager: SetCommunicationMode(1)@[tid=2504]
12-17 10:44:54.526 25065  2504 D AudioTrackJni: InitPlayout@[tid=2504]
12-17 10:44:54.526 25065  2504 D AudioTrackJni: OnCacheDirectBufferAddress
12-17 10:44:54.526 25065  2504 D AudioTrackJni: direct buffer capacity: 960
12-17 10:44:54.526 25065  2504 D AudioTrackJni: frames_per_buffer: 480
12-17 10:44:54.532 25065  2504 D AudioTrackJni: StartPlayout@[tid=2504]
12-17 10:44:54.541 25065  2504 W libjingle: [311:188] webrtc: (rtp_packet_history.cc:43): Purging packet history in order to re-set status.
12-17 10:44:54.542 25065  2504 E libjingle: [311:189] webrtc: unable to set thread priority
12-17 10:44:54.543 25065  2504 E libjingle: [311:190] webrtc: unable to set thread priority
12-17 10:44:54.544 25065  2504 E libjingle: [311:191] webrtc: unable to set thread priority
12-17 10:44:54.590  2305  2309 W dex2oat : Compilation of void com.android.deskclock.provider.g.b(android.database.sqlite.SQLiteDatabase) took 115.454ms
12-17 10:44:54.593  2305  2308 W dex2oat : Compilation of android.content.Intent com.android.deskclock.provider.Alarm.a(android.content.Context, java.lang.Class, long) took 116.254ms
12-17 10:44:54.607  2305  2305 W dex2oat : Compilation of int com.android.deskclock.provider.ClockProvider.delete(android.net.Uri, java.lang.String, java.lang.String[]) took 254.846ms
12-17 10:44:54.624   390   953 I chatty  : uid=1013(media) ApmOutput expire 2 lines
12-17 10:44:54.912   390  1957 I chatty  : uid=1013(media) Binder_1 expire 4 lines
12-17 10:44:54.941  2305  2309 W dex2oat : Compilation of void com.android.deskclock.provider.g.onUpgrade(android.database.sqlite.SQLiteDatabase, int, int) took 221.870ms
12-17 10:44:54.995 25065  2508 E vclib   : The encoder for resolution: (351x219) produced extra frames, recovering.
12-17 10:44:55.062  2305  2307 W dex2oat : Compilation of void com.android.deskclock.stopwatch.a.bn() took 160.334ms
12-17 10:44:55.082 25065  2504 E libjingle: [311:729] Received keyframe request for encoder (1152x720)
12-17 10:44:55.095  2305  2309 W dex2oat : Compilation of void com.android.deskclock.stopwatch.d.run() took 121.089ms
12-17 10:44:55.140  2305  2305 W dex2oat : Compilation of void com.android.deskclock.stopwatch.c.startTransition(android.animation.LayoutTransition, android.view.ViewGroup, android.view.View, int) took 113.346ms
12-17 10:44:55.236 25065  2508 I vclib   : Encoder keyframe request for resolution: (351,219)
12-17 10:44:55.332  2305  2308 W dex2oat : Compilation of void com.android.deskclock.stopwatch.StopwatchService.a(long, boolean, int) took 460.371ms
12-17 10:44:55.378  2305  2305 W dex2oat : Compilation of void com.android.deskclock.stopwatch.f.a(android.view.View, com.android.deskclock.stopwatch.e) took 100.757ms
12-17 10:44:55.474 25065  2504 E libjingle: [312:121] Received keyframe request for encoder (1152x720)
12-17 10:44:55.512  3396 29826 I GCM     : GCM message com.google.android.talk 0:1450329295548720%5a539273f9fd7ecd:dr:com.google.android.talk:dr:2615154502@google.com:dr:0:1450329295548720%5a539273f9fd7ecd
12-17 10:44:55.563  2305  2307 W dex2oat : Compilation of void com.android.deskclock.stopwatch.a.doStop() took 107.230ms
12-17 10:44:55.583 25065  2376 E libjingle: [312:230] Receiving push on GCM channel
12-17 10:44:55.604  2305  2308 W dex2oat : Compilation of void com.android.deskclock.stopwatch.StopwatchService.a(java.lang.Long, java.lang.Long, java.lang.Long, java.lang.Integer, boolean) took 239.289ms
12-17 10:44:55.604  2305  2305 W dex2oat : Compilation of boolean com.android.deskclock.stopwatch.f.a(com.android.deskclock.stopwatch.e) took 225.827ms
12-17 10:44:55.611  2305  2309 W dex2oat : Compilation of java.lang.String com.android.deskclock.stopwatch.g.a(android.content.Context, java.lang.String, long[]) took 220.687ms
12-17 10:44:55.655 25065  2508 I vclib   : Encoder keyframe request for resolution: (351,219)
12-17 10:44:55.660 25065  2508 I vclib   : Encoder bitrate changing to 44650 for resolution: (351x219)
12-17 10:44:56.265 25065  2508 I vclib   : Encoder bitrate changing to 43700 for resolution: (351x219)
12-17 10:45:07.102   452  2406 I chatty  : uid=1006(camera) mm-qcamera-daem expire 485 lines
12-17 10:45:07.190  2785  2795 W art     : Suspending all threads took: 461.290ms
12-17 10:45:07.287 25065  2508 I vclib   : Encoder bitrate changing to 18050 for resolution: (351x219)
12-17 10:45:07.503  1937  2437 I chatty  : uid=1000(system) WifiStateMachin expire 10 lines
12-17 10:45:07.639 25065  2504 W libjingle: [324:286] webrtc: (neteq_impl.cc:632): InsertPacketInternal: Packet buffer flushed
12-17 10:45:07.689 25065  2508 I vclib   : Encoder bitrate changing to 14250 for resolution: (351x219)
12-17 10:45:08.113  1937  2455 I chatty  : uid=1000(system) WifiWatchdogSta expire 10 lines
12-17 10:45:08.179 25065  2746 I vclib   : Dynamic resolution change detected (688x432 -> 336x208)
12-17 10:45:08.262   390  2645 I chatty  : uid=1013(media) Binder_3 expire 6 lines
12-17 10:45:08.266 25065  2746 I MediaCodec: name=video/avc isType=true encoder=false
12-17 10:45:08.318 25065  2800 I OMXClient: Using client-side OMX mux.
12-17 10:45:08.389 25065  2799 I MediaCodec: MediaCodec will operate in async mode
12-17 10:45:08.390 25065  2799 I MediaCodec: [OMX.qcom.video.decoder.avc] setting surface generation to 25666562
12-17 10:45:08.392 25065  2800 I ACodec  : DRC Mode: Dynamic Buffer Mode
12-17 10:45:08.392 25065  2800 I ExtendedCodec: Decoder will be in frame by frame mode
12-17 10:45:08.399   256   256 D BHD     : Got a battery uevent,log details
12-17 10:45:08.478 25065  2775 W libjingle: [325:125] (Decoder ssrc=398276640) Decoder frame cache is getting large (10 frames).  (ssrc: 398276640, codec: 2)
12-17 10:45:08.546 25065  2800 D SurfaceUtils: set up nativeWindow 0xb9a90eb8 for 640x640, color 0x7fa30c04, rotation 0, usage 0x42002900
12-17 10:45:08.755   407   589 I ThermalEngine: Sensor:batt_therm:56800 mC
12-17 10:45:08.760   407   590 I ThermalEngine: Sensor:xo_therm_pu2:56000 mC
12-17 10:45:08.968 25065  2800 D SurfaceUtils: set up nativeWindow 0xb9a90eb8 for 336x208, color 0x7fa30c04, rotation 0, usage 0x42002900
12-17 10:45:09.010 25065  2746 I vclib   : decoder (ssrc=398276640) resolution changed. New format: {mime=video/raw, crop-top=0, crop-right=335, slice-height=224, color-format=2141391876, height=208, width=336, what=1869968451, crop-bottom=207, crop-left=0, stride=384}
12-17 10:45:09.020 25065  2746 W libjingle: [325:667] webrtc: (generic_decoder.cc:62): Too many frames backed up in the decoder, dropping this one.
12-17 10:45:09.029 25065  2775 W libjingle: [325:676] (Decoder ssrc=398276640) Decoder frame cache is getting *very* large (40 frames). Frames will be dropped soon. (ssrc: 398276640, codec: 2)
12-17 10:45:09.093   407   631 I ThermalEngine: Sensor:xo_therm_pu2:56000 mC
12-17 10:45:09.114 25065  2746 W libjingle: [325:761] webrtc: (generic_decoder.cc:62): Too many frames backed up in the decoder, dropping this one.
12-17 10:45:09.115 25065  2746 W libjingle: [325:762] webrtc: (generic_decoder.cc:62): Too many frames backed up in the decoder, dropping this one.
12-17 10:45:09.115 25065  2746 W libjingle: [325:762] webrtc: (generic_decoder.cc:62): Too many frames backed up in the decoder, dropping this one.
12-17 10:45:09.169 25065  2746 W libjingle: [325:816] webrtc: (generic_decoder.cc:62): Too many frames backed up in the decoder, dropping this one.
12-17 10:45:09.191 25065  2746 W libjingle: [325:838] webrtc: (generic_decoder.cc:62): Too many frames backed up in the decoder, dropping this one.
12-17 10:45:09.192 25065  2746 W libjingle: [325:839] webrtc: (generic_decoder.cc:62): Too many frames backed up in the decoder, dropping this one.
12-17 10:45:09.193 25065  2746 W libjingle: [325:840] webrtc: (generic_decoder.cc:62): Too many frames backed up in the decoder, dropping this one.
12-17 10:45:09.229 25065  2746 W libjingle: [325:876] webrtc: (generic_decoder.cc:62): Too many frames backed up in the decoder, dropping this one.
12-17 10:45:09.234 25065  2746 W libjingle: [325:880] webrtc: (generic_decoder.cc:62): Too many frames backed up in the decoder, dropping this one.
12-17 10:45:09.246 25065  2746 W libjingle: [325:893] webrtc: (generic_decoder.cc:62): Too many frames backed up in the decoder, dropping this one.
12-17 10:45:09.270 25065  2746 W libjingle: [325:917] webrtc: (generic_decoder.cc:62): Too many frames backed up in the decoder, dropping this one.
12-17 10:45:09.271 25065  2746 W libjingle: [325:918] webrtc: (generic_decoder.cc:62): Too many frames backed up in the decoder, dropping this one.
12-17 10:45:11.143 25065  2746 W libjingle: [327:790] webrtc: (generic_decoder.cc:62): Too many frames backed up in the decoder, dropping this one.
12-17 10:45:18.180   452  2465 I chatty  : uid=1006(camera) mm-qcamera-daem expire 189 lines
12-17 10:45:18.760   407   589 I ThermalEngine: Sensor:batt_therm:56200 mC
12-17 10:45:18.764   407   590 I ThermalEngine: Sensor:xo_therm_pu2:55000 mC
12-17 10:45:18.775 25065  2418 W art     : Long monitor contention event with owner method=boolean android.os.MessageQueue.enqueueMessage(android.os.Message, long) from MessageQueue.java:541 waiters=0 for 7.477s
12-17 10:45:18.821  2305  2308 W dex2oat : Compilation of int com.android.deskclock.worldclock.b.getSectionForPosition(int) took 12.651s
12-17 10:45:19.104   407   631 I ThermalEngine: Sensor:xo_therm_pu2:55000 mC
12-17 10:45:19.104   407   631 I ThermalEngine: ACTION: CPU - Setting CPU[0] to 998400
12-17 10:45:19.104   407   631 I ThermalEngine: Mitigation:CPU[0]:998400 Khz
12-17 10:45:19.104   407   631 I ThermalEngine: ACTION: CPU - Setting CPU[1] to 998400
12-17 10:45:19.104   407   631 I ThermalEngine: Mitigation:CPU[1]:998400 Khz
12-17 10:45:19.104   407   631 I ThermalEngine: ACTION: CPU - Setting CPU[2] to 998400
12-17 10:45:19.104   407   631 I ThermalEngine: Mitigation:CPU[2]:998400 Khz
12-17 10:45:19.104   407   631 I ThermalEngine: ACTION: CPU - Setting CPU[3] to 998400
12-17 10:45:19.104   407   631 I ThermalEngine: Mitigation:CPU[3]:998400 Khz
12-17 10:45:19.173  1937  2455 I chatty  : uid=1000(system) WifiWatchdogSta expire 18 lines
12-17 10:45:19.175 25065  2429 W art     : Long monitor contention event with owner method=void java.lang.Thread.unpark$() from Thread.java:1162 waiters=1 for 164ms
12-17 10:45:19.271  2785  2785 I GAv4    : Google Analytics 7.8.95 is starting up. To enable debug logging on a device run:
12-17 10:45:19.271  2785  2785 I GAv4    :   adb shell setprop log.tag.GAv4 DEBUG
12-17 10:45:19.271  2785  2785 I GAv4    :   adb logcat -s GAv4
12-17 10:45:19.321  2305  2309 W dex2oat : Compilation of void com.google.android.gms.analytics.AnalyticsTransport.zza(java.util.Map, java.lang.String, int, int) took 13.934s
12-17 10:45:19.350  2305  2305 W dex2oat : Compilation of void com.google.android.gms.analytics.internal.AnalyticsBase.logDebug(java.lang.String, java.lang.Object, java.lang.Object, java.lang.Object) took 13.947s
12-17 10:45:19.387  2305  2307 W dex2oat : Compilation of void com.android.deskclock.widget.sgv.StaggeredGridView.q(boolean) took 18.980s
12-17 10:45:19.447  2785  2785 W GAv4    : AnalyticsReceiver is not registered or is disabled. Register the receiver for reliable dispatching on non-Google Play devices. See http://goo.gl/8Rd3yj for instructions.
12-17 10:45:19.487  2785  2785 W GAv4    : CampaignTrackingReceiver is not registered, not exported or is disabled. Installation campaign tracking is not possible. See http://goo.gl/8Rd3yj for instructions.
12-17 10:45:19.507  2305  2309 W dex2oat : Compilation of void com.google.android.gms.analytics.AnalyticsTransport.zza(java.util.Map, java.lang.String, java.lang.String) took 157.695ms
12-17 10:45:19.509  2785  2809 W GAv4    : AnalyticsService not registered in the app manifest. Hits might not be delivered reliably. See http://goo.gl/8Rd3yj for instructions.
12-17 10:45:19.512  2305  2305 W dex2oat : Compilation of void com.google.android.gms.analytics.internal.AnalyticsBase.logError(java.lang.String) took 160.947ms
12-17 10:45:19.688  2305  2309 W dex2oat : Compilation of android.net.Uri com.google.android.gms.analytics.AnalyticsTransport.zzaK(java.lang.String) took 179.478ms
12-17 10:45:19.710  2305  2308 W dex2oat : Compilation of java.lang.Object[] com.android.deskclock.worldclock.b.getSections() took 888.908ms
12-17 10:45:19.807  2305  2307 W dex2oat : Compilation of int com.android.deskclock.widget.sgv.StaggeredGridView.t(int, int) took 364.039ms
12-17 10:45:19.845  2305  2308 W dex2oat : Compilation of android.view.View com.android.deskclock.worldclock.b.getView(int, android.view.View, android.view.ViewGroup) took 134.741ms
12-17 10:45:20.045  2305  2305 W dex2oat : Compilation of void com.google.android.gms.analytics.internal.AnalyticsBase.logInfo(java.lang.String, java.lang.Object) took 126.883ms
12-17 10:45:20.192  2305  2305 W dex2oat : Compilation of void com.google.android.gms.analytics.internal.AnalyticsBase.logVerbose(java.lang.String, java.lang.Object) took 137.623ms
12-17 10:45:20.226  2305  2307 W dex2oat : Compilation of int com.android.deskclock.widget.sgv.StaggeredGridView.u(int, int) took 418.867ms
12-17 10:45:20.245  2305  2309 W dex2oat : Compilation of java.lang.String com.google.android.gms.measurement.MeasurementData.zza(java.lang.Object, int) took 162.198ms
12-17 10:45:20.591  2305  2307 W dex2oat : Compilation of java.util.Map com.google.android.gms.analytics.ecommerce.Product.zzaN(java.lang.String) took 106.273ms
12-17 10:45:20.594  2305  2308 W dex2oat : Compilation of void com.google.android.gms.analytics.Tracker.setCampaignParamsOnNextHit(android.net.Uri) took 107.775ms
12-17 10:45:20.620  2305  2309 W dex2oat : Compilation of java.lang.String com.google.android.gms.analytics.data.HitParams.toString() took 174.901ms
12-17 10:45:20.726  2305  2305 W dex2oat : Compilation of java.lang.String com.google.android.gms.analytics.internal.AdvertiserIdProvider.zzaO(java.lang.String) took 120.404ms
12-17 10:45:20.774  2305  2307 W dex2oat : Compilation of com.google.android.gms.analytics.internal.AdvertiserIdProvider com.google.android.gms.analytics.internal.AnalyticsFactory.createAdvertiserIdProvider(com.google.android.gms.analytics.internal.AnalyticsContext) took 116.438ms
12-17 10:45:20.911  2305  2305 W dex2oat : Compilation of com.google.android.gms.ads.identifier.AdvertisingIdClient$Info com.google.android.gms.analytics.internal.AdvertiserIdProvider.zzhD() took 133.748ms
12-17 10:45:20.955  2305  2308 W dex2oat : Compilation of void com.google.android.gms.analytics.internal.AnalyticsBackend.asyncDispatchLocalHits() took 307.771ms
12-17 10:45:20.982  2305  2309 W dex2oat : Compilation of long com.google.android.gms.analytics.internal.AnalyticsProperty.getHitsCount() took 188.511ms
12-17 10:45:20.986  2305  2307 W dex2oat : Compilation of com.google.android.gms.analytics.internal.AnalyticsServiceClient com.google.android.gms.analytics.internal.AnalyticsFactory.createAnalyticsServiceClient(com.google.android.gms.analytics.internal.AnalyticsContext) took 195.564ms
12-17 10:45:21.085  2305  2305 W dex2oat : Compilation of boolean com.google.android.gms.analytics.internal.AdvertiserIdProvider.isAdTargetingEnabled() took 173.221ms
12-17 10:45:21.108  2305  2307 W dex2oat : Compilation of com.google.android.gms.analytics.internal.AnalyticsStore com.google.android.gms.analytics.internal.AnalyticsFactory.createAnalyticsStore(com.google.android.gms.analytics.internal.AnalyticsContext) took 122.013ms
12-17 10:45:21.246  2305  2308 W dex2oat : Compilation of void com.google.android.gms.analytics.internal.AnalyticsBackend.onServiceConnected() took 133.070ms
12-17 10:45:21.376  3829  3829 I chatty  : uid=1000(system) com.motorola.tools.batterytracer expire 10 lines
12-17 10:45:21.443 25065  2504 E libjingle: [338:090] Received keyframe request for encoder (1152x720)
12-17 10:45:21.580  2305  2305 W dex2oat : Compilation of java.lang.String com.google.android.gms.analytics.internal.AnalyticsStore.zzb(com.google.android.gms.analytics.internal.Hit) took 163.876ms
12-17 10:45:21.588  2305  2308 W dex2oat : Compilation of com.google.android.gms.analytics.internal.BatchingStrategy com.google.android.gms.analytics.internal.BatchingStrategy.fromString(java.lang.String) took 104.968ms
12-17 10:45:21.643 25065  2508 I vclib   : Encoder keyframe request for resolution: (351,219)
12-17 10:45:21.655 25065  2507 E libjingle: [338:301] webrtc: (process_thread_impl.cc:31): TimeUntilNextProcess returned an invalid value -1
12-17 10:45:21.691  2305  2309 W dex2oat : Compilation of void com.google.android.gms.analytics.internal.BackendImplementation.zza(com.google.android.gms.analytics.internal.AnalyticsProperty, com.google.android.gms.measurement.data.CampaignInfo) took 216.999ms
12-17 10:45:21.713  2305  2305 W dex2oat : Compilation of java.lang.String com.google.android.gms.analytics.internal.AnalyticsStore.zzz(java.util.Map) took 120.999ms
12-17 10:45:21.873 25065  2504 E libjingle: [338:520] Received keyframe request for encoder (1152x720)
12-17 10:45:21.892  2305  2307 W dex2oat : Compilation of com.google.android.gms.analytics.internal.G$Value com.google.android.gms.analytics.internal.G$Value.zza(java.lang.String, float, float) took 101.944ms
12-17 10:45:21.924  2305  2309 W dex2oat : Compilation of void com.google.android.gms.analytics.internal.BackendImplementation.zzhP() took 102.282ms
12-17 10:45:22.056 25065  2508 I vclib   : Encoder keyframe request for resolution: (351,219)
12-17 10:45:22.109  2305  2307 W dex2oat : Compilation of com.google.android.gms.analytics.internal.G$Value com.google.android.gms.analytics.internal.G$Value.zze(java.lang.String, int) took 116.695ms
12-17 10:45:22.212 25065  2504 E libjingle: [338:859] Received keyframe request for encoder (1152x720)
12-17 10:45:22.246  2305  2307 W dex2oat : Compilation of void com.google.android.gms.analytics.internal.NetworkBroadcastReceiver.<init>(com.google.android.gms.analytics.internal.AnalyticsContext) took 133.434ms
12-17 10:45:22.247  2305  2308 W dex2oat : Compilation of void com.google.android.gms.analytics.internal.Monitor.recordLog(int, java.lang.String, java.lang.Object, java.lang.Object, java.lang.Object) took 125.463ms
12-17 10:45:22.273 25065  2508 I vclib   : Encoder keyframe request for resolution: (351,219)
12-17 10:45:22.286  2305  2309 W dex2oat : Compilation of void com.google.android.gms.analytics.internal.BackendImplementation.connectToService() took 106.465ms
12-17 10:45:22.544 25065  2504 E libjingle: [339:191] Received keyframe request for encoder (1152x720)
12-17 10:45:22.556  2305  2309 W dex2oat : Compilation of boolean com.google.android.gms.analytics.internal.BackendImplementation.dispatchBatchOfLocalHits() took 231.093ms
12-17 10:45:22.630  2305  2307 W dex2oat : Compilation of byte[] com.google.android.gms.analytics.internal.NetworkUploader.zzg(byte[]) took 106.408ms
12-17 10:45:22.674 25065  2508 I vclib   : Encoder keyframe request for resolution: (351,219)
12-17 10:45:22.677   390   390 I chatty  : uid=1013(media) /system/bin/mediaserver expire 1 line
12-17 10:45:22.880  2305  2309 W dex2oat : Compilation of com.google.android.gms.analytics.internal.Hit com.google.android.gms.analytics.internal.BackendImplementation.zzc(com.google.android.gms.analytics.internal.Hit) took 123.758ms
12-17 10:45:22.903  2305  2308 W dex2oat : Compilation of void com.google.android.gms.analytics.internal.zzh$zza.zzo(java.lang.String, java.lang.String) took 114.355ms
12-17 10:45:23.067 25065  2507 E libjingle: [339:713] webrtc: (process_thread_impl.cc:31): TimeUntilNextProcess returned an invalid value -3
12-17 10:45:23.187  2305  2307 W dex2oat : Compilation of com.google.android.gms.auth.Country com.google.android.gms.auth.CountryCreator.createFromParcel(android.os.Parcel) took 172.275ms
12-17 10:45:23.207  2305  2305 W dex2oat : Compilation of void com.google.android.gms.auth.RecoveryDecisionCreator.zza(com.google.android.gms.auth.RecoveryDecision, android.os.Parcel, int) took 149.993ms
12-17 10:45:23.241  2305  2309 W dex2oat : Compilation of com.google.android.gms.auth.RecoveryReadResponse com.google.android.gms.auth.RecoveryReadResponseCreator.createFromParcel(android.os.Parcel) took 134.167ms
12-17 10:45:23.354  2305  2307 W dex2oat : Compilation of int com.google.android.gms.auth.RecoveryWriteResponse.describeContents() took 106.411ms
12-17 10:45:23.509  2305  2307 W dex2oat : Compilation of void com.google.android.gms.auth.api.credentials.Credential.<init>(int, java.lang.String, java.lang.String, java.lang.String, java.lang.String, android.net.Uri, java.util.List, java.lang.String, java.lang.String, java.lang.String, java.lang.String) took 120.382ms
12-17 10:45:23.533  2305  2308 W dex2oat : Compilation of com.google.android.gms.auth.RecoveryWriteRequest com.google.android.gms.auth.RecoveryWriteRequestCreator.createFromParcel(android.os.Parcel) took 288.434ms
12-17 10:45:23.544  2305  2305 W dex2oat : Compilation of com.google.android.gms.auth.RecoveryDecision com.google.android.gms.auth.RecoveryDecisionCreator.createFromParcel(android.os.Parcel) took 337.550ms
12-17 10:45:23.756  2305  2307 W dex2oat : Compilation of void com.google.android.gms.auth.api.credentials.Credential.writeToParcel(android.os.Parcel, int) took 113.147ms
12-17 10:45:23.884  2305  2308 W dex2oat : Compilation of com.google.android.gms.auth.api.credentials.PasswordSpecification com.google.android.gms.auth.api.credentials.PasswordSpecificationCreator.createFromParcel(android.os.Parcel) took 178.813ms
12-17 10:45:23.945  2305  2309 W dex2oat : Compilation of com.google.android.gms.auth.api.credentials.Credential com.google.android.gms.auth.api.credentials.zza.zzH(android.os.Parcel) took 229.322ms
12-17 10:45:24.108  2305  2307 W dex2oat : Compilation of com.google.android.gms.auth.api.credentials.IdToken com.google.android.gms.auth.api.credentials.zzd.zzK(android.os.Parcel) took 229.307ms
12-17 10:45:24.109   407   631 I ThermalEngine: Sensor:xo_therm_pu2:56000 mC
12-17 10:45:24.109   407   631 I ThermalEngine: ACTION: CPU - Setting CPU[0] to 787200
12-17 10:45:24.109   407   631 I ThermalEngine: Mitigation:CPU[0]:787200 Khz
12-17 10:45:24.109   407   631 I ThermalEngine: ACTION: CPU - Setting CPU[1] to 787200
12-17 10:45:24.109   407   631 I ThermalEngine: Mitigation:CPU[1]:787200 Khz
12-17 10:45:24.109   407   631 I ThermalEngine: ACTION: CPU - Setting CPU[2] to 787200
12-17 10:45:24.109   407   631 I ThermalEngine: Mitigation:CPU[2]:787200 Khz
12-17 10:45:24.109   407   631 I ThermalEngine: ACTION: CPU - Setting CPU[3] to 787200
12-17 10:45:24.109   407   631 I ThermalEngine: Mitigation:CPU[3]:787200 Khz
12-17 10:45:24.285 25065  2508 I vclib   : Encoder bitrate changing to 55100 for resolution: (351x219)
12-17 10:45:24.336  2305  2305 W dex2oat : Compilation of com.google.android.gms.auth.api.credentials.CredentialPickerConfig com.google.android.gms.auth.api.credentials.zzb.zzI(android.os.Parcel) took 452.283ms
12-17 10:45:24.346  2305  2309 W dex2oat : Compilation of boolean com.google.android.gms.auth.api.signin.internal.IdpTokenType.equals(java.lang.Object) took 224.957ms
12-17 10:45:24.350  2305  2307 W dex2oat : Compilation of int com.google.android.gms.auth.api.signin.internal.SignInConfiguration.describeContents() took 237.608ms
12-17 10:45:24.596 25065  2507 E libjingle: [341:243] webrtc: (process_thread_impl.cc:31): TimeUntilNextProcess returned an invalid value -2
12-17 10:45:24.670  2305  2309 W dex2oat : Compilation of int com.google.android.gms.auth.api.signin.internal.IdpTokenType.hashCode() took 323.867ms
12-17 10:45:24.731   452  2406 I chatty  : uid=1006(camera) mm-qcamera-daem expire 16 lines
12-17 10:46:19.453 25065  2505 E libjingle: [396:099] webrtc: (process_thread_impl.cc:31): TimeUntilNextProcess returned an invalid value -65
