12-17 10:49:43.531   452  3421 E mm-camera-CORE: af_get_params: Focus is not initialized yet
12-17 10:49:43.576   452  3421 E mm-camera-CORE: af_get_params: Focus is not initialized yet
12-17 10:49:43.601   452  3421 E mm-camera-CORE: af_get_params: Focus is not initialized yet
12-17 10:49:43.637  1937 29340 D NetlinkSocketObserver: NeighborEvent{elapsedMs=3987589, 10.0.1.1, [98FC11625602], RTM_NEWNEIGH, NUD_STALE}
12-17 10:49:43.652   452  3421 E mm-camera-CORE: af_get_params: Focus is not initialized yet
12-17 10:49:43.709   452  3421 E mm-camera-CORE: af_get_params: Focus is not initialized yet
12-17 10:49:43.782   452  3421 E mm-camera-CORE: af_get_params: Focus is not initialized yet
12-17 10:49:43.847   452  3421 E mm-camera-CORE: af_get_params: Focus is not initialized yet
12-17 10:49:43.923   452  3421 E mm-camera-CORE: af_get_params: Focus is not initialized yet
12-17 10:49:43.989   452  3421 E mm-camera-CORE: af_get_params: Focus is not initialized yet
12-17 10:49:44.047   452  3421 E mm-camera-CORE: af_get_params: Focus is not initialized yet
12-17 10:49:44.053   390  3429 D mm-camera-intf: mm_stream_read_msm_frame: Stoping poll on stream 0xb78bc8c0 type: 1
12-17 10:49:44.053   390  3429 D mm-camera-intf: mm_stream_read_msm_frame: Stopped poll on stream 0xb78bc8c0 type: 1
12-17 10:49:44.055   390  3432 D mm-camera-intf: mm_stream_qbuf: Starting poll on stream 0xb78bc8c0 type: 1
12-17 10:49:44.055   390  3432 D mm-camera-intf: mm_stream_qbuf: Started poll on stream 0xb78bc8c0 type: 1
12-17 10:49:44.103   452  3421 E mm-camera-CORE: af_get_params: Focus is not initialized yet
12-17 10:49:44.117   452  3366 I MotISP_VNR: tuneFilterLevels:LiveLux filter disabled
12-17 10:49:44.133   452  3421 E mm-camera-CORE: af_get_params: Focus is not initialized yet
12-17 10:49:44.188   452  3421 E mm-camera-CORE: af_get_params: Focus is not initialized yet
12-17 10:49:44.214   452  3421 E mm-camera-CORE: af_get_params: Focus is not initialized yet
12-17 10:49:44.250   452  3421 E mm-camera-CORE: af_get_params: Focus is not initialized yet
12-17 10:49:44.298   452  3421 E mm-camera-CORE: af_get_params: Focus is not initialized yet
12-17 10:49:44.332   452  3421 E mm-camera-CORE: af_get_params: Focus is not initialized yet
12-17 10:49:44.359   390  3429 D mm-camera-intf: mm_stream_read_msm_frame: Stoping poll on stream 0xb78bc8c0 type: 1
12-17 10:49:44.359   390  3429 D mm-camera-intf: mm_stream_read_msm_frame: Stopped poll on stream 0xb78bc8c0 type: 1
12-17 10:49:44.360   452  3421 E mm-camera-CORE: af_get_params: Focus is not initialized yet
12-17 10:49:44.384   452  3371 E mm-camera: cpp_hardware_process_frame:921, v4l2 ioctl() failed. rc:-1, trans_code:-11, stream_id=4
12-17 10:49:44.384   452  3371 E mm-camera: retry=0
12-17 10:49:44.385   452  3371 E mm-camera: v4l2 ioctl() failed. retry=0
12-17 10:49:44.385   452  3371 E mm-camera: retry=1
12-17 10:49:44.386   452  3371 E mm-camera: v4l2 ioctl() failed. retry=1
12-17 10:49:44.386   452  3371 E mm-camera: retry=2
12-17 10:49:44.388   452  3371 E mm-camera: v4l2 ioctl() failed. retry=2
12-17 10:49:44.388   452  3371 E mm-camera: retry=3
12-17 10:49:44.389   452  3371 E mm-camera: v4l2 ioctl() failed. retry=3
12-17 10:49:44.389   452  3371 E mm-camera: retry=4
12-17 10:49:44.390   452  3371 E mm-camera: v4l2 ioctl() failed. retry=4
12-17 10:49:44.390   452  3371 E mm-camera: cpp_hardware_process_frame:937] drop this frame
12-17 10:49:44.390   452  3371 E mm-camera: cpp_thread_handle_process_buf_event:229, dropped frame id=3018 identity=0x20004
12-17 10:49:44.391   452  3421 E mm-camera-CORE: af_get_params: Focus is not initialized yet
12-17 10:49:44.405   390  3432 D mm-camera-intf: mm_stream_qbuf: Starting poll on stream 0xb78bc8c0 type: 1
12-17 10:49:44.405   390  3432 D mm-camera-intf: mm_stream_qbuf: Started poll on stream 0xb78bc8c0 type: 1
12-17 10:49:44.425   452  3421 E mm-camera-CORE: af_get_params: Focus is not initialized yet
12-17 10:49:44.457   452  3421 E mm-camera-CORE: af_get_params: Focus is not initialized yet
12-17 10:49:44.469  1937  2455 D WifiWatchdogStateMachine: Fetch RSSI succeed, rssi=-61 mrssi=-61 txbad=317 txgood=43601
12-17 10:49:44.470  1937  2455 D WifiWatchdogStateMachine: Incremental loss=0/74 Current loss=0.03% volume=80.93
12-17 10:49:44.470  1937  2455 D WifiWatchdogStateMachine: Cache updated: loss[-61]=0.28% volume=63.61
12-17 10:49:44.493   390   991 D AudioFlinger: mixer(0xb435b008) throttle end: throttle time(11)
12-17 10:49:44.494   452  3421 E mm-camera-CORE: af_get_params: Focus is not initialized yet
12-17 10:49:44.495   407   631 I ThermalEngine: Sensor:xo_therm_pu2:56000 mC
12-17 10:49:44.540   452  3421 E mm-camera-CORE: af_get_params: Focus is not initialized yet
12-17 10:49:44.580   452  3421 E mm-camera-CORE: af_get_params: Focus is not initialized yet
12-17 10:49:44.624   452  3421 E mm-camera-CORE: af_get_params: Focus is not initialized yet
12-17 10:49:44.659   452  3421 E mm-camera-CORE: af_get_params: Focus is not initialized yet
12-17 10:49:44.703   452  3421 E mm-camera-CORE: af_get_params: Focus is not initialized yet
12-17 10:49:44.708  3615  3615 D BatteryTracerCPU: Backlight intensity:  99
12-17 10:49:44.745   452  3421 E mm-camera-CORE: af_get_params: Focus is not initialized yet
12-17 10:49:44.784   452  3421 E mm-camera-CORE: af_get_params: Focus is not initialized yet
12-17 10:49:44.823   452  3421 E mm-camera-CORE: af_get_params: Focus is not initialized yet
12-17 10:49:44.870   452  3421 E mm-camera-CORE: af_get_params: Focus is not initialized yet
12-17 10:49:44.913   452  3421 E mm-camera-CORE: af_get_params: Focus is not initialized yet
12-17 10:49:44.940   452  3421 E mm-camera-CORE: af_get_params: Focus is not initialized yet
12-17 10:49:44.976   452  3421 E mm-camera-CORE: af_get_params: Focus is not initialized yet
12-17 10:49:45.021   452  3421 E mm-camera-CORE: af_get_params: Focus is not initialized yet
12-17 10:49:45.061   452  3421 E mm-camera-CORE: af_get_params: Focus is not initialized yet
12-17 10:49:45.066  1937  1953 W art     : Long monitor contention event with owner method=void com.android.server.am.ActivityManagerService.removeContentProvider(android.os.IBinder, boolean) from ActivityManagerService.java:9963 waiters=1 for 109ms
12-17 10:49:45.088   452  3421 E mm-camera-CORE: af_get_params: Focus is not initialized yet
12-17 10:49:45.124   452  3421 E mm-camera-CORE: af_get_params: Focus is not initialized yet
12-17 10:49:45.157   452  3421 E mm-camera-CORE: af_get_params: Focus is not initialized yet
12-17 10:49:45.191   452  3421 E mm-camera-CORE: af_get_params: Focus is not initialized yet
12-17 10:49:45.228   452  3421 E mm-camera-CORE: af_get_params: Focus is not initialized yet
12-17 10:49:45.254   452  3421 E mm-camera-CORE: af_get_params: Focus is not initialized yet
12-17 10:49:45.291   452  3421 E mm-camera-CORE: af_get_params: Focus is not initialized yet
12-17 10:49:45.326   452  3421 E mm-camera-CORE: af_get_params: Focus is not initialized yet
12-17 10:49:45.365   452  3421 E mm-camera-CORE: af_get_params: Focus is not initialized yet
12-17 10:49:45.388 25065  2505 E libjingle: [602:035] webrtc: (process_thread_impl.cc:31): TimeUntilNextProcess returned an invalid value -2
12-17 10:49:45.402   452  3421 E mm-camera-CORE: af_get_params: Focus is not initialized yet
12-17 10:49:45.444   452  3421 E mm-camera-CORE: af_get_params: Focus is not initialized yet
12-17 10:49:45.472  1937  2455 D WifiWatchdogStateMachine: Fetch RSSI succeed, rssi=-63 mrssi=-62 txbad=317 txgood=43665
12-17 10:49:45.474  1937  2455 D WifiWatchdogStateMachine: Incremental loss=0/64 Current loss=0.02% volume=72.47
12-17 10:49:45.474  1937  2455 D WifiWatchdogStateMachine: Cache updated: loss[-62]=0.6% volume=65.23
12-17 10:49:45.480   390  3429 D mm-camera-intf: mm_stream_read_msm_frame: Stoping poll on stream 0xb78bc8c0 type: 1
12-17 10:49:45.480   390  3429 D mm-camera-intf: mm_stream_read_msm_frame: Stopped poll on stream 0xb78bc8c0 type: 1
12-17 10:49:45.485   452  3421 E mm-camera-CORE: af_get_params: Focus is not initialized yet
12-17 10:49:45.519   452  3371 E mm-camera: cpp_hardware_process_frame:921, v4l2 ioctl() failed. rc:-1, trans_code:-11, stream_id=4
12-17 10:49:45.519   452  3371 E mm-camera: retry=0
12-17 10:49:45.520   452  3371 E mm-camera: v4l2 ioctl() failed. retry=0
12-17 10:49:45.520   452  3371 E mm-camera: retry=1
12-17 10:49:45.521   452  3371 E mm-camera: v4l2 ioctl() failed. retry=1
12-17 10:49:45.521   452  3371 E mm-camera: retry=2
12-17 10:49:45.523   452  3371 E mm-camera: v4l2 ioctl() failed. retry=2
12-17 10:49:45.523   452  3371 E mm-camera: retry=3
12-17 10:49:45.524   452  3371 E mm-camera: v4l2 ioctl() failed. retry=3
12-17 10:49:45.524   452  3371 E mm-camera: retry=4
12-17 10:49:45.525   452  3371 E mm-camera: v4l2 ioctl() failed. retry=4
12-17 10:49:45.525   452  3371 E mm-camera: cpp_hardware_process_frame:937] drop this frame
12-17 10:49:45.525   452  3371 E mm-camera: cpp_thread_handle_process_buf_event:229, dropped frame id=3048 identity=0x20004
12-17 10:49:45.527   452  3421 E mm-camera-CORE: af_get_params: Focus is not initialized yet
12-17 10:49:45.562   452  3371 E mm-camera: cpp_hardware_process_frame:921, v4l2 ioctl() failed. rc:-1, trans_code:-11, stream_id=4
12-17 10:49:45.562   452  3371 E mm-camera: retry=0
12-17 10:49:45.565   452  3371 E mm-camera: v4l2 ioctl() failed. retry=0
12-17 10:49:45.565   452  3371 E mm-camera: retry=1
12-17 10:49:45.566   452  3371 E mm-camera: v4l2 ioctl() failed. retry=1
12-17 10:49:45.566   452  3371 E mm-camera: retry=2
12-17 10:49:45.567   452  3371 E mm-camera: v4l2 ioctl() failed. retry=2
12-17 10:49:45.567   452  3371 E mm-camera: retry=3
12-17 10:49:45.569   452  3371 E mm-camera: v4l2 ioctl() failed. retry=3
12-17 10:49:45.569   452  3371 E mm-camera: retry=4
12-17 10:49:45.569   452  3421 E mm-camera-CORE: af_get_params: Focus is not initialized yet
12-17 10:49:45.572   452  3371 E mm-camera: v4l2 ioctl() failed. retry=4
12-17 10:49:45.572   452  3371 E mm-camera: cpp_hardware_process_frame:937] drop this frame
12-17 10:49:45.572   452  3371 E mm-camera: cpp_thread_handle_process_buf_event:229, dropped frame id=3049 identity=0x20004
12-17 10:49:45.604   452  3371 E mm-camera: cpp_hardware_process_frame:921, v4l2 ioctl() failed. rc:-1, trans_code:-11, stream_id=4
12-17 10:49:45.604   452  3371 E mm-camera: retry=0
12-17 10:49:45.606   452  3371 E mm-camera: v4l2 ioctl() failed. retry=0
12-17 10:49:45.606   452  3371 E mm-camera: retry=1
12-17 10:49:45.607   452  3371 E mm-camera: v4l2 ioctl() failed. retry=1
12-17 10:49:45.607   452  3371 E mm-camera: retry=2
12-17 10:49:45.608   452  3371 E mm-camera: v4l2 ioctl() failed. retry=2
12-17 10:49:45.608   452  3371 E mm-camera: retry=3
12-17 10:49:45.609   452  3371 E mm-camera: v4l2 ioctl() failed. retry=3
12-17 10:49:45.609   452  3371 E mm-camera: retry=4
12-17 10:49:45.610   452  3371 E mm-camera: v4l2 ioctl() failed. retry=4
12-17 10:49:45.611   452  3371 E mm-camera: cpp_hardware_process_frame:937] drop this frame
12-17 10:49:45.611   452  3371 E mm-camera: cpp_thread_handle_process_buf_event:229, dropped frame id=3050 identity=0x20004
12-17 10:49:45.611   452  3421 E mm-camera-CORE: af_get_params: Focus is not initialized yet
12-17 10:49:45.640   452  3371 E mm-camera: cpp_hardware_process_frame:921, v4l2 ioctl() failed. rc:-1, trans_code:-11, stream_id=4
12-17 10:49:45.641   452  3371 E mm-camera: retry=0
12-17 10:49:45.642   452  3371 E mm-camera: v4l2 ioctl() failed. retry=0
12-17 10:49:45.642   452  3371 E mm-camera: retry=1
12-17 10:49:45.644   452  3371 E mm-camera: v4l2 ioctl() failed. retry=1
12-17 10:49:45.644   452  3371 E mm-camera: retry=2
12-17 10:49:45.647   452  3371 E mm-camera: v4l2 ioctl() failed. retry=2
12-17 10:49:45.647   452  3371 E mm-camera: retry=3
12-17 10:49:45.648   452  3371 E mm-camera: v4l2 ioctl() failed. retry=3
12-17 10:49:45.648   452  3371 E mm-camera: retry=4
12-17 10:49:45.649   452  3371 E mm-camera: v4l2 ioctl() failed. retry=4
12-17 10:49:45.650   452  3371 E mm-camera: cpp_hardware_process_frame:937] drop this frame
12-17 10:49:45.650   452  3371 E mm-camera: cpp_thread_handle_process_buf_event:229, dropped frame id=3051 identity=0x20004
12-17 10:49:45.657   452  3421 E mm-camera-CORE: af_get_params: Focus is not initialized yet
12-17 10:49:45.690   452  3371 E mm-camera: cpp_hardware_process_frame:921, v4l2 ioctl() failed. rc:-1, trans_code:-11, stream_id=4
12-17 10:49:45.690   452  3371 E mm-camera: retry=0
12-17 10:49:45.692   452  3371 E mm-camera: v4l2 ioctl() failed. retry=0
12-17 10:49:45.692   452  3371 E mm-camera: retry=1
12-17 10:49:45.694   452  3371 E mm-camera: v4l2 ioctl() failed. retry=1
12-17 10:49:45.694   452  3371 E mm-camera: retry=2
12-17 10:49:45.695   452  3371 E mm-camera: v4l2 ioctl() failed. retry=2
12-17 10:49:45.695   452  3371 E mm-camera: retry=3
12-17 10:49:45.696   452  3371 E mm-camera: v4l2 ioctl() failed. retry=3
12-17 10:49:45.696   452  3371 E mm-camera: retry=4
12-17 10:49:45.698   452  3371 E mm-camera: v4l2 ioctl() failed. retry=4
12-17 10:49:45.698   452  3371 E mm-camera: cpp_hardware_process_frame:937] drop this frame
12-17 10:49:45.698   452  3371 E mm-camera: cpp_thread_handle_process_buf_event:229, dropped frame id=3052 identity=0x20004
12-17 10:49:45.699   452  3421 E mm-camera-CORE: af_get_params: Focus is not initialized yet
12-17 10:49:45.729   452  3371 E mm-camera: cpp_hardware_process_frame:921, v4l2 ioctl() failed. rc:-1, trans_code:-11, stream_id=4
12-17 10:49:45.730   452  3371 E mm-camera: retry=0
12-17 10:49:45.731   452  3371 E mm-camera: v4l2 ioctl() failed. retry=0
12-17 10:49:45.731   452  3371 E mm-camera: retry=1
12-17 10:49:45.732   452  3371 E mm-camera: v4l2 ioctl() failed. retry=1
12-17 10:49:45.732   452  3371 E mm-camera: retry=2
12-17 10:49:45.734   452  3371 E mm-camera: v4l2 ioctl() failed. retry=2
12-17 10:49:45.734   452  3371 E mm-camera: retry=3
12-17 10:49:45.736   452  3371 E mm-camera: v4l2 ioctl() failed. retry=3
12-17 10:49:45.736   452  3371 E mm-camera: retry=4
12-17 10:49:45.738   452  3371 E mm-camera: v4l2 ioctl() failed. retry=4
12-17 10:49:45.738   452  3371 E mm-camera: cpp_hardware_process_frame:937] drop this frame
12-17 10:49:45.738   452  3371 E mm-camera: cpp_thread_handle_process_buf_event:229, dropped frame id=3053 identity=0x20004
12-17 10:49:45.747   452  3421 E mm-camera-CORE: af_get_params: Focus is not initialized yet
12-17 10:49:45.768   452  3371 E mm-camera: cpp_hardware_process_frame:921, v4l2 ioctl() failed. rc:-1, trans_code:-11, stream_id=4
12-17 10:49:45.768   452  3371 E mm-camera: retry=0
12-17 10:49:45.769   452  3371 E mm-camera: v4l2 ioctl() failed. retry=0
12-17 10:49:45.769   452  3371 E mm-camera: retry=1
12-17 10:49:45.770   452  3371 E mm-camera: v4l2 ioctl() failed. retry=1
12-17 10:49:45.770   452  3371 E mm-camera: retry=2
12-17 10:49:45.773   452  3371 E mm-camera: v4l2 ioctl() failed. retry=2
12-17 10:49:45.773   452  3371 E mm-camera: retry=3
12-17 10:49:45.780   452  3371 E mm-camera: v4l2 ioctl() failed. retry=3
12-17 10:49:45.780   452  3371 E mm-camera: retry=4
12-17 10:49:45.788   452  3371 E mm-camera: v4l2 ioctl() failed. retry=4
12-17 10:49:45.788   452  3371 E mm-camera: cpp_hardware_process_frame:937] drop this frame
12-17 10:49:45.788   452  3371 E mm-camera: cpp_thread_handle_process_buf_event:229, dropped frame id=3054 identity=0x20004
12-17 10:49:45.794   452  3421 E mm-camera-CORE: af_get_params: Focus is not initialized yet
12-17 10:49:45.798   390  3432 D mm-camera-intf: mm_stream_qbuf: Starting poll on stream 0xb78bc8c0 type: 1
12-17 10:49:45.798   390  3432 D mm-camera-intf: mm_stream_qbuf: Started poll on stream 0xb78bc8c0 type: 1
12-17 10:49:45.823   452  3421 E mm-camera-CORE: af_get_params: Focus is not initialized yet
12-17 10:49:45.884   452  3421 E mm-camera-CORE: af_get_params: Focus is not initialized yet
12-17 10:49:45.900   452  3421 E mm-camera-CORE: af_get_params: Focus is not initialized yet
12-17 10:49:45.935   452  3421 E mm-camera-CORE: af_get_params: Focus is not initialized yet
12-17 10:49:45.964   452  3421 E mm-camera-CORE: af_get_params: Focus is not initialized yet
12-17 10:49:46.002   452  3421 E mm-camera-CORE: af_get_params: Focus is not initialized yet
12-17 10:49:46.031   452  3421 E mm-camera-CORE: af_get_params: Focus is not initialized yet
12-17 10:49:46.065   452  3421 E mm-camera-CORE: af_get_params: Focus is not initialized yet
12-17 10:49:46.100   452  3421 E mm-camera-CORE: af_get_params: Focus is not initialized yet
12-17 10:49:46.134   452  3421 E mm-camera-CORE: af_get_params: Focus is not initialized yet
12-17 10:49:46.168   452  3421 E mm-camera-CORE: af_get_params: Focus is not initialized yet
12-17 10:49:46.200   452  3421 E mm-camera-CORE: af_get_params: Focus is not initialized yet
12-17 10:49:46.251   452  3421 E mm-camera-CORE: af_get_params: Focus is not initialized yet
12-17 10:49:46.273   452  3421 E mm-camera-CORE: af_get_params: Focus is not initialized yet
12-17 10:49:46.316   452  3421 E mm-camera-CORE: af_get_params: Focus is not initialized yet
12-17 10:49:46.339   452  3421 E mm-camera-CORE: af_get_params: Focus is not initialized yet
12-17 10:49:46.394   452  3421 E mm-camera-CORE: af_get_params: Focus is not initialized yet
12-17 10:49:46.439  2451  2451 V WLAN_PSA: NL MSG, len[4060], NL type[0x1C] WNI type[0x5900] len[50191]
12-17 10:49:46.456  1937  2455 D WifiWatchdogStateMachine: RSSI current: 3 new: -68, 2
12-17 10:49:46.458  2578  2578 D ModemStats: [ModemStatsUtils] updateWifiRssi, rssi:-68
12-17 10:49:46.458   452  3421 E mm-camera-CORE: af_get_params: Focus is not initialized yet
12-17 10:49:46.484  1937  2455 D WifiWatchdogStateMachine: Fetch RSSI succeed, rssi=-68 mrssi=-65 txbad=317 txgood=43728
12-17 10:49:46.485  1937  2455 D WifiWatchdogStateMachine: Incremental loss=0/63 Current loss=0.01% volume=67.73
12-17 10:49:46.485  1937  2455 D WifiWatchdogStateMachine: Cache updated: loss[-65]=0.73% volume=72.91
12-17 10:49:46.492   452  3421 E mm-camera-CORE: af_get_params: Focus is not initialized yet
12-17 10:49:46.518   452  3421 E mm-camera-CORE: af_get_params: Focus is not initialized yet
12-17 10:49:46.553   452  3421 E mm-camera-CORE: af_get_params: Focus is not initialized yet
12-17 10:49:46.575   452  3421 E mm-camera-CORE: af_get_params: Focus is not initialized yet
12-17 10:49:46.610   452  3421 E mm-camera-CORE: af_get_params: Focus is not initialized yet
12-17 10:50:34.824 25065  2746 W libjingle: [651:471] webrtc: (generic_decoder.cc:62): Too many frames backed up in the decoder, dropping this one.
12-17 10:50:34.833 25065  2746 W libjingle: [651:480] webrtc: (generic_decoder.cc:62): Too many frames backed up in the decoder, dropping this one.
12-17 10:50:34.848 25065  2746 W libjingle: [651:495] webrtc: (generic_decoder.cc:62): Too many frames backed up in the decoder, dropping this one.
12-17 10:50:34.849  2451  2451 V WLAN_PSA: NL MSG, len[4031], NL type[0x1C] WNI type[0x5900] len[42767]
12-17 10:50:34.853 25065  2746 W libjingle: [651:500] webrtc: (generic_decoder.cc:62): Too many frames backed up in the decoder, dropping this one.
12-17 10:50:34.862 25065  2746 W libjingle: [651:508] webrtc: (generic_decoder.cc:62): Too many frames backed up in the decoder, dropping this one.
12-17 10:50:34.869 25065  2746 W libjingle: [651:516] webrtc: (generic_decoder.cc:62): Too many frames backed up in the decoder, dropping this one.
12-17 10:50:34.880 25065  2746 W libjingle: [651:527] webrtc: (generic_decoder.cc:62): Too many frames backed up in the decoder, dropping this one.
12-17 10:50:34.882   452  3374 E mm-camera: mct_pipeline_process_set: stream_type = 7
12-17 10:50:34.885   390  3348 I QCameraHWI_Mem: deallocate: E 
12-17 10:50:34.885 25065 25076 E BufferQueueProducer: [SurfaceTexture-1-25065-15] cancelBuffer: BufferQueue has been abandoned
12-17 10:50:34.886   390  3348 D QCameraHWI_Mem: cancel_buffer: hdl =0xb7846b88
12-17 10:50:34.886   390  3348 D QCameraHWI_Mem: put buffer 0 successfully
12-17 10:50:34.886   390  3348 D QCameraHWI_Mem: put buffer 1 successfully
12-17 10:50:34.886 25065 25617 E BufferQueueProducer: [SurfaceTexture-1-25065-15] cancelBuffer: BufferQueue has been abandoned
12-17 10:50:34.886   390  3348 D QCameraHWI_Mem: cancel_buffer: hdl =0xb791da10
12-17 10:50:34.886   390  3348 D QCameraHWI_Mem: put buffer 2 successfully
12-17 10:50:34.886 25065  1516 E BufferQueueProducer: [SurfaceTexture-1-25065-15] cancelBuffer: BufferQueue has been abandoned
12-17 10:50:34.886   390  3348 D QCameraHWI_Mem: cancel_buffer: hdl =0xb798d210
12-17 10:50:34.886   390  3348 D QCameraHWI_Mem: put buffer 3 successfully
12-17 10:50:34.887 25065 25077 E BufferQueueProducer: [SurfaceTexture-1-25065-15] cancelBuffer: BufferQueue has been abandoned
12-17 10:50:34.887   390  3348 D QCameraHWI_Mem: cancel_buffer: hdl =0xb788aa00
12-17 10:50:34.887   390  3348 D QCameraHWI_Mem: put buffer 4 successfully
12-17 10:50:34.887   390  3348 D QCameraHWI_Mem: put buffer 5 successfully
12-17 10:50:34.887 25065 31667 E BufferQueueProducer: [SurfaceTexture-1-25065-15] cancelBuffer: BufferQueue has been abandoned
12-17 10:50:34.887   390  3348 D QCameraHWI_Mem: cancel_buffer: hdl =0xb7919c70
12-17 10:50:34.887   390  3348 D QCameraHWI_Mem: put buffer 6 successfully
12-17 10:50:34.888 25065 31266 E BufferQueueProducer: [SurfaceTexture-1-25065-15] cancelBuffer: BufferQueue has been abandoned
12-17 10:50:34.888   390  3348 D QCameraHWI_Mem: cancel_buffer: hdl =0xb7919ea0
12-17 10:50:34.888   390  3348 D QCameraHWI_Mem: put buffer 7 successfully
12-17 10:50:34.888 25065 25076 E BufferQueueProducer: [SurfaceTexture-1-25065-15] cancelBuffer: BufferQueue has been abandoned
12-17 10:50:34.888   390  3348 D QCameraHWI_Mem: cancel_buffer: hdl =0xb7919a88
12-17 10:50:34.888   390  3348 D QCameraHWI_Mem: put buffer 8 successfully
12-17 10:50:34.888   390  3348 D QCameraHWI_Mem: put buffer 9 successfully
12-17 10:50:34.888   390  3348 I QCameraHWI_Mem:  deallocate : X 
12-17 10:50:34.889 25065  2746 W libjingle: [651:536] webrtc: (generic_decoder.cc:62): Too many frames backed up in the decoder, dropping this one.
12-17 10:50:34.891   452  3374 D mm-camera: mct_pipeline_remove_stream_from_linked_streams: stream type: 7
12-17 10:50:34.891   452  3374 D mm-camera: mct_pipeline_remove_stream_from_linked_streams: linked streams: 0x1a
12-17 10:50:34.904   452  3374 E mm-camera: mct_stream_streamoff: Enter
12-17 10:50:34.904   452  3374 E mm-camera: mct_stream_streamoff: Enter
12-17 10:50:34.904   452  3374 E mm-camera: mct_stream_streamoff: Enter
12-17 10:50:34.904   452  3374 E mm-camera-sensor: port_sensor_unlink_func:220 ide 20004
12-17 10:50:34.904   452  3374 E mm-camera-sensor: port_sensor_caps_unreserve:183 ide 20004
12-17 10:50:34.904   452  3374 E mm-camera: c2d_port_check_caps_unreserve:170, identity=0x20004
12-17 10:50:34.904   452  3374 E mm-camera: c2d_port_check_caps_unreserve:179, identity=0x20004, unreserved
12-17 10:50:34.904   452  3374 E mm-camera: c2d_port_check_caps_unreserve:170, identity=0x20004
12-17 10:50:34.904   452  3374 E mm-camera: c2d_port_check_caps_unreserve:179, identity=0x20004, unreserved
12-17 10:50:34.904   452  3374 E mm-camera-img: faceproc_comp_abort:608] state 1
12-17 10:50:34.904   452  3374 E mm-camera-img: faceproc_save_album:795] Error No album 
12-17 10:50:34.904   452  3374 E mm-camera-img: faceproc_comp_eng_destroy: Album save failed -1
12-17 10:50:34.906   452  3374 D SensorListener: void android::SensorListener::disableSensor(android::SensorListener::sensor_type_t): SensorEventQueue disableSensor(TYPE_DISPLAY_ROTATE)
12-17 10:50:34.906  1937  1948 D         : activate, handle: 1598182242, enabled: 0, index 2
12-17 10:50:34.906  1937  1948 D         : BstSensorExt: id=1598182242, en=0
12-17 10:50:34.907  1937  1948 D         : enable ID_SORI, path /sys/class/srot_sensor/g_sensor/en_disp_rotation, fd 252
12-17 10:50:34.911 25065  2746 W libjingle: [651:558] webrtc: (generic_decoder.cc:62): Too many frames backed up in the decoder, dropping this one.
12-17 10:50:34.912   452  3374 D mm-camera: mct_pipeline_remove_stream_from_linked_streams: stream type: 1
12-17 10:50:34.912   452  3374 D mm-camera: mct_pipeline_remove_stream_from_linked_streams: linked streams: 0x18
12-17 10:50:34.912 25065  2746 W libjingle: [651:559] webrtc: (generic_decoder.cc:62): Too many frames backed up in the decoder, dropping this one.
12-17 10:50:34.913   452  3374 E mm-camera: mct_stream_streamoff: Enter
12-17 10:50:34.913   452  3374 E mm-camera: mct_stream_streamoff: Enter
12-17 10:50:34.913   452  3374 E mm-camera-sensor: port_sensor_unlink_func:220 ide 20002
12-17 10:50:34.913   452  3374 E mm-camera-sensor: port_sensor_caps_unreserve:183 ide 20002
12-17 10:50:34.914  1937  1955 D         : activate, handle: 1598182242, enabled: 1, index 2
12-17 10:50:34.914  1937  1955 D         : BstSensorExt: id=1598182242, en=1
12-17 10:50:34.914  1937  1955 D         : enable ID_SORI, path /sys/class/srot_sensor/g_sensor/en_disp_rotation, fd 258
12-17 10:50:34.914  1937  2421 D         : readEvents,event.type is 4,event value is 3,event code is 3
12-17 10:50:34.914  1937  2421 D         : readEvents,event.type is 0,event value is 0,event code is 0
12-17 10:50:34.915   452  3374 D MotISP_VNR: LiveLux destroyed
12-17 10:50:34.915   452  3374 E mm-camera: c2d_port_check_caps_unreserve:170, identity=0x20002
12-17 10:50:34.915   452  3374 E mm-camera: c2d_port_check_caps_unreserve:179, identity=0x20002, unreserved
12-17 10:50:34.918   452  3374 D mm-camera: mct_pipeline_remove_stream_from_linked_streams: stream type: 4
12-17 10:50:34.918   452  3374 D mm-camera: mct_pipeline_remove_stream_from_linked_streams: linked streams: 0x8
12-17 10:50:34.922   452  3374 E mm-camera: mct_stream_streamoff: Enter
12-17 10:50:34.922   452  3374 E mm-camera-sensor: port_sensor_unlink_func:220 ide 20001
12-17 10:50:34.922   452  3374 E mm-camera-sensor: port_sensor_caps_unreserve:183 ide 20001
12-17 10:50:34.922   452  3374 E mm-camera-img: wd_comp_abort:1382] p_base->mode = 0
12-17 10:50:34.922   452  3374 E mm-camera: q3a_thread_aecawb_stop:346 MSG_STOP_THREAD
12-17 10:50:34.923   452  3427 E mm-camera: is_thread_handler: Exiting IS thread handler
12-17 10:50:34.923   452  3374 D mm-camera: mct_pipeline_remove_stream_from_linked_streams: stream type: 3
12-17 10:50:34.923   452  3374 D mm-camera: mct_pipeline_remove_stream_from_linked_streams: linked streams: 0x0
12-17 10:50:34.923 25065  2746 W libjingle: [651:570] webrtc: (generic_decoder.cc:62): Too many frames backed up in the decoder, dropping this one.
12-17 10:50:34.923   390  3348 D QCamera2HWI: int qcamera::QCamera2HardwareInterface::stopPreview(): CameraKpiTag: PREVIEW_STOP_TIME : 224
12-17 10:50:34.923   390  3348 D QCamera2HWI: int qcamera::QCamera2HardwareInterface::stopPreview(): X
12-17 10:50:34.924   390  3078 D QCamera2HWI: [KPI Perf] static void qcamera::QCamera2HardwareInterface::stop_preview(camera_device*): X
12-17 10:50:34.925  1937  1955 D         : setDelay, handle: 1598182242 delay: 66667000
12-17 10:50:34.929   390  3078 I QCameraHalWatchdog: Stopped Watchdog Thread...
12-17 10:50:34.929   390  3078 I QCameraHalWatchdog: Starting Watchdog Thread...
12-17 10:50:34.935 25065  2746 W libjingle: [651:582] webrtc: (generic_decoder.cc:62): Too many frames backed up in the decoder, dropping this one.
12-17 10:50:34.944 25065  2746 W libjingle: [651:591] webrtc: (generic_decoder.cc:62): Too many frames backed up in the decoder, dropping this one.
12-17 10:50:34.949   390  3348 D QCameraStateMachine: int32_t qcamera::QCameraStateMachine::procEvtPreviewStoppedState(qcamera::qcamera_sm_evt_enum_t, void*): No ops for evt(20) in state(0)
12-17 10:50:34.949   390  3078 I QCameraHalWatchdog: Stopped Watchdog Thread...
12-17 10:50:34.949   390  3078 I QCameraHalWatchdog: Starting Watchdog Thread...
12-17 10:50:34.950   390  3078 I QCameraHalWatchdog: Stopped Watchdog Thread...
12-17 10:50:34.958 25065  2746 W libjingle: [651:605] webrtc: (generic_decoder.cc:62): Too many frames backed up in the decoder, dropping this one.
12-17 10:50:34.966 25065  2746 W libjingle: [651:612] webrtc: (generic_decoder.cc:62): Too many frames backed up in the decoder, dropping this one.
12-17 10:50:34.982 25065  2746 W libjingle: [651:629] webrtc: (generic_decoder.cc:62): Too many frames backed up in the decoder, dropping this one.
12-17 10:50:34.991 25065  2746 W libjingle: [651:638] webrtc: (generic_decoder.cc:62): Too many frames backed up in the decoder, dropping this one.
12-17 10:50:34.993 25065  2746 W libjingle: [651:640] webrtc: (generic_decoder.cc:62): Too many frames backed up in the decoder, dropping this one.
12-17 10:50:35.007 25065  2746 W libjingle: [651:653] webrtc: (generic_decoder.cc:62): Too many frames backed up in the decoder, dropping this one.
12-17 10:50:35.007   390  3078 I QCameraHalWatchdog: Starting Watchdog Thread...
12-17 10:50:35.008   390  3078 I QCameraHalWatchdog: Stopped Watchdog Thread...
12-17 10:50:35.008   390  3078 I CameraFlashlight: Destroying camera 1
12-17 10:50:35.008   390  3078 I QCameraHalWatchdog: Starting Watchdog Thread...
12-17 10:50:35.008   390  3078 D QCamera2HWI: [KPI Perf] static int qcamera::QCamera2HardwareInterface::close_camera_device(hw_device_t*): E
12-17 10:50:35.009   390  3349 D QCamera2HWI: static void* qcamera::QCamera2HardwareInterface::defferedWorkRoutine(void*): stop data proc
12-17 10:50:35.023 25065  2746 W libjingle: [651:669] webrtc: (generic_decoder.cc:62): Too many frames backed up in the decoder, dropping this one.
12-17 10:50:35.038 25065  2746 W libjingle: [651:685] webrtc: (generic_decoder.cc:62): Too many frames backed up in the decoder, dropping this one.
12-17 10:50:35.044 25065  2746 W libjingle: [651:691] webrtc: (generic_decoder.cc:62): Too many frames backed up in the decoder, dropping this one.
12-17 10:50:35.054   390  3078 E qomx_image_core: OMX_Deinit:119] Complete
12-17 10:50:35.066   390  3078 E QCameraPostProc: int32_t qcamera::QCameraPostProcessor::deinit(): Jpeg closed, rc = 0, mJpegClientHandle = 1400
12-17 10:50:35.134   452  3374 E mm-camera: mct_pipeline_get_stream: no children
12-17 10:50:35.134   452  3374 E mm-camera: mct_pipeline_process_set:2229: Couldn't find stream
12-17 10:50:35.135   452  4214 E mm-camera-sensor: module_sensor_stop_session:740 session 2
12-17 10:50:35.144   452  4217 E mm-camera: stats_module_stop_session: list =0xb85f07a8, remove port =0xb85f00e0 name=stats_sink from module=0xb82455a0, name=stats
12-17 10:50:35.144   452  4217 E mm-camera: stats_module_stop_session: 1 port =0xb85f00e0 name=stats_sink 
12-17 10:50:35.144   452  4217 E mm-camera: stats_module_stop_session: 2 port =0xb85f00e0 name=stats_sink 
12-17 10:50:35.144   452  4217 E mm-camera-CORE: mot_af_deinit: E
12-17 10:50:35.146   452  4217 E mm-camera: is_module_stop_session: Enter
12-17 10:50:35.146   452  4217 E mm-camera: is_module_stop_session: Exit successful
12-17 10:50:35.146   452  4217 E mm-camera: stats_module_stop_session: 3 port =0xb85f00e0 name=stats_sink 
12-17 10:50:35.146   452  4219 E hdr     : Session id 0x2 stopped
12-17 10:50:35.148   452  4218 E mm-camera: c2d_module_stop_session:323, info: stopping session 2 ...
12-17 10:50:35.148   452  3372 E mm-camera: c2d_thread_process_pipe_message:716, C2D_THREAD_MSG_ABORT: c2d_thread exiting..
12-17 10:50:35.148   452  4218 E mm-camera: c2d_module_stop_session:365, info: session 2 stopped.
12-17 10:50:35.152   390  3348 D QCameraStateMachine: static void* qcamera::QCameraStateMachine::smEvtProcRoutine(void*): X
12-17 10:50:35.167   452  3370 E mm-camera-sensor: Got some events
12-17 10:50:35.168   452  3370 E mm-camera-sensor: sensor_thread_func:152 sensor_thread_func:Sensor thread is exiting
12-17 10:50:35.174   390  3078 D QCamera2HWI: [KPI Perf] static int qcamera::QCamera2HardwareInterface::close_camera_device(hw_device_t*): X
12-17 10:50:35.174   390  3078 I QCameraHalWatchdog: Stopped Watchdog Thread...
12-17 10:50:35.176   390  3078 I CameraService: onTorchStatusChangedLocked: Torch status changed for cameraId=0, newStatus=1
12-17 10:50:35.178   390  3078 I CameraService: disconnect: Disconnected client for camera 1 for PID 25065
12-17 10:50:35.181 25065  3339 W art     : Long monitor contention event with owner method=void java.lang.Object.wait!() from Object.java:4294967294 waiters=0 for 30.073s
12-17 10:50:35.196   390  2975 D NuPlayerDriver: reset(0xb786b620)
12-17 10:50:35.196   390  2975 D NuPlayerDriver: notifyListener_l(0xb786b620), (8, 0, 0)
12-17 10:50:35.208   390  3340 D NuPlayerDriver: notifyResetComplete(0xb786b620)
12-17 10:50:35.209   390  2975 D NuPlayerDriver: reset(0xb78f6410)
12-17 10:50:35.209   390  2975 D NuPlayerDriver: notifyListener_l(0xb78f6410), (8, 0, 0)
12-17 10:50:35.211   390  3346 D NuPlayerDriver: notifyResetComplete(0xb78f6410)
12-17 10:50:35.211   390  2975 E CameraService: disconnect: Disconnect called on already disconnected client for device 1
12-17 10:50:35.330  3615  3796 I Top     : newPids:  0  existingPids:  241  totalPids:  241
12-17 10:50:35.333  3615  3796 D BTTopWriter: BatteryTracer Task List (Top) output.  Total CPU: 407836
12-17 10:50:35.333  3615  3796 D BTTopWriter: 45.2%  PID:452 (/system/bin/mm-qcamera-daemon)
12-17 10:50:35.334  3615  3796 D BTTopWriter: 27.3%  PID:25065 (com.google.android.talk)
12-17 10:50:35.334  3615  3796 D BTTopWriter: 5.7%  PID:1937 (system_server)
12-17 10:50:35.334  3615  3796 D BTTopWriter: 5.3%  PID:390 (/system/bin/mediaserver)
12-17 10:50:35.334  3615  3796 D BTTopWriter: 2.3%  PID:363 (/system/bin/surfaceflinger)
12-17 10:50:35.334  3615  3796 D BTTopWriter: 2.2%  PID:2492 (com.android.systemui)
12-17 10:50:35.334  3615  3796 D BTTopWriter: 2.0%  PID:24622 (com.motorola.bug2go)
12-17 10:50:35.334  3615  3796 D BTTopWriter: 1.5%  PID:386 (/system/bin/debuggerd)
12-17 10:50:35.334  3615  3796 D BTTopWriter: 1.2%  PID:3104 (com.android.phone)
12-17 10:50:36.253   600   681 E Diag_Lib: file count reached to max file num 12 so deleting oldest file 
12-17 10:50:36.272   600   681 E Diag_Lib:  Deleting logfile /data/diag_mdlog/logs/diag_log_20151216_200535.qmdl of size 10280 KB
12-17 10:50:36.273   600   681 E Diag_Lib:  creating new file /data/diag_mdlog/logs/diag_log_20151217_105036.qmdl 
12-17 10:50:36.579  2492  2848 D MotoNetwCtrlr: onReceive: intent=Intent { act=android.net.wifi.RSSI_CHANGED flg=0x4000010 (has extras) }
12-17 10:50:36.579  2492  2848 I MotoNetwCtrlr.MotoWifiSignalCtrlr: handleBroadcast: Entered: Intent=Intent { act=android.net.wifi.RSSI_CHANGED flg=0x4000010 (has extras) } Action=android.net.wifi.RSSI_CHANGED
12-17 10:50:36.579  2578  2578 D ModemStats: [ModemStatsUtils] updateWifiRssi, rssi:-66
12-17 10:50:36.581  2578  2578 D ModemStats: [ModemStatsUtils] updateWifiRssi, rssi:-67
12-17 10:50:36.587  2578  2578 D ModemStats: [ModemStatsUtils] Intent.ACTION_BATTERY_CHANGED: level 89, mBattScale:100
12-17 10:50:36.588  1937  1951 D GpsLocationProvider: receive broadcast intent, action: android.intent.action.BATTERY_CHANGED
12-17 10:50:36.591  2578  2578 D ModemStats: [ModemStatsUtils] updateWifiRssi, rssi:-66
12-17 10:50:36.623  2492  2848 D MotoNetwCtrlr: onReceive: intent=Intent { act=android.net.wifi.RSSI_CHANGED flg=0x4000010 (has extras) }
12-17 10:50:36.623  2492  2848 I MotoNetwCtrlr.MotoWifiSignalCtrlr: handleBroadcast: Entered: Intent=Intent { act=android.net.wifi.RSSI_CHANGED flg=0x4000010 (has extras) } Action=android.net.wifi.RSSI_CHANGED
12-17 10:50:36.623  2492  2848 D MotoNetwCtrlr: onReceive: intent=Intent { act=android.net.wifi.RSSI_CHANGED flg=0x4000010 (has extras) }
12-17 10:50:36.624  2492  2848 I MotoNetwCtrlr.MotoWifiSignalCtrlr: handleBroadcast: Entered: Intent=Intent { act=android.net.wifi.RSSI_CHANGED flg=0x4000010 (has extras) } Action=android.net.wifi.RSSI_CHANGED
12-17 10:50:36.636  1937  1948 I AccountManagerService: getTypesVisibleToCaller: isPermitted? true
12-17 10:50:36.662  1937  2426 I InputDispatcher: Dropped event because it is stale.
12-17 10:50:36.662  1937  2426 I InputDispatcher: Dropped event because it is stale.
12-17 10:50:36.662  1937  2426 I InputDispatcher: Dropped event because it is stale.
12-17 10:50:36.662  1937  2426 I KPI-6PA-ID-1: 1868723 motion event ACTION_DOWN done=1 dropReason=5
12-17 10:50:36.662  1937  2426 I InputDispatcher: Dropped event because it is stale.
12-17 10:50:36.662  1937  2426 I InputDispatcher: Dropped event because it is stale.
12-17 10:50:36.662  1937  2426 I InputDispatcher: Dropped event because it is stale.
12-17 10:50:36.662  1937  2426 I InputDispatcher: Dropped event because it is stale.
12-17 10:50:36.663  1937  2426 I InputDispatcher: Dropped event because it is stale.
12-17 10:50:36.663  1937  2426 I InputDispatcher: Dropped event because it is stale.
12-17 10:50:36.663  1937  2426 I KPI-6PA-ID-2: 1868723 motion event ACTION_UP done=1 dropReason=5
12-17 10:50:36.663  1937  2426 I InputDispatcher: Dropped event because it is stale.
12-17 10:50:36.663  1937  2426 I KPI-6PA-ID-1: 1868724 motion event ACTION_DOWN done=1 dropReason=5
12-17 10:50:36.663  1937  2426 I InputDispatcher: Dropped event because it is stale.
12-17 10:50:36.663  1937  2426 I InputDispatcher: Dropped event because it is stale.
12-17 10:50:36.663  1937  2426 I InputDispatcher: Dropped event because it is stale.
12-17 10:50:36.663  1937  2426 I InputDispatcher: Dropped event because it is stale.
12-17 10:50:36.663  1937  2426 I KPI-6PA-ID-2: 1868724 motion event ACTION_UP done=1 dropReason=5
12-17 10:50:36.663  1937  2426 I InputDispatcher: Dropped event because it is stale.
12-17 10:50:36.663  1937  2426 I InputDispatcher: Dropping event because there is no touchable window at (573, 595).
12-17 10:50:36.663  1937  2426 I KPI-6PA-ID-1: 1868724 motion event ACTION_DOWN done=1 dropReason=0
12-17 10:50:36.663  1937  2426 I KPI-6PA-ID-2: 1868724 motion event ACTION_UP done=1 dropReason=0
12-17 10:50:36.663  1937  2426 I InputDispatcher: Dropping event because there is no touchable window at (329, 335).
12-17 10:50:36.663  1937  2426 I KPI-6PA-ID-1: 1868724 motion event ACTION_DOWN done=1 dropReason=0
12-17 10:50:36.664  1937  2426 I KPI-6PA-ID-2: 1868724 motion event ACTION_UP done=1 dropReason=0
12-17 10:50:36.749  1937 21241 I OpenGLRenderer: Initialized EGL, version 1.4
12-17 10:50:36.925  1937  2461 D Ethernet: new score 60 for exisiting request NetworkRequest [ id=1, legacyType=-1, [ Capabilities: INTERNET&NOT_RESTRICTED&TRUSTED&NOT_VPN] ]
12-17 10:50:36.925  1937  2461 D Ethernet:   my score=-1, my filter=[ Transports: ETHERNET Capabilities: INTERNET&NOT_RESTRICTED&TRUSTED&NOT_VPN LinkUpBandwidth>=100000Kbps LinkDnBandwidth>=100000Kbps]
12-17 10:50:36.925  1937  2461 D Ethernet: evalRequest
12-17 10:50:36.925  1937  2461 D Ethernet:   done
12-17 10:50:36.932  1937  1949 D         : activate, handle: 1, enabled: 0, index 4
12-17 10:50:36.933  1937  2455 D WifiWatchdogStateMachine: Fetch RSSI succeed, rssi=-65 mrssi=-65 txbad=340 txgood=45507
12-17 10:50:36.938  2492  2492 I Choreographer: Skipped 1773 frames!  The application may be doing too much work on its main thread.
12-17 10:50:36.947  2578  2578 D ModemStats: [MSimPhoneStateListener] Subscription: 1, GSM mRssi=-83, mEcio=0
12-17 10:50:36.948  2578  2578 D ModemStats: [ModemStatsUtils] updateMobileStrength:mRssi:-83; mEcio:0;mSnr:0
12-17 10:50:36.950 24622  4159 D BUG2GO-Util: saveDataToFile /data/bug2go/dropbox-system_app_anr@2015-12-17_10-48-10.489+0530/entry.txt
12-17 10:50:36.952  2492  2848 I NetworkController.MotorolaMobileSignalController(1): MotorolaMobilePhoneStateListener.onSignalStrengthsChanged: Entered: signalStrength=SignalStrength: 15 0 -120 -160 -120 -1 -1 99 2147483647 2147483647 2147483647 2147483647 2147483647 gsm|lte level=4
12-17 10:50:36.967  1937 29340 D NetlinkSocketObserver: NeighborEvent{elapsedMs=4040919, 10.0.1.1, [98FC11625602], RTM_NEWNEIGH, NUD_STALE}
12-17 10:50:36.967  1937 29340 D NetlinkSocketObserver: NeighborEvent{elapsedMs=4040919, 10.0.1.1, [98FC11625602], RTM_NEWNEIGH, NUD_PROBE}
12-17 10:50:36.967  1937 29340 D NetlinkSocketObserver: NeighborEvent{elapsedMs=4040920, 10.0.1.1, [98FC11625602], RTM_NEWNEIGH, NUD_STALE}
12-17 10:50:36.981  1937  1983 D         : activate, handle: 1598182242, enabled: 0, index 2
12-17 10:50:36.981  1937  1983 D         : BstSensorExt: id=1598182242, en=0
12-17 10:50:36.981  1937  1983 D         : enable ID_SORI, path /sys/class/srot_sensor/g_sensor/en_disp_rotation, fd 215
12-17 10:50:36.987  1937  1983 V KeyguardServiceDelegate: onScreenTurnedOff()
12-17 10:50:36.988  1937  1983 D         : activate, handle: 2, enabled: 0, index 5
12-17 10:50:36.988  1937  1937 W art     : Long monitor contention event with owner method=void com.android.server.policy.PhoneWindowManager.screenTurnedOff() from PhoneWindowManager.java:6277 waiters=0 for 995ms
12-17 10:50:36.989  1937  1937 V KeyguardServiceDelegate: onStartedWakingUp()
12-17 10:50:36.990  1937  2455 D WifiWatchdogStateMachine: RSSI current: 2 new: -66, 3
12-17 10:50:36.990  1937  2455 D WifiWatchdogStateMachine: RSSI current: 3 new: -67, 2
12-17 10:50:36.990  1937  2455 D WifiWatchdogStateMachine: RSSI current: 2 new: -66, 3
12-17 10:50:36.991  1937  1983 I Choreographer: Skipped 75 frames!  The application may be doing too much work on its main thread.
12-17 10:50:36.992  2578  2578 D ModemStats: [ModemStatsService] Receive intent: android.intent.action.SCREEN_OFF
12-17 10:50:36.992  2578  2578 D ModemStats: [ModemStatsService] handleDisplayOn, display on = false
12-17 10:50:36.993  2578  2578 D ModemStats: [MSimPhoneStateListener] Subscription: 1, GSM mRssi=-79, mEcio=0
12-17 10:50:36.995  2492  2848 I NetworkController.MotorolaMobileSignalController(1): MotorolaMobilePhoneStateListener.onSignalStrengthsChanged: Entered: signalStrength=SignalStrength: 17 0 -120 -160 -120 -1 -1 99 2147483647 2147483647 2147483647 2147483647 2147483647 gsm|lte level=4
12-17 10:50:36.998  2578  2578 D ModemStats: [ModemStatsUtils] updateMobileStrength:mRssi:-79; mEcio:0;mSnr:0
12-17 10:50:36.998  2578  2578 D ModemStats: [ModemStatsService] Receive intent: android.intent.action.DROPBOX_ENTRY_ADDED
12-17 10:50:37.003  1937  1942 I art     : Wrote stack traces to '/data/anr/traces.txt'
12-17 10:50:37.008 24622 24622 D BUG2GO-Bug2GoBroadcastReceiver: Received broadcast : android.intent.action.DROPBOX_ENTRY_ADDED
12-17 10:50:37.009  2492  2492 V QSTileView: setDual true
12-17 10:50:37.009  2492  2492 V QSTileView: setDual true
12-17 10:50:37.009  2492  2492 V QSTileView: setDual false
12-17 10:50:37.009  2492  2492 V QSTileView: setDual false
12-17 10:50:37.009  2492  2492 V QSTileView: setDual false
12-17 10:50:37.009  2492  2492 V QSTileView: setDual false
12-17 10:50:37.009  2492  2492 V QSTileView: setDual false
12-17 10:50:37.009  2492  2492 V QSTileView: setDual false
12-17 10:50:37.009  2492  2492 V QSTileView: setDual false
12-17 10:50:37.009  2492  2492 V QSTileView: setDual false
12-17 10:50:37.009  2492  2492 V QSTileView: setDual false
12-17 10:50:37.009  2492  2492 V QSTileView: setDual false
12-17 10:50:37.009  2492  2492 V QSTileView: setDual true
12-17 10:50:37.009  2492  2492 V QSTileView: setDual true
12-17 10:50:37.009  2492  2492 V QSTileView: setDual false
12-17 10:50:37.010  2492  2492 V QSTileView: setDual false
12-17 10:50:37.010  2492  2492 V QSTileView: setDual false
12-17 10:50:37.010  2492  2492 V QSTileView: setDual false
12-17 10:50:37.010  2492  2492 V QSTileView: setDual false
12-17 10:50:37.010  2492  2492 V QSTileView: setDual false
12-17 10:50:37.010  2492  2492 V QSTileView: setDual false
12-17 10:50:37.010  2492  2492 V QSTileView: setDual false
12-17 10:50:37.010  2492  2492 V QSTileView: setDual false
12-17 10:50:37.010  2492  2492 V QSTileView: setDual false
12-17 10:50:37.025  2492  2560 D KeyguardViewMediator: onStartedGoingToSleep(2)
12-17 10:50:37.031  1937  1983 V KeyguardServiceDelegate: onScreenTurnedOn(showListener = com.android.server.policy.PhoneWindowManager$2@a4f0adf)
12-17 10:50:37.064  1937  1983 D         : activate, handle: 2, enabled: 1, index 5
12-17 10:50:37.070  3615  3615 D BatteryTracerSvc: Data collection.  Current battery level:  89, Screen on, foreground: com.google.android.talk, DISCHARGING
12-17 10:50:37.070  1937  1983 D         : setDelay, handle: 2 delay: 250000000
12-17 10:50:37.071  1937  2974 I LocationManagerService: Running, passive, android, mInterval: 0, mFastestInterval: 0, mSmallestDisplacement: 0.0, mNumUpdates: 2147483647, Receiver: Reciever[f71f433 listener UpdateRecord[passive android(1000) Request[POWER_NONE passive fastest=0]]]
12-17 10:50:37.071  1937  2974 I LocationManagerService: Lat: 12.9795054, Long: 77.6587778, Bearing: 0.0, Accuracy: 34.5
12-17 10:50:37.071  1937  2974 I LocationManagerService: Running, passive, android, mInterval: 0, mFastestInterval: 0, mSmallestDisplacement: 0.0, mNumUpdates: 2147483647, Receiver: Reciever[174c698 listener UpdateRecord[passive android(1000) Request[POWER_NONE passive fastest=0]]]
12-17 10:50:37.071  1937  2974 I LocationManagerService: Lat: 12.9795054, Long: 77.6587778, Bearing: 0.0, Accuracy: 34.5
12-17 10:50:37.071  1937  2974 I LocationManagerService: Running, passive, android, mInterval: 0, mFastestInterval: 0, mSmallestDisplacement: 20000.0, mNumUpdates: 2147483647, Receiver: Reciever[18ea4a4 listener UpdateRecord[passive android(1000) Request[POWER_NONE passive fastest=0]]]
12-17 10:50:37.071  1937  2974 I LocationManagerService: Lat: 12.979258, Long: 77.6582339, Bearing: 0.0, Accuracy: 805.0
12-17 10:50:37.077  1937  2974 I LocationManagerService: Running, passive, com.google.android.gms, mInterval: 0, mFastestInterval: 0, mSmallestDisplacement: 0.0, mNumUpdates: 2147483647, Receiver: Reciever[b27b233 listener UpdateRecord[passive com.google.android.gms(10020) Request[POWER_NONE passive fastest=0]]]
12-17 10:50:37.077  1937  2974 I LocationManagerService: Lat: 12.9795054, Long: 77.6587778, Bearing: 0.0, Accuracy: 34.5
12-17 10:50:37.077  1937  2974 I LocationManagerService: Running, passive, com.google.android.gms, mInterval: 0, mFastestInterval: 0, mSmallestDisplacement: 0.0, mNumUpdates: 2147483647, Receiver: Reciever[ab9c1c3 listener UpdateRecord[passive com.google.android.gms(10020) Request[POWER_NONE passive fastest=0]]]
12-17 10:50:37.077  1937  2974 I LocationManagerService: Lat: 12.9795054, Long: 77.6587778, Bearing: 0.0, Accuracy: 34.5
12-17 10:50:37.077  1937  2974 I LocationManagerService: Running, passive, com.motorola.tools.batterytracer, mInterval: 0, mFastestInterval: 0, mSmallestDisplacement: 0.0, mNumUpdates: 2147483647, Receiver: Reciever[c7c1ca2 listener UpdateRecord[passive com.motorola.tools.batterytracer(1000) Request[POWER_NONE passive fastest=0]]]
12-17 10:50:37.077  1937  2974 I LocationManagerService: Lat: 12.9795054, Long: 77.6587778, Bearing: 0.0, Accuracy: 34.5
12-17 10:50:37.078  1937  2974 I LocationManagerService: Running, network, android, mInterval: 86400000, mFastestInterval: 86400000, mSmallestDisplacement: 0.0, mNumUpdates: 2147483647, Receiver: Reciever[5f6d9d1 listener UpdateRecord[network android(1000) Request[POWER_LOW network requested=+24h0m0s0ms fastest=+24h0m0s0ms]]]
12-17 10:50:37.078  1937  2974 I LocationManagerService: Lat: 12.979258, Long: 77.6582339, Bearing: 0.0, Accuracy: 805.0
12-17 10:50:37.091  2578  2578 D ModemStats: [ModemStatsUtils] Intent.ACTION_BATTERY_CHANGED: level 88, mBattScale:100
12-17 10:50:37.092  1937  1937 D         : setDelay, handle: 1598182229 delay: 200000000
12-17 10:50:37.092  1937  1937 E         : <BST> set delay: 200000000ns
12-17 10:50:37.092  1937  1937 I         : <BST> set delay of <BOSCH BMC150 Acceleration Sensor> to 200ms
12-17 10:50:37.123  3615  4195 W Interrupts: InterruptData.minus: mName not match! GIC  cpp GIC
12-17 10:50:37.123   390  1958 D audio_hw_primary: adev_set_parameters: enter: screen_state=off
12-17 10:50:37.123  3615  4195 W Interrupts: InterruptData.minus: mName not match! GIC  ispif GIC
12-17 10:50:37.123  3615  4195 W Interrupts: InterruptData.minus: mName not match! GIC  vfe GIC
12-17 10:50:37.123   390  1958 D audio_hw_fm: audio_extn_fm_set_parameters: Inside
12-17 10:50:37.123   390  1958 V audio_hw_fm: audio_extn_fm_set_parameters: enter
12-17 10:50:37.123   390  1958 V audio_hw_fm: audio_extn_fm_set_parameters: exit
12-17 10:50:37.123   390  1958 E bt_a2dp_hw: adev_set_parameters: ERROR: set param called even when stream out is null
12-17 10:50:37.124  3615  4195 W Interrupts: InterruptData.minus: mName not match! 452        418  CPU start interrupts 418  CPU start interrupts
12-17 10:50:37.124  3615  4195 W Interrupts: InterruptData.minus: mName not match! 478362     218099  Rescheduling interrupts 218099  Rescheduling interrupts
12-17 10:50:37.124  3615  4195 W Interrupts: InterruptData.minus: mName not match! 863        644  Function call interrupts 644  Function call interrupts
12-17 10:50:37.124  3615  4195 W Interrupts: InterruptData.minus: mName not match! 1605       1304  Single function call interrupts 1304  Single function call interrupts
12-17 10:50:37.124  3615  4195 D BTerEnergyMonitorService: Interrupts
12-17 10:50:37.124  3615  4195 D BTerEnergyMonitorService:              CPU0       CPU1       CPU2       CPU3
12-17 10:50:37.124  3615  4195 D BTerEnergyMonitorService:    19:      96469          0      57622          0  GIC  arch_timer
12-17 10:50:37.124  3615  4195 I BTerEnergyMonitorService: exit internalGatherEnergyInfo with trigger 64
12-17 10:50:37.125  3615  4195 D BTerEnergyMonitorService: EM_RecordEnergyInfo 1450329637.125 tigger=0x40
12-17 10:50:37.125  3615  4195 D BTerEnergyMonitorService: EnergyMonitorServiceDB.update() - writing database, trigger = 64
12-17 10:50:37.133  1937  2437 E native  : do suspend true
