12-17 10:38:00.130  1937  1949 I notification_visibility: [-1|android|17040350|null|1000,0,266708,266708,0,3]
12-17 10:38:00.130  1937  1949 I notification_visibility: [0|com.google.android.gms|2131689521|null|10020,0,612825,612825,0,2]
12-17 10:38:00.130  1937  1949 I notification_visibility: [-1|android|17040344|null|1000,0,266715,266715,0,5]
12-17 10:38:00.302  1937  3128 I am_kill : [0,29228,com.motorola.android.providers.userpreferredsim,15,empty #7]
12-17 10:38:00.322  1937  2586 I am_proc_died: [0,29228,com.motorola.android.providers.userpreferredsim]
12-17 10:38:00.394  3104  3191 I dvm_lock_sample: [com.android.phone,0,RILReceiver0,1003,read,LocalSocketImpl.java,103,,,0,150]
12-17 10:38:00.405  1937  2433 I dvm_lock_sample: [system_server,0,NetdConnector,585,read,LocalSocketImpl.java,103,,,0,150]
12-17 10:38:00.440  1937  3128 I am_proc_start: [0,29444,10010,com.motorola.context,broadcast,com.motorola.context/.publisher.location.LocationReceiver]
12-17 10:38:00.522  1937  7042 I am_proc_bound: [0,29444,com.motorola.context]
12-17 10:38:00.604  1937  2442 I netstats_mobile_sample: [490710,1229,312440,1335,490710,1229,312440,1335,490710,1229,291514,1335,1450328881165]
12-17 10:38:00.605  1937  2442 I netstats_wifi_sample: [82966895,58421,5525899,31631,82966895,58421,5525899,31631,82885444,58033,5082363,31611,1450328881165]
12-17 10:38:00.649  3104  3195 I dvm_lock_sample: [com.android.phone,0,RILReceiver1,4472,read,LocalSocketImpl.java,103,,,0,150]
12-17 10:38:00.755  1937  2442 I netstats_mobile_sample: [490710,1229,312440,1335,490710,1229,312440,1335,490710,1229,291514,1335,1450328881315]
12-17 10:38:00.755  1937  2442 I netstats_wifi_sample: [82966895,58421,5525899,31631,82966895,58421,5525899,31631,82885444,58033,5082363,31611,1450328881315]
12-17 10:38:00.763  1937  7042 I am_proc_start: [0,29497,10029,com.android.mms,broadcast,com.android.mms/.transaction.MmsSystemEventReceiver]
12-17 10:38:00.765  1937  3263 I dvm_lock_sample: [system_server,1,Binder_C,21,getTagForIntentSender,ActivityManagerService.java,6998,processNextBroadcast,BroadcastQueue.java,639,4]
12-17 10:38:00.809  1937  3128 I force_gc: Binder
12-17 10:38:00.829  1937  3093 I am_proc_bound: [0,29497,com.android.mms]
12-17 10:38:01.044  1937  3263 I am_kill : [0,29245,com.android.chrome,15,empty #7]
12-17 10:38:01.159  1937  3093 I am_proc_died: [0,29245,com.android.chrome]
12-17 10:38:01.171 29341 29494 I dvm_lock_sample: [com.google.android.apps.photos,0,IntentService[com.google.android,402,e,PG,393,f,-,437,80]
12-17 10:38:01.173  1937  3241 I notification_cancel_all: [10016,24506,com.android.providers.downloads,0,0,64,9,NULL]
12-17 10:38:01.221  3104  3191 I dvm_lock_sample: [com.android.phone,0,RILReceiver0,580,read,LocalSocketImpl.java,103,,,0,150]
12-17 10:38:01.283  1937  2586 I am_proc_start: [0,29563,10046,com.motorola.android.providers.userpreferredsim,broadcast,com.motorola.android.providers.userpreferredsim/com.motorola.smartsim.bestcost.SmartSimConnectivityReceiver]
12-17 10:38:01.330  1937  2442 I netstats_mobile_sample: [490710,1229,312440,1335,490710,1229,312440,1335,490710,1229,291514,1335,1450328881891]
12-17 10:38:01.330  1937  2442 I netstats_wifi_sample: [82967099,58423,5526035,31633,82967099,58423,5526035,31633,82885648,58035,5082471,31613,1450328881891]
12-17 10:38:01.332  3056  4555 I force_gc: Binder
12-17 10:38:01.349  1937  3093 I am_proc_start: [0,29579,10006,android.process.acore,content provider,com.android.providers.contacts/.ContactsProvider2]
12-17 10:38:01.367  1937  3110 I am_proc_start: [0,29586,10063,com.motorola.cogradio,content provider,com.motorola.cogradio/com.motorola.adamsvc.AdamProvider]
12-17 10:38:01.380  1937  1949 I am_proc_bound: [0,29563,com.motorola.android.providers.userpreferredsim]
12-17 10:38:01.383  1937  2442 I netstats_mobile_sample: [490710,1229,312440,1335,490710,1229,312440,1335,490710,1229,291514,1335,1450328881944]
12-17 10:38:01.383  1937  2442 I netstats_wifi_sample: [82967099,58423,5526035,31633,82967099,58423,5526035,31633,82885648,58035,5082471,31613,1450328881944]
12-17 10:38:01.424  1937  2517 I am_proc_bound: [0,29579,android.process.acore]
12-17 10:38:01.442  1937  6726 I dvm_lock_sample: [system_server,1,Binder_E,6,refContentProvider,ActivityManagerService.java,10102,attachApplication,-,6347,1]
12-17 10:38:01.447  1937  2586 I am_proc_bound: [0,29586,com.motorola.cogradio]
12-17 10:38:01.474  1937  1948 I am_kill : [0,29260,com.google.android.apps.magazines,15,empty #7]
12-17 10:38:01.566  1937  2442 I netstats_mobile_sample: [490710,1229,312440,1335,490710,1229,312440,1335,490710,1229,291514,1335,1450328882127]
12-17 10:38:01.566  1937  2442 I netstats_wifi_sample: [82967099,58423,5526121,31634,82967099,58423,5526035,31633,82885648,58035,5082471,31613,1450328882127]
12-17 10:38:01.641  1937  3128 I dvm_lock_sample: [system_server,1,Binder_A,143,stopServiceToken,ActivityManagerService.java,16021,serviceDoneExecuting,-,16235,28]
12-17 10:38:01.642  1937  5512 I dvm_lock_sample: [system_server,1,Binder_D,132,binderDied,ActivityManagerService.java,1330,serviceDoneExecuting,-,16235,26]
12-17 10:38:01.646  1937  7042 I am_kill : [0,29373,com.google.android.apps.plus,15,empty #7]
12-17 10:38:01.694  1937  5512 I am_proc_died: [0,29260,com.google.android.apps.magazines]
12-17 10:38:01.698  1937  7042 I am_kill : [0,29288,com.google.process.gapps,15,empty #7]
12-17 10:38:01.767  1937  5512 I am_proc_start: [0,29631,10061,com.android.chrome,broadcast,com.android.chrome/org.chromium.chrome.browser.precache.PrecacheServiceLauncher]
12-17 10:38:01.769  1937  3241 I dvm_lock_sample: [system_server,1,Binder_B,54,binderDied,ActivityManagerService.java,1330,processNextBroadcast,BroadcastQueue.java,639,10]
12-17 10:38:01.769  1937  3241 I am_proc_died: [0,29288,com.google.process.gapps]
12-17 10:38:01.770  1937  3128 I am_proc_died: [0,29373,com.google.android.apps.plus]
12-17 10:38:01.782  1937  1948 I am_kill : [0,29406,com.gaana,15,empty #7]
12-17 10:38:01.794  1937  2517 I notification_expansion: [0|com.android.providers.downloads|0|1:com.android.vending|10016,0,1,140,43,0]
12-17 10:38:01.794  1937  5512 I notification_expansion: [0|com.motorola.tools.batterytracer|2131165197|null|1000,0,0,3242914,26207,2682]
12-17 10:38:01.869  1937  5512 I am_proc_died: [0,29406,com.gaana]
12-17 10:38:01.870  1937  2944 I am_proc_bound: [0,29631,com.android.chrome]
12-17 10:38:01.897  1937  1937 I notification_enqueue: [1007,24622,com.motorola.bug2go,2,NULL,0,Notification(pri=0 contentView=com.motorola.bug2go/0x7f030005 vibrate=null sound=null defaults=0x0 flags=0x2 color=0x00000000 vis=PRIVATE),1]
12-17 10:38:01.921  1937  3096 I notification_expansion: [0|com.motorola.bug2go|2|null|1007,0,1,286238,24,2310]
12-17 10:38:01.922  1937  3241 I notification_expansion: [0|com.android.providers.downloads|0|1:com.android.vending|10016,0,0,268,171,0]
12-17 10:38:01.932  1937  1937 I notification_enqueue: [1007,24622,com.motorola.bug2go,2,NULL,0,Notification(pri=0 contentView=com.motorola.bug2go/0x7f030005 vibrate=null sound=null defaults=0x0 flags=0x2 color=0x00000000 vis=PRIVATE),1]
12-17 10:38:02.050  1937  1948 I am_proc_start: [0,29653,10090,com.google.android.apps.magazines,broadcast,com.google.android.apps.magazines/com.google.apps.dots.android.newsstand.appwidget.NewsWidgetProvider]
12-17 10:38:02.064  1937  7042 I am_kill : [0,29444,com.motorola.context,15,empty #7]
12-17 10:38:02.130  1937  3263 I am_proc_bound: [0,29653,com.google.android.apps.magazines]
12-17 10:38:02.134  1937  2517 I am_proc_died: [0,29444,com.motorola.context]
12-17 10:38:02.249  1937  3096 I force_gc: Binder
12-17 10:38:02.367  2492  2492 I sysui_view_visibility: [111,0]
12-17 10:38:02.463  1937  3110 I am_proc_start: [0,29677,10020,com.google.process.gapps,content provider,com.google.android.gsf/.gservices.GservicesProvider]
12-17 10:38:02.494  1937  7042 I am_proc_bound: [0,29677,com.google.process.gapps]
12-17 10:38:02.696  1937  2535 I notification_visibility: [0|com.android.vending|874755343|null|10037,1,399726,382981,0,5]
12-17 10:38:02.696  1937  2535 I notification_visibility: [0|com.android.providers.downloads|0|1:com.android.vending|10016,1,1042,421,0,1]
12-17 10:38:02.696  1937  2535 I notification_visibility: [0|com.motorola.bug2go|2|null|1007,1,287013,764,0,0]
12-17 10:38:02.696  1937  2535 I notification_visibility: [-1|android|17040350|null|1000,1,269274,269274,0,4]
12-17 10:38:02.696  1937  2535 I notification_visibility: [0|com.google.android.gms|2131689521|null|10020,1,615391,615391,0,3]
12-17 10:38:02.696  1937  2535 I notification_visibility: [-1|android|17040344|null|1000,1,269281,269281,0,6]
12-17 10:38:02.716  3104  3191 I dvm_lock_sample: [com.android.phone,0,RILReceiver0,1164,read,LocalSocketImpl.java,103,,,0,150]
12-17 10:38:02.790  1937  2433 I dvm_lock_sample: [system_server,0,NetdConnector,1226,read,LocalSocketImpl.java,103,,,0,150]
12-17 10:38:03.078  1937  3093 I am_kill : [0,29497,com.android.mms,15,empty #7]
12-17 10:38:03.150  1937  3128 I am_proc_died: [0,29497,com.android.mms]
12-17 10:38:03.155  1937  1948 I am_kill : [0,29563,com.motorola.android.providers.userpreferredsim,15,empty #7]
12-17 10:38:03.191  1937  3128 I am_proc_died: [0,29563,com.motorola.android.providers.userpreferredsim]
12-17 10:38:03.404  1937  5512 I am_proc_start: [0,29770,10097,com.google.android.apps.plus,broadcast,com.google.android.apps.plus/com.google.android.libraries.social.autobackup.AutoBackupEnvironment$ConnectivityReceiver]
12-17 10:38:03.467  1937  7042 I am_proc_bound: [0,29770,com.google.android.apps.plus]
12-17 10:38:03.499  2492  2492 I sysui_view_visibility: [111,100]
12-17 10:38:03.499  2492  2492 I sysui_view_visibility: [126,100]
12-17 10:38:03.499  2492  2492 I sysui_view_visibility: [113,100]
12-17 10:38:03.499  2492  2492 I sysui_view_visibility: [118,100]
12-17 10:38:03.499  2492  2492 I sysui_view_visibility: [115,100]
12-17 10:38:03.499  2492  2492 I sysui_view_visibility: [115,100]
12-17 10:38:03.499  2492  2492 I sysui_view_visibility: [112,100]
12-17 10:38:03.499  2492  2492 I sysui_view_visibility: [123,100]
12-17 10:38:03.499  2492  2492 I sysui_view_visibility: [119,100]
12-17 10:38:03.499  2492  2492 I sysui_view_visibility: [122,100]
12-17 10:38:03.499  2492  2492 I sysui_view_visibility: [114,100]
12-17 10:38:03.788  3104  3191 I dvm_lock_sample: [com.android.phone,0,RILReceiver0,686,read,LocalSocketImpl.java,103,,,0,150]
12-17 10:38:03.876  1937  3241 I am_proc_start: [0,29790,10104,com.gaana,broadcast,com.gaana/com.services.NetworkChangeBroadcastReceiver]
12-17 10:38:03.878  1937  3241 I am_kill : [0,29579,android.process.acore,15,empty #7]
12-17 10:38:03.915  1937  3128 I notification_visibility: [0|com.android.vending|874755343|null|10037,0,400945,384200,0,5]
12-17 10:38:03.915  1937  3128 I notification_visibility: [0|com.android.providers.downloads|0|1:com.android.vending|10016,0,2261,1640,0,1]
12-17 10:38:03.915  1937  3128 I notification_visibility: [0|com.motorola.tools.batterytracer|2131165197|null|1000,0,3245035,28328,0,2]
12-17 10:38:03.916  1937  3128 I notification_visibility: [-1|android|17040350|null|1000,0,270493,270493,0,4]
12-17 10:38:03.916  1937  3128 I notification_visibility: [0|com.google.android.gms|2131689521|null|10020,0,616611,616611,0,3]
12-17 10:38:03.916  1937  3128 I notification_visibility: [-1|android|17040344|null|1000,0,270501,270501,0,6]
12-17 10:38:03.931  1937  2535 I dvm_lock_sample: [system_server,1,Binder_4,30,getContentProviderImpl,ActivityManagerService.java,9593,trimApplications,-,19673,6]
12-17 10:38:03.932  1937  2517 I am_proc_bound: [0,29790,com.gaana]
12-17 10:38:03.935  1937  1948 I am_proc_died: [0,29579,android.process.acore]
12-17 10:38:03.962  1937  1937 I notification_enqueue: [1007,24622,com.motorola.bug2go,2,NULL,0,Notification(pri=0 contentView=com.motorola.bug2go/0x7f030005 vibrate=null sound=null defaults=0x0 flags=0x2 color=0x00000000 vis=PRIVATE),1]
12-17 10:38:04.001  1937  1937 I notification_enqueue: [1007,24622,com.motorola.bug2go,2,NULL,0,Notification(pri=0 contentView=com.motorola.bug2go/0x7f030005 vibrate=null sound=null defaults=0x0 flags=0x2 color=0x00000000 vis=PRIVATE),1]
12-17 10:38:04.018  1937  1937 I notification_enqueue: [1007,24622,com.motorola.bug2go,2,NULL,0,Notification(pri=0 contentView=com.motorola.bug2go/0x7f030005 vibrate=null sound=null defaults=0x0 flags=0x2 color=0x00000000 vis=PRIVATE),1]
12-17 10:38:04.077  1937  2586 I am_proc_start: [0,29809,10029,com.android.mms,broadcast,com.android.mms/.transaction.MmsSystemEventReceiver]
12-17 10:38:04.092  1937  1937 I notification_enqueue: [1007,24622,com.motorola.bug2go,2,NULL,0,Notification(pri=0 contentView=com.motorola.bug2go/0x7f030005 vibrate=null sound=null defaults=0x0 flags=0x2 color=0x00000000 vis=PRIVATE),1]
12-17 10:38:04.100  1937  5512 I am_kill : [0,29586,com.motorola.cogradio,15,empty #7]
12-17 10:38:04.205  1937  3241 I dvm_lock_sample: [system_server,1,Binder_B,71,binderDied,ActivityManagerService.java,1330,serviceDoneExecuting,-,16235,14]
12-17 10:38:04.205  1937  3241 I am_proc_died: [0,29586,com.motorola.cogradio]
12-17 10:38:04.207  1937  1949 I am_proc_bound: [0,29809,com.android.mms]
12-17 10:38:04.261  3396 29768 I c2dm    : [-2,NULL,1,1]
12-17 10:38:04.362  1937  2517 I am_kill : [0,29631,com.android.chrome,15,empty #7]
12-17 10:38:04.410  1937  2535 I am_proc_died: [0,29631,com.android.chrome]
12-17 10:38:04.427  1937  2944 I am_proc_start: [0,29836,10006,android.process.acore,content provider,com.android.providers.contacts/.ContactsProvider2]
12-17 10:38:04.467  1937  2517 I am_proc_bound: [0,29836,android.process.acore]
12-17 10:38:04.471  1937  2517 I am_kill : [0,29653,com.google.android.apps.magazines,15,empty #7]
12-17 10:38:04.622  1937  1949 I dvm_lock_sample: [system_server,1,Binder_2,120,binderDied,ActivityManagerService.java,1330,attachApplication,-,6347,24]
12-17 10:38:04.622  1937  1949 I am_proc_died: [0,29653,com.google.android.apps.magazines]
12-17 10:38:05.042  2492  2492 I sysui_view_visibility: [152,100]
12-17 10:38:05.134  3104  3191 I dvm_lock_sample: [com.android.phone,0,RILReceiver0,1345,read,LocalSocketImpl.java,103,,,0,150]
12-17 10:38:05.498  2492  2492 I sysui_view_visibility: [111,0]
12-17 10:38:06.104  1937  2433 I dvm_lock_sample: [system_server,0,NetdConnector,3172,read,LocalSocketImpl.java,103,,,0,150]
12-17 10:38:06.140  3104  3191 I dvm_lock_sample: [com.android.phone,0,RILReceiver0,967,read,LocalSocketImpl.java,103,,,0,150]
12-17 10:38:06.800  1937  7042 I am_kill : [0,29770,com.google.android.apps.plus,15,empty #7]
12-17 10:38:06.849  1937  3241 I am_proc_died: [0,29770,com.google.android.apps.plus]
12-17 10:38:08.461  5050  5158 I dvm_lock_sample: [com.motorola.motocare,0,ThermalThread,9995,read,LocalSocketImpl.java,103,,,0,150]
12-17 10:38:08.461  5050  5158 I dvm_lock_sample: [com.motorola.motocare,0,ThermalThread,9995,read,InputStreamReader.java,272,,,0,150]
12-17 10:38:08.462  5050  5158 I dvm_lock_sample: [com.motorola.motocare,0,ThermalThread,9995,readLine,BufferedReader.java,409,,,0,150]
12-17 10:38:08.628  1937  8646 I notification_visibility: [0|com.android.providers.downloads|0|1:com.android.vending|10016,1,6974,2011,0,1]
12-17 10:38:08.989  2492  2492 I sysui_lockscreen_gesture: [9,153,552]
12-17 10:38:09.127  1937  2535 I notification_visibility: [0|com.android.providers.downloads|0|1:com.android.vending|10016,0,7473,37,0,1]
12-17 10:38:10.137  2492  2492 I sysui_view_visibility: [152,0]
12-17 10:38:10.138  2492  2492 I sysui_view_visibility: [111,100]
12-17 10:38:11.799  4435  4435 I sqlite_mem_released: 76536
12-17 10:38:11.801  4435  4435 I force_gc: mem
12-17 10:38:12.250  2492  2492 I sysui_view_visibility: [111,0]
12-17 10:38:12.379  1937  3128 I notification_visibility: [0|com.android.vending|874755343|null|10037,1,409409,392664,0,5]
12-17 10:38:12.379  1937  3128 I notification_visibility: [0|com.android.providers.downloads|0|1:com.android.vending|10016,1,10725,1098,0,1]
12-17 10:38:12.379  1937  3128 I notification_visibility: [0|com.motorola.tools.batterytracer|2131165197|null|1000,1,3253499,36792,0,2]
12-17 10:38:12.379  1937  3128 I notification_visibility: [-1|android|17040350|null|1000,1,278957,278957,0,4]
12-17 10:38:12.379  1937  3128 I notification_visibility: [0|com.google.android.gms|2131689521|null|10020,1,625074,625074,0,3]
12-17 10:38:12.379  1937  3128 I notification_visibility: [-1|android|17040344|null|1000,1,278964,278964,0,6]
12-17 10:38:12.800  1937  2433 I dvm_lock_sample: [system_server,0,NetdConnector,6695,read,LocalSocketImpl.java,103,,,0,150]
12-17 10:38:14.016  1937  2535 I notification_visibility: [0|com.android.vending|874755343|null|10037,0,411046,394301,0,5]
12-17 10:38:14.016  1937  2535 I notification_visibility: [0|com.android.providers.downloads|0|1:com.android.vending|10016,0,12362,622,0,1]
12-17 10:38:14.016  1937  2535 I notification_visibility: [0|com.motorola.bug2go|2|null|1007,0,298333,9924,0,0]
12-17 10:38:14.016  1937  2535 I notification_visibility: [0|com.motorola.tools.batterytracer|2131165197|null|1000,0,3255136,38429,0,2]
12-17 10:38:14.016  1937  2535 I notification_visibility: [-1|android|17040350|null|1000,0,280594,280594,0,4]
12-17 10:38:14.016  1937  2535 I notification_visibility: [0|com.google.android.gms|2131689521|null|10020,0,626711,626711,0,3]
12-17 10:38:14.016  1937  2535 I notification_visibility: [-1|android|17040344|null|1000,0,280601,280601,0,6]
12-17 10:38:14.017  1937  2944 I notification_panel_hidden: []
12-17 10:38:15.423  3396 29826 I c2dm    : [3,NULL,1,1]
12-17 10:38:15.432  3396 29826 I gtalk_heartbeat_reset: [65776,74.125.68.188:5228]
12-17 10:38:15.432  3396 29826 I gtalk_connection: 0
12-17 10:38:15.443  3396 29826 I c2dm    : [7,,1,1]
12-17 10:38:16.376  2492  2492 I sysui_panelholder_touch: [0,595,22]
12-17 10:38:16.376  2492  2492 I sysui_count: [panel_open,1]
12-17 10:38:16.380  2492  2492 I sysui_histogram: [note_load,7]
12-17 10:38:16.381  1937  6726 I notification_panel_revealed: 7
12-17 10:38:16.382  1937  5512 I notification_visibility: [0|com.motorola.bug2go|2|null|1007,1,300699,12290,0,0]
12-17 10:38:16.896  1937  5512 I notification_visibility: [0|com.android.vending|874755343|null|10037,1,413926,397181,0,5]
12-17 10:38:16.896  1937  5512 I notification_visibility: [0|com.android.providers.downloads|0|1:com.android.vending|10016,1,15242,1423,0,1]
12-17 10:38:16.896  1937  5512 I notification_visibility: [0|com.motorola.tools.batterytracer|2131165197|null|1000,1,3258016,41309,0,2]
12-17 10:38:16.896  1937  5512 I notification_visibility: [-1|android|17040350|null|1000,1,283474,283474,0,4]
12-17 10:38:16.896  1937  5512 I notification_visibility: [0|com.google.android.gms|2131689521|null|10020,1,629591,629591,0,3]
12-17 10:38:16.896  1937  5512 I notification_visibility: [-1|android|17040344|null|1000,1,283481,283481,0,6]
12-17 10:38:18.466  5050  5158 I dvm_lock_sample: [com.motorola.motocare,0,ThermalThread,9994,read,LocalSocketImpl.java,103,,,0,150]
12-17 10:38:18.466  5050  5158 I dvm_lock_sample: [com.motorola.motocare,0,ThermalThread,9995,read,InputStreamReader.java,272,,,0,150]
12-17 10:38:18.466  5050  5158 I dvm_lock_sample: [com.motorola.motocare,0,ThermalThread,9995,readLine,BufferedReader.java,409,,,0,150]
12-17 10:38:19.682  1937  3110 I notification_expansion: [0|com.google.android.gms|2131689521|null|10020,1,1,632377,632377,2786]
12-17 10:38:20.180  1937  3263 I notification_visibility: [-1|android|17040344|null|1000,0,286765,286765,0,6]
12-17 10:38:20.205  1937  2433 I dvm_lock_sample: [system_server,0,NetdConnector,7404,read,LocalSocketImpl.java,103,,,0,150]
12-17 10:38:20.225  1937  2434 I netstats_mobile_sample: [490710,1229,312440,1335,490710,1229,312440,1335,490710,1229,291514,1335,1450328900786]
12-17 10:38:20.226  1937  2434 I netstats_wifi_sample: [84976053,59846,5629613,32459,84976053,59846,5629613,32459,84891556,59455,5174405,32437,1450328900786]
12-17 10:38:22.462  1937  1937 I sysui_histogram: [note_dismiss_longevity,10]
12-17 10:38:22.462  1937  1937 I notification_canceled: [0|com.google.android.gms|2131689521|null|10020,2,635157,635157,5566]
12-17 10:38:22.930  1937  2944 I notification_visibility: [-1|android|17040344|null|1000,1,289515,289515,0,5]
12-17 10:38:24.380  1937  1937 I sysui_histogram: [note_dismiss_longevity,6]
12-17 10:38:24.380  1937  1937 I notification_canceled: [0|com.android.vending|874755343|null|10037,2,421410,404665,7484]
12-17 10:38:24.403  1937  1953 I am_proc_start: [0,30071,10037,com.android.vending,broadcast,com.android.vending/com.google.android.finsky.receivers.NotificationReceiver]
12-17 10:38:24.447  1937  3241 I am_proc_bound: [0,30071,com.android.vending]
12-17 10:38:24.456  1937  5512 I force_gc: Binder
12-17 10:38:24.770  1937  3128 I am_kill : [0,29790,com.gaana,15,empty #7]
12-17 10:38:24.821  1937  8646 I dvm_lock_sample: [system_server,1,Binder_10,44,bindService,ActivityManagerService.java,16197,processNextBroadcast,BroadcastQueue.java,639,8]
12-17 10:38:24.825  1937  3241 I dvm_lock_sample: [system_server,1,Binder_B,34,binderDied,ActivityManagerService.java,1330,processNextBroadcast,BroadcastQueue.java,639,6]
12-17 10:38:24.828  1937  3241 I am_proc_died: [0,29790,com.gaana]
12-17 10:38:25.297  1937  1937 I notification_enqueue: [1007,24622,com.motorola.bug2go,2,NULL,0,Notification(pri=0 contentView=com.motorola.bug2go/0x7f030005 vibrate=null sound=null defaults=0x0 flags=0x2 color=0x00000000 vis=PRIVATE),1]
12-17 10:38:25.314  1937  1937 I notification_enqueue: [1007,24622,com.motorola.bug2go,2,NULL,0,Notification(pri=0 contentView=com.motorola.bug2go/0x7f030005 vibrate=null sound=null defaults=0x0 flags=0x2 color=0x00000000 vis=PRIVATE),1]
12-17 10:38:25.424  2492  2492 I sysui_lockscreen_gesture: [9,-197,-2201]
12-17 10:38:25.567  1937  1949 I notification_visibility: [0|com.android.providers.downloads|0|1:com.android.vending|10016,0,23913,1776,0,1]
12-17 10:38:25.568  1937  1949 I notification_visibility: [0|com.motorola.bug2go|2|null|1007,0,309884,253,0,0]
12-17 10:38:25.568  1937  1949 I notification_visibility: [0|com.motorola.tools.batterytracer|2131165197|null|1000,0,3266688,49981,0,2]
12-17 10:38:25.568  1937  1949 I notification_visibility: [-1|android|17040350|null|1000,0,292146,292146,0,3]
12-17 10:38:25.568  1937  1949 I notification_visibility: [-1|android|17040344|null|1000,0,292153,292153,0,4]
12-17 10:38:25.568  1937  2535 I notification_panel_hidden: []
12-17 10:38:27.167  1937  2426 I am_home_stack_moved: [0,1,0,0,bringingFoundTaskToFront setFocusedActivity]
12-17 10:38:27.167  1937  2426 I wm_task_moved: [57,1,1]
12-17 10:38:27.172  1937  2426 I am_focused_activity: [0,com.google.android.googlequicksearchbox/com.google.android.launcher.GEL]
12-17 10:38:27.194  1937  2426 I am_pause_activity: [0,118835197,com.motorola.bug2go/.ui.ReportList]
12-17 10:38:27.196 24622 24622 I am_on_paused_called: [0,com.motorola.bug2go.ui.ReportList]
12-17 10:38:27.201  1937  2426 I am_task_to_front: [0,57]
12-17 10:38:27.201  1937  2426 I am_new_intent: [0,142730438,57,com.google.android.googlequicksearchbox/com.google.android.launcher.GEL,android.intent.action.MAIN,NULL,NULL,274726912]
12-17 10:38:27.206  1937  3096 I am_resume_activity: [0,97956882,57,com.google.android.googlequicksearchbox/com.google.android.launcher.GEL]
12-17 10:38:27.281  3113  3113 I am_on_resume_called: [0,com.google.android.launcher.GEL]
12-17 10:38:27.331  1937  3093 I am_proc_start: [0,30157,10047,com.google.android.googlequicksearchbox:search,service,com.google.android.googlequicksearchbox/com.google.android.search.core.service.SearchService]
12-17 10:38:27.415  1937  5512 I am_proc_bound: [0,30157,com.google.android.googlequicksearchbox:search]
12-17 10:38:27.748  1937  7042 I am_proc_start: [0,30180,10024,com.google.android.partnersetup,content provider,com.google.android.partnersetup/.RlzAppProvider]
12-17 10:38:27.814  1937  2535 I am_proc_bound: [0,30180,com.google.android.partnersetup]
12-17 10:38:27.981   363   363 I sf_frame_dur: [com.motorola.bug2go/com.motorola.bug2go.ui.ReportList,102,3,1,1,4,3,4]
12-17 10:38:28.010  1937  2944 I am_kill : [0,29809,com.android.mms,15,empty #7]
12-17 10:38:28.050  1937  1949 I am_proc_died: [0,29809,com.android.mms]
12-17 10:38:28.471  5050  5158 I dvm_lock_sample: [com.motorola.motocare,0,ThermalThread,9995,read,LocalSocketImpl.java,103,,,0,150]
12-17 10:38:28.471  5050  5158 I dvm_lock_sample: [com.motorola.motocare,0,ThermalThread,9996,read,InputStreamReader.java,272,,,0,150]
12-17 10:38:28.471  5050  5158 I dvm_lock_sample: [com.motorola.motocare,0,ThermalThread,9996,readLine,BufferedReader.java,409,,,0,150]
12-17 10:38:29.025  1937  3241 I am_kill : [0,29341,com.google.android.apps.photos,15,empty #7]
12-17 10:38:29.089  1937  3128 I am_proc_died: [0,29341,com.google.android.apps.photos]
12-17 10:38:29.926  1937  1948 I am_home_stack_moved: [0,0,12,12,startingNewTask]
12-17 10:38:29.926  1937  1948 I wm_task_moved: [71,1,0]
12-17 10:38:29.930  1937  1948 I am_create_task: [0,72]
12-17 10:38:29.931  1937  1948 I am_create_activity: [0,210552710,72,com.google.android.talk/.SigningInActivity,android.intent.action.MAIN,NULL,NULL,270532608]
12-17 10:38:29.931  1937  1948 I wm_task_created: [72,12]
12-17 10:38:29.931  1937  1948 I wm_task_moved: [72,1,1]
12-17 10:38:29.936  1937  1948 I am_pause_activity: [0,97956882,com.google.android.googlequicksearchbox/com.google.android.launcher.GEL]
12-17 10:38:29.942  1937  1948 I am_home_stack_moved: [0,0,12,12,startedActivity setFocusedActivity]
12-17 10:38:29.942  1937  1948 I wm_task_moved: [72,1,1]
12-17 10:38:29.960  1937  1948 I am_focused_activity: [0,com.google.android.talk/.SigningInActivity]
12-17 10:38:29.995  3113  3113 I am_on_paused_called: [0,com.google.android.launcher.GEL]
12-17 10:38:30.012  1937  1948 I am_restart_activity: [0,210552710,72,com.google.android.talk/.SigningInActivity]
12-17 10:38:30.562   363   363 I sf_frame_dur: [com.google.android.googlequicksearchbox/com.google.android.launcher.GEL,49,2,3,1,3,0,0]
12-17 10:38:30.991 25065 25065 I am_on_resume_called: [0,com.google.android.talk.SigningInActivity]
12-17 10:38:31.495  1937  1973 I am_activity_launch_time: [0,210552710,com.google.android.talk/.SigningInActivity,1498,1498]
12-17 10:38:31.731  1937  5512 I force_gc: Binder
12-17 10:38:32.290  3396 29768 I c2dm    : [-8,com.google.android.talk:,2,2]
12-17 10:38:37.427  1937  1951 I am_pss  : [3396,10020,com.google.android.gms.persistent,25163776,22044672]
12-17 10:38:37.459  1937  1951 I am_pss  : [28809,1000,com.motorola.tools.batterytracersdcard,3612672,2441216]
12-17 10:38:38.477  5050  5158 I dvm_lock_sample: [com.motorola.motocare,0,ThermalThread,9997,read,LocalSocketImpl.java,103,,,0,150]
12-17 10:38:38.477  5050  5158 I dvm_lock_sample: [com.motorola.motocare,0,ThermalThread,9997,read,InputStreamReader.java,272,,,0,150]
12-17 10:38:38.478  5050  5158 I dvm_lock_sample: [com.motorola.motocare,0,ThermalThread,9997,readLine,BufferedReader.java,409,,,0,150]
12-17 10:38:40.665  1937  2433 I dvm_lock_sample: [system_server,0,NetdConnector,20433,read,LocalSocketImpl.java,103,,,0,150]
12-17 10:38:40.948  1937  1949 I am_proc_start: [0,30453,10097,com.google.android.apps.plus,broadcast,com.google.android.apps.plus/.service.PackagesMediaMonitor]
12-17 10:38:41.019  1937  3093 I battery_status: [2,2,1,0,Li-ion]
12-17 10:38:41.028  1937  6726 I dvm_lock_sample: [system_server,1,Binder_E,26,exists,UserManagerService.java,408,getInstalledPackages,PackageManagerService.java,5355,5]
12-17 10:38:41.039  1937  2586 I am_proc_bound: [0,30453,com.google.android.apps.plus]
12-17 10:38:41.060  1937  3128 I dvm_lock_sample: [system_server,1,Binder_A,29,startService,ActivityManagerService.java,15962,stopServiceToken,-,16021,5]
12-17 10:38:41.197  1937  1951 I am_pss  : [25065,10078,com.google.android.talk,67121152,60600320]
12-17 10:38:41.465  1937  1949 I am_proc_start: [0,30489,10025,com.motorola.genie,broadcast,com.motorola.genie/.prefetch.PowerStatusReceiver]
12-17 10:38:41.522  1937  3128 I am_proc_bound: [0,30489,com.motorola.genie]
12-17 10:38:41.676  1937  2944 I am_proc_start: [0,30512,10061,com.android.chrome,broadcast,com.android.chrome/org.chromium.chrome.browser.precache.PrecacheServiceLauncher]
12-17 10:38:41.694  1937  2535 I am_kill : [0,28809,com.motorola.tools.batterytracersdcard,15,empty #7]
12-17 10:38:41.721  1937  7042 I am_proc_died: [0,28809,com.motorola.tools.batterytracersdcard]
12-17 10:38:41.722  1937  8646 I am_proc_bound: [0,30512,com.android.chrome]
12-17 10:38:41.809  1937  2944 I am_proc_start: [0,30527,10095,com.google.android.apps.photos,broadcast,com.google.android.apps.photos/.scheduler.PowerReceiver]
12-17 10:38:41.811  1937  2944 I am_kill : [0,30180,com.google.android.partnersetup,15,empty #7]
12-17 10:38:41.853  1937  1948 I am_proc_bound: [0,30527,com.google.android.apps.photos]
12-17 10:38:41.856  1937  3241 I am_proc_died: [0,30180,com.google.android.partnersetup]
12-17 10:38:41.957  1937  6726 I battery_status: [2,2,1,2,Li-ion]
12-17 10:38:42.220  1937  8646 I am_kill : [0,29836,android.process.acore,15,empty #7]
12-17 10:38:42.291  1937  5512 I am_proc_died: [0,29836,android.process.acore]
12-17 10:38:42.411  1937  2944 I dvm_lock_sample: [system_server,0,Binder_6,16,serviceDoneExecuting,ActivityManagerService.java,16235,startService,-,15962,3]
12-17 10:38:42.463  1937  2586 I force_gc: Binder
12-17 10:38:42.490  3829 30543 I dvm_lock_sample: [com.motorola.tools.batterytracer,0,Thread-203,522,internalGatherEnergyInfo,EnergyMonitorService.java,557,,,0,150]
12-17 10:38:42.784  1937  1948 I am_proc_start: [0,30575,10082,com.google.android.inputmethod.latin,broadcast,com.google.android.inputmethod.latin/com.android.inputmethod.latin.PowerConnectionBroadcastReceiver]
12-17 10:38:42.865  1937  2517 I am_proc_bound: [0,30575,com.google.android.inputmethod.latin]
12-17 10:38:47.683  1937  3241 I am_kill : [0,30071,com.android.vending,15,empty #7]
12-17 10:38:47.719  1937  3110 I am_proc_died: [0,30071,com.android.vending]
12-17 10:38:47.813  1937  1951 I am_pss  : [24622,1007,com.motorola.bug2go,27654144,22568960]
12-17 10:38:47.940  5050  5050 I sqlite_mem_released: 1169300
12-17 10:38:47.941  5050  5050 I force_gc: mem
12-17 10:38:48.482  5050  5158 I dvm_lock_sample: [com.motorola.motocare,0,ThermalThread,9993,read,LocalSocketImpl.java,103,,,0,150]
12-17 10:38:48.482  5050  5158 I dvm_lock_sample: [com.motorola.motocare,0,ThermalThread,9994,read,InputStreamReader.java,272,,,0,150]
12-17 10:38:48.482  5050  5158 I dvm_lock_sample: [com.motorola.motocare,0,ThermalThread,9994,readLine,BufferedReader.java,409,,,0,150]
12-17 10:38:52.672  1937  1953 I am_proc_start: [0,30611,10006,android.process.acore,broadcast,com.android.providers.contacts/.PackageIntentReceiver]
12-17 10:38:52.746  1937  2517 I am_proc_bound: [0,30611,android.process.acore]
12-17 10:38:52.866  1937  5512 I am_proc_start: [0,30643,10037,com.android.vending,broadcast,com.android.vending/com.google.android.finsky.receivers.PackageMonitorReceiver$RegisteredReceiver]
12-17 10:38:52.867  1937  5512 I am_kill : [0,29677,com.google.process.gapps,15,empty #7]
12-17 10:38:52.910  1937  8646 I am_proc_died: [0,29677,com.google.process.gapps]
12-17 10:38:52.911  1937  6726 I am_proc_bound: [0,30643,com.android.vending]
12-17 10:38:52.913  1937  1951 I am_pss  : [3113,10047,com.google.android.googlequicksearchbox,45137920,37625856]
12-17 10:38:52.965  1937  5512 I am_proc_start: [0,30657,10020,com.google.process.gapps,content provider,com.google.android.gsf/.gservices.GservicesProvider]
12-17 10:38:53.012  1937  2586 I am_proc_bound: [0,30657,com.google.process.gapps]
12-17 10:38:53.318  1937  1949 I am_kill : [0,30489,com.motorola.genie,15,empty #7]
12-17 10:38:53.360  1937  2535 I am_proc_died: [0,30489,com.motorola.genie]
12-17 10:38:53.370  1937  8646 I am_kill : [0,30512,com.android.chrome,15,empty #7]
12-17 10:38:53.411  1937  2586 I am_proc_died: [0,30512,com.android.chrome]
12-17 10:38:58.055  1937  1937 I free_storage_changed: 1832636416
12-17 10:38:58.488  5050  5158 I dvm_lock_sample: [com.motorola.motocare,0,ThermalThread,9996,read,LocalSocketImpl.java,103,,,0,150]
12-17 10:38:58.488  5050  5158 I dvm_lock_sample: [com.motorola.motocare,0,ThermalThread,9996,read,InputStreamReader.java,272,,,0,150]
12-17 10:38:58.488  5050  5158 I dvm_lock_sample: [com.motorola.motocare,0,ThermalThread,9996,readLine,BufferedReader.java,409,,,0,150]
12-17 10:38:58.526  2965  2965 I sqlite_mem_released: 0
12-17 10:38:58.544  2965  2965 I force_gc: mem
12-17 10:38:59.238  1937  3263 I am_kill : [0,30527,com.google.android.apps.photos,15,empty #7]
12-17 10:38:59.316  1937  6726 I dvm_lock_sample: [system_server,1,Binder_E,29,binderDied,ActivityManagerService.java,1330,serviceDoneExecuting,-,16235,5]
12-17 10:38:59.316  1937  6726 I am_proc_died: [0,30527,com.google.android.apps.photos]
12-17 10:39:00.357  1937  2433 I dvm_lock_sample: [system_server,0,NetdConnector,19692,read,LocalSocketImpl.java,103,,,0,150]
12-17 10:39:00.379  1937  2434 I netstats_mobile_sample: [490710,1229,312440,1335,490710,1229,312440,1335,490710,1229,291514,1335,1450328940940]
12-17 10:39:00.379  1937  2434 I netstats_wifi_sample: [86956309,61231,5764041,33418,86956309,61231,5764041,33418,86873196,60839,5295351,33394,1450328940940]
12-17 10:39:04.026  1937  1951 I am_pss  : [24506,10016,android.process.media,8765440,6004736]
12-17 10:39:05.514  1937  1948 I am_home_stack_moved: [0,0,12,12,intentActivityFound]
12-17 10:39:05.514  1937  1948 I wm_task_moved: [72,1,1]
12-17 10:39:05.518  1937  1948 I am_home_stack_moved: [0,0,12,12,sourceStackToFront]
12-17 10:39:05.518  1937  1948 I wm_task_moved: [72,1,1]
12-17 10:39:05.522  1937  1948 I am_create_activity: [0,155920996,72,com.google.android.talk/com.google.android.apps.hangouts.phone.ConversationActivity,NULL,NULL,NULL,335544320]
12-17 10:39:05.522  1937  1948 I am_pause_activity: [0,210552710,com.google.android.talk/.SigningInActivity]
12-17 10:39:05.526  1937  1948 I am_home_stack_moved: [0,0,12,12,startedActivity setFocusedActivity]
12-17 10:39:05.526  1937  1948 I wm_task_moved: [72,1,1]
12-17 10:39:05.530  1937  1948 I am_focused_activity: [0,com.google.android.talk/com.google.android.apps.hangouts.phone.ConversationActivity]
12-17 10:39:05.543  1937  2535 I force_gc: Binder
12-17 10:39:05.554 25065 25065 I am_on_paused_called: [0,com.google.android.talk.SigningInActivity]
12-17 10:39:05.556  1937  3241 I am_restart_activity: [0,155920996,72,com.google.android.talk/com.google.android.apps.hangouts.phone.ConversationActivity]
12-17 10:39:05.866 25065 25065 I am_on_resume_called: [0,com.google.android.apps.hangouts.phone.ConversationActivity]
12-17 10:39:06.085  1937  1973 I am_activity_launch_time: [0,155920996,com.google.android.talk/com.google.android.apps.hangouts.phone.ConversationActivity,531,531]
12-17 10:39:06.465   363   363 I sf_frame_dur: [com.google.android.talk/com.google.android.talk.SigningInActivity,130,7,2,6,8,2,2]
12-17 10:39:07.109  1937  2517 I am_finish_activity: [0,155920996,72,com.google.android.talk/com.google.android.apps.hangouts.phone.ConversationActivity,app-request]
12-17 10:39:07.109  1937  2517 I am_home_stack_moved: [0,0,12,12,finishActivity adjustFocus setFocusedActivity]
12-17 10:39:07.109  1937  2517 I wm_task_moved: [72,1,1]
12-17 10:39:07.113  1937  2517 I am_focused_activity: [0,com.google.android.talk/.SigningInActivity]
12-17 10:39:07.114  1937  2517 I am_pause_activity: [0,155920996,com.google.android.talk/com.google.android.apps.hangouts.phone.ConversationActivity]
12-17 10:39:07.137 25065 25065 I am_on_paused_called: [0,com.google.android.apps.hangouts.phone.ConversationActivity]
12-17 10:39:07.138  1937  3241 I am_resume_activity: [0,210552710,72,com.google.android.talk/.SigningInActivity]
12-17 10:39:07.214 25065 25065 I am_on_resume_called: [0,com.google.android.talk.SigningInActivity]
12-17 10:39:07.551  1937  1953 I am_destroy_activity: [0,155920996,72,com.google.android.talk/com.google.android.apps.hangouts.phone.ConversationActivity,finish-imm]
12-17 10:39:07.882   363   363 I sf_frame_dur: [com.google.android.talk/com.google.android.apps.hangouts.phone.ConversationActivity,19,1,2,1,1,0,0]
12-17 10:39:08.090  1937  5512 I am_home_stack_moved: [0,0,12,12,intentActivityFound]
12-17 10:39:08.090  1937  5512 I wm_task_moved: [72,1,1]
12-17 10:39:08.093  1937  5512 I am_home_stack_moved: [0,0,12,12,sourceStackToFront]
12-17 10:39:08.093  1937  5512 I wm_task_moved: [72,1,1]
12-17 10:39:08.094  1937  5512 I am_create_activity: [0,165765857,72,com.google.android.talk/com.google.android.apps.hangouts.phone.ConversationActivity,NULL,NULL,NULL,335544320]
12-17 10:39:08.097  1937  5512 I am_pause_activity: [0,210552710,com.google.android.talk/.SigningInActivity]
12-17 10:39:08.101  1937  5512 I am_home_stack_moved: [0,0,12,12,startedActivity setFocusedActivity]
12-17 10:39:08.101  1937  5512 I wm_task_moved: [72,1,1]
12-17 10:39:08.105  1937  5512 I am_focused_activity: [0,com.google.android.talk/com.google.android.apps.hangouts.phone.ConversationActivity]
12-17 10:39:08.128 25065 25065 I am_on_paused_called: [0,com.google.android.talk.SigningInActivity]
12-17 10:39:08.133  1937  7042 I am_restart_activity: [0,165765857,72,com.google.android.talk/com.google.android.apps.hangouts.phone.ConversationActivity]
12-17 10:39:08.275 25065 25065 I am_on_resume_called: [0,com.google.android.apps.hangouts.phone.ConversationActivity]
12-17 10:39:08.492  5050  5158 I dvm_lock_sample: [com.motorola.motocare,0,ThermalThread,9993,read,LocalSocketImpl.java,103,,,0,150]
12-17 10:39:08.493  5050  5158 I dvm_lock_sample: [com.motorola.motocare,0,ThermalThread,9993,read,InputStreamReader.java,272,,,0,150]
12-17 10:39:08.493  5050  5158 I dvm_lock_sample: [com.motorola.motocare,0,ThermalThread,9994,readLine,BufferedReader.java,409,,,0,150]
12-17 10:39:08.755  1937  1973 I am_activity_launch_time: [0,165765857,com.google.android.talk/com.google.android.apps.hangouts.phone.ConversationActivity,623,623]
12-17 10:39:09.131   363   363 I sf_frame_dur: [com.google.android.talk/com.google.android.talk.SigningInActivity,41,6,0,1,1,0,0]
12-17 10:39:10.783 25065 25065 I menu_item_selected: [0,Turn history off]
12-17 10:39:10.951  1937  1937 I notification_canceled: [0|com.android.providers.downloads|0|1:com.android.vending|10016,8,69296,597,54054]
12-17 10:39:11.280   363   363 I sf_frame_dur: [PopupWindow:c0067a8,32,3,0,0,0,1,0]
12-17 10:39:12.335  1937  1937 I notification_enqueue: [1007,24622,com.motorola.bug2go,2,NULL,0,Notification(pri=0 contentView=com.motorola.bug2go/0x7f030005 vibrate=null sound=null defaults=0x0 flags=0x2 color=0x00000000 vis=PRIVATE),1]
12-17 10:39:13.696  3396 29826 I c2dm    : [8,com.google.android.talk:0:1450328953533697,2,2]
12-17 10:39:13.745  3396 29768 I c2dm    : [-7,,3,3]
12-17 10:39:13.842  1937  3093 I force_gc: Binder
12-17 10:39:13.892  1937  1951 I am_pss  : [30575,10082,com.google.android.inputmethod.latin,3803136,2797568]
12-17 10:39:13.927  1937  1937 I notification_enqueue: [1007,24622,com.motorola.bug2go,2,NULL,0,Notification(pri=0 contentView=com.motorola.bug2go/0x7f030005 vibrate=null sound=null defaults=0x0 flags=0x2 color=0x00000000 vis=PRIVATE),1]
12-17 10:39:13.947  1937  1937 I notification_enqueue: [1007,24622,com.motorola.bug2go,2,NULL,0,Notification(pri=0 contentView=com.motorola.bug2go/0x7f030005 vibrate=null sound=null defaults=0x0 flags=0x2 color=0x00000000 vis=PRIVATE),1]
12-17 10:39:17.427  3104  3191 I dvm_lock_sample: [com.android.phone,0,RILReceiver0,71235,read,LocalSocketImpl.java,103,,,0,150]
12-17 10:39:17.878  3396  3409 I force_gc: Binder
12-17 10:39:18.488  3396 29826 I c2dm    : [8,com.google.android.talk:0:1450328958562220,3,3]
12-17 10:39:18.493  3396 29768 I c2dm    : [-7,,4,4]
12-17 10:39:18.498  5050  5158 I dvm_lock_sample: [com.motorola.motocare,0,ThermalThread,9993,read,LocalSocketImpl.java,103,,,0,150]
12-17 10:39:18.498  5050  5158 I dvm_lock_sample: [com.motorola.motocare,0,ThermalThread,9994,read,InputStreamReader.java,272,,,0,150]
12-17 10:39:18.498  5050  5158 I dvm_lock_sample: [com.motorola.motocare,0,ThermalThread,9994,readLine,BufferedReader.java,409,,,0,150]
12-17 10:39:19.188  1937  1937 I notification_enqueue: [1000,3829,com.motorola.tools.batterytracer,2131165197,NULL,0,Notification(pri=0 contentView=com.motorola.tools.batterytracer/0x1090085 vibrate=null sound=null defaults=0x0 flags=0x62 color=0x00000000 vis=PRIVATE),1]
12-17 10:39:19.198  1937  2586 I notification_expansion: [0|com.motorola.tools.batterytracer|2131165197|null|1000,0,1,3320318,10,62302]
12-17 10:39:19.199  1937  3110 I notification_expansion: [0|com.motorola.bug2go|2|null|1007,0,0,363516,5252,62817]
12-17 10:39:20.629  1937  2433 I dvm_lock_sample: [system_server,0,NetdConnector,19968,read,LocalSocketImpl.java,103,,,0,150]
12-17 10:39:21.167  3396 29826 I c2dm    : [8,com.google.android.talk:0:1450328961275964,4,4]
12-17 10:39:21.169  3396 29768 I c2dm    : [-7,,5,5]
12-17 10:39:21.762  1937  1937 I notification_enqueue: [10037,30643,com.android.vending,-1050172287,NULL,0,Notification(pri=-1 contentView=null vibrate=null sound=null tick defaults=0x0 flags=0x110 color=0xff689f38 category=progress vis=PRIVATE),0]
12-17 10:39:21.812  1937  5512 I dvm_lock_sample: [system_server,1,Binder_D,35,getSessionInfo,PackageInstallerService.java,816,onSessionSealedBlocking,-,1262,7]
12-17 10:39:23.325  1937  1937 I notification_enqueue: [1007,24622,com.motorola.bug2go,2,NULL,0,Notification(pri=0 contentView=com.motorola.bug2go/0x7f030005 vibrate=null sound=null defaults=0x0 flags=0x2 color=0x00000000 vis=PRIVATE),1]
12-17 10:39:23.391  1937  1937 I notification_enqueue: [1007,24622,com.motorola.bug2go,2,NULL,0,Notification(pri=0 contentView=com.motorola.bug2go/0x7f030005 vibrate=null sound=null defaults=0x0 flags=0x2 color=0x00000000 vis=PRIVATE),1]
12-17 10:39:24.042  1937  2068 I am_proc_start: [0,31080,10013,com.android.defcontainer,service,com.android.defcontainer/.DefaultContainerService]
12-17 10:39:24.078  1937  7042 I am_proc_bound: [0,31080,com.android.defcontainer]
12-17 10:39:24.135  1937  1951 I am_pss  : [30643,10037,com.android.vending,11656192,9564160]
12-17 10:39:24.174  1937  1951 I am_pss  : [30453,10097,com.google.android.apps.plus,11604992,9711616]
12-17 10:39:25.158  3396 29826 I c2dm    : [8,com.google.android.talk:0:1450328964825915,5,5]
12-17 10:39:25.161  3396 29768 I c2dm    : [-7,,6,6]
12-17 10:39:25.205  3396 29826 I c2dm    : [8,com.google.android.talk:0:1450328964962007,6,6]
12-17 10:39:25.208  3396 29768 I c2dm    : [-7,,7,7]
12-17 10:39:25.528  1937  1951 I am_pss  : [30611,10006,android.process.acore,6619136,5271552]
12-17 10:39:26.331  1937  1951 I am_pss  : [19373,10020,com.google.android.gms,23733248,20307968]
12-17 10:39:26.334  3396 29826 I c2dm    : [8,com.google.android.talk:0:1450328966448569,7,7]
12-17 10:39:26.336  3396 29768 I c2dm    : [-7,,8,8]
12-17 10:39:28.491  3396 29826 I c2dm    : [8,com.google.android.talk:0:1450328968606138,8,8]
12-17 10:39:28.493  3396 29768 I c2dm    : [-7,,9,9]
12-17 10:39:28.506  5050  5158 I dvm_lock_sample: [com.motorola.motocare,0,ThermalThread,9997,read,LocalSocketImpl.java,103,,,0,150]
12-17 10:39:28.506  5050  5158 I dvm_lock_sample: [com.motorola.motocare,0,ThermalThread,9997,read,InputStreamReader.java,272,,,0,150]
12-17 10:39:28.506  5050  5158 I dvm_lock_sample: [com.motorola.motocare,0,ThermalThread,9997,readLine,BufferedReader.java,409,,,0,150]
12-17 10:39:29.142  3396 29826 I c2dm    : [8,com.google.android.talk:0:1450328969004174,9,9]
12-17 10:39:29.144  3396 29768 I c2dm    : [-7,,10,10]
12-17 10:39:29.177  1937  1937 I notification_enqueue: [1007,24622,com.motorola.bug2go,2,NULL,0,Notification(pri=0 contentView=com.motorola.bug2go/0x7f030005 vibrate=null sound=null defaults=0x0 flags=0x2 color=0x00000000 vis=PRIVATE),1]
12-17 10:39:29.198  1937  1937 I notification_enqueue: [1007,24622,com.motorola.bug2go,2,NULL,0,Notification(pri=0 contentView=com.motorola.bug2go/0x7f030005 vibrate=null sound=null defaults=0x0 flags=0x2 color=0x00000000 vis=PRIVATE),1]
12-17 10:39:29.264  5050  5158 I dvm_lock_sample: [com.motorola.motocare,0,ThermalThread,744,read,LocalSocketImpl.java,103,,,0,150]
12-17 10:39:29.264  5050  5158 I dvm_lock_sample: [com.motorola.motocare,0,ThermalThread,744,read,InputStreamReader.java,272,,,0,150]
12-17 10:39:29.264  5050  5158 I dvm_lock_sample: [com.motorola.motocare,0,ThermalThread,744,readLine,BufferedReader.java,409,,,0,150]
12-17 10:39:29.327  3396 29826 I c2dm    : [8,com.google.android.talk:0:1450328969397262,10,10]
12-17 10:39:29.336  3396 29768 I c2dm    : [-7,,11,11]
12-17 10:39:29.523  1937  1951 I am_pss  : [30157,10047,com.google.android.googlequicksearchbox:search,27580416,22802432]
12-17 10:39:31.513  1937  1937 I notification_enqueue: [1007,24622,com.motorola.bug2go,2,NULL,0,Notification(pri=0 contentView=com.motorola.bug2go/0x7f030005 vibrate=null sound=null defaults=0x0 flags=0x2 color=0x00000000 vis=PRIVATE),1]
12-17 10:39:31.539  1937  1937 I notification_enqueue: [1007,24622,com.motorola.bug2go,2,NULL,0,Notification(pri=0 contentView=com.motorola.bug2go/0x7f030005 vibrate=null sound=null defaults=0x0 flags=0x2 color=0x00000000 vis=PRIVATE),1]
12-17 10:39:31.540  1937  1937 I force_gc: Binder
12-17 10:39:34.232   363   363 I sf_frame_dur: [InputMethod,39,10,16,4,2,2,2]
12-17 10:39:36.164  5050  5158 I dvm_lock_sample: [com.motorola.motocare,0,ThermalThread,6893,read,LocalSocketImpl.java,103,,,0,150]
12-17 10:39:36.164  5050  5158 I dvm_lock_sample: [com.motorola.motocare,0,ThermalThread,6894,read,InputStreamReader.java,272,,,0,150]
12-17 10:39:36.164  5050  5158 I dvm_lock_sample: [com.motorola.motocare,0,ThermalThread,6894,readLine,BufferedReader.java,409,,,0,150]
12-17 10:39:36.370  1937  1937 I notification_enqueue: [1007,24622,com.motorola.bug2go,2,NULL,0,Notification(pri=0 contentView=com.motorola.bug2go/0x7f030005 vibrate=null sound=null defaults=0x0 flags=0x2 color=0x00000000 vis=PRIVATE),1]
12-17 10:39:36.381  1937  1937 I notification_enqueue: [1007,24622,com.motorola.bug2go,2,NULL,0,Notification(pri=0 contentView=com.motorola.bug2go/0x7f030005 vibrate=null sound=null defaults=0x0 flags=0x2 color=0x00000000 vis=PRIVATE),1]
12-17 10:39:37.124  1937  1951 I am_pss  : [30575,10082,com.google.android.inputmethod.latin,8426496,7016448]
12-17 10:39:37.505  1937  2068 I unknown_sources_enabled: 0
12-17 10:39:37.634  1937  1937 I notification_canceled: [0|com.android.vending|-1050172287|null|10037,8,15872,15872,0]
12-17 10:39:37.681  1937  3241 I am_proc_start: [0,31198,10024,com.google.android.partnersetup,broadcast,com.google.android.partnersetup/.RlzPingBroadcastReceiver]
12-17 10:39:37.753  1937  8646 I am_proc_bound: [0,31198,com.google.android.partnersetup]
12-17 10:39:37.818  1937  1937 I notification_cancel_all: [1000,1937,com.google.android.apps.translate,0,0,0,5,NULL]
12-17 10:39:37.865  1937  1937 I notification_enqueue: [10037,30643,com.android.vending,874755343,NULL,0,Notification(pri=-1 contentView=null vibrate=null sound=null tick defaults=0x0 flags=0x110 color=0xff689f38 category=status vis=PRIVATE),0]
12-17 10:39:37.998  1937  2586 I am_proc_start: [0,31216,10067,com.google.android.apps.docs,broadcast,com.google.android.apps.docs/.receivers.AppPackageAddRemoveReceiver]
12-17 10:39:38.074  1937  3128 I am_proc_bound: [0,31216,com.google.android.apps.docs]
12-17 10:39:38.443  1937  2586 I notification_cancel_all: [10016,24506,com.android.providers.downloads,0,0,64,9,NULL]
12-17 10:39:38.511  5050  5158 I dvm_lock_sample: [com.motorola.motocare,0,ThermalThread,2338,read,LocalSocketImpl.java,103,,,0,150]
12-17 10:39:38.511  5050  5158 I dvm_lock_sample: [com.motorola.motocare,0,ThermalThread,2339,read,InputStreamReader.java,272,,,0,150]
12-17 10:39:38.511  5050  5158 I dvm_lock_sample: [com.motorola.motocare,0,ThermalThread,2339,readLine,BufferedReader.java,409,,,0,150]
12-17 10:39:38.572  1937  2535 I notification_expansion: [0|com.android.providers.downloads|0|1:com.android.vending|10016,0,1,32,32,0]
12-17 10:39:38.572  1937  8646 I notification_expansion: [0|com.motorola.tools.batterytracer|2131165197|null|1000,0,0,3339692,19384,81676]
12-17 10:39:38.988  1937  3263 I am_kill : [0,30453,com.google.android.apps.plus,15,empty #7]
12-17 10:39:39.051  1937  6726 I dvm_lock_sample: [system_server,1,Binder_E,61,refContentProvider,ActivityManagerService.java,10102,processNextBroadcast,BroadcastQueue.java,639,12]
12-17 10:39:39.053  1937  2586 I am_proc_died: [0,30453,com.google.android.apps.plus]
12-17 10:39:39.195 19373 19905 I force_gc: Binder
12-17 10:39:39.341  1937  5512 I am_proc_start: [0,31259,10097,com.google.android.apps.plus,broadcast,com.google.android.apps.plus/.service.PackagesMediaMonitor]
12-17 10:39:39.424  1937  2517 I am_proc_bound: [0,31259,com.google.android.apps.plus]
12-17 10:39:40.084 25065 25065 I menu_item_selected: [0,Video call]
12-17 10:39:40.181  1937  6726 I am_home_stack_moved: [0,0,12,12,sourceStackToFront]
12-17 10:39:40.181  1937  6726 I wm_task_moved: [72,1,1]
12-17 10:39:40.183  1937  6726 I am_create_activity: [0,21794532,72,com.google.android.talk/com.google.android.apps.hangouts.hangout.HangoutActivity,unique1450328980167,NULL,NULL,0]
12-17 10:39:40.184  1937  6726 I am_pause_activity: [0,165765857,com.google.android.talk/com.google.android.apps.hangouts.phone.ConversationActivity]
12-17 10:39:40.185  1937  6726 I am_home_stack_moved: [0,0,12,12,startedActivity setFocusedActivity]
12-17 10:39:40.185  1937  6726 I wm_task_moved: [72,1,1]
12-17 10:39:40.218  1937  6726 I am_focused_activity: [0,com.google.android.talk/com.google.android.apps.hangouts.hangout.HangoutActivity]
12-17 10:39:40.259  1937  3128 I am_proc_start: [0,31287,10104,com.gaana,broadcast,com.gaana/seventynine.sdk.ReceiverScreen]
