12-17 10:50:37.853  1937  1948 D PowerManagerService: releaseWakeLockInternal: lock=181147393 [GCoreFlp], flags=0x0
12-17 10:50:37.853  1937  1948 D PowerManagerService: updateWakeLockSummaryLocked: mWakefulness=Awake, mWakeLockSummary=0x1
12-17 10:50:37.853  1937  1948 D PowerManagerService: updateUserActivitySummaryLocked: mWakefulness=Awake, mUserActivitySummary=0x1, nextTimeout=1874050 (in 4136 ms)
12-17 10:50:37.854  1937  1948 D DisplayPowerController: requestPowerState: policy=BRIGHT, useProximitySensor=false, screenBrightness=94, screenAutoBrightnessAdjustment=0.6611328, brightnessSetByUser=true, useAutoBrightness=true, blockScreenOn=false, lowPowerMode=false, boostScreenBrightness=false, dozeScreenBrightness=-1, dozeScreenState=UNKNOWN, buttonBrightnessOverride=-1, waitForNegativeProximity=false
12-17 10:50:37.854  1937  1948 D PowerManagerService: updateDisplayPowerStateLocked: mDisplayReady=true, policy=3, mWakefulness=1, mWakeLockSummary=0x1, mUserActivitySummary=0x1, mBootCompleted=true, mScreenBrightnessBoostInProgress=false
12-17 10:50:37.894  1937  2427 D PowerManagerService: acquireWakeLockInternal: lock=164144510, flags=0x1, tag="PhoneWindowManager.mPowerKeyWakeLock", ws=null, uid=1000, pid=1937
12-17 10:50:37.894  1937  2427 D PowerManagerService: updateWakeLockSummaryLocked: mWakefulness=Awake, mWakeLockSummary=0x1
12-17 10:50:37.894  1937  2427 D PowerManagerService: updateUserActivitySummaryLocked: mWakefulness=Awake, mUserActivitySummary=0x1, nextTimeout=1874050 (in 4095 ms)
12-17 10:50:37.895  1937  2427 D DisplayPowerController: requestPowerState: policy=BRIGHT, useProximitySensor=false, screenBrightness=94, screenAutoBrightnessAdjustment=0.6611328, brightnessSetByUser=true, useAutoBrightness=true, blockScreenOn=false, lowPowerMode=false, boostScreenBrightness=false, dozeScreenBrightness=-1, dozeScreenState=UNKNOWN, buttonBrightnessOverride=-1, waitForNegativeProximity=false
12-17 10:50:37.895  1937  2427 D PowerManagerService: updateDisplayPowerStateLocked: mDisplayReady=true, policy=3, mWakefulness=1, mWakeLockSummary=0x1, mUserActivitySummary=0x1, mBootCompleted=true, mScreenBrightnessBoostInProgress=false
12-17 10:50:38.094  1937  1983 D DisplayPowerController: Animating brightness: target=85, rate=40
12-17 10:50:38.095  1937  1983 D DisplayPowerController: Unfinished business...
12-17 10:50:38.103  1937  3128 W WindowManager: Failed looking up window
12-17 10:50:38.103  1937  3128 W WindowManager: java.lang.IllegalArgumentException: Requested window android.os.BinderProxy@8990aca does not exist
12-17 10:50:38.103  1937  3128 W WindowManager: 	at com.android.server.wm.WindowManagerService.windowForClientLocked(WindowManagerService.java:8803)
12-17 10:50:38.103  1937  3128 W WindowManager: 	at com.android.server.wm.WindowManagerService.windowForClientLocked(WindowManagerService.java:8794)
12-17 10:50:38.103  1937  3128 W WindowManager: 	at com.android.server.wm.WindowManagerService.removeWindow(WindowManagerService.java:2740)
12-17 10:50:38.103  1937  3128 W WindowManager: 	at com.android.server.wm.Session.remove(Session.java:187)
12-17 10:50:38.103  1937  3128 W WindowManager: 	at android.view.IWindowSession$Stub.onTransact(IWindowSession.java:242)
12-17 10:50:38.103  1937  3128 W WindowManager: 	at com.android.server.wm.Session.onTransact(Session.java:130)
12-17 10:50:38.103  1937  3128 W WindowManager: 	at android.os.Binder.execTransact(Binder.java:453)
12-17 10:50:38.115  1937  1948 D PowerManagerService: acquireWakeLockInternal: lock=97756392, flags=0x1, tag="Wakeful StateMachine: GeofencerStateMachine", ws=WorkSource{10020 com.google.android.gms}, uid=10020, pid=3396
12-17 10:50:38.115  1937  1948 D PowerManagerService: updateWakeLockSummaryLocked: mWakefulness=Awake, mWakeLockSummary=0x1
12-17 10:50:38.115  1937  1948 D PowerManagerService: updateUserActivitySummaryLocked: mWakefulness=Awake, mUserActivitySummary=0x1, nextTimeout=1874050 (in 3874 ms)
12-17 10:50:38.115  1937  1948 D DisplayPowerController: requestPowerState: policy=BRIGHT, useProximitySensor=false, screenBrightness=94, screenAutoBrightnessAdjustment=0.6611328, brightnessSetByUser=true, useAutoBrightness=true, blockScreenOn=false, lowPowerMode=false, boostScreenBrightness=false, dozeScreenBrightness=-1, dozeScreenState=UNKNOWN, buttonBrightnessOverride=-1, waitForNegativeProximity=false
12-17 10:50:38.116  1937  1948 D PowerManagerService: updateDisplayPowerStateLocked: mDisplayReady=true, policy=3, mWakefulness=1, mWakeLockSummary=0x1, mUserActivitySummary=0x1, mBootCompleted=true, mScreenBrightnessBoostInProgress=false
12-17 10:50:38.119  1937  7042 D PowerManagerService: releaseWakeLockInternal: lock=97756392 [Wakeful StateMachine: GeofencerStateMachine], flags=0x0
12-17 10:50:38.120  1937  7042 D PowerManagerService: updateWakeLockSummaryLocked: mWakefulness=Awake, mWakeLockSummary=0x1
12-17 10:50:38.120  1937  7042 D PowerManagerService: updateUserActivitySummaryLocked: mWakefulness=Awake, mUserActivitySummary=0x1, nextTimeout=1874050 (in 3869 ms)
12-17 10:50:38.123  1937  1983 D DisplayPowerState: setScreenBrightness: brightness=133
12-17 10:50:38.123  1937  1983 D DisplayPowerState: Requesting new screen state: state=ON, backlight=133
12-17 10:50:38.123  1937  1983 D DisplayPowerState: Screen not ready
12-17 10:50:38.124  1937  2470 D DisplayPowerState: Updating screen state: state=ON, backlight=133, button backlight = 0
12-17 10:50:38.127  1937  7042 D DisplayPowerController: requestPowerState: policy=BRIGHT, useProximitySensor=false, screenBrightness=94, screenAutoBrightnessAdjustment=0.6611328, brightnessSetByUser=true, useAutoBrightness=true, blockScreenOn=false, lowPowerMode=false, boostScreenBrightness=false, dozeScreenBrightness=-1, dozeScreenState=UNKNOWN, buttonBrightnessOverride=-1, waitForNegativeProximity=false
12-17 10:50:38.127  1937  7042 D PowerManagerService: updateDisplayPowerStateLocked: mDisplayReady=true, policy=3, mWakefulness=1, mWakeLockSummary=0x1, mUserActivitySummary=0x1, mBootCompleted=true, mScreenBrightnessBoostInProgress=false
12-17 10:50:38.127  1937  2944 D PowerManagerService: acquireWakeLockInternal: lock=181147393, flags=0x1, tag="GCoreFlp", ws=WorkSource{10020 com.google.android.gms}, uid=10020, pid=3396
12-17 10:50:38.127  1937  2944 D PowerManagerService: updateWakeLockSummaryLocked: mWakefulness=Awake, mWakeLockSummary=0x1
12-17 10:50:38.127  1937  2944 D PowerManagerService: updateUserActivitySummaryLocked: mWakefulness=Awake, mUserActivitySummary=0x1, nextTimeout=1874050 (in 3862 ms)
12-17 10:50:38.128  1937  2944 D DisplayPowerController: requestPowerState: policy=BRIGHT, useProximitySensor=false, screenBrightness=94, screenAutoBrightnessAdjustment=0.6611328, brightnessSetByUser=true, useAutoBrightness=true, blockScreenOn=false, lowPowerMode=false, boostScreenBrightness=false, dozeScreenBrightness=-1, dozeScreenState=UNKNOWN, buttonBrightnessOverride=-1, waitForNegativeProximity=false
12-17 10:50:38.128  1937  2944 D PowerManagerService: updateDisplayPowerStateLocked: mDisplayReady=true, policy=3, mWakefulness=1, mWakeLockSummary=0x1, mUserActivitySummary=0x1, mBootCompleted=true, mScreenBrightnessBoostInProgress=false
12-17 10:50:38.129  1937  1983 D DisplayPowerState: Screen ready
12-17 10:50:38.138  1937  1983 D DisplayPowerState: setScreenBrightness: brightness=132
12-17 10:50:38.138  1937  1983 D DisplayPowerState: Requesting new screen state: state=ON, backlight=132
12-17 10:50:38.138  1937  1983 D DisplayPowerState: Screen not ready
12-17 10:50:38.138  1937  2470 D DisplayPowerState: Updating screen state: state=ON, backlight=132, button backlight = 0
12-17 10:50:38.140  1937  1983 D DisplayPowerState: Screen ready
12-17 10:50:38.155  1937  5512 D PowerManagerService: releaseWakeLockInternal: lock=181147393 [GCoreFlp], flags=0x0
12-17 10:50:38.155  1937  5512 D PowerManagerService: updateWakeLockSummaryLocked: mWakefulness=Awake, mWakeLockSummary=0x1
12-17 10:50:38.155  1937  5512 D PowerManagerService: updateUserActivitySummaryLocked: mWakefulness=Awake, mUserActivitySummary=0x1, nextTimeout=1874050 (in 3834 ms)
12-17 10:50:38.169  1937  5512 D DisplayPowerController: requestPowerState: policy=BRIGHT, useProximitySensor=false, screenBrightness=94, screenAutoBrightnessAdjustment=0.6611328, brightnessSetByUser=true, useAutoBrightness=true, blockScreenOn=false, lowPowerMode=false, boostScreenBrightness=false, dozeScreenBrightness=-1, dozeScreenState=UNKNOWN, buttonBrightnessOverride=-1, waitForNegativeProximity=false
12-17 10:50:38.169  1937  5512 D PowerManagerService: updateDisplayPowerStateLocked: mDisplayReady=true, policy=3, mWakefulness=1, mWakeLockSummary=0x1, mUserActivitySummary=0x1, mBootCompleted=true, mScreenBrightnessBoostInProgress=false
12-17 10:50:38.169  1937  2427 D PowerManagerService: goToSleepNoUpdateLocked: eventTime=1869955, reason=4, flags=0, uid=1000
12-17 10:50:38.170  1937  2427 I PowerManagerService: Going to sleep due to power button (uid 1000)...
12-17 10:50:38.170  1937  2427 D PowerManagerService: updateWakeLockSummaryLocked: mWakefulness=Dozing, mWakeLockSummary=0x1
12-17 10:50:38.170  1937  2427 D PowerManagerService: updateUserActivitySummaryLocked: mWakefulness=Dozing, mUserActivitySummary=0x1, nextTimeout=1874050 (in 3819 ms)
12-17 10:50:38.171  1937  1983 D DisplayPowerState: setScreenBrightness: brightness=131
12-17 10:50:38.181  1937  1983 D DisplayPowerState: Requesting new screen state: state=ON, backlight=131
12-17 10:50:38.181  1937  1983 D DisplayPowerState: Screen not ready
12-17 10:50:38.181  1937  2427 D DisplayPowerController: requestPowerState: policy=OFF, useProximitySensor=false, screenBrightness=94, screenAutoBrightnessAdjustment=0.6611328, brightnessSetByUser=true, useAutoBrightness=true, blockScreenOn=false, lowPowerMode=false, boostScreenBrightness=false, dozeScreenBrightness=-1, dozeScreenState=UNKNOWN, buttonBrightnessOverride=-1, waitForNegativeProximity=false
12-17 10:50:38.181  1937  2427 D PowerManagerService: updateDisplayPowerStateLocked: mDisplayReady=false, policy=0, mWakefulness=3, mWakeLockSummary=0x1, mUserActivitySummary=0x1, mBootCompleted=true, mScreenBrightnessBoostInProgress=false
12-17 10:50:38.181  1937  2427 D PowerManagerService: releaseWakeLockInternal: lock=164144510 [PhoneWindowManager.mPowerKeyWakeLock], flags=0x0
12-17 10:50:38.182  1937  2427 D PowerManagerService: updateWakeLockSummaryLocked: mWakefulness=Dozing, mWakeLockSummary=0x1
12-17 10:50:38.182  1937  2427 D PowerManagerService: updateUserActivitySummaryLocked: mWakefulness=Dozing, mUserActivitySummary=0x1, nextTimeout=1874050 (in 3807 ms)
12-17 10:50:38.182  1937  2470 D DisplayPowerState: Updating screen state: state=ON, backlight=131, button backlight = 0
12-17 10:50:38.185  1937  2427 D DisplayPowerController: requestPowerState: policy=OFF, useProximitySensor=false, screenBrightness=94, screenAutoBrightnessAdjustment=0.6611328, brightnessSetByUser=true, useAutoBrightness=true, blockScreenOn=false, lowPowerMode=false, boostScreenBrightness=false, dozeScreenBrightness=-1, dozeScreenState=UNKNOWN, buttonBrightnessOverride=-1, waitForNegativeProximity=false
12-17 10:50:38.186  1937  2427 D PowerManagerService: updateDisplayPowerStateLocked: mDisplayReady=false, policy=0, mWakefulness=3, mWakeLockSummary=0x1, mUserActivitySummary=0x1, mBootCompleted=true, mScreenBrightnessBoostInProgress=false
12-17 10:50:38.190   363   363 I SFPerfTracer:       trigger: frame rate (-28.628%)	(42.823 fps)	(23.352 ms) 	(2 drops)	(10 frames)
12-17 10:50:38.190   363   363 I SFPerfTracer:      triggers: (rate: 38:2742) (compose: 0:111) (post: 0:107) (render: 2:333) (10:17809 frames) (11:24323)
12-17 10:50:38.190   363   363 D SFPerfTracer:        layers: (2:11) (FocusedStackFrame (0xb883faf8): 0:287)* (DimLayer (0xb8841658): 0:24)* (StatusBar (0xb8861168): 11:11186) (com.android.systemui.ImageWallpaper (0xb8882058): 0:660) (DimLayer (0xb888fb50): 0:157)* (DimLayer (0xb87d9768): 0:28)* (com.google.android.talk/com.google.android.apps.hangouts.hangout.HangoutActivity (0xb8899e68): 0:1960)- (NavigationBar (0xb886d2c0): 0:313)- (ColorFade (0xb8879048): 0:26)- (Application Not Responding: com.google.android.talk (0xb88972f0): 0:5)* 
12-17 10:50:38.262  1937  1983 D DisplayPowerState: Screen ready
12-17 10:50:38.262  1937  1983 D DisplayPowerState: setScreenBrightness: brightness=128
12-17 10:50:38.264  1937  1983 D DisplayPowerState: Requesting new screen state: state=ON, backlight=128
12-17 10:50:38.264  1937  1983 D DisplayPowerState: Screen not ready
12-17 10:50:38.264  1937  2470 D DisplayPowerState: Updating screen state: state=ON, backlight=128, button backlight = 0
12-17 10:50:38.265  1937  1983 D DisplayPowerState: Screen ready
12-17 10:50:38.273  1937  1983 D DisplayPowerState: setScreenBrightness: brightness=127
12-17 10:50:38.273  1937  1983 D DisplayPowerState: setColorFadeLevel: level=0.9960574
12-17 10:50:38.274  1937  1983 D DisplayPowerState: Requesting new screen state: state=ON, backlight=127
12-17 10:50:38.275  1937  1983 D DisplayPowerState: Screen not ready
12-17 10:50:38.275  1937  2470 D DisplayPowerState: Updating screen state: state=ON, backlight=127, button backlight = 0
12-17 10:50:38.275  1937  1983 D DisplayPowerState: Screen ready
12-17 10:50:38.290  1937  1983 D DisplayPowerState: setScreenBrightness: brightness=126
12-17 10:50:38.296  1937  1983 D DisplayPowerState: setColorFadeLevel: level=0.9833001
12-17 10:50:38.310  1937  1983 D DisplayPowerState: Requesting new screen state: state=ON, backlight=126
12-17 10:50:38.310  1937  1983 D DisplayPowerState: Screen not ready
12-17 10:50:38.310  1937  1983 D DisplayPowerState: setColorFadeLevel: level=0.96193975
12-17 10:50:38.310  1937  2470 D DisplayPowerState: Updating screen state: state=ON, backlight=126, button backlight = 0
12-17 10:50:38.317  1937  1983 D DisplayPowerState: Screen ready
12-17 10:50:38.321  1937  1983 D DisplayPowerState: setScreenBrightness: brightness=125
12-17 10:50:38.321  1937  1983 D DisplayPowerState: setColorFadeLevel: level=0.9343158
12-17 10:50:38.329  1937  1983 D DisplayPowerState: Requesting new screen state: state=ON, backlight=125
12-17 10:50:38.329  1937  1983 D DisplayPowerState: Screen not ready
12-17 10:50:38.330  1937  2470 D DisplayPowerState: Updating screen state: state=ON, backlight=125, button backlight = 0
12-17 10:50:38.330  1937  1983 D DisplayPowerState: Screen ready
12-17 10:50:38.339  1937  1983 D DisplayPowerState: setScreenBrightness: brightness=124
12-17 10:50:38.347  1937  1983 D DisplayPowerState: setColorFadeLevel: level=0.8974722
12-17 10:50:38.347  1937  1983 D DisplayPowerState: Requesting new screen state: state=ON, backlight=124
12-17 10:50:38.347  1937  1983 D DisplayPowerState: Screen not ready
12-17 10:50:38.348  1937  2470 D DisplayPowerState: Updating screen state: state=ON, backlight=124, button backlight = 0
12-17 10:50:38.348  1937  1983 D DisplayPowerState: Screen ready
12-17 10:50:38.355  1937  1983 D DisplayPowerState: setColorFadeLevel: level=0.8535534
12-17 10:50:38.356  1937  1983 D DisplayPowerState: Screen ready
12-17 10:50:38.371  1937  1983 D DisplayPowerState: setScreenBrightness: brightness=123
12-17 10:50:38.371  1937  1983 D DisplayPowerState: setColorFadeLevel: level=0.8064536
12-17 10:50:38.372  1937  1983 D DisplayPowerState: Requesting new screen state: state=ON, backlight=123
12-17 10:50:38.372  1937  1983 D DisplayPowerState: Screen not ready
12-17 10:50:38.372  1937  2470 D DisplayPowerState: Updating screen state: state=ON, backlight=123, button backlight = 0
12-17 10:50:38.372  1937  1983 D DisplayPowerState: Screen ready
12-17 10:50:38.388  1937  1983 D DisplayPowerState: setScreenBrightness: brightness=122
12-17 10:50:38.388  1937  1983 D DisplayPowerState: setColorFadeLevel: level=0.7511328
12-17 10:50:38.390  1937  1983 D DisplayPowerState: Requesting new screen state: state=ON, backlight=122
12-17 10:50:38.390  1937  1983 D DisplayPowerState: Screen not ready
12-17 10:50:38.390  1937  2470 D DisplayPowerState: Updating screen state: state=ON, backlight=122, button backlight = 0
12-17 10:50:38.391  1937  1983 D DisplayPowerState: Screen ready
12-17 10:50:38.405  1937  1983 D DisplayPowerState: setColorFadeLevel: level=0.6913417
12-17 10:50:38.406  1937  1983 D DisplayPowerState: Screen ready
12-17 10:50:38.421  1937  1983 D DisplayPowerState: setScreenBrightness: brightness=121
12-17 10:50:38.421  1937  1983 D DisplayPowerState: setColorFadeLevel: level=0.63193655
12-17 10:50:38.422  1937  1983 D DisplayPowerState: Requesting new screen state: state=ON, backlight=121
12-17 10:50:38.423  1937  1983 D DisplayPowerState: Screen not ready
12-17 10:50:38.423  1937  2470 D DisplayPowerState: Updating screen state: state=ON, backlight=121, button backlight = 0
12-17 10:50:38.426  1937  1983 D DisplayPowerState: Screen ready
12-17 10:50:38.430  1937  2437 D PowerManagerService: acquireWakeLockInternal: lock=114066577, flags=0x1, tag="WifiSuspend", ws=null, uid=1000, pid=1937
12-17 10:50:38.430  1937  2437 D PowerManagerService: updateWakeLockSummaryLocked: mWakefulness=Dozing, mWakeLockSummary=0x1
12-17 10:50:38.430  1937  2437 D PowerManagerService: updateUserActivitySummaryLocked: mWakefulness=Dozing, mUserActivitySummary=0x1, nextTimeout=1874050 (in 3559 ms)
12-17 10:50:38.433  1937  2437 D DisplayPowerController: requestPowerState: policy=OFF, useProximitySensor=false, screenBrightness=94, screenAutoBrightnessAdjustment=0.6611328, brightnessSetByUser=true, useAutoBrightness=true, blockScreenOn=false, lowPowerMode=false, boostScreenBrightness=false, dozeScreenBrightness=-1, dozeScreenState=UNKNOWN, buttonBrightnessOverride=-1, waitForNegativeProximity=false
12-17 10:50:38.434  1937  2437 D PowerManagerService: updateDisplayPowerStateLocked: mDisplayReady=false, policy=0, mWakefulness=3, mWakeLockSummary=0x1, mUserActivitySummary=0x1, mBootCompleted=true, mScreenBrightnessBoostInProgress=false
12-17 10:50:38.438  1937  1983 D DisplayPowerState: setScreenBrightness: brightness=120
12-17 10:50:38.439  1937  1983 D DisplayPowerState: setColorFadeLevel: level=0.5665607
12-17 10:50:38.442  1937  1983 D DisplayPowerState: Requesting new screen state: state=ON, backlight=120
12-17 10:50:38.442  1937  1983 D DisplayPowerState: Screen not ready
12-17 10:50:38.442  1937  2470 D DisplayPowerState: Updating screen state: state=ON, backlight=120, button backlight = 0
12-17 10:50:38.442  1937  1983 D DisplayPowerState: Screen ready
12-17 10:50:38.455  1937  1983 D DisplayPowerState: setColorFadeLevel: level=0.5
12-17 10:50:38.455  1937  1983 D DisplayPowerState: Screen ready
12-17 10:50:38.470  1937  2437 D PowerManagerService: releaseWakeLockInternal: lock=114066577 [WifiSuspend], flags=0x0
12-17 10:50:38.470  1937  2437 D PowerManagerService: updateWakeLockSummaryLocked: mWakefulness=Dozing, mWakeLockSummary=0x1
12-17 10:50:38.470  1937  2437 D PowerManagerService: updateUserActivitySummaryLocked: mWakefulness=Dozing, mUserActivitySummary=0x1, nextTimeout=1874050 (in 3519 ms)
12-17 10:50:38.471  1937  1983 D DisplayPowerState: setScreenBrightness: brightness=119
12-17 10:50:38.471  1937  1983 D DisplayPowerState: setColorFadeLevel: level=0.43733346
12-17 10:50:38.473  1937  2437 D DisplayPowerController: requestPowerState: policy=OFF, useProximitySensor=false, screenBrightness=94, screenAutoBrightnessAdjustment=0.6611328, brightnessSetByUser=true, useAutoBrightness=true, blockScreenOn=false, lowPowerMode=false, boostScreenBrightness=false, dozeScreenBrightness=-1, dozeScreenState=UNKNOWN, buttonBrightnessOverride=-1, waitForNegativeProximity=false
12-17 10:50:38.473  1937  2437 D PowerManagerService: updateDisplayPowerStateLocked: mDisplayReady=false, policy=0, mWakefulness=3, mWakeLockSummary=0x1, mUserActivitySummary=0x1, mBootCompleted=true, mScreenBrightnessBoostInProgress=false
12-17 10:50:38.474  1937  1983 D DisplayPowerState: Requesting new screen state: state=ON, backlight=119
12-17 10:50:38.474  1937  1983 D DisplayPowerState: Screen not ready
12-17 10:50:38.474  1937  2470 D DisplayPowerState: Updating screen state: state=ON, backlight=119, button backlight = 0
12-17 10:50:38.475  1937  1983 D DisplayPowerState: Screen ready
12-17 10:50:38.488  1937  1983 D DisplayPowerState: setScreenBrightness: brightness=118
12-17 10:50:38.488  1937  1983 D DisplayPowerState: setColorFadeLevel: level=0.37185538
12-17 10:50:38.491  1937  1983 D DisplayPowerState: Requesting new screen state: state=ON, backlight=118
12-17 10:50:38.491  1937  1983 D DisplayPowerState: Screen not ready
12-17 10:50:38.491  1937  2470 D DisplayPowerState: Updating screen state: state=ON, backlight=118, button backlight = 0
12-17 10:50:38.491  1937  1983 D DisplayPowerState: Screen ready
12-17 10:50:38.505  1937  1983 D DisplayPowerState: setColorFadeLevel: level=0.3086583
12-17 10:50:38.512  1937  1983 D DisplayPowerState: Screen ready
12-17 10:50:38.522  1937  1983 D DisplayPowerState: setScreenBrightness: brightness=117
12-17 10:50:38.522  1937  1983 D DisplayPowerState: setColorFadeLevel: level=0.2522707
12-17 10:50:38.523  1937  1983 D DisplayPowerState: Requesting new screen state: state=ON, backlight=117
12-17 10:50:38.523  1937  1983 D DisplayPowerState: Screen not ready
12-17 10:50:38.523  1937  2470 D DisplayPowerState: Updating screen state: state=ON, backlight=117, button backlight = 0
12-17 10:50:38.523  1937  1983 D DisplayPowerState: Screen ready
12-17 10:50:38.538  1937  1983 D DisplayPowerState: setScreenBrightness: brightness=116
12-17 10:50:38.543  1937  1983 D DisplayPowerState: setColorFadeLevel: level=0.19665885
12-17 10:50:38.544  1937  1983 D DisplayPowerState: Requesting new screen state: state=ON, backlight=116
12-17 10:50:38.544  1937  1983 D DisplayPowerState: Screen not ready
12-17 10:50:38.544  1937  2470 D DisplayPowerState: Updating screen state: state=ON, backlight=116, button backlight = 0
12-17 10:50:38.544  1937  1983 D DisplayPowerState: Screen ready
12-17 10:50:38.557  1937  1983 D DisplayPowerState: setColorFadeLevel: level=0.14644659
12-17 10:50:38.559  1937  1983 D DisplayPowerState: Screen ready
12-17 10:50:38.571  1937  1983 D DisplayPowerState: setScreenBrightness: brightness=115
12-17 10:50:38.571  1937  1983 D DisplayPowerState: setColorFadeLevel: level=0.10492253
12-17 10:50:38.572  1937  1983 D DisplayPowerState: Requesting new screen state: state=ON, backlight=115
12-17 10:50:38.572  1937  1983 D DisplayPowerState: Screen not ready
12-17 10:50:38.572  1937  2470 D DisplayPowerState: Updating screen state: state=ON, backlight=115, button backlight = 0
12-17 10:50:38.573  1937  1983 D DisplayPowerState: Screen ready
12-17 10:50:38.588  1937  1983 D DisplayPowerState: setScreenBrightness: brightness=114
12-17 10:50:38.588  1937  1983 D DisplayPowerState: setColorFadeLevel: level=0.067643285
12-17 10:50:38.593  1937  1983 D DisplayPowerState: Requesting new screen state: state=ON, backlight=114
12-17 10:50:38.704   363   946 I SFPerfTracer:      triggers: (rate: 0:7) (944 sw vsyncs) (0 skipped) (24:22298 vsyncs) (26:34612)
12-17 10:50:40.142  1937  3093 D PowerManagerService: acquireWakeLockInternal: lock=255208400, flags=0x1, tag="hangouts_rtcs", ws=null, uid=10078, pid=25065
12-17 10:50:40.142  1937  3093 D PowerManagerService: updateWakeLockSummaryLocked: mWakefulness=Awake, mWakeLockSummary=0x1
12-17 10:50:40.142  1937  3093 D PowerManagerService: updateUserActivitySummaryLocked: mWakefulness=Awake, mUserActivitySummary=0x1, nextTimeout=1877274 (in 5071 ms)
12-17 10:50:40.143  1937  3093 D DisplayPowerController: requestPowerState: policy=BRIGHT, useProximitySensor=false, screenBrightness=94, screenAutoBrightnessAdjustment=0.6611328, brightnessSetByUser=true, useAutoBrightness=true, blockScreenOn=false, lowPowerMode=false, boostScreenBrightness=false, dozeScreenBrightness=-1, dozeScreenState=UNKNOWN, buttonBrightnessOverride=-1, waitForNegativeProximity=false
12-17 10:50:40.143  1937  3093 D PowerManagerService: updateDisplayPowerStateLocked: mDisplayReady=true, policy=3, mWakefulness=1, mWakeLockSummary=0x1, mUserActivitySummary=0x1, mBootCompleted=true, mScreenBrightnessBoostInProgress=false
12-17 10:50:40.217  1937  2944 D PowerManagerService: releaseWakeLockInternal: lock=255208400 [hangouts_rtcs], flags=0x0
12-17 10:50:40.217  1937  2944 D PowerManagerService: updateWakeLockSummaryLocked: mWakefulness=Awake, mWakeLockSummary=0x1
12-17 10:50:40.217  1937  2944 D PowerManagerService: updateUserActivitySummaryLocked: mWakefulness=Awake, mUserActivitySummary=0x1, nextTimeout=1877274 (in 4996 ms)
12-17 10:50:40.218  1937  2944 D DisplayPowerController: requestPowerState: policy=BRIGHT, useProximitySensor=false, screenBrightness=94, screenAutoBrightnessAdjustment=0.6611328, brightnessSetByUser=true, useAutoBrightness=true, blockScreenOn=false, lowPowerMode=false, boostScreenBrightness=false, dozeScreenBrightness=-1, dozeScreenState=UNKNOWN, buttonBrightnessOverride=-1, waitForNegativeProximity=false
12-17 10:50:40.218  1937  2944 D PowerManagerService: updateDisplayPowerStateLocked: mDisplayReady=true, policy=3, mWakefulness=1, mWakeLockSummary=0x1, mUserActivitySummary=0x1, mBootCompleted=true, mScreenBrightnessBoostInProgress=false
12-17 10:50:40.268  1937  2586 D PowerManagerService: acquireWakeLockInternal: lock=255208400, flags=0x1, tag="hangouts_rtcs", ws=null, uid=10078, pid=25065
12-17 10:50:40.268  1937  2586 D PowerManagerService: updateWakeLockSummaryLocked: mWakefulness=Awake, mWakeLockSummary=0x1
12-17 10:50:40.268  1937  2586 D PowerManagerService: updateUserActivitySummaryLocked: mWakefulness=Awake, mUserActivitySummary=0x1, nextTimeout=1877274 (in 4945 ms)
12-17 10:50:40.269  1937  2586 D DisplayPowerController: requestPowerState: policy=BRIGHT, useProximitySensor=false, screenBrightness=94, screenAutoBrightnessAdjustment=0.6611328, brightnessSetByUser=true, useAutoBrightness=true, blockScreenOn=false, lowPowerMode=false, boostScreenBrightness=false, dozeScreenBrightness=-1, dozeScreenState=UNKNOWN, buttonBrightnessOverride=-1, waitForNegativeProximity=false
12-17 10:50:40.269  1937  2586 D PowerManagerService: updateDisplayPowerStateLocked: mDisplayReady=true, policy=3, mWakefulness=1, mWakeLockSummary=0x1, mUserActivitySummary=0x1, mBootCompleted=true, mScreenBrightnessBoostInProgress=false
12-17 10:50:40.271  1937  1983 D DisplayPowerController: Animating brightness: target=99, rate=40
12-17 10:50:40.271  1937  1983 D DisplayPowerController: Unfinished business...
12-17 10:50:40.285  1937  1983 D DisplayPowerState: setScreenBrightness: brightness=86
12-17 10:50:40.285  1937  1983 D DisplayPowerState: Requesting new screen state: state=ON, backlight=86
12-17 10:50:40.285  1937  1983 D DisplayPowerState: Screen not ready
12-17 10:50:40.285  1937  2470 D DisplayPowerState: Updating screen state: state=ON, backlight=86, button backlight = 0
12-17 10:50:40.287  1937  1983 D DisplayPowerState: Screen ready
12-17 10:50:40.305  1937  7042 D PowerManagerService: releaseWakeLockInternal: lock=255208400 [hangouts_rtcs], flags=0x0
12-17 10:50:40.305  1937  7042 D PowerManagerService: updateWakeLockSummaryLocked: mWakefulness=Awake, mWakeLockSummary=0x1
12-17 10:50:40.306  1937  7042 D PowerManagerService: updateUserActivitySummaryLocked: mWakefulness=Awake, mUserActivitySummary=0x1, nextTimeout=1877274 (in 4908 ms)
12-17 10:50:40.306  1937  7042 D DisplayPowerController: requestPowerState: policy=BRIGHT, useProximitySensor=false, screenBrightness=94, screenAutoBrightnessAdjustment=0.6611328, brightnessSetByUser=true, useAutoBrightness=true, blockScreenOn=false, lowPowerMode=false, boostScreenBrightness=false, dozeScreenBrightness=-1, dozeScreenState=UNKNOWN, buttonBrightnessOverride=-1, waitForNegativeProximity=false
12-17 10:50:40.306  1937  7042 D PowerManagerService: updateDisplayPowerStateLocked: mDisplayReady=true, policy=3, mWakefulness=1, mWakeLockSummary=0x1, mUserActivitySummary=0x1, mBootCompleted=true, mScreenBrightnessBoostInProgress=false
12-17 10:50:40.318  1937  1983 D DisplayPowerState: setScreenBrightness: brightness=87
12-17 10:50:40.319  1937  1983 D DisplayPowerState: Requesting new screen state: state=ON, backlight=87
12-17 10:50:40.319  1937  1983 D DisplayPowerState: Screen not ready
12-17 10:50:40.319  1937  2470 D DisplayPowerState: Updating screen state: state=ON, backlight=87, button backlight = 0
12-17 10:50:40.319  1937  1983 D DisplayPowerState: Screen ready
12-17 10:50:40.397  1937  1983 D DisplayPowerState: setScreenBrightness: brightness=90
12-17 10:50:40.398  1937  1983 D DisplayPowerState: Requesting new screen state: state=ON, backlight=90
12-17 10:50:40.398  1937  1983 D DisplayPowerState: Screen not ready
12-17 10:50:40.398  1937  2470 D DisplayPowerState: Updating screen state: state=ON, backlight=90, button backlight = 0
12-17 10:50:40.399  1937  1983 D DisplayPowerState: Screen ready
12-17 10:50:40.418  1937  1983 D DisplayPowerState: setScreenBrightness: brightness=91
12-17 10:50:40.419  1937  1983 D DisplayPowerState: Requesting new screen state: state=ON, backlight=91
12-17 10:50:40.419  1937  1983 D DisplayPowerState: Screen not ready
12-17 10:50:40.419  1937  2470 D DisplayPowerState: Updating screen state: state=ON, backlight=91, button backlight = 0
12-17 10:50:40.420  1937  1983 D DisplayPowerState: Screen ready
12-17 10:50:40.435  1937  1983 D DisplayPowerState: setScreenBrightness: brightness=92
12-17 10:50:40.435  1937  1983 D DisplayPowerState: Requesting new screen state: state=ON, backlight=92
12-17 10:50:40.435  1937  1983 D DisplayPowerState: Screen not ready
12-17 10:50:40.436  1937  2470 D DisplayPowerState: Updating screen state: state=ON, backlight=92, button backlight = 0
12-17 10:50:40.436  1937  1983 D DisplayPowerState: Screen ready
12-17 10:50:40.468  1937  1983 D DisplayPowerState: setScreenBrightness: brightness=93
12-17 10:50:40.469  1937  1983 D DisplayPowerState: Requesting new screen state: state=ON, backlight=93
12-17 10:50:40.469  1937  1983 D DisplayPowerState: Screen not ready
12-17 10:50:40.469  1937  2470 D DisplayPowerState: Updating screen state: state=ON, backlight=93, button backlight = 0
12-17 10:50:40.469  1937  1983 D DisplayPowerState: Screen ready
12-17 10:50:40.485  1937  1983 D DisplayPowerState: setScreenBrightness: brightness=94
12-17 10:50:40.485  1937  1983 D DisplayPowerState: Requesting new screen state: state=ON, backlight=94
12-17 10:50:40.485  1937  1983 D DisplayPowerState: Screen not ready
12-17 10:50:40.486  1937  2470 D DisplayPowerState: Updating screen state: state=ON, backlight=94, button backlight = 0
12-17 10:50:40.486  1937  1983 D DisplayPowerState: Screen ready
12-17 10:50:40.518  1937  1983 D DisplayPowerState: setScreenBrightness: brightness=95
12-17 10:50:40.519  1937  1983 D DisplayPowerState: Requesting new screen state: state=ON, backlight=95
12-17 10:50:40.519  1937  1983 D DisplayPowerState: Screen not ready
12-17 10:50:40.521  1937  2470 D DisplayPowerState: Updating screen state: state=ON, backlight=95, button backlight = 0
12-17 10:50:40.522  1937  1983 D DisplayPowerState: Screen ready
12-17 10:50:40.535  1937  1983 D DisplayPowerState: setScreenBrightness: brightness=96
12-17 10:50:40.535  1937  1983 D DisplayPowerState: Requesting new screen state: state=ON, backlight=96
12-17 10:50:40.535  1937  1983 D DisplayPowerState: Screen not ready
12-17 10:50:40.536  1937  2470 D DisplayPowerState: Updating screen state: state=ON, backlight=96, button backlight = 0
12-17 10:50:40.536  1937  1983 D DisplayPowerState: Screen ready
12-17 10:50:40.569  1937  1983 D DisplayPowerState: setScreenBrightness: brightness=97
12-17 10:50:40.569  1937  1983 D DisplayPowerState: Requesting new screen state: state=ON, backlight=97
12-17 10:50:40.569  1937  1983 D DisplayPowerState: Screen not ready
12-17 10:50:40.569  1937  2470 D DisplayPowerState: Updating screen state: state=ON, backlight=97, button backlight = 0
12-17 10:50:40.570  1937  1983 D DisplayPowerState: Screen ready
12-17 10:50:40.586  1937  1983 D DisplayPowerState: setScreenBrightness: brightness=98
12-17 10:50:40.587  1937  1983 D DisplayPowerState: Requesting new screen state: state=ON, backlight=98
12-17 10:50:40.587  1937  1983 D DisplayPowerState: Screen not ready
12-17 10:50:40.587  1937  2470 D DisplayPowerState: Updating screen state: state=ON, backlight=98, button backlight = 0
12-17 10:50:40.587  1937  1983 D DisplayPowerState: Screen ready
12-17 10:50:40.620  1937  1983 D DisplayPowerState: setScreenBrightness: brightness=99
12-17 10:50:40.621  1937  1983 D DisplayPowerState: Requesting new screen state: state=ON, backlight=99
12-17 10:50:40.621  1937  1983 D DisplayPowerState: Screen not ready
12-17 10:50:40.621  1937  2470 D DisplayPowerState: Updating screen state: state=ON, backlight=99, button backlight = 0
12-17 10:50:40.621  1937  1983 D DisplayPowerController: Animating brightness: target=99, rate=40
12-17 10:50:40.621  1937  1983 D DisplayPowerState: Screen ready
12-17 10:50:40.621  1937  1983 D DisplayPowerController: Animating brightness: target=99, rate=40
12-17 10:50:40.621  1937  1983 D DisplayPowerController: Finished business...
12-17 10:50:40.741  1937  2434 D PowerManagerService: acquireWakeLockInternal: lock=28607130, flags=0x1, tag="NetworkStats", ws=null, uid=1000, pid=1937
12-17 10:50:40.741  1937  2434 D PowerManagerService: updateWakeLockSummaryLocked: mWakefulness=Awake, mWakeLockSummary=0x1
12-17 10:50:40.741  1937  2434 D PowerManagerService: updateUserActivitySummaryLocked: mWakefulness=Awake, mUserActivitySummary=0x1, nextTimeout=1877274 (in 4472 ms)
12-17 10:50:40.742  1937  2434 D DisplayPowerController: requestPowerState: policy=BRIGHT, useProximitySensor=false, screenBrightness=94, screenAutoBrightnessAdjustment=0.6611328, brightnessSetByUser=true, useAutoBrightness=true, blockScreenOn=false, lowPowerMode=false, boostScreenBrightness=false, dozeScreenBrightness=-1, dozeScreenState=UNKNOWN, buttonBrightnessOverride=-1, waitForNegativeProximity=false
12-17 10:50:40.742  1937  2434 D PowerManagerService: updateDisplayPowerStateLocked: mDisplayReady=true, policy=3, mWakefulness=1, mWakeLockSummary=0x1, mUserActivitySummary=0x1, mBootCompleted=true, mScreenBrightnessBoostInProgress=false
12-17 10:50:40.764  1937  2434 D PowerManagerService: releaseWakeLockInternal: lock=28607130 [NetworkStats], flags=0x0
12-17 10:50:40.765  1937  2434 D PowerManagerService: updateWakeLockSummaryLocked: mWakefulness=Awake, mWakeLockSummary=0x1
12-17 10:50:40.765  1937  2434 D PowerManagerService: updateUserActivitySummaryLocked: mWakefulness=Awake, mUserActivitySummary=0x1, nextTimeout=1877274 (in 4449 ms)
12-17 10:50:40.767  1937  2434 D DisplayPowerController: requestPowerState: policy=BRIGHT, useProximitySensor=false, screenBrightness=94, screenAutoBrightnessAdjustment=0.6611328, brightnessSetByUser=true, useAutoBrightness=true, blockScreenOn=false, lowPowerMode=false, boostScreenBrightness=false, dozeScreenBrightness=-1, dozeScreenState=UNKNOWN, buttonBrightnessOverride=-1, waitForNegativeProximity=false
12-17 10:50:40.768  1937  2434 D PowerManagerService: updateDisplayPowerStateLocked: mDisplayReady=true, policy=3, mWakefulness=1, mWakeLockSummary=0x1, mUserActivitySummary=0x1, mBootCompleted=true, mScreenBrightnessBoostInProgress=false
