12-17 10:49:27.637  1937  3093 W art     : Long monitor contention event with owner method=int com.android.server.am.ActivityManagerService.bindService(android.app.IApplicationThread, android.os.IBinder, android.content.Intent, java.lang.String, android.app.IServiceConnection, int, java.lang.String, int) from ActivityManagerService.java:16197 waiters=5 for 334ms
12-17 10:49:27.640  1937  7042 W art     : Long monitor contention event with owner method=int com.android.server.am.ActivityManagerService.bindService(android.app.IApplicationThread, android.os.IBinder, android.content.Intent, java.lang.String, android.app.IServiceConnection, int, java.lang.String, int) from ActivityManagerService.java:16197 waiters=6 for 304ms
12-17 10:49:27.641  1937  3110 W art     : Long monitor contention event with owner method=int com.android.server.am.ActivityManagerService.bindService(android.app.IApplicationThread, android.os.IBinder, android.content.Intent, java.lang.String, android.app.IServiceConnection, int, java.lang.String, int) from ActivityManagerService.java:16197 waiters=7 for 287ms
12-17 10:49:27.647  1937  2535 W art     : Long monitor contention event with owner method=int com.android.server.am.ActivityManagerService.bindService(android.app.IApplicationThread, android.os.IBinder, android.content.Intent, java.lang.String, android.app.IServiceConnection, int, java.lang.String, int) from ActivityManagerService.java:16197 waiters=8 for 287ms
12-17 10:49:27.648  1937  1973 W art     : Long monitor contention event with owner method=int com.android.server.am.ActivityManagerService.bindService(android.app.IApplicationThread, android.os.IBinder, android.content.Intent, java.lang.String, android.app.IServiceConnection, int, java.lang.String, int) from ActivityManagerService.java:16197 waiters=9 for 282ms
12-17 10:49:27.649  1937  1973 I KPI-6PA-AMS-8: 1799709 windowsDrawn com.google.android.apps.hangouts.hangout.HangoutActivity
12-17 10:49:27.660   452  3421 I chatty  : uid=1006(camera) mm-qcamera-daem expire 17 lines
12-17 10:49:27.667  1937  2517 W art     : Long monitor contention event with owner method=int com.android.server.am.ActivityManagerService.bindService(android.app.IApplicationThread, android.os.IBinder, android.content.Intent, java.lang.String, android.app.IServiceConnection, int, java.lang.String, int) from ActivityManagerService.java:16197 waiters=10 for 244ms
12-17 10:49:27.745  6950  6977 V MusicPlaybackService: Updating notification + media session metadata due to timeout of 1000ms
12-17 10:49:27.779 25065  2504 E libjingle: [584:426] Received keyframe request for encoder (704x1152)
12-17 10:49:27.921  4075  4111 W art     : Long monitor contention event with owner method=boolean android.app.ActivityThread.releaseProvider(android.content.IContentProvider, boolean) from ActivityThread.java:4919 waiters=0 for 242ms
12-17 10:49:28.136   390  3429 D mm-camera-intf: mm_stream_read_msm_frame: Stoping poll on stream 0xb78bc8c0 type: 1
12-17 10:49:28.136   390  3429 D mm-camera-intf: mm_stream_read_msm_frame: Stopped poll on stream 0xb78bc8c0 type: 1
12-17 10:49:28.159  2492  2492 I Choreographer: Skipped 83 frames!  The application may be doing too much work on its main thread.
12-17 10:49:28.163  2492  2492 V QSTileView: setDual true
12-17 10:49:28.163  2492  2492 V QSTileView: setDual true
12-17 10:49:28.163  2492  2492 V QSTileView: setDual false
12-17 10:49:28.163  2492  2492 V QSTileView: setDual false
12-17 10:49:28.163  2492  2492 V QSTileView: setDual false
12-17 10:49:28.163  2492  2492 V QSTileView: setDual false
12-17 10:49:28.163  2492  2492 V QSTileView: setDual false
12-17 10:49:28.163  2492  2492 V QSTileView: setDual false
12-17 10:49:28.164  2492  2492 V QSTileView: setDual false
12-17 10:49:28.164  2492  2492 V QSTileView: setDual false
12-17 10:49:28.164  2492  2492 V QSTileView: setDual false
12-17 10:49:28.164  2492  2492 V QSTileView: setDual false
12-17 10:49:28.177 25065  2504 E libjingle: [584:824] Received keyframe request for encoder (704x1152)
12-17 10:49:28.201  1937  2421 D         : readEvents,event.type is 4,event value is 7,event code is 3
12-17 10:49:28.201  1937  2421 D         : readEvents,event.type is 0,event value is 0,event code is 0
12-17 10:49:28.202   452  3371 I chatty  : uid=1006(camera) mm-qcamera-daem expire 40 lines
12-17 10:49:28.206   390  3432 D mm-camera-intf: mm_stream_qbuf: Starting poll on stream 0xb78bc8c0 type: 1
12-17 10:49:28.206   390  3432 D mm-camera-intf: mm_stream_qbuf: Started poll on stream 0xb78bc8c0 type: 1
12-17 10:49:28.213   390  3429 D mm-camera-intf: mm_stream_read_msm_frame: Stoping poll on stream 0xb78bc8c0 type: 1
12-17 10:49:28.213   390  3429 D mm-camera-intf: mm_stream_read_msm_frame: Stopped poll on stream 0xb78bc8c0 type: 1
12-17 10:49:28.230   390  3432 D mm-camera-intf: mm_stream_qbuf: Starting poll on stream 0xb78bc8c0 type: 1
12-17 10:49:28.230   390  3432 D mm-camera-intf: mm_stream_qbuf: Started poll on stream 0xb78bc8c0 type: 1
12-17 10:49:28.266   390  3429 D mm-camera-intf: mm_stream_read_msm_frame: Stoping poll on stream 0xb78bc8c0 type: 1
12-17 10:49:28.266   390  3429 D mm-camera-intf: mm_stream_read_msm_frame: Stopped poll on stream 0xb78bc8c0 type: 1
12-17 10:49:28.289   452  3366 I chatty  : uid=1006(camera) mm-qcamera-daem expire 1 line
12-17 10:49:28.374   452  3371 E mm-camera: cpp_thread_handle_process_buf_event:229, dropped frame id=2630 identity=0x20004
12-17 10:49:28.397   452  3371 E mm-camera: cpp_hardware_process_frame:921, v4l2 ioctl() failed. rc:-1, trans_code:-11, stream_id=4
12-17 10:49:28.397   452  3371 E mm-camera: retry=0
12-17 10:49:28.398   452  3371 E mm-camera: v4l2 ioctl() failed. retry=0
12-17 10:49:28.398   452  3371 E mm-camera: retry=1
12-17 10:49:28.399   452  3371 E mm-camera: v4l2 ioctl() failed. retry=1
12-17 10:49:28.399   452  3371 E mm-camera: retry=2
12-17 10:49:28.400   452  3371 E mm-camera: v4l2 ioctl() failed. retry=2
12-17 10:49:28.400   452  3371 E mm-camera: retry=3
12-17 10:49:28.403   452  3421 E mm-camera-CORE: af_get_params: Focus is not initialized yet
12-17 10:49:28.406   452  3371 E mm-camera: v4l2 ioctl() failed. retry=3
12-17 10:49:28.406   452  3371 E mm-camera: retry=4
12-17 10:49:28.407   452  3371 E mm-camera: v4l2 ioctl() failed. retry=4
12-17 10:49:28.407   452  3371 E mm-camera: cpp_hardware_process_frame:937] drop this frame
12-17 10:49:28.407   452  3371 E mm-camera: cpp_thread_handle_process_buf_event:229, dropped frame id=2631 identity=0x20004
12-17 10:49:28.428  1937  6726 W art     : Long monitor contention event with owner method=android.content.pm.PackageInfo com.android.server.pm.PackageManagerService.getPackageInfo(java.lang.String, int, int) from PackageManagerService.java:2772 waiters=0 for 159ms
12-17 10:49:28.430   452  3371 E mm-camera: cpp_hardware_process_frame:921, v4l2 ioctl() failed. rc:-1, trans_code:-11, stream_id=4
12-17 10:49:28.430   452  3371 E mm-camera: retry=0
12-17 10:49:28.431  1937  2517 W art     : Long monitor contention event with owner method=android.content.pm.PackageInfo com.android.server.pm.PackageManagerService.getPackageInfo(java.lang.String, int, int) from PackageManagerService.java:2772 waiters=2 for 155ms
12-17 10:49:28.431   452  3371 E mm-camera: v4l2 ioctl() failed. retry=0
12-17 10:49:28.431   452  3371 E mm-camera: retry=1
12-17 10:49:28.432  1937  1948 W art     : Long monitor contention event with owner method=android.content.pm.PackageInfo com.android.server.pm.PackageManagerService.getPackageInfo(java.lang.String, int, int) from PackageManagerService.java:2772 waiters=3 for 147ms
12-17 10:49:28.435   452  3421 E mm-camera-CORE: af_get_params: Focus is not initialized yet
12-17 10:49:28.439  1937  2586 W art     : Long monitor contention event with owner method=android.app.IActivityManager$ContentProviderHolder com.android.server.am.ActivityManagerService.getContentProviderImpl(android.app.IApplicationThread, java.lang.String, android.os.IBinder, boolean, int) from ActivityManagerService.java:9593 waiters=0 for 155ms
12-17 10:49:28.440   452  3371 E mm-camera: v4l2 ioctl() failed. retry=1
12-17 10:49:28.440   452  3371 E mm-camera: retry=2
12-17 10:49:28.441   452  3371 E mm-camera: v4l2 ioctl() failed. retry=2
12-17 10:49:28.441   452  3371 E mm-camera: retry=3
12-17 10:49:28.446   452  3371 E mm-camera: v4l2 ioctl() failed. retry=3
12-17 10:49:28.446   452  3371 E mm-camera: retry=4
12-17 10:49:28.447   452  3371 E mm-camera: v4l2 ioctl() failed. retry=4
12-17 10:49:28.447   452  3371 E mm-camera: cpp_hardware_process_frame:937] drop this frame
12-17 10:49:28.447   452  3371 E mm-camera: cpp_thread_handle_process_buf_event:229, dropped frame id=2632 identity=0x20004
12-17 10:49:28.467   452  3371 E mm-camera: cpp_hardware_process_frame:921, v4l2 ioctl() failed. rc:-1, trans_code:-11, stream_id=4
12-17 10:49:28.467   452  3371 E mm-camera: retry=0
12-17 10:49:28.470   452  3421 E mm-camera-CORE: af_get_params: Focus is not initialized yet
12-17 10:49:28.470   452  3371 E mm-camera: v4l2 ioctl() failed. retry=0
12-17 10:49:28.470   452  3371 E mm-camera: retry=1
12-17 10:49:28.471  1937  2455 D WifiWatchdogStateMachine: Fetch RSSI succeed, rssi=-69 mrssi=-67 txbad=311 txgood=42223
12-17 10:49:28.472  1937  2455 D WifiWatchdogStateMachine: Incremental loss=0/70 Current loss=0% volume=68.84
12-17 10:49:28.473   452  3371 E mm-camera: v4l2 ioctl() failed. retry=1
12-17 10:49:28.473   452  3371 E mm-camera: retry=2
12-17 10:49:28.473  1937  2455 D WifiWatchdogStateMachine: Cache updated: loss[-67]=0.29% volume=65.27
12-17 10:49:28.474   452  3371 E mm-camera: v4l2 ioctl() failed. retry=2
12-17 10:49:28.474   452  3371 E mm-camera: retry=3
12-17 10:49:28.475   452  3371 E mm-camera: v4l2 ioctl() failed. retry=3
12-17 10:49:28.475   452  3371 E mm-camera: retry=4
12-17 10:49:28.476   452  3371 E mm-camera: v4l2 ioctl() failed. retry=4
12-17 10:49:28.476   452  3371 E mm-camera: cpp_hardware_process_frame:937] drop this frame
12-17 10:49:28.476   452  3371 E mm-camera: cpp_thread_handle_process_buf_event:229, dropped frame id=2633 identity=0x20004
12-17 10:49:28.479 25065  2504 E libjingle: [585:126] Received keyframe request for encoder (704x1152)
12-17 10:49:28.488  4075  4111 E GooglePlusContactsSync: Failed to clear out contacts
12-17 10:49:28.488  4075  4111 E GooglePlusContactsSync: java.lang.SecurityException: Permission Denial: opening provider com.android.providers.contacts.ContactsProvider2 from ProcessRecord{6366448 4075:com.google.android.apps.plus/u0a97} (pid=4075, uid=10097) requires android.permission.READ_CONTACTS or android.permission.WRITE_CONTACTS
12-17 10:49:28.488  4075  4111 E GooglePlusContactsSync: 	at android.os.Parcel.readException(Parcel.java:1620)
12-17 10:49:28.488  4075  4111 E GooglePlusContactsSync: 	at android.os.Parcel.readException(Parcel.java:1573)
12-17 10:49:28.488  4075  4111 E GooglePlusContactsSync: 	at android.app.ActivityManagerProxy.getContentProvider(ActivityManagerNative.java:3594)
12-17 10:49:28.488  4075  4111 E GooglePlusContactsSync: 	at android.app.ActivityThread.acquireProvider(ActivityThread.java:4799)
12-17 10:49:28.488  4075  4111 E GooglePlusContactsSync: 	at android.app.ContextImpl$ApplicationContentResolver.acquireUnstableProvider(ContextImpl.java:2018)
12-17 10:49:28.488  4075  4111 E GooglePlusContactsSync: 	at android.content.ContentResolver.acquireUnstableProvider(ContentResolver.java:1466)
12-17 10:49:28.488  4075  4111 E GooglePlusContactsSync: 	at android.content.ContentResolver.query(ContentResolver.java:475)
12-17 10:49:28.488  4075  4111 E GooglePlusContactsSync: 	at android.content.ContentResolver.query(ContentResolver.java:434)
12-17 10:49:28.488  4075  4111 E GooglePlusContactsSync: 	at dkh.a(PG:464)
12-17 10:49:28.488  4075  4111 E GooglePlusContactsSync: 	at dkh.b(PG:1413)
12-17 10:49:28.488  4075  4111 E GooglePlusContactsSync: 	at dki.run(PG:350)
12-17 10:49:28.488  4075  4111 E GooglePlusContactsSync: 	at java.lang.Thread.run(Thread.java:818)
12-17 10:49:28.498   452  3371 E mm-camera: cpp_hardware_process_frame:921, v4l2 ioctl() failed. rc:-1, trans_code:-11, stream_id=4
12-17 10:49:28.498   452  3371 E mm-camera: retry=0
12-17 10:49:28.499   452  3421 E mm-camera-CORE: af_get_params: Focus is not initialized yet
12-17 10:49:28.500   452  3371 E mm-camera: v4l2 ioctl() failed. retry=0
12-17 10:49:28.500   452  3371 E mm-camera: retry=1
12-17 10:49:28.507   452  3371 E mm-camera: v4l2 ioctl() failed. retry=1
12-17 10:49:28.507   452  3371 E mm-camera: retry=2
12-17 10:49:28.508   452  3371 E mm-camera: v4l2 ioctl() failed. retry=2
12-17 10:49:28.508   452  3371 E mm-camera: retry=3
12-17 10:49:28.509   452  3371 E mm-camera: v4l2 ioctl() failed. retry=3
12-17 10:49:28.509   452  3371 E mm-camera: retry=4
12-17 10:49:28.511   452  3371 E mm-camera: v4l2 ioctl() failed. retry=4
12-17 10:49:28.511   452  3371 E mm-camera: cpp_hardware_process_frame:937] drop this frame
12-17 10:49:28.511   452  3371 E mm-camera: cpp_thread_handle_process_buf_event:229, dropped frame id=2634 identity=0x20004
12-17 10:49:28.528   452  3371 E mm-camera: cpp_hardware_process_frame:921, v4l2 ioctl() failed. rc:-1, trans_code:-11, stream_id=4
12-17 10:49:28.529   452  3371 E mm-camera: retry=0
12-17 10:49:28.532   452  3371 E mm-camera: v4l2 ioctl() failed. retry=0
12-17 10:49:28.532   452  3371 E mm-camera: retry=1
12-17 10:49:28.532   452  3421 E mm-camera-CORE: af_get_params: Focus is not initialized yet
12-17 10:49:28.535   452  3371 E mm-camera: v4l2 ioctl() failed. retry=1
12-17 10:49:28.535   452  3371 E mm-camera: retry=2
12-17 10:49:28.537   452  3371 E mm-camera: v4l2 ioctl() failed. retry=2
12-17 10:49:28.537   452  3371 E mm-camera: retry=3
12-17 10:49:28.538   452  3371 E mm-camera: v4l2 ioctl() failed. retry=3
12-17 10:49:28.538   452  3371 E mm-camera: retry=4
12-17 10:49:28.539   452  3371 E mm-camera: v4l2 ioctl() failed. retry=4
12-17 10:49:28.539   452  3371 E mm-camera: cpp_hardware_process_frame:937] drop this frame
12-17 10:49:28.539   452  3371 E mm-camera: cpp_thread_handle_process_buf_event:229, dropped frame id=2635 identity=0x20004
12-17 10:49:28.562   452  3371 E mm-camera: cpp_hardware_process_frame:921, v4l2 ioctl() failed. rc:-1, trans_code:-11, stream_id=4
12-17 10:49:28.562   452  3371 E mm-camera: retry=0
12-17 10:49:28.570   452  3371 E mm-camera: v4l2 ioctl() failed. retry=0
12-17 10:49:28.570   452  3371 E mm-camera: retry=1
12-17 10:49:28.571   452  3371 E mm-camera: v4l2 ioctl() failed. retry=1
12-17 10:49:28.571   452  3371 E mm-camera: retry=2
12-17 10:49:28.572   452  3371 E mm-camera: v4l2 ioctl() failed. retry=2
12-17 10:49:28.572   452  3371 E mm-camera: retry=3
12-17 10:49:28.573   452  3371 E mm-camera: v4l2 ioctl() failed. retry=3
12-17 10:49:28.573   452  3371 E mm-camera: retry=4
12-17 10:49:28.575   452  3371 E mm-camera: v4l2 ioctl() failed. retry=4
12-17 10:49:28.575   452  3371 E mm-camera: cpp_hardware_process_frame:937] drop this frame
12-17 10:49:28.575   452  3371 E mm-camera: cpp_thread_handle_process_buf_event:229, dropped frame id=2636 identity=0x20004
12-17 10:49:28.579   452  3421 E mm-camera-CORE: af_get_params: Focus is not initialized yet
12-17 10:49:28.581  1937  2421 D         : readEvents,event.type is 4,event value is 3,event code is 3
12-17 10:49:28.581  1937  2421 D         : readEvents,event.type is 0,event value is 0,event code is 0
12-17 10:49:28.581   452  3430 D SensorListener: int android::sensor_events_listener(int, int, void*): SensorEventQueue TYPE_DISPLAY_ROTATE read(vector.x=0), orient=90
12-17 10:49:28.598  1937  2455 D WifiWatchdogStateMachine: RSSI current: 3 new: -69, 2
12-17 10:49:28.602   452  3371 E mm-camera: cpp_hardware_process_frame:921, v4l2 ioctl() failed. rc:-1, trans_code:-11, stream_id=4
12-17 10:49:28.602   452  3371 E mm-camera: retry=0
12-17 10:49:28.604   452  3371 E mm-camera: v4l2 ioctl() failed. retry=0
12-17 10:49:28.604   452  3371 E mm-camera: retry=1
12-17 10:49:28.607   452  3371 E mm-camera: v4l2 ioctl() failed. retry=1
12-17 10:49:28.607   452  3371 E mm-camera: retry=2
12-17 10:49:28.607   452  3421 E mm-camera-CORE: af_get_params: Focus is not initialized yet
12-17 10:49:28.608   452  3371 E mm-camera: v4l2 ioctl() failed. retry=2
12-17 10:49:28.608   452  3371 E mm-camera: retry=3
12-17 10:49:28.609  2578  2578 D ModemStats: [ModemStatsUtils] updateWifiRssi, rssi:-69
12-17 10:49:28.609   452  3371 E mm-camera: v4l2 ioctl() failed. retry=3
12-17 10:49:28.609   452  3371 E mm-camera: retry=4
12-17 10:49:28.610   452  3371 E mm-camera: v4l2 ioctl() failed. retry=4
12-17 10:49:28.610   452  3371 E mm-camera: cpp_hardware_process_frame:937] drop this frame
12-17 10:49:28.610   452  3371 E mm-camera: cpp_thread_handle_process_buf_event:229, dropped frame id=2637 identity=0x20004
12-17 10:49:28.611  2492  2848 D MotoNetwCtrlr: onReceive: intent=Intent { act=android.net.wifi.RSSI_CHANGED flg=0x4000010 (has extras) }
12-17 10:49:28.611  2492  2848 I MotoNetwCtrlr.MotoWifiSignalCtrlr: handleBroadcast: Entered: Intent=Intent { act=android.net.wifi.RSSI_CHANGED flg=0x4000010 (has extras) } Action=android.net.wifi.RSSI_CHANGED
12-17 10:49:28.615  1937  1948 W art     : Long monitor contention event with owner method=void com.android.server.am.BroadcastQueue.processNextBroadcast(boolean) from BroadcastQueue.java:639 waiters=2 for 140ms
12-17 10:49:28.629   452  3371 E mm-camera: cpp_hardware_process_frame:921, v4l2 ioctl() failed. rc:-1, trans_code:-11, stream_id=4
12-17 10:49:28.629   452  3371 E mm-camera: retry=0
12-17 10:49:28.632   452  3371 E mm-camera: v4l2 ioctl() failed. retry=0
12-17 10:49:28.632   452  3371 E mm-camera: retry=1
12-17 10:49:28.634   452  3371 E mm-camera: v4l2 ioctl() failed. retry=1
12-17 10:49:28.634   452  3371 E mm-camera: retry=2
12-17 10:49:28.635   452  3371 E mm-camera: v4l2 ioctl() failed. retry=2
12-17 10:49:28.635   452  3371 E mm-camera: retry=3
12-17 10:49:28.635   452  3421 E mm-camera-CORE: af_get_params: Focus is not initialized yet
12-17 10:49:28.637   452  3371 E mm-camera: v4l2 ioctl() failed. retry=3
12-17 10:49:28.637   452  3371 E mm-camera: retry=4
12-17 10:49:28.638   452  3371 E mm-camera: v4l2 ioctl() failed. retry=4
12-17 10:49:28.638   452  3371 E mm-camera: cpp_hardware_process_frame:937] drop this frame
12-17 10:49:28.638   452  3371 E mm-camera: cpp_thread_handle_process_buf_event:229, dropped frame id=2638 identity=0x20004
12-17 10:49:28.662   452  3371 E mm-camera: cpp_hardware_process_frame:921, v4l2 ioctl() failed. rc:-1, trans_code:-11, stream_id=4
12-17 10:49:28.662   452  3371 E mm-camera: retry=0
12-17 10:49:28.666   452  3421 E mm-camera-CORE: af_get_params: Focus is not initialized yet
12-17 10:49:28.671   452  3371 E mm-camera: v4l2 ioctl() failed. retry=0
12-17 10:49:28.671   452  3371 E mm-camera: retry=1
12-17 10:49:28.672   452  3371 E mm-camera: v4l2 ioctl() failed. retry=1
12-17 10:49:28.672   452  3371 E mm-camera: retry=2
12-17 10:49:28.674   452  3371 E mm-camera: v4l2 ioctl() failed. retry=2
12-17 10:49:28.674   452  3371 E mm-camera: retry=3
12-17 10:49:28.675   452  3371 E mm-camera: v4l2 ioctl() failed. retry=3
12-17 10:49:28.675   452  3371 E mm-camera: retry=4
12-17 10:49:28.676   452  3371 E mm-camera: v4l2 ioctl() failed. retry=4
12-17 10:49:28.676   452  3371 E mm-camera: cpp_hardware_process_frame:937] drop this frame
12-17 10:49:28.676   452  3371 E mm-camera: cpp_thread_handle_process_buf_event:229, dropped frame id=2639 identity=0x20004
12-17 10:49:28.699   452  3371 E mm-camera: cpp_hardware_process_frame:921, v4l2 ioctl() failed. rc:-1, trans_code:-11, stream_id=4
12-17 10:49:28.699   452  3371 E mm-camera: retry=0
12-17 10:49:28.700   452  3371 E mm-camera: v4l2 ioctl() failed. retry=0
12-17 10:49:28.700   452  3371 E mm-camera: retry=1
12-17 10:49:28.701   452  3421 E mm-camera-CORE: af_get_params: Focus is not initialized yet
12-17 10:49:28.701   452  3371 E mm-camera: v4l2 ioctl() failed. retry=1
12-17 10:49:28.701   452  3371 E mm-camera: retry=2
12-17 10:49:28.703   452  3371 E mm-camera: v4l2 ioctl() failed. retry=2
12-17 10:49:28.703   452  3371 E mm-camera: retry=3
12-17 10:49:28.705   452  3371 E mm-camera: v4l2 ioctl() failed. retry=3
12-17 10:49:28.705   452  3371 E mm-camera: retry=4
12-17 10:49:28.706   452  3371 E mm-camera: v4l2 ioctl() failed. retry=4
12-17 10:49:28.706   452  3371 E mm-camera: cpp_hardware_process_frame:937] drop this frame
12-17 10:49:28.707   452  3371 E mm-camera: cpp_thread_handle_process_buf_event:229, dropped frame id=2640 identity=0x20004
12-17 10:49:28.714 25065  2507 W libjingle: [585:361] webrtc: (rtp_rtcp_impl.cc:158): Process: Timeout: No increase in RTCP RR extended highest sequence number.
12-17 10:49:28.733   452  3421 E mm-camera-CORE: af_get_params: Focus is not initialized yet
12-17 10:49:28.733   452  3371 E mm-camera: cpp_hardware_process_frame:921, v4l2 ioctl() failed. rc:-1, trans_code:-11, stream_id=4
12-17 10:49:28.733   452  3371 E mm-camera: retry=0
12-17 10:49:28.734   452  3371 E mm-camera: v4l2 ioctl() failed. retry=0
12-17 10:49:28.734   452  3371 E mm-camera: retry=1
12-17 10:49:28.736   452  3371 E mm-camera: v4l2 ioctl() failed. retry=1
12-17 10:49:28.736   452  3371 E mm-camera: retry=2
12-17 10:49:28.737   452  3371 E mm-camera: v4l2 ioctl() failed. retry=2
12-17 10:49:28.737   452  3371 E mm-camera: retry=3
12-17 10:49:28.738   452  3371 E mm-camera: v4l2 ioctl() failed. retry=3
12-17 10:49:28.738   452  3371 E mm-camera: retry=4
12-17 10:49:28.739   452  3371 E mm-camera: v4l2 ioctl() failed. retry=4
12-17 10:49:28.739   452  3371 E mm-camera: cpp_hardware_process_frame:937] drop this frame
12-17 10:49:28.739   452  3371 E mm-camera: cpp_thread_handle_process_buf_event:229, dropped frame id=2641 identity=0x20004
12-17 10:49:28.762   452  3371 E mm-camera: cpp_hardware_process_frame:921, v4l2 ioctl() failed. rc:-1, trans_code:-11, stream_id=4
12-17 10:49:28.762   452  3371 E mm-camera: retry=0
12-17 10:49:28.769   452  3371 E mm-camera: v4l2 ioctl() failed. retry=0
12-17 10:49:28.769   452  3371 E mm-camera: retry=1
12-17 10:49:28.770   452  3371 E mm-camera: v4l2 ioctl() failed. retry=1
12-17 10:49:28.770   452  3371 E mm-camera: retry=2
12-17 10:49:28.771   452  3371 E mm-camera: v4l2 ioctl() failed. retry=2
12-17 10:49:28.771   452  3371 E mm-camera: retry=3
12-17 10:49:28.772   452  3421 E mm-camera-CORE: af_get_params: Focus is not initialized yet
12-17 10:49:28.773   452  3371 E mm-camera: v4l2 ioctl() failed. retry=3
12-17 10:49:28.773   452  3371 E mm-camera: retry=4
12-17 10:49:28.774   452  3371 E mm-camera: v4l2 ioctl() failed. retry=4
12-17 10:49:28.774   452  3371 E mm-camera: cpp_hardware_process_frame:937] drop this frame
12-17 10:49:28.774   452  3371 E mm-camera: cpp_thread_handle_process_buf_event:229, dropped frame id=2642 identity=0x20004
12-17 10:49:28.791 25065  2504 E libjingle: [585:438] Received keyframe request for encoder (704x1152)
12-17 10:49:28.802   452  3371 E mm-camera: cpp_hardware_process_frame:921, v4l2 ioctl() failed. rc:-1, trans_code:-11, stream_id=4
12-17 10:49:28.802   452  3371 E mm-camera: retry=0
12-17 10:49:29.727   452  3421 E mm-camera-CORE: af_get_params: Focus is not initialized yet
12-17 10:49:29.757   452  3366 I MotISP_VNR: tune:LiveLux max CPU freq change detected: 998400 -> 1094400
12-17 10:49:29.766   452  3421 E mm-camera-CORE: af_get_params: Focus is not initialized yet
12-17 10:49:29.771  3639  4164 I UpdateIcingCorporaServi: UpdateCorporaTask done [took 891 ms] updated apps [took 891 ms] 
12-17 10:49:29.789  1937  8646 W art     : Long monitor contention event with owner method=java.util.List com.android.server.pm.PackageManagerService.queryIntentServices(android.content.Intent, java.lang.String, int, int) from PackageManagerService.java:5295 waiters=2 for 161ms
12-17 10:49:29.799   452  3421 E mm-camera-CORE: af_get_params: Focus is not initialized yet
12-17 10:49:29.827   452  3421 E mm-camera-CORE: af_get_params: Focus is not initialized yet
12-17 10:49:29.856  2578  2578 D ModemStats: [MSimPhoneStateListener] Subscription: 1, GSM mRssi=-87, mEcio=0
12-17 10:49:29.869  2578  2578 D ModemStats: [ModemStatsUtils] updateMobileStrength:mRssi:-87; mEcio:0;mSnr:0
12-17 10:49:29.870   452  3421 E mm-camera-CORE: af_get_params: Focus is not initialized yet
12-17 10:49:29.872  1937  1973 I KPI-6PA-WMS-2: 1801933 Start mAnimation: android.view.animation.AnimationSet@a06fc12 in WindowStateAnimator{7e9390c NavigationBar}
12-17 10:49:29.881 25065  2508 E vclib   : The encoder for resolution: (217x354) produced extra frames, recovering.
12-17 10:49:29.898  2492  2848 I NetworkController.MotorolaMobileSignalController(1): MotorolaMobilePhoneStateListener.onSignalStrengthsChanged: Entered: signalStrength=SignalStrength: 13 0 -120 -160 -120 -1 -1 99 2147483647 2147483647 2147483647 2147483647 2147483647 gsm|lte level=4
12-17 10:49:29.902   452  3421 E mm-camera-CORE: af_get_params: Focus is not initialized yet
12-17 10:49:29.939   452  3421 E mm-camera-CORE: af_get_params: Focus is not initialized yet
12-17 10:49:29.953  1937  1949 W art     : Long monitor contention event with owner method=int com.android.server.am.ActivityManagerService.bindService(android.app.IApplicationThread, android.os.IBinder, android.content.Intent, java.lang.String, android.app.IServiceConnection, int, java.lang.String, int) from ActivityManagerService.java:16197 waiters=0 for 343ms
12-17 10:49:29.956  1937  1937 W art     : Long monitor contention event with owner method=int com.android.server.am.ActivityManagerService.bindService(android.app.IApplicationThread, android.os.IBinder, android.content.Intent, java.lang.String, android.app.IServiceConnection, int, java.lang.String, int) from ActivityManagerService.java:16197 waiters=3 for 166ms
12-17 10:49:29.973   452  3421 E mm-camera-CORE: af_get_params: Focus is not initialized yet
12-17 10:49:30.019   452  3421 E mm-camera-CORE: af_get_params: Focus is not initialized yet
12-17 10:49:30.059   452  3421 E mm-camera-CORE: af_get_params: Focus is not initialized yet
12-17 10:49:30.064  2492  2492 I Choreographer: Skipped 50 frames!  The application may be doing too much work on its main thread.
12-17 10:49:30.073  2492  2492 V QSTileView: setDual true
12-17 10:49:30.073  2492  2492 V QSTileView: setDual true
12-17 10:49:30.074  2492  2492 V QSTileView: setDual false
12-17 10:49:30.074  2492  2492 V QSTileView: setDual false
12-17 10:49:30.074  2492  2492 V QSTileView: setDual false
12-17 10:49:30.074  2492  2492 V QSTileView: setDual false
12-17 10:49:30.074  2492  2492 V QSTileView: setDual false
12-17 10:49:30.074  2492  2492 V QSTileView: setDual false
12-17 10:49:30.074  2492  2492 V QSTileView: setDual false
12-17 10:49:30.074  2492  2492 V QSTileView: setDual false
12-17 10:49:30.074  2492  2492 V QSTileView: setDual false
12-17 10:49:30.075  2492  2492 V QSTileView: setDual false
12-17 10:49:30.077   452  3366 I MotISP_VNR: tuneFilterLevels:LiveLux filter disabled
12-17 10:49:30.090   452  3421 E mm-camera-CORE: af_get_params: Focus is not initialized yet
12-17 10:49:30.109  1937  1973 I KPI-6PA-WMS-3: 1802170 Finish mAnimation: android.view.animation.AnimationSet@a06fc12 in WindowStateAnimator{7e9390c NavigationBar}
12-17 10:49:30.120   452  3421 E mm-camera-CORE: af_get_params: Focus is not initialized yet
12-17 10:49:30.162   452  3421 E mm-camera-CORE: af_get_params: Focus is not initialized yet
12-17 10:49:30.202   452  3421 E mm-camera-CORE: af_get_params: Focus is not initialized yet
12-17 10:49:30.247   452  3421 E mm-camera-CORE: af_get_params: Focus is not initialized yet
12-17 10:49:30.265  1937  2421 D         : readEvents,event.type is 4,event value is 0,event code is 3
12-17 10:49:30.265  1937  2421 D         : readEvents,event.type is 0,event value is 0,event code is 0
12-17 10:49:30.266   452  3430 D SensorListener: int android::sensor_events_listener(int, int, void*): SensorEventQueue TYPE_DISPLAY_ROTATE read(vector.x=1), orient=0
12-17 10:49:30.281   452  3421 E mm-camera-CORE: af_get_params: Focus is not initialized yet
12-17 10:49:30.323   452  3421 E mm-camera-CORE: af_get_params: Focus is not initialized yet
12-17 10:49:30.367   452  3421 E mm-camera-CORE: af_get_params: Focus is not initialized yet
12-17 10:49:30.399  2451  2451 V WLAN_PSA: NL MSG, len[4032], NL type[0x1C] WNI type[0x5900] len[43023]
12-17 10:49:30.407   452  3421 E mm-camera-CORE: af_get_params: Focus is not initialized yet
12-17 10:49:39.846   452  3421 E mm-camera-CORE: af_get_params: Focus is not initialized yet
12-17 10:49:39.885   452  3421 E mm-camera-CORE: af_get_params: Focus is not initialized yet
12-17 10:49:39.918   452  3421 E mm-camera-CORE: af_get_params: Focus is not initialized yet
12-17 10:49:39.953   452  3421 E mm-camera-CORE: af_get_params: Focus is not initialized yet
12-17 10:49:39.993   452  3421 E mm-camera-CORE: af_get_params: Focus is not initialized yet
12-17 10:49:40.039   452  3421 E mm-camera-CORE: af_get_params: Focus is not initialized yet
12-17 10:49:40.066   452  3421 E mm-camera-CORE: af_get_params: Focus is not initialized yet
12-17 10:49:40.091   452  3421 E mm-camera-CORE: af_get_params: Focus is not initialized yet
12-17 10:49:40.100 24506 25342 W art     : Long monitor contention event with owner method=void com.android.okhttp.okio.AsyncTimeout.scheduleTimeout(com.android.okhttp.okio.AsyncTimeout, long, boolean) from AsyncTimeout.java:4294967295 waiters=1 for 176ms
12-17 10:49:40.124   452  3421 E mm-camera-CORE: af_get_params: Focus is not initialized yet
12-17 10:49:40.151   452  3421 E mm-camera-CORE: af_get_params: Focus is not initialized yet
12-17 10:49:40.182   452  3421 E mm-camera-CORE: af_get_params: Focus is not initialized yet
12-17 10:49:40.227   452  3421 E mm-camera-CORE: af_get_params: Focus is not initialized yet
12-17 10:49:40.240   452  3421 E mm-camera-CORE: af_get_params: Focus is not initialized yet
12-17 10:49:40.281   452  3421 E mm-camera-CORE: af_get_params: Focus is not initialized yet
12-17 10:49:40.311   452  3421 E mm-camera-CORE: af_get_params: Focus is not initialized yet
12-17 10:49:40.344   452  3421 E mm-camera-CORE: af_get_params: Focus is not initialized yet
12-17 10:49:40.385   452  3421 E mm-camera-CORE: af_get_params: Focus is not initialized yet
12-17 10:49:40.412   452  3421 E mm-camera-CORE: af_get_params: Focus is not initialized yet
12-17 10:49:40.418  2451  2451 V WLAN_PSA: NL MSG, len[4073], NL type[0x1C] WNI type[0x5900] len[53519]
12-17 10:49:40.440   452  3421 E mm-camera-CORE: af_get_params: Focus is not initialized yet
12-17 10:49:40.463  1937  2455 D WifiWatchdogStateMachine: Fetch RSSI succeed, rssi=-65 mrssi=-65 txbad=317 txgood=43276
12-17 10:49:40.464  1937  2455 D WifiWatchdogStateMachine: Incremental loss=0/119 Current loss=0.36% volume=112.96
12-17 10:49:40.464  1937  2455 D WifiWatchdogStateMachine: Cache updated: loss[-65]=0.79% volume=74.01
12-17 10:49:40.476   452  3421 E mm-camera-CORE: af_get_params: Focus is not initialized yet
12-17 10:49:40.531   452  3421 E mm-camera-CORE: af_get_params: Focus is not initialized yet
12-17 10:49:40.559   452  3421 E mm-camera-CORE: af_get_params: Focus is not initialized yet
12-17 10:49:40.600   452  3421 E mm-camera-CORE: af_get_params: Focus is not initialized yet
12-17 10:49:40.625   452  3421 E mm-camera-CORE: af_get_params: Focus is not initialized yet
12-17 10:49:40.641   452  3421 E mm-camera-CORE: af_get_params: Focus is not initialized yet
12-17 10:49:40.674   452  3421 E mm-camera-CORE: af_get_params: Focus is not initialized yet
12-17 10:49:40.707   452  3421 E mm-camera-CORE: af_get_params: Focus is not initialized yet
12-17 10:49:40.746   452  3421 E mm-camera-CORE: af_get_params: Focus is not initialized yet
12-17 10:49:40.775   452  3421 E mm-camera-CORE: af_get_params: Focus is not initialized yet
12-17 10:49:40.813   452  3421 E mm-camera-CORE: af_get_params: Focus is not initialized yet
12-17 10:49:40.815   390  3429 D mm-camera-intf: mm_stream_read_msm_frame: Stoping poll on stream 0xb78bc8c0 type: 1
12-17 10:49:40.815   390  3429 D mm-camera-intf: mm_stream_read_msm_frame: Stopped poll on stream 0xb78bc8c0 type: 1
12-17 10:49:40.840   452  3421 E mm-camera-CORE: af_get_params: Focus is not initialized yet
12-17 10:49:40.843   452  3371 E mm-camera: cpp_hardware_process_frame:921, v4l2 ioctl() failed. rc:-1, trans_code:-11, stream_id=4
12-17 10:49:40.843   452  3371 E mm-camera: retry=0
12-17 10:49:40.844   452  3371 E mm-camera: v4l2 ioctl() failed. retry=0
12-17 10:49:40.844   452  3371 E mm-camera: retry=1
12-17 10:49:40.845   452  3371 E mm-camera: v4l2 ioctl() failed. retry=1
12-17 10:49:40.845   452  3371 E mm-camera: retry=2
12-17 10:49:40.846   452  3371 E mm-camera: v4l2 ioctl() failed. retry=2
12-17 10:49:40.846   452  3371 E mm-camera: retry=3
12-17 10:49:40.849   452  3371 E mm-camera: v4l2 ioctl() failed. retry=3
12-17 10:49:40.849   452  3371 E mm-camera: retry=4
12-17 10:49:40.850   452  3371 E mm-camera: v4l2 ioctl() failed. retry=4
12-17 10:49:40.850   452  3371 E mm-camera: cpp_hardware_process_frame:937] drop this frame
12-17 10:49:40.850   452  3371 E mm-camera: cpp_thread_handle_process_buf_event:229, dropped frame id=2934 identity=0x20004
12-17 10:49:40.867   452  3371 E mm-camera: cpp_hardware_process_frame:921, v4l2 ioctl() failed. rc:-1, trans_code:-11, stream_id=4
12-17 10:49:40.867   452  3371 E mm-camera: retry=0
12-17 10:49:40.869   452  3371 E mm-camera: v4l2 ioctl() failed. retry=0
12-17 10:49:40.869   452  3371 E mm-camera: retry=1
12-17 10:49:40.870   452  3371 E mm-camera: v4l2 ioctl() failed. retry=1
12-17 10:49:40.870   452  3371 E mm-camera: retry=2
12-17 10:49:40.872   452  3371 E mm-camera: v4l2 ioctl() failed. retry=2
12-17 10:49:40.872   452  3371 E mm-camera: retry=3
12-17 10:49:40.873   452  3371 E mm-camera: v4l2 ioctl() failed. retry=3
12-17 10:49:40.873   452  3371 E mm-camera: retry=4
12-17 10:49:40.874   452  3371 E mm-camera: v4l2 ioctl() failed. retry=4
12-17 10:49:40.875   452  3371 E mm-camera: cpp_hardware_process_frame:937] drop this frame
12-17 10:49:40.875   452  3371 E mm-camera: cpp_thread_handle_process_buf_event:229, dropped frame id=2935 identity=0x20004
12-17 10:49:40.880   452  3421 E mm-camera-CORE: af_get_params: Focus is not initialized yet
12-17 10:49:40.901   452  3371 E mm-camera: cpp_hardware_process_frame:921, v4l2 ioctl() failed. rc:-1, trans_code:-11, stream_id=4
12-17 10:49:40.902   452  3371 E mm-camera: retry=0
12-17 10:49:40.903   452  3371 E mm-camera: v4l2 ioctl() failed. retry=0
12-17 10:49:40.903   452  3371 E mm-camera: retry=1
12-17 10:49:40.904   452  3371 E mm-camera: v4l2 ioctl() failed. retry=1
12-17 10:49:40.904   452  3371 E mm-camera: retry=2
12-17 10:49:40.905   452  3371 E mm-camera: v4l2 ioctl() failed. retry=2
12-17 10:49:40.905   452  3371 E mm-camera: retry=3
12-17 10:49:40.906   452  3371 E mm-camera: v4l2 ioctl() failed. retry=3
12-17 10:49:40.906   452  3371 E mm-camera: retry=4
12-17 10:49:40.907   452  3371 E mm-camera: v4l2 ioctl() failed. retry=4
12-17 10:49:40.907   452  3371 E mm-camera: cpp_hardware_process_frame:937] drop this frame
12-17 10:49:40.907   452  3371 E mm-camera: cpp_thread_handle_process_buf_event:229, dropped frame id=2936 identity=0x20004
12-17 10:49:40.913   452  3421 E mm-camera-CORE: af_get_params: Focus is not initialized yet
12-17 10:49:40.934   452  3371 E mm-camera: cpp_hardware_process_frame:921, v4l2 ioctl() failed. rc:-1, trans_code:-11, stream_id=4
12-17 10:49:40.934   452  3371 E mm-camera: retry=0
12-17 10:49:40.936   452  3371 E mm-camera: v4l2 ioctl() failed. retry=0
12-17 10:49:40.936   452  3371 E mm-camera: retry=1
12-17 10:49:40.938   452  3371 E mm-camera: v4l2 ioctl() failed. retry=1
12-17 10:49:40.938   452  3371 E mm-camera: retry=2
12-17 10:49:40.939   452  3371 E mm-camera: v4l2 ioctl() failed. retry=2
12-17 10:49:40.939   452  3371 E mm-camera: retry=3
12-17 10:49:40.940   452  3371 E mm-camera: v4l2 ioctl() failed. retry=3
12-17 10:49:40.940   452  3371 E mm-camera: retry=4
12-17 10:49:40.941   452  3371 E mm-camera: v4l2 ioctl() failed. retry=4
12-17 10:49:40.941   452  3371 E mm-camera: cpp_hardware_process_frame:937] drop this frame
12-17 10:49:40.942   452  3371 E mm-camera: cpp_thread_handle_process_buf_event:229, dropped frame id=2937 identity=0x20004
12-17 10:49:40.946   452  3421 E mm-camera-CORE: af_get_params: Focus is not initialized yet
12-17 10:49:40.972   452  3371 E mm-camera: cpp_hardware_process_frame:921, v4l2 ioctl() failed. rc:-1, trans_code:-11, stream_id=4
12-17 10:49:40.972   452  3371 E mm-camera: retry=0
12-17 10:49:40.973   452  3371 E mm-camera: v4l2 ioctl() failed. retry=0
12-17 10:49:40.973   452  3371 E mm-camera: retry=1
12-17 10:49:40.974   452  3371 E mm-camera: v4l2 ioctl() failed. retry=1
12-17 10:49:40.974   452  3371 E mm-camera: retry=2
12-17 10:49:40.975   452  3371 E mm-camera: v4l2 ioctl() failed. retry=2
12-17 10:49:40.975   452  3371 E mm-camera: retry=3
12-17 10:49:40.976   452  3371 E mm-camera: v4l2 ioctl() failed. retry=3
12-17 10:49:40.976   452  3371 E mm-camera: retry=4
12-17 10:49:40.978   452  3371 E mm-camera: v4l2 ioctl() failed. retry=4
12-17 10:49:40.978   452  3371 E mm-camera: cpp_hardware_process_frame:937] drop this frame
12-17 10:49:40.978   452  3371 E mm-camera: cpp_thread_handle_process_buf_event:229, dropped frame id=2938 identity=0x20004
12-17 10:49:40.983   452  3421 E mm-camera-CORE: af_get_params: Focus is not initialized yet
12-17 10:49:41.002   452  3371 E mm-camera: cpp_hardware_process_frame:921, v4l2 ioctl() failed. rc:-1, trans_code:-11, stream_id=4
12-17 10:49:41.002   452  3371 E mm-camera: retry=0
12-17 10:49:41.003   452  3371 E mm-camera: v4l2 ioctl() failed. retry=0
12-17 10:49:41.003   452  3371 E mm-camera: retry=1
12-17 10:49:41.005   452  3371 E mm-camera: v4l2 ioctl() failed. retry=1
12-17 10:49:41.005   452  3371 E mm-camera: retry=2
12-17 10:49:41.006   452  3371 E mm-camera: v4l2 ioctl() failed. retry=2
12-17 10:49:41.006   452  3371 E mm-camera: retry=3
12-17 10:49:41.007   452  3371 E mm-camera: v4l2 ioctl() failed. retry=3
12-17 10:49:41.007   452  3371 E mm-camera: retry=4
12-17 10:49:41.008   452  3371 E mm-camera: v4l2 ioctl() failed. retry=4
12-17 10:49:41.008   452  3371 E mm-camera: cpp_hardware_process_frame:937] drop this frame
12-17 10:49:41.008   452  3371 E mm-camera: cpp_thread_handle_process_buf_event:229, dropped frame id=2939 identity=0x20004
12-17 10:49:41.013   452  3421 E mm-camera-CORE: af_get_params: Focus is not initialized yet
12-17 10:49:41.035   452  3371 E mm-camera: cpp_hardware_process_frame:921, v4l2 ioctl() failed. rc:-1, trans_code:-11, stream_id=4
12-17 10:49:41.035   452  3371 E mm-camera: retry=0
12-17 10:49:41.036   452  3371 E mm-camera: v4l2 ioctl() failed. retry=0
12-17 10:49:41.036   452  3371 E mm-camera: retry=1
12-17 10:49:41.037   452  3371 E mm-camera: v4l2 ioctl() failed. retry=1
12-17 10:49:41.038   452  3371 E mm-camera: retry=2
12-17 10:49:41.039   452  3371 E mm-camera: v4l2 ioctl() failed. retry=2
12-17 10:49:41.039   452  3371 E mm-camera: retry=3
12-17 10:49:41.040   452  3371 E mm-camera: v4l2 ioctl() failed. retry=3
12-17 10:49:41.040   452  3371 E mm-camera: retry=4
12-17 10:49:41.040   452  3421 E mm-camera-CORE: af_get_params: Focus is not initialized yet
12-17 10:49:41.050   452  3371 E mm-camera: v4l2 ioctl() failed. retry=4
12-17 10:49:41.050   452  3371 E mm-camera: cpp_hardware_process_frame:937] drop this frame
12-17 10:49:41.050   452  3371 E mm-camera: cpp_thread_handle_process_buf_event:229, dropped frame id=2940 identity=0x20004
12-17 10:49:41.067   452  3371 E mm-camera: cpp_hardware_process_frame:921, v4l2 ioctl() failed. rc:-1, trans_code:-11, stream_id=4
12-17 10:49:41.067   452  3371 E mm-camera: retry=0
12-17 10:49:41.071   452  3371 E mm-camera: v4l2 ioctl() failed. retry=0
12-17 10:49:41.071   452  3371 E mm-camera: retry=1
12-17 10:49:41.072   452  3421 E mm-camera-CORE: af_get_params: Focus is not initialized yet
12-17 10:49:41.074   452  3371 E mm-camera: v4l2 ioctl() failed. retry=1
12-17 10:49:41.074   452  3371 E mm-camera: retry=2
12-17 10:49:41.075   452  3371 E mm-camera: v4l2 ioctl() failed. retry=2
12-17 10:49:41.075   452  3371 E mm-camera: retry=3
12-17 10:49:41.076   452  3371 E mm-camera: v4l2 ioctl() failed. retry=3
12-17 10:49:41.076   452  3371 E mm-camera: retry=4
12-17 10:49:41.077   452  3371 E mm-camera: v4l2 ioctl() failed. retry=4
12-17 10:49:41.077   452  3371 E mm-camera: cpp_hardware_process_frame:937] drop this frame
12-17 10:49:41.077   452  3371 E mm-camera: cpp_thread_handle_process_buf_event:229, dropped frame id=2941 identity=0x20004
12-17 10:49:41.100   452  3371 E mm-camera: cpp_hardware_process_frame:921, v4l2 ioctl() failed. rc:-1, trans_code:-11, stream_id=4
12-17 10:49:41.101   452  3371 E mm-camera: retry=0
12-17 10:49:41.102   452  3371 E mm-camera: v4l2 ioctl() failed. retry=0
12-17 10:49:41.102   452  3371 E mm-camera: retry=1
12-17 10:49:41.103   452  3371 E mm-camera: v4l2 ioctl() failed. retry=1
12-17 10:49:41.103   452  3371 E mm-camera: retry=2
12-17 10:49:41.104   452  3371 E mm-camera: v4l2 ioctl() failed. retry=2
12-17 10:49:41.104   452  3371 E mm-camera: retry=3
12-17 10:49:41.106   452  3371 E mm-camera: v4l2 ioctl() failed. retry=3
12-17 10:49:41.106   452  3371 E mm-camera: retry=4
12-17 10:49:41.107   452  3371 E mm-camera: v4l2 ioctl() failed. retry=4
12-17 10:49:41.107   452  3371 E mm-camera: cpp_hardware_process_frame:937] drop this frame
12-17 10:49:41.107   452  3371 E mm-camera: cpp_thread_handle_process_buf_event:229, dropped frame id=2942 identity=0x20004
12-17 10:49:41.119   452  3421 E mm-camera-CORE: af_get_params: Focus is not initialized yet
12-17 10:49:41.134   452  3371 E mm-camera: cpp_hardware_process_frame:921, v4l2 ioctl() failed. rc:-1, trans_code:-11, stream_id=4
12-17 10:49:41.134   452  3371 E mm-camera: retry=0
12-17 10:49:41.135   452  3371 E mm-camera: v4l2 ioctl() failed. retry=0
12-17 10:49:41.135   452  3371 E mm-camera: retry=1
12-17 10:49:41.136   452  3371 E mm-camera: v4l2 ioctl() failed. retry=1
12-17 10:49:41.136   452  3371 E mm-camera: retry=2
12-17 10:49:41.137   452  3371 E mm-camera: v4l2 ioctl() failed. retry=2
12-17 10:49:41.137   452  3371 E mm-camera: retry=3
12-17 10:49:41.145   452  3421 E mm-camera-CORE: af_get_params: Focus is not initialized yet
12-17 10:49:41.148   452  3371 E mm-camera: v4l2 ioctl() failed. retry=3
12-17 10:49:41.148   452  3371 E mm-camera: retry=4
12-17 10:49:41.148   390  3432 D mm-camera-intf: mm_stream_qbuf: Starting poll on stream 0xb78bc8c0 type: 1
12-17 10:49:41.148   390  3432 D mm-camera-intf: mm_stream_qbuf: Started poll on stream 0xb78bc8c0 type: 1
12-17 10:49:41.186   452  3421 E mm-camera-CORE: af_get_params: Focus is not initialized yet
12-17 10:49:41.205   452  3421 E mm-camera-CORE: af_get_params: Focus is not initialized yet
12-17 10:49:41.254   452  3421 E mm-camera-CORE: af_get_params: Focus is not initialized yet
12-17 10:49:41.282   452  3421 E mm-camera-CORE: af_get_params: Focus is not initialized yet
12-17 10:49:41.307   452  3421 E mm-camera-CORE: af_get_params: Focus is not initialized yet
12-17 10:49:41.348   452  3421 E mm-camera-CORE: af_get_params: Focus is not initialized yet
12-17 10:49:41.384   452  3421 E mm-camera-CORE: af_get_params: Focus is not initialized yet
12-17 10:49:41.413   452  3421 E mm-camera-CORE: af_get_params: Focus is not initialized yet
12-17 10:49:41.438   452  3421 E mm-camera-CORE: af_get_params: Focus is not initialized yet
12-17 10:49:41.450 25065  2507 E libjingle: [598:096] webrtc: (process_thread_impl.cc:31): TimeUntilNextProcess returned an invalid value -3
12-17 10:49:41.455  1937  2455 D WifiWatchdogStateMachine: Fetch RSSI succeed, rssi=-63 mrssi=-64 txbad=317 txgood=43358
12-17 10:49:41.456  1937  2455 D WifiWatchdogStateMachine: Incremental loss=0/82 Current loss=0.21% volume=97.48
12-17 10:49:41.457  1937  2455 D WifiWatchdogStateMachine: Cache updated: loss[-64]=0.84% volume=66.7
12-17 10:49:41.474   452  3421 E mm-camera-CORE: af_get_params: Focus is not initialized yet
12-17 10:49:41.515   452  3421 E mm-camera-CORE: af_get_params: Focus is not initialized yet
12-17 10:49:41.555   452  3421 E mm-camera-CORE: af_get_params: Focus is not initialized yet
12-17 10:49:41.589   452  3421 E mm-camera-CORE: af_get_params: Focus is not initialized yet
12-17 10:49:41.613   452  3421 E mm-camera-CORE: af_get_params: Focus is not initialized yet
12-17 10:49:41.640   452  3421 E mm-camera-CORE: af_get_params: Focus is not initialized yet
12-17 10:49:41.675   452  3421 E mm-camera-CORE: af_get_params: Focus is not initialized yet
12-17 10:49:41.715   452  3421 E mm-camera-CORE: af_get_params: Focus is not initialized yet
12-17 10:49:41.750   452  3421 E mm-camera-CORE: af_get_params: Focus is not initialized yet
12-17 10:49:41.782   452  3421 E mm-camera-CORE: af_get_params: Focus is not initialized yet
12-17 10:49:41.817   452  3421 E mm-camera-CORE: af_get_params: Focus is not initialized yet
12-17 10:49:41.871   452  3421 E mm-camera-CORE: af_get_params: Focus is not initialized yet
12-17 10:49:41.908   452  3421 E mm-camera-CORE: af_get_params: Focus is not initialized yet
12-17 10:49:41.957   452  3421 E mm-camera-CORE: af_get_params: Focus is not initialized yet
12-17 10:49:42.019   452  3421 E mm-camera-CORE: af_get_params: Focus is not initialized yet
12-17 10:49:42.087   452  3421 E mm-camera-CORE: af_get_params: Focus is not initialized yet
12-17 10:49:42.109  2451  2451 V WLAN_PSA: NL MSG, len[048], NL type[0x11] WNI type[0x5050] len[028]
12-17 10:49:42.158   452  3421 E mm-camera-CORE: af_get_params: Focus is not initialized yet
12-17 10:49:42.229   452  3421 E mm-camera-CORE: af_get_params: Focus is not initialized yet
12-17 10:49:42.297   452  3421 E mm-camera-CORE: af_get_params: Focus is not initialized yet
12-17 10:49:42.368   452  3421 E mm-camera-CORE: af_get_params: Focus is not initialized yet
12-17 10:49:42.435  1937  2455 D WifiWatchdogStateMachine: Fetch RSSI succeed, rssi=-62 mrssi=-62 txbad=317 txgood=43442
12-17 10:49:42.436  1937  2455 D WifiWatchdogStateMachine: Incremental loss=0/84 Current loss=0.11% volume=90.74
12-17 10:49:42.436  1937  2455 D WifiWatchdogStateMachine: Cache updated: loss[-62]=0.67% volume=65.37
12-17 10:49:42.437   452  3421 E mm-camera-CORE: af_get_params: Focus is not initialized yet
12-17 10:49:42.507   452  3421 E mm-camera-CORE: af_get_params: Focus is not initialized yet
12-17 10:49:42.577   452  3421 E mm-camera-CORE: af_get_params: Focus is not initialized yet
12-17 10:49:42.592   390   991 D AudioFlinger: mixer(0xb435b008) throttle end: throttle time(11)
12-17 10:49:42.647   452  3421 E mm-camera-CORE: af_get_params: Focus is not initialized yet
12-17 10:49:42.717   452  3421 E mm-camera-CORE: af_get_params: Focus is not initialized yet
12-17 10:49:42.777   452  3421 E mm-camera-CORE: af_get_params: Focus is not initialized yet
12-17 10:49:42.831   452  3421 E mm-camera-CORE: af_get_params: Focus is not initialized yet
12-17 10:49:42.849   452  3366 I MotISP_VNR: tuneFilterLevels:LiveLux filter disabled
12-17 10:49:42.871   452  3421 E mm-camera-CORE: af_get_params: Focus is not initialized yet
12-17 10:49:42.914   452  3421 E mm-camera-CORE: af_get_params: Focus is not initialized yet
12-17 10:49:42.935   452  3421 E mm-camera-CORE: af_get_params: Focus is not initialized yet
12-17 10:49:42.965   452  3421 E mm-camera-CORE: af_get_params: Focus is not initialized yet
12-17 10:49:42.978 25065  2507 E libjingle: [599:625] webrtc: (process_thread_impl.cc:31): TimeUntilNextProcess returned an invalid value -1
12-17 10:49:43.006   452  3421 E mm-camera-CORE: af_get_params: Focus is not initialized yet
12-17 10:49:43.037   452  3421 E mm-camera-CORE: af_get_params: Focus is not initialized yet
12-17 10:49:43.065   452  3421 E mm-camera-CORE: af_get_params: Focus is not initialized yet
12-17 10:49:43.105   452  3421 E mm-camera-CORE: af_get_params: Focus is not initialized yet
12-17 10:49:43.112 25065  3384 W art     : Long monitor contention event with owner method=boolean android.os.MessageQueue.enqueueMessage(android.os.Message, long) from MessageQueue.java:541 waiters=0 for 311ms
12-17 10:49:43.134   452  3421 E mm-camera-CORE: af_get_params: Focus is not initialized yet
12-17 10:49:43.155   452  3421 E mm-camera-CORE: af_get_params: Focus is not initialized yet
12-17 10:49:43.195   452  3421 E mm-camera-CORE: af_get_params: Focus is not initialized yet
12-17 10:49:43.229   452  3421 E mm-camera-CORE: af_get_params: Focus is not initialized yet
12-17 10:49:43.272   452  3421 E mm-camera-CORE: af_get_params: Focus is not initialized yet
12-17 10:49:43.293   452  3421 E mm-camera-CORE: af_get_params: Focus is not initialized yet
12-17 10:49:43.329   452  3421 E mm-camera-CORE: af_get_params: Focus is not initialized yet
12-17 10:49:43.376   452  3421 E mm-camera-CORE: af_get_params: Focus is not initialized yet
12-17 10:49:43.413   452  3421 E mm-camera-CORE: af_get_params: Focus is not initialized yet
12-17 10:49:43.434  2451  2451 V WLAN_PSA: NL MSG, len[4046], NL type[0x1C] WNI type[0x5900] len[46607]
12-17 10:49:43.437   452  3421 E mm-camera-CORE: af_get_params: Focus is not initialized yet
12-17 10:49:43.445  1937  2455 D WifiWatchdogStateMachine: Fetch RSSI succeed, rssi=-61 mrssi=-61 txbad=317 txgood=43527
12-17 10:49:43.446  1937  2455 D WifiWatchdogStateMachine: Incremental loss=0/85 Current loss=0.06% volume=87.87
12-17 10:49:43.446  1937  2455 D WifiWatchdogStateMachine: Cache updated: loss[-61]=0.31% volume=62.46
12-17 10:49:43.465   452  3421 E mm-camera-CORE: af_get_params: Focus is not initialized yet
12-17 10:49:43.496   452  3421 E mm-camera-CORE: af_get_params: Focus is not initialized yet
